Source revision: 75d3f124406bf0f5b6935f77d26a818c171f3807
Working directory: /tmp
Command: /Users/siruilu/.elan/toolchains/leanprover--lean4---v4.35.0-rc3/bin/lean -Dpp.unicode.fun=true -DrelaxedAutoImplicit=false -Dlinter.mathlibStandardSet=true -DmaxSynthPendingDepth=3 -DwarningAsError=true /tmp/tnlean-source-preparation/final-verification-20261007/AllAxioms.lean
Exit code: 0

'TNLean.PEPS.PairEffect.appendIso_symm_cons_tmul' depends on axioms: [propext, Classical.choice, Quot.sound]
`#`-commands, such as '#print', are not allowed in 'Mathlib' [linter.hashCommand]
'TNLean.PEPS.PairEffect.Word.moveHead' depends on axioms: [propext, Classical.choice, Quot.sound]
`#`-commands, such as '#print', are not allowed in 'Mathlib' [linter.hashCommand]
'TNLean.PEPS.PairEffect.Word.isAllowed_moveHead' depends on axioms: [propext, Classical.choice, Quot.sound]
`#`-commands, such as '#print', are not allowed in 'Mathlib' [linter.hashCommand]
'TNLean.PEPS.PairEffect.Word.eval_moveHead_appendIso_symm' depends on axioms: [propext, Classical.choice, Quot.sound]
`#`-commands, such as '#print', are not allowed in 'Mathlib' [linter.hashCommand]
'TNLean.PEPS.PairEffect.Word.exchangeBlocks' depends on axioms: [propext, Classical.choice, Quot.sound]
`#`-commands, such as '#print', are not allowed in 'Mathlib' [linter.hashCommand]
'TNLean.PEPS.PairEffect.Word.isAllowed_exchangeBlocks' depends on axioms: [propext, Classical.choice, Quot.sound]
`#`-commands, such as '#print', are not allowed in 'Mathlib' [linter.hashCommand]
'TNLean.PEPS.PairEffect.Word.eval_exchangeBlocks_appendIso_symm' depends on axioms: [propext,
 Classical.choice,
 Quot.sound]
`#`-commands, such as '#print', are not allowed in 'Mathlib' [linter.hashCommand]
'TNLean.PEPS.PairEffect.PairSource' depends on axioms: [propext, Classical.choice, Quot.sound]
`#`-commands, such as '#print', are not allowed in 'Mathlib' [linter.hashCommand]
'TNLean.PEPS.PairEffect.PairSource.layout' depends on axioms: [propext, Classical.choice, Quot.sound]
`#`-commands, such as '#print', are not allowed in 'Mathlib' [linter.hashCommand]
'TNLean.PEPS.PairEffect.SourceInventory' depends on axioms: [propext, Classical.choice, Quot.sound]
`#`-commands, such as '#print', are not allowed in 'Mathlib' [linter.hashCommand]
'TNLean.PEPS.PairEffect.SourceInventory.layout' depends on axioms: [propext, Classical.choice, Quot.sound]
`#`-commands, such as '#print', are not allowed in 'Mathlib' [linter.hashCommand]
'TNLean.PEPS.PairEffect.SourceInventory.IsNormalized' depends on axioms: [propext, Classical.choice, Quot.sound]
`#`-commands, such as '#print', are not allowed in 'Mathlib' [linter.hashCommand]
'TNLean.PEPS.PairEffect.SourceInventory.prepare' depends on axioms: [propext, Classical.choice, Quot.sound]
`#`-commands, such as '#print', are not allowed in 'Mathlib' [linter.hashCommand]
'TNLean.PEPS.PairEffect.SourceInventory.layout_nil' depends on axioms: [propext, Classical.choice, Quot.sound]
`#`-commands, such as '#print', are not allowed in 'Mathlib' [linter.hashCommand]
'TNLean.PEPS.PairEffect.SourceInventory.layout_cons' depends on axioms: [propext, Classical.choice, Quot.sound]
`#`-commands, such as '#print', are not allowed in 'Mathlib' [linter.hashCommand]
'TNLean.PEPS.PairEffect.SourceInventory.layout_append' depends on axioms: [propext, Classical.choice, Quot.sound]
`#`-commands, such as '#print', are not allowed in 'Mathlib' [linter.hashCommand]
'TNLean.PEPS.PairEffect.SourceInventory.eval_frameList_prepare' depends on axioms: [propext,
 Classical.choice,
 Quot.sound]
`#`-commands, such as '#print', are not allowed in 'Mathlib' [linter.hashCommand]
'TNLean.PEPS.PairEffect.SourceInventory.eval_prepare_append' depends on axioms: [propext, Classical.choice, Quot.sound]
`#`-commands, such as '#print', are not allowed in 'Mathlib' [linter.hashCommand]
'TNLean.PEPS.PairEffect.SourceInventory.isAllowed_prepare_iff' depends on axioms: [propext,
 Classical.choice,
 Quot.sound]
`#`-commands, such as '#print', are not allowed in 'Mathlib' [linter.hashCommand]
'TNLean.PEPS.PairEffect.SourceInventory.vector' depends on axioms: [propext, Classical.choice, Quot.sound]
`#`-commands, such as '#print', are not allowed in 'Mathlib' [linter.hashCommand]
'TNLean.PEPS.PairEffect.SourceInventory.eval_prepare_eq_appendIso_symm' depends on axioms: [propext,
 Classical.choice,
 Quot.sound]
`#`-commands, such as '#print', are not allowed in 'Mathlib' [linter.hashCommand]
'TNLean.PEPS.PairEffect.SourceInventory.eval_moveHead_prepare' depends on axioms: [propext,
 Classical.choice,
 Quot.sound]
`#`-commands, such as '#print', are not allowed in 'Mathlib' [linter.hashCommand]
'TNLean.PEPS.PairEffect.Word.sources' depends on axioms: [propext, Classical.choice, Quot.sound]
`#`-commands, such as '#print', are not allowed in 'Mathlib' [linter.hashCommand]
'TNLean.PEPS.PairEffect.Word.castInput' depends on axioms: [propext, Classical.choice, Quot.sound]
`#`-commands, such as '#print', are not allowed in 'Mathlib' [linter.hashCommand]
'TNLean.PEPS.PairEffect.Word.sources_castInput' depends on axioms: [propext, Classical.choice, Quot.sound]
`#`-commands, such as '#print', are not allowed in 'Mathlib' [linter.hashCommand]
'TNLean.PEPS.PairEffect.Word.isAllowed_castInput' depends on axioms: [propext, Classical.choice, Quot.sound]
`#`-commands, such as '#print', are not allowed in 'Mathlib' [linter.hashCommand]
'TNLean.PEPS.PairEffect.Word.eval_castInput_of_heq' depends on axioms: [propext, Classical.choice, Quot.sound]
`#`-commands, such as '#print', are not allowed in 'Mathlib' [linter.hashCommand]
'TNLean.PEPS.PairEffect.Word.sources_frameList' depends on axioms: [propext, Classical.choice, Quot.sound]
`#`-commands, such as '#print', are not allowed in 'Mathlib' [linter.hashCommand]
'TNLean.PEPS.PairEffect.Word.sources_prepare' depends on axioms: [propext, Classical.choice, Quot.sound]
`#`-commands, such as '#print', are not allowed in 'Mathlib' [linter.hashCommand]
'TNLean.PEPS.PairEffect.Word.isNormalized_sources' depends on axioms: [propext, Classical.choice, Quot.sound]
`#`-commands, such as '#print', are not allowed in 'Mathlib' [linter.hashCommand]
'TNLean.PEPS.PairEffect.Word.sources_moveHead' depends on axioms: [propext, Classical.choice, Quot.sound]
`#`-commands, such as '#print', are not allowed in 'Mathlib' [linter.hashCommand]
'TNLean.PEPS.PairEffect.Word.sources_exchangeBlocks' depends on axioms: [propext, Classical.choice, Quot.sound]
`#`-commands, such as '#print', are not allowed in 'Mathlib' [linter.hashCommand]
'TNLean.PEPS.PairEffect.Word.localPart' depends on axioms: [propext, Classical.choice, Quot.sound]
`#`-commands, such as '#print', are not allowed in 'Mathlib' [linter.hashCommand]
'TNLean.PEPS.PairEffect.Word.sources_localPart' depends on axioms: [propext, Classical.choice, Quot.sound]
`#`-commands, such as '#print', are not allowed in 'Mathlib' [linter.hashCommand]
'TNLean.PEPS.PairEffect.Word.isAllowed_localPart' depends on axioms: [propext, Classical.choice, Quot.sound]
`#`-commands, such as '#print', are not allowed in 'Mathlib' [linter.hashCommand]
'TNLean.PEPS.PairEffect.Word.eval_localPart_prepare' depends on axioms: [propext, Classical.choice, Quot.sound]
`#`-commands, such as '#print', are not allowed in 'Mathlib' [linter.hashCommand]
'TNLean.PEPS.PairEffect.Word.eval_eq_localPart_comp_prepare' depends on axioms: [propext, Classical.choice, Quot.sound]
`#`-commands, such as '#print', are not allowed in 'Mathlib' [linter.hashCommand]
'TNLean.PEPS.PairEffect.expandCombinedPair' depends on axioms: [propext, Classical.choice, Quot.sound]
`#`-commands, such as '#print', are not allowed in 'Mathlib' [linter.hashCommand]
'TNLean.PEPS.PairEffect.isAllowed_expandCombinedPair' depends on axioms: [propext, Classical.choice, Quot.sound]
`#`-commands, such as '#print', are not allowed in 'Mathlib' [linter.hashCommand]
'TNLean.PEPS.PairEffect.eval_expandCombinedPair' depends on axioms: [propext, Classical.choice, Quot.sound]
`#`-commands, such as '#print', are not allowed in 'Mathlib' [linter.hashCommand]
'TNLean.PEPS.PairEffect.eval_swap_reversedSource' depends on axioms: [propext, Classical.choice, Quot.sound]
`#`-commands, such as '#print', are not allowed in 'Mathlib' [linter.hashCommand]
'TNLean.PEPS.PairEffect.PairSource.partyPair' depends on axioms: [propext, Classical.choice, Quot.sound]
`#`-commands, such as '#print', are not allowed in 'Mathlib' [linter.hashCommand]
'TNLean.PEPS.PairEffect.PairSource.reverse' depends on axioms: [propext, Classical.choice, Quot.sound]
`#`-commands, such as '#print', are not allowed in 'Mathlib' [linter.hashCommand]
'TNLean.PEPS.PairEffect.PairSource.partyPair_reverse' depends on axioms: [propext, Classical.choice, Quot.sound]
`#`-commands, such as '#print', are not allowed in 'Mathlib' [linter.hashCommand]
'TNLean.PEPS.PairEffect.PairSource.norm_reverse_vector' depends on axioms: [propext, Classical.choice, Quot.sound]
`#`-commands, such as '#print', are not allowed in 'Mathlib' [linter.hashCommand]
'TNLean.PEPS.PairEffect.PairSource.combine' depends on axioms: [propext, Classical.choice, Quot.sound]
`#`-commands, such as '#print', are not allowed in 'Mathlib' [linter.hashCommand]
'TNLean.PEPS.PairEffect.PairSource.partyPair_combine' depends on axioms: [propext, Classical.choice, Quot.sound]
`#`-commands, such as '#print', are not allowed in 'Mathlib' [linter.hashCommand]
'TNLean.PEPS.PairEffect.PairSource.norm_combine_vector' depends on axioms: [propext, Classical.choice, Quot.sound]
`#`-commands, such as '#print', are not allowed in 'Mathlib' [linter.hashCommand]
'TNLean.PEPS.PairEffect.SourceInventory.Expands' depends on axioms: [propext, Classical.choice, Quot.sound]
`#`-commands, such as '#print', are not allowed in 'Mathlib' [linter.hashCommand]
'TNLean.PEPS.PairEffect.SourceInventory.isNormalized_cons' depends on axioms: [propext, Classical.choice, Quot.sound]
`#`-commands, such as '#print', are not allowed in 'Mathlib' [linter.hashCommand]
'TNLean.PEPS.PairEffect.SourceInventory.Expands.refl' depends on axioms: [propext, Classical.choice, Quot.sound]
`#`-commands, such as '#print', are not allowed in 'Mathlib' [linter.hashCommand]
'TNLean.PEPS.PairEffect.SourceInventory.Expands.trans' depends on axioms: [propext, Classical.choice, Quot.sound]
`#`-commands, such as '#print', are not allowed in 'Mathlib' [linter.hashCommand]
'TNLean.PEPS.PairEffect.SourceInventory.Expands.cons' depends on axioms: [propext, Classical.choice, Quot.sound]
`#`-commands, such as '#print', are not allowed in 'Mathlib' [linter.hashCommand]
'TNLean.PEPS.PairEffect.SourceInventory.Expands.reverse' depends on axioms: [propext, Classical.choice, Quot.sound]
`#`-commands, such as '#print', are not allowed in 'Mathlib' [linter.hashCommand]
'TNLean.PEPS.PairEffect.SourceInventory.Expands.combine' depends on axioms: [propext, Classical.choice, Quot.sound]
`#`-commands, such as '#print', are not allowed in 'Mathlib' [linter.hashCommand]
'TNLean.PEPS.PairEffect.SourceInventory.Expands.swap' depends on axioms: [propext, Classical.choice, Quot.sound]
`#`-commands, such as '#print', are not allowed in 'Mathlib' [linter.hashCommand]
'TNLean.PEPS.PairEffect.SourceInventory.exists_combined' depends on axioms: [propext, Classical.choice, Quot.sound]
`#`-commands, such as '#print', are not allowed in 'Mathlib' [linter.hashCommand]
'TNLean.PEPS.PairEffect.SourceInventory.exists_grouped' depends on axioms: [propext, Classical.choice, Quot.sound]
`#`-commands, such as '#print', are not allowed in 'Mathlib' [linter.hashCommand]
'TNLean.PEPS.PairEffect.Word.exists_grouped_source_preparation' depends on axioms: [propext,
 Classical.choice,
 Quot.sound]
`#`-commands, such as '#print', are not allowed in 'Mathlib' [linter.hashCommand]
'TNLean.PEPS.PairEffect.partyPairEffectElimination_with_grouped_sources' depends on axioms: [propext,
 Classical.choice,
 Quot.sound]
`#`-commands, such as '#print', are not allowed in 'Mathlib' [linter.hashCommand]
