Direct Lean compilation with package options; no local Lake build was run.
Source revision: 75d3f124406bf0f5b6935f77d26a818c171f3807
Started: 2026-10-07T17:17:13.714017+00:00
Completed: 2026-10-07T17:20:12.633056+00:00
Lean: Lean (version 4.35.0-rc3, arm64-apple-darwin24.6.0, commit 470d5ce1400764999581fd26d5d72b00d990b0f4, Release)
LEAN_PATH=/private/tmp/tnlean-source-preparation:/Users/siruilu/Local/agentFormalization/TNLean/worktrees/peps-approx-pair-layout/.lake/packages/Cli/.lake/build/lib/lean:/Users/siruilu/Local/agentFormalization/TNLean/worktrees/peps-approx-pair-layout/.lake/packages/batteries/.lake/build/lib/lean:/Users/siruilu/Local/agentFormalization/TNLean/worktrees/peps-approx-pair-layout/.lake/packages/Qq/.lake/build/lib/lean:/Users/siruilu/Local/agentFormalization/TNLean/worktrees/peps-approx-pair-layout/.lake/packages/aesop/.lake/build/lib/lean:/Users/siruilu/Local/agentFormalization/TNLean/worktrees/peps-approx-pair-layout/.lake/packages/proofwidgets/.lake/build/lib/lean:/Users/siruilu/Local/agentFormalization/TNLean/worktrees/peps-approx-pair-layout/.lake/packages/importGraph/.lake/build/lib/lean:/Users/siruilu/Local/agentFormalization/TNLean/worktrees/peps-approx-pair-layout/.lake/packages/LeanSearchClient/.lake/build/lib/lean:/Users/siruilu/Local/agentFormalization/TNLean/worktrees/peps-approx-pair-layout/.lake/packages/plausible/.lake/build/lib/lean:/Users/siruilu/Local/agentFormalization/TNLean/worktrees/peps-approx-pair-layout/.lake/packages/checkdecls/.lake/build/lib/lean:/Users/siruilu/Local/agentFormalization/TNLean/worktrees/peps-approx-pair-layout/.lake/packages/Gametheory/.lake/build/lib/lean:/Users/siruilu/Local/agentFormalization/TNLean/worktrees/peps-approx-pair-layout/.lake/packages/mathlib/.lake/build/lib/lean:/Users/siruilu/Local/agentFormalization/TNLean/worktrees/peps-approx-pair-layout/.lake/packages/qiclean/.lake/build/lib/lean:/Users/siruilu/Local/agentFormalization/TNLean/worktrees/peps-approx-pair-layout/.lake/build/lib/lean:/Users/siruilu/.elan/toolchains/leanprover--lean4---v4.35.0-rc3/lib/lean
Every compiled source matches the cited Git revision byte-for-byte.
The package linter default was supplied explicitly; all warnings were errors.

Source: TNLean/PEPS/Approximation/PartyLayout.lean
Source SHA256: 40150b8846f41da0153e5c75813ac248770b2938c09bd6cf9c255bb0bf5b043a
Working directory: /private/tmp/tnlean-source-preparation/src
Command: /Users/siruilu/.elan/toolchains/leanprover--lean4---v4.35.0-rc3/bin/lean -Dpp.unicode.fun=true -DrelaxedAutoImplicit=false -Dlinter.mathlibStandardSet=true -DmaxSynthPendingDepth=3 -DwarningAsError=true -o /private/tmp/tnlean-source-preparation/TNLean/PEPS/Approximation/PartyLayout.olean /private/tmp/tnlean-source-preparation/src/TNLean/PEPS/Approximation/PartyLayout.lean
Exit code: 0
Elapsed seconds: 67.337
Output artifact SHA256: b1177d3d0474536dcdec0d8b1ecc7f0abbc601f5426889b1c1b6c6008040c314
Diagnostics: none.

Source: TNLean/PEPS/Approximation/WordPermutation.lean
Source SHA256: 8b9b5d60cafca044be1fa21d8ff071df7242f2737b968c726e911fbe3c088acf
Working directory: /private/tmp/tnlean-source-preparation/src
Command: /Users/siruilu/.elan/toolchains/leanprover--lean4---v4.35.0-rc3/bin/lean -Dpp.unicode.fun=true -DrelaxedAutoImplicit=false -Dlinter.mathlibStandardSet=true -DmaxSynthPendingDepth=3 -DwarningAsError=true -o /private/tmp/tnlean-source-preparation/TNLean/PEPS/Approximation/WordPermutation.olean /private/tmp/tnlean-source-preparation/src/TNLean/PEPS/Approximation/WordPermutation.lean
Exit code: 0
Elapsed seconds: 17.866
Output artifact SHA256: 65cdf86824d269575625c09320dcaa3ee7a05076d378ff996463547c39d7e10b
Diagnostics: none.

Source: TNLean/PEPS/Approximation/SourcePreparation.lean
Source SHA256: c0f0cfe9226d2e5853ce45fe25f4583985a5904289e3c0f58796318b28d730a9
Working directory: /private/tmp/tnlean-source-preparation/src
Command: /Users/siruilu/.elan/toolchains/leanprover--lean4---v4.35.0-rc3/bin/lean -Dpp.unicode.fun=true -DrelaxedAutoImplicit=false -Dlinter.mathlibStandardSet=true -DmaxSynthPendingDepth=3 -DwarningAsError=true -o /private/tmp/tnlean-source-preparation/TNLean/PEPS/Approximation/SourcePreparation.olean /private/tmp/tnlean-source-preparation/src/TNLean/PEPS/Approximation/SourcePreparation.lean
Exit code: 0
Elapsed seconds: 29.789
Output artifact SHA256: 0d2710d3a6582c62ab0d274307f363ab1c4762fb06916687ffdfa401effe0ee1
Diagnostics: none.

Source: TNLean/PEPS/Approximation/PairSourceExpansion.lean
Source SHA256: 5219b79c39068f7b8dc8924e58654087a31ff01a0bfd7cc02eac7a4965d0116d
Working directory: /private/tmp/tnlean-source-preparation/src
Command: /Users/siruilu/.elan/toolchains/leanprover--lean4---v4.35.0-rc3/bin/lean -Dpp.unicode.fun=true -DrelaxedAutoImplicit=false -Dlinter.mathlibStandardSet=true -DmaxSynthPendingDepth=3 -DwarningAsError=true -o /private/tmp/tnlean-source-preparation/TNLean/PEPS/Approximation/PairSourceExpansion.olean /private/tmp/tnlean-source-preparation/src/TNLean/PEPS/Approximation/PairSourceExpansion.lean
Exit code: 0
Elapsed seconds: 24.737
Output artifact SHA256: e98235da870a99501df98b370f5a1192864c40c34741b786053f585a3cc1cc63
Diagnostics: none.

Source: TNLean/PEPS/Approximation/PairSourceGrouping.lean
Source SHA256: f6f12c419d2beae124b3fa8480523f2b7fcc82dcadac90077ad4a15c9a0a77d1
Working directory: /private/tmp/tnlean-source-preparation/src
Command: /Users/siruilu/.elan/toolchains/leanprover--lean4---v4.35.0-rc3/bin/lean -Dpp.unicode.fun=true -DrelaxedAutoImplicit=false -Dlinter.mathlibStandardSet=true -DmaxSynthPendingDepth=3 -DwarningAsError=true -o /private/tmp/tnlean-source-preparation/TNLean/PEPS/Approximation/PairSourceGrouping.olean /private/tmp/tnlean-source-preparation/src/TNLean/PEPS/Approximation/PairSourceGrouping.lean
Exit code: 0
Elapsed seconds: 19.474
Output artifact SHA256: 674725f22598e4de59575afba2026dbac5e2ff00683f5e2dd4703f27503cfc3d
Diagnostics: none.

Source: TNLean/PEPS/Approximation/PairEffectSourcePreparation.lean
Source SHA256: b1cc107bbce88e1aadb528e2c4b817c7f5939ca10977bfba455847362c88bb48
Working directory: /private/tmp/tnlean-source-preparation/src
Command: /Users/siruilu/.elan/toolchains/leanprover--lean4---v4.35.0-rc3/bin/lean -Dpp.unicode.fun=true -DrelaxedAutoImplicit=false -Dlinter.mathlibStandardSet=true -DmaxSynthPendingDepth=3 -DwarningAsError=true -o /private/tmp/tnlean-source-preparation/TNLean/PEPS/Approximation/PairEffectSourcePreparation.olean /private/tmp/tnlean-source-preparation/src/TNLean/PEPS/Approximation/PairEffectSourcePreparation.lean
Exit code: 0
Elapsed seconds: 18.979
Output artifact SHA256: 14bd458bd602aa9664672b7b3f0e0e686a7fbc391fd099aa92481ed014ccf067
Diagnostics: none.

