Source revision: 1213a68ed511bf20c357b72f4ac5a03078b7c677
Working directory: /private/tmp/tnlean-approximate-physical-output/imported-audit
Command: /Users/siruilu/.elan/toolchains/leanprover--lean4---v4.35.0-rc3/bin/lean -Dpp.unicode.fun=true -DrelaxedAutoImplicit=false -Dlinter.mathlibStandardSet=true -DmaxSynthPendingDepth=3 -DwarningAsError=true Axioms.lean
Exit code: 0

'TNLean.PEPS.PairEffect.EffectCircuit.GateMaps' depends on axioms: [propext, Classical.choice, Quot.sound]
'TNLean.PEPS.PairEffect.EffectCircuit.IsGateApproximation' depends on axioms: [propext, Classical.choice, Quot.sound]
'TNLean.PEPS.PairEffect.EffectCircuit.evalWithGateMaps' depends on axioms: [propext, Classical.choice, Quot.sound]
'TNLean.PEPS.PairEffect.EffectCircuit.norm_evalWithGateMaps_le_one' depends on axioms: [propext,
 Classical.choice,
 Quot.sound]
'TNLean.PEPS.PairEffect.EffectCircuit.rescaledOriginal' depends on axioms: [propext, Classical.choice, Quot.sound]
'TNLean.PEPS.PairEffect.gate_rescalePartyGate' depends on axioms: [propext, Classical.choice, Quot.sound]
'TNLean.PEPS.PairEffect.isAllowed_rescalePartyGate' depends on axioms: [propext, Classical.choice, Quot.sound]
'TNLean.PEPS.PairEffect.monomials_rescalePartyGate' depends on axioms: [propext, Classical.choice, Quot.sound]
'TNLean.PEPS.PairEffect.rescalePartyGate' depends on axioms: [propext, Classical.choice, Quot.sound]
'TNLean.PEPS.PairEffect.sum_norm_rescalePartyGate_le' depends on axioms: [propext, Classical.choice, Quot.sound]
'TNLean.PEPS.PairEffect.EffectCircuit.isExpansionBounded_rescaledOriginal' depends on axioms: [propext,
 Classical.choice,
 Quot.sound]
'TNLean.PEPS.PairEffect.EffectCircuit.isMonomialBounded_rescaledOriginal' depends on axioms: [propext,
 Classical.choice,
 Quot.sound]
'TNLean.PEPS.PairEffect.EffectCircuit.monomialCount' depends on axioms: [propext, Classical.choice, Quot.sound]
'TNLean.PEPS.PairEffect.EffectCircuit.nonprivateCount_rescaledOriginal' depends on axioms: [propext,
 Classical.choice,
 Quot.sound]
'TNLean.PEPS.PairEffect.EffectCircuit.participants_rescaledOriginal' depends on axioms: [propext,
 Classical.choice,
 Quot.sound]
'TNLean.PEPS.PairEffect.EffectCircuit.participationCount_rescaledOriginal' depends on axioms: [propext,
 Classical.choice,
 Quot.sound]
'TNLean.PEPS.PairEffect.EffectCircuit.rescaledLocationsEquiv' depends on axioms: [propext, Classical.choice, Quot.sound]
'TNLean.PEPS.PairEffect.EffectCircuit.norm_rescaledOriginal_sub_evalWithGateMaps_le' depends on axioms: [propext,
 Classical.choice,
 Quot.sound]
'TNLean.PEPS.PairEffect.OriginalCircuit.norm_eval_le_one' depends on axioms: [propext, Classical.choice, Quot.sound]
'TNLean.PEPS.PairEffect.EffectCircuit.physicalDensityWithGateMaps' depends on axioms: [propext,
 Classical.choice,
 Quot.sound]
'TNLean.PEPS.PairEffect.EffectCircuit.rectangularTraceNorm_rescaledOriginal_density_sub_le' depends on axioms: [propext,
 Classical.choice,
 Quot.sound]
'TNLean.PEPS.PairEffect.EffectCircuit.rectangularTraceNorm_rescaledOriginal_density_sub_le_budget' depends on axioms: [propext,
 Classical.choice,
 Quot.sound]
'TNLean.PEPS.PairEffect.EffectCircuit.rectangularTraceNorm_rescaledOriginal_density_sub_le_inv_pow' depends on axioms: [propext,
 Classical.choice,
 Quot.sound]
'TNLean.PEPS.PairEffect.gateApproximation_error_inv_pow_le' depends on axioms: [propext, Classical.choice, Quot.sound]
'TNLean.PEPS.PairEffect.EffectCircuit.rectangularTraceNorm_rescaledOriginal_density_sub_le_real_pow' depends on axioms: [propext,
 Classical.choice,
 Quot.sound]
'TNLean.PEPS.PairEffect.gateApproximation_error_real_pow_le' depends on axioms: [propext, Classical.choice, Quot.sound]
'TNLean.PEPS.PairEffect.OriginalCircuit.IsTermwiseBounded' depends on axioms: [propext, Classical.choice, Quot.sound]
'TNLean.PEPS.PairEffect.OriginalCircuit.isExpansionBounded_of_isTermwiseBounded' depends on axioms: [propext,
 Classical.choice,
 Quot.sound]
'TNLean.PEPS.PairEffect.OriginalCircuit.isExpansionBounded_of_termwise_power_bounds' depends on axioms: [propext,
 Classical.choice,
 Quot.sound]
'TNLean.PEPS.PairEffect.PartyGate.sum_norm_coefficients_le' depends on axioms: [propext, Classical.choice, Quot.sound]
'TNLean.PEPS.PairEffect.PartyGate.sum_norm_coefficients_le_of_power_bounds' depends on axioms: [propext,
 Classical.choice,
 Quot.sound]
'TNLean.PEPS.PairEffect.EffectCircuit.finiteDimensional_auxiliary_private_mem' depends on axioms: [propext,
 Classical.choice,
 Quot.sound]
'TNLean.PEPS.PairEffect.EffectCircuit.finiteDimensional_auxiliary_private_registers' depends on axioms: [propext,
 Classical.choice,
 Quot.sound]
'TNLean.PEPS.PairEffect.EffectCircuit.finiteDimensional_auxiliary_registers' depends on axioms: [propext,
 Classical.choice,
 Quot.sound]
'TNLean.PEPS.PairEffect.Layout.finiteDimensional_registers_append' depends on axioms: [propext,
 Classical.choice,
 Quot.sound]
'TNLean.PEPS.PairEffect.Layout.finiteDimensional_registers_mapOwner' depends on axioms: [propext,
 Classical.choice,
 Quot.sound]
'TNLean.PEPS.PairEffect.PartyChain.finiteDimensional_registers_sources_prepStack' depends on axioms: [propext,
 Classical.choice,
 Quot.sound]
'TNLean.PEPS.PairEffect.finiteDimensional_registers_sources_comp' depends on axioms: [propext,
 Classical.choice,
 Quot.sound]
'TNLean.PEPS.PairEffect.finiteDimensional_registers_sources_prepGate' depends on axioms: [propext,
 Classical.choice,
 Quot.sound]
'TNLean.PEPS.PairEffect.finiteDimensional_registers_sources_prepWord' depends on axioms: [propext,
 Classical.choice,
 Quot.sound]
'TNLean.PEPS.PairEffect.SourceCircuit.physicalDensity_pure_input' depends on axioms: [propext,
 Classical.choice,
 Quot.sound]
'TNLean.PEPS.PairEffect.SourceCircuit.branchCoefficient_physicalFirstLocationsEquiv' depends on axioms: [propext,
 Classical.choice,
 Quot.sound]
'TNLean.PEPS.PairEffect.SourceCircuit.branchLabels_physicalFirstLocationsEquiv' depends on axioms: [propext,
 Classical.choice,
 Quot.sound]
'TNLean.PEPS.PairEffect.SourceCircuit.card_gateLocations_physicalFirstOutput' depends on axioms: [propext,
 Classical.choice,
 Quot.sound]
'TNLean.PEPS.PairEffect.SourceCircuit.card_sourceLocations_physicalFirstOutput' depends on axioms: [propext,
 Classical.choice,
 Quot.sound]
'TNLean.PEPS.PairEffect.SourceCircuit.endpoints_physicalFirstSourcesEquiv' depends on axioms: [propext,
 Classical.choice,
 Quot.sound]
'TNLean.PEPS.PairEffect.SourceCircuit.eval_exchangeBlocks_operator' depends on axioms: [propext,
 Classical.choice,
 Quot.sound]
'TNLean.PEPS.PairEffect.SourceCircuit.eval_exchangeBlocks_threeFactors' depends on axioms: [propext,
 Classical.choice,
 Quot.sound]
'TNLean.PEPS.PairEffect.SourceCircuit.eval_exchangeBlocks_triple_tmul' depends on axioms: [propext,
 Classical.choice,
 Quot.sound]
'TNLean.PEPS.PairEffect.SourceCircuit.isAllowed_physicalFirstOutput' depends on axioms: [propext,
 Classical.choice,
 Quot.sound]
'TNLean.PEPS.PairEffect.SourceCircuit.isExpansionBounded_physicalFirstOutput' depends on axioms: [propext,
 Classical.choice,
 Quot.sound]
'TNLean.PEPS.PairEffect.SourceCircuit.participants_physicalFirstLocationsEquiv' depends on axioms: [propext,
 Classical.choice,
 Quot.sound]
'TNLean.PEPS.PairEffect.SourceCircuit.participationCount_physicalFirstOutput' depends on axioms: [propext,
 Classical.choice,
 Quot.sound]
'TNLean.PEPS.PairEffect.SourceCircuit.physicalFirstLocationsEquiv' depends on axioms: [propext,
 Classical.choice,
 Quot.sound]
'TNLean.PEPS.PairEffect.SourceCircuit.physicalFirstOutput' depends on axioms: [propext, Classical.choice, Quot.sound]
'TNLean.PEPS.PairEffect.SourceCircuit.physicalFirstParticipationEquiv' depends on axioms: [propext,
 Classical.choice,
 Quot.sound]
'TNLean.PEPS.PairEffect.SourceCircuit.physicalFirstSourcesEquiv' depends on axioms: [propext,
 Classical.choice,
 Quot.sound]
'TNLean.PEPS.PairEffect.SourceCircuit.slotCount_physicalFirstLocationsEquiv' depends on axioms: [propext,
 Classical.choice,
 Quot.sound]
'TNLean.PEPS.PairEffect.SourceCircuit.sourceDims_physicalFirstSourcesEquiv' depends on axioms: [propext,
 Classical.choice,
 Quot.sound]
'TNLean.PEPS.PairEffect.SourceCircuit.sourceOrder_exchangeBlocks' depends on axioms: [propext,
 Classical.choice,
 Quot.sound]
'TNLean.PEPS.PairEffect.SourceCircuit.sourceOrder_physicalFirstOutput' depends on axioms: [propext,
 Classical.choice,
 Quot.sound]
'TNLean.PEPS.PairEffect.SourceCircuit.sourceVectorAt_physicalFirstSourcesEquiv' depends on axioms: [propext,
 Classical.choice,
 Quot.sound]
'TNLean.PEPS.PairEffect.EffectCircuit.physicalDensity_physicalFirstReplacement' depends on axioms: [propext,
 Classical.choice,
 Quot.sound]
'TNLean.PEPS.PairEffect.EffectCircuit.physicalFirstReplacement' depends on axioms: [propext,
 Classical.choice,
 Quot.sound]
'TNLean.PEPS.PairEffect.EffectCircuit.physicalSourceReplacedDensity_physicalFirstReplacement_exact' depends on axioms: [propext,
 Classical.choice,
 Quot.sound]
'TNLean.PEPS.PairEffect.OriginalCircuit.rectangularTraceNorm_physicalFirst_density_sub_le_half' depends on axioms: [propext,
 Classical.choice,
 Quot.sound]
'TNLean.PEPS.PairEffect.SourceCircuit.physicalDensity_physicalFirstOutput' depends on axioms: [propext,
 Classical.choice,
 Quot.sound]
'TNLean.PEPS.PairEffect.exchangedGarbageBasis' depends on axioms: [propext, Classical.choice, Quot.sound]
'TNLean.PEPS.PairEffect.extendedPhysicalReadout_triple_tmul' depends on axioms: [propext, Classical.choice, Quot.sound]
'TNLean.PEPS.PairEffect.partialTrace_physicalFirstReadout_exchange' depends on axioms: [propext,
 Classical.choice,
 Quot.sound]
'TNLean.PEPS.PairEffect.physicalFirstReadout' depends on axioms: [propext, Classical.choice, Quot.sound]
'TNLean.PEPS.PairEffect.physicalFirstReadout_exchange_apply' depends on axioms: [propext, Classical.choice, Quot.sound]
'TNLean.PEPS.PairEffect.physicalFirstReadout_exchange_outerProduct' depends on axioms: [propext,
 Classical.choice,
 Quot.sound]
'TNLean.PEPS.PairEffect.physicalFirstReadout_tmul' depends on axioms: [propext, Classical.choice, Quot.sound]
'TNLean.PEPS.PairEffect.norm_comp_sub_comp_le_one' depends on axioms: [propext, Classical.choice, Quot.sound]
'TNLean.PEPS.PairEffect.EffectCircuit.norm_referenceEval_le_one' depends on axioms: [propext,
 Classical.choice,
 Quot.sound]
'TNLean.PEPS.PairEffect.EffectCircuit.norm_replacement_sub_reference_le' depends on axioms: [propext,
 Classical.choice,
 Quot.sound]
'TNLean.PEPS.PairEffect.EffectCircuit.referenceEval' depends on axioms: [propext, Classical.choice, Quot.sound]
'TNLean.PEPS.PairEffect.EffectCircuit.referenceEval_apply' depends on axioms: [propext, Classical.choice, Quot.sound]
'TNLean.PEPS.PairEffect.SourceCircuit.exchangeHead_tmul' depends on axioms: [propext, Classical.choice, Quot.sound]
'TNLean.PEPS.PairEffect.SourceCircuit.norm_eval_castLayouts_sub' depends on axioms: [propext,
 Classical.choice,
 Quot.sound]
'TNLean.PEPS.PairEffect.appendIso_singleton_symm_tmul' depends on axioms: [propext, Classical.choice, Quot.sound]
'TNLean.PEPS.PairEffect.gateMemoryMap_auxiliary_identity' depends on axioms: [propext, Classical.choice, Quot.sound]
'TNLean.PEPS.PairEffect.gateMemoryMap_auxiliary_tmul' depends on axioms: [propext, Classical.choice, Quot.sound]
'TNLean.PEPS.PairEffect.gateMemoryMap_tmul' depends on axioms: [propext, Classical.choice, Quot.sound]
'TNLean.PEPS.PairEffect.preparation_mapOwner_heq' depends on axioms: [propext, Classical.choice, Quot.sound]
