Local-source validation
Revision: c9ded2f36083c837bc884ad9d7d475f9e81a514e
Command: lake env lean --profile -DautoImplicit=false -DrelaxedAutoImplicit=false -Dpp.unicode.fun=true -DmaxSynthPendingDepth=3 -Dlinter.mathlibStandardSet=true -DwarningAsError=true TNLeanTest/PEPS/Approximation/SquareLatticeConnectivity.lean
Exit code: 0
Wall seconds: 2.233478861002368
Warnings: none; warnings were errors.
Output:

import took 1.18s
cumulative profiling times:
	attribute application 0.0416ms
	congr simp thm 0.164ms
	elaboration 8.2ms
	fix level params 0.0541ms
	import 1.18s
	initialization 35.1ms
	instantiate metavars 0.0595ms
	interpretation 378ms
	linting 6.22ms
	module linting 0.00213ms
	overlappingInstancesLinter 6.05ms
	parsing 1.58ms
	process pre-definitions 0.815ms
	share common exprs 0.214ms
	simp 1.31ms
	tactic execution 5.06ms
	tacticAnalysis 14ms
	type checking 4.66ms
	typeclass inference 3.98ms
