Local-source validation
Revision: c9ded2f36083c837bc884ad9d7d475f9e81a514e
Command: lake env lean --profile -DautoImplicit=false -DrelaxedAutoImplicit=false -Dpp.unicode.fun=true -DmaxSynthPendingDepth=3 -Dlinter.mathlibStandardSet=true -DwarningAsError=true TNLeanTest/PEPS/Approximation/ExactTreeRepresentation.lean
Exit code: 0
Wall seconds: 2.7803155860019615
Warnings: none; warnings were errors.
Output:

import took 1.58s
cumulative profiling times:
	attribute application 0.048ms
	congr simp thm 0.411ms
	elaboration 27.8ms
	fix level params 0.255ms
	import 1.58s
	initialization 30.6ms
	instantiate metavars 0.469ms
	interpretation 384ms
	linting 8.02ms
	module linting 0.00178ms
	overlappingInstancesLinter 3.84ms
	parsing 4.14ms
	process pre-definitions 2.75ms
	share common exprs 1.22ms
	simp 3.22ms
	tactic execution 19.7ms
	tacticAnalysis 18.1ms
	type checking 17.2ms
	typeclass inference 33.2ms
