Historical diagnostic headings only; these are failed attempts, not current validation.
Compiler traces, goal contexts and profiling tables are omitted; original raw logs remain preserved locally.

peps-tree-first.log
warning: TNLean/PEPS/Approximation/ExactTreeRepresentation.lean:30:5: please avoid 'open (scoped) Classical' statements: this can hide theorem statements which would be better stated with explicit decidability statements.
warning: TNLean/PEPS/Approximation/ExactTreeRepresentation.lean:57:6: `simp` already closes the goal
warning: TNLean/PEPS/Approximation/ExactTreeRepresentation.lean:60:8: automatically included section variable(s) unused in theorem `TNLean.PEPS.ExactTreeRepresentation.decode_encode`:
warning: TNLean/PEPS/Approximation/ExactTreeRepresentation.lean:60:0: `decode_encode` does not use the following hypothesis in its type:
error: TNLean/PEPS/Approximation/ExactTreeRepresentation.lean:70:34: Application type mismatch: The argument
warning: TNLean/PEPS/Approximation/ExactTreeRepresentation.lean:65:0: `decode_injective` does not use the following hypothesis in its type:
warning: TNLean/PEPS/Approximation/ExactTreeRepresentation.lean:73:0: automatically included section variable(s) unused in theorem `TNLean.PEPS.ExactTreeRepresentation.bondDim_pos`:
warning: TNLean/PEPS/Approximation/ExactTreeRepresentation.lean:72:0: `bondDim_pos` does not use the following hypothesis in its type:
warning: TNLean/PEPS/Approximation/ExactTreeRepresentation.lean:80:0: automatically included section variable(s) unused in theorem `TNLean.PEPS.ExactTreeRepresentation.bondDim_le`:
warning: TNLean/PEPS/Approximation/ExactTreeRepresentation.lean:79:0: `bondDim_le` does not use the following hypothesis in its type:
error: TNLean/PEPS/Approximation/ExactTreeRepresentation.lean:128:13: Application type mismatch: The argument
error: TNLean/PEPS/Approximation/ExactTreeRepresentation.lean:130:45: Application type mismatch: The argument
error: TNLean/PEPS/Approximation/ExactTreeRepresentation.lean:137:20: Application type mismatch: The argument
error: TNLean/PEPS/Approximation/ExactTreeRepresentation.lean:138:37: Application type mismatch: The argument
error: TNLean/PEPS/Approximation/ExactTreeRepresentation.lean:142:15: Application type mismatch: The argument
error: TNLean/PEPS/Approximation/ExactTreeRepresentation.lean:147:17: Application type mismatch: The argument
error: TNLean/PEPS/Approximation/ExactTreeRepresentation.lean:147:47: Invalid projection: Type of
error: TNLean/PEPS/Approximation/ExactTreeRepresentation.lean:148:2: Tactic `constructor` failed: target is not an inductive datatype
error: TNLean/PEPS/Approximation/ExactTreeRepresentation.lean:155:12: Application type mismatch: The argument
error: TNLean/PEPS/Approximation/ExactTreeRepresentation.lean:156:37: unsolved goals
warning: TNLean/PEPS/Approximation/ExactTreeRepresentation.lean:157:8: declaration uses `sorry`
warning: TNLean/PEPS/Approximation/ExactTreeRepresentation.lean:157:8: This simp argument is unused:
warning: TNLean/PEPS/Approximation/ExactTreeRepresentation.lean:157:16: This simp argument is unused:
error: TNLean/PEPS/Approximation/ExactTreeRepresentation.lean:162:65: Application type mismatch: The argument
error: TNLean/PEPS/Approximation/ExactTreeRepresentation.lean:162:17: Application type mismatch: The argument
error: TNLean/PEPS/Approximation/ExactTreeRepresentation.lean:170:28: Application type mismatch: The argument
error: TNLean/PEPS/Approximation/ExactTreeRepresentation.lean:172:15: Application type mismatch: The argument
error: TNLean/PEPS/Approximation/ExactTreeRepresentation.lean:172:53: Application type mismatch: The argument
error: TNLean/PEPS/Approximation/ExactTreeRepresentation.lean:170:47: Invalid projection: Type of
error: TNLean/PEPS/Approximation/ExactTreeRepresentation.lean:191:28: Application type mismatch: The argument
error: TNLean/PEPS/Approximation/ExactTreeRepresentation.lean:193:15: Application type mismatch: The argument
error: TNLean/PEPS/Approximation/ExactTreeRepresentation.lean:191:47: Invalid projection: Type of
error: TNLean/PEPS/Approximation/ExactTreeRepresentation.lean:208:28: Application type mismatch: The argument
error: TNLean/PEPS/Approximation/ExactTreeRepresentation.lean:208:47: Invalid projection: Type of
warning: TNLean/PEPS/Approximation/ExactTreeRepresentation.lean:219:28: `if_false` has been deprecated: Use `ite_false` instead
error: TNLean/PEPS/Approximation/ExactTreeRepresentation.lean:225:31: Application type mismatch: The argument
error: TNLean/PEPS/Approximation/ExactTreeRepresentation.lean:226:22: Application type mismatch: The argument
error: TNLean/PEPS/Approximation/ExactTreeRepresentation.lean:238:23: Application type mismatch: The argument
error: TNLean/PEPS/Approximation/ExactTreeRepresentation.lean:239:6: Failed to rewrite using equation theorems for `stateCoeff`
error: TNLean/PEPS/Approximation/ExactTreeRepresentation.lean:249:23: Application type mismatch: The argument
error: TNLean/PEPS/Approximation/ExactTreeRepresentation.lean:250:10: Unknown identifier `stateCoeff_tensor`
error: TNLean/PEPS/Approximation/ExactTreeRepresentation.lean:256:23: Application type mismatch: The argument
error: TNLean/PEPS/Approximation/ExactTreeRepresentation.lean:257:14: Unknown identifier `stateCoeff_tensor_eq`
error: TNLean/PEPS/Approximation/ExactTreeRepresentation.lean:271:20: Application type mismatch: The argument
error: TNLean/PEPS/Approximation/ExactTreeRepresentation.lean:284:32: Application type mismatch: The argument
error: TNLean/PEPS/Approximation/ExactTreeRepresentation.lean:285:6: Failed to rewrite using equation theorems for `stateCoeff`
warning: TNLean/PEPS/Approximation/ExactTreeRepresentation.lean:298:6: Try this:
error: TNLean/PEPS/Approximation/ExactTreeRepresentation.lean:300:30: Application type mismatch: The argument
error: TNLean/PEPS/Approximation/ExactTreeRepresentation.lean:303:22: Unknown identifier `stateCoeff_singletonTensor`
warning: TNLean/PEPS/Approximation/ExactTreeRepresentation.lean:305:6: Try this:
warning: TNLean/PEPS/Approximation/SquareLatticeConnectivity.lean:65:2: Try this:
error: build failed

peps-tree-repair1.log
error: TNLean/PEPS/Approximation/ExactTreeRepresentation.lean:196:6: Type mismatch: After simplification, term
error: TNLean/PEPS/Approximation/ExactTreeRepresentation.lean:197:6: Type mismatch: After simplification, term
error: TNLean/PEPS/Approximation/ExactTreeRepresentation.lean:268:18: Tactic `rewrite` failed: Did not find an occurrence of the pattern
error: TNLean/PEPS/Approximation/ExactTreeRepresentation.lean:316:16: typeclass instance problem is stuck
error: TNLean/PEPS/Approximation/ExactTreeRepresentation.lean:337:22: Unknown identifier `stateCoeff_singletonTensor`
error: build failed

peps-tree-repair2.log
error: TNLean/PEPS/Approximation/ExactTreeRepresentation.lean:316:18: failed to synthesize instance of type class
error: TNLean/PEPS/Approximation/ExactTreeRepresentation.lean:314:57: unsolved goals
error: build failed

ExactTreeRepresentation-tree-strict-first.log
TNLeanTest/PEPS/Approximation/ExactTreeRepresentation.lean:27:2: error: `simp` already closes the goal

SquareLatticeConnectivity-tree-strict-first.log
TNLeanTest/PEPS/Approximation/SquareLatticeConnectivity.lean:40:2: error: Try this:

ExactTreeRepresentationAxioms-tree-strict-first.log
docs/provenance/evidence/8773/ExactTreeRepresentationAxioms.lean:3:0: error: The module doc-string for a file should be the first command after the imports.
