Local-source validation
Revision: c9ded2f36083c837bc884ad9d7d475f9e81a514e
Command: lake env lean --profile -DautoImplicit=false -DrelaxedAutoImplicit=false -Dpp.unicode.fun=true -DmaxSynthPendingDepth=3 -Dlinter.mathlibStandardSet=true -DwarningAsError=true TNLean/PEPS/Approximation/ExactTreeRepresentation.lean
Exit code: 0
Wall seconds: 2.647603060999245
Warnings: none; warnings were errors.
Output:

import took 1.2s
cumulative profiling times:
	attribute application 1.51ms
	blocked (unaccounted) 14.1ms
	compilation (IR) 0.107ms
	compilation (LCNF base) 0.614ms
	compilation (LCNF impure) 0.453ms
	compilation (LCNF mono) 3.64ms
	congr simp thm 6.31ms
	elaboration 150ms
	fix level params 2.98ms
	import 1.2s
	initialization 33ms
	instantiate metavars 1.81ms
	interpretation 888ms
	let-to-have transformation 1.13ms
	linting 37.1ms
	module linting 0.00171ms
	overlappingInstancesLinter 20.2ms
	parsing 21.3ms
	process pre-definitions 18.2ms
	share common exprs 6.02ms
	simp 101ms
	tactic execution 139ms
	tacticAnalysis 72.1ms
	type checking 64.4ms
	typeclass inference 264ms
