Local-source validation
Revision: c9ded2f36083c837bc884ad9d7d475f9e81a514e
Command: lake env lean --profile -DautoImplicit=false -DrelaxedAutoImplicit=false -Dpp.unicode.fun=true -DmaxSynthPendingDepth=3 -Dlinter.mathlibStandardSet=true -DwarningAsError=true TNLean/PEPS/Approximation/SquareLatticeConnectivity.lean
Exit code: 0
Wall seconds: 2.1363548890003585
Warnings: none; warnings were errors.
Output:

import took 1.15s
cumulative profiling times:
	attribute application 0.0421ms
	congr simp thm 0.686ms
	elaboration 10.1ms
	fix level params 0.0647ms
	import 1.15s
	initialization 29.9ms
	instantiate metavars 0.124ms
	interpretation 327ms
	let-to-have transformation 0.0329ms
	linting 4.47ms
	module linting 0.00159ms
	overlappingInstancesLinter 3.54ms
	parsing 2.29ms
	process pre-definitions 1.06ms
	share common exprs 0.25ms
	simp 7.33ms
	tactic execution 13.7ms
	tacticAnalysis 8.73ms
	type checking 2.19ms
	typeclass inference 5.22ms
