Direct Lean compilation with package options; no local Lake build was run.
Source revision: 8689eafdd341540d4dd7e6848707646d6e3a0970
Started: 2026-10-07T21:19:07.002836+00:00
Completed: 2026-10-07T21:19:46.431077+00:00
Lean: Lean (version 4.35.0-rc3, arm64-apple-darwin24.6.0, commit 470d5ce1400764999581fd26d5d72b00d990b0f4, Release)
LEAN_PATH=/private/tmp/tnlean-selective-source-preparation:/private/tmp/tnlean-party-coarsening:/private/tmp/tnlean-source-block-contraction:/private/tmp/tnlean-source-gate-density:/private/tmp/tnlean-common-source:/private/tmp/tnlean-unused-pair:/private/tmp/tnlean-party-factorization:/private/tmp/tnlean-source-preparation:/Users/siruilu/Local/agentFormalization/TNLean/worktrees/peps-approx-pair-layout/.lake/packages/Cli/.lake/build/lib/lean:/Users/siruilu/Local/agentFormalization/TNLean/worktrees/peps-approx-pair-layout/.lake/packages/batteries/.lake/build/lib/lean:/Users/siruilu/Local/agentFormalization/TNLean/worktrees/peps-approx-pair-layout/.lake/packages/Qq/.lake/build/lib/lean:/Users/siruilu/Local/agentFormalization/TNLean/worktrees/peps-approx-pair-layout/.lake/packages/aesop/.lake/build/lib/lean:/Users/siruilu/Local/agentFormalization/TNLean/worktrees/peps-approx-pair-layout/.lake/packages/proofwidgets/.lake/build/lib/lean:/Users/siruilu/Local/agentFormalization/TNLean/worktrees/peps-approx-pair-layout/.lake/packages/importGraph/.lake/build/lib/lean:/Users/siruilu/Local/agentFormalization/TNLean/worktrees/peps-approx-pair-layout/.lake/packages/LeanSearchClient/.lake/build/lib/lean:/Users/siruilu/Local/agentFormalization/TNLean/worktrees/peps-approx-pair-layout/.lake/packages/plausible/.lake/build/lib/lean:/Users/siruilu/Local/agentFormalization/TNLean/worktrees/peps-approx-pair-layout/.lake/packages/checkdecls/.lake/build/lib/lean:/Users/siruilu/Local/agentFormalization/TNLean/worktrees/peps-approx-pair-layout/.lake/packages/Gametheory/.lake/build/lib/lean:/Users/siruilu/Local/agentFormalization/TNLean/worktrees/peps-approx-pair-layout/.lake/packages/mathlib/.lake/build/lib/lean:/Users/siruilu/Local/agentFormalization/TNLean/worktrees/peps-approx-pair-layout/.lake/packages/qiclean/.lake/build/lib/lean:/Users/siruilu/Local/agentFormalization/TNLean/worktrees/peps-approx-pair-layout/.lake/build/lib/lean:/Users/siruilu/.elan/toolchains/leanprover--lean4---v4.35.0-rc3/lib/lean
Every compiled source matches the cited Git revision byte-for-byte.
The package linter default was supplied explicitly; all warnings were errors.

Source: TNLean/PEPS/Approximation/AffectedOwners.lean
Source SHA256: 274a05158bf6c6bcf5ea5c4bde3f2e462abf60c85ab9d59e82ecb83c1956c078
Working directory: /private/tmp/tnlean-selective-source-preparation/src
Command: /Users/siruilu/.elan/toolchains/leanprover--lean4---v4.35.0-rc3/bin/lean -Dpp.unicode.fun=true -DrelaxedAutoImplicit=false -Dlinter.mathlibStandardSet=true -DmaxSynthPendingDepth=3 -DwarningAsError=true -o /private/tmp/tnlean-selective-source-preparation/TNLean/PEPS/Approximation/AffectedOwners.olean /private/tmp/tnlean-selective-source-preparation/src/TNLean/PEPS/Approximation/AffectedOwners.lean
Exit code: 0
Elapsed seconds: 4.123
Output artifact SHA256: f1b2b3691c8ed3e61770d4a8706d896bf3eb5c1dda475f860abd95138cdfd2d4
Diagnostics: none.

Source: TNLean/PEPS/Approximation/GroupedBlockMap.lean
Source SHA256: 81f39aeedc0cecd26c0b0a7ee2009d74f4e554c508f8801516425dcbf89ef647
Working directory: /private/tmp/tnlean-selective-source-preparation/src
Command: /Users/siruilu/.elan/toolchains/leanprover--lean4---v4.35.0-rc3/bin/lean -Dpp.unicode.fun=true -DrelaxedAutoImplicit=false -Dlinter.mathlibStandardSet=true -DmaxSynthPendingDepth=3 -DwarningAsError=true -o /private/tmp/tnlean-selective-source-preparation/TNLean/PEPS/Approximation/GroupedBlockMap.olean /private/tmp/tnlean-selective-source-preparation/src/TNLean/PEPS/Approximation/GroupedBlockMap.lean
Exit code: 0
Elapsed seconds: 4.651
Output artifact SHA256: 81c85cb3099b551557b7579159d35819a81dd3fde4b2e102e208280be8d041bd
Diagnostics: none.

Source: TNLean/PEPS/Approximation/SelectiveSourcePreparation.lean
Source SHA256: 420fc5d75363203473f1e6fa30dd0d90850cffd37369aca4eeeaf5ca98bd0f6d
Working directory: /private/tmp/tnlean-selective-source-preparation/src
Command: /Users/siruilu/.elan/toolchains/leanprover--lean4---v4.35.0-rc3/bin/lean -Dpp.unicode.fun=true -DrelaxedAutoImplicit=false -Dlinter.mathlibStandardSet=true -DmaxSynthPendingDepth=3 -DwarningAsError=true -o /private/tmp/tnlean-selective-source-preparation/TNLean/PEPS/Approximation/SelectiveSourcePreparation.olean /private/tmp/tnlean-selective-source-preparation/src/TNLean/PEPS/Approximation/SelectiveSourcePreparation.lean
Exit code: 0
Elapsed seconds: 13.792
Output artifact SHA256: 83370d42d350ac4ca0511082db7237955918ee0c5c1bc32d61fdd5e9685fb3f4
Diagnostics: none.

Source: TNLean/PEPS/Approximation/WordAppendTail.lean
Source SHA256: 527b1579553356e33fad2e87044fe9432400987861ee5bb2a69748d4a86d37ee
Working directory: /private/tmp/tnlean-selective-source-preparation/src
Command: /Users/siruilu/.elan/toolchains/leanprover--lean4---v4.35.0-rc3/bin/lean -Dpp.unicode.fun=true -DrelaxedAutoImplicit=false -Dlinter.mathlibStandardSet=true -DmaxSynthPendingDepth=3 -DwarningAsError=true -o /private/tmp/tnlean-selective-source-preparation/TNLean/PEPS/Approximation/WordAppendTail.olean /private/tmp/tnlean-selective-source-preparation/src/TNLean/PEPS/Approximation/WordAppendTail.lean
Exit code: 0
Elapsed seconds: 5.192
Output artifact SHA256: 031bf75d31f80ac2ade1a7011d1541252c62243c7268a5f576acaf791dde8143
Diagnostics: none.

Source: TNLean/PEPS/Approximation/PreparedSourceGate.lean
Source SHA256: 044a3ac1217e0d13bec17526da2bafb3cd104469490d659751663e037fdff422
Working directory: /private/tmp/tnlean-selective-source-preparation/src
Command: /Users/siruilu/.elan/toolchains/leanprover--lean4---v4.35.0-rc3/bin/lean -Dpp.unicode.fun=true -DrelaxedAutoImplicit=false -Dlinter.mathlibStandardSet=true -DmaxSynthPendingDepth=3 -DwarningAsError=true -o /private/tmp/tnlean-selective-source-preparation/TNLean/PEPS/Approximation/PreparedSourceGate.olean /private/tmp/tnlean-selective-source-preparation/src/TNLean/PEPS/Approximation/PreparedSourceGate.lean
Exit code: 0
Elapsed seconds: 5.067
Output artifact SHA256: c17148888b4bd76df38c8fca80f3f387c167bc6c4ffcb48b42aa0155dee67234
Diagnostics: none.

Source: TNLean/PEPS/Approximation/SelectiveSourceFactorization.lean
Source SHA256: 6a544e4b46158d5e893e7514fbbc69476b0ce9f2060ebf1de7f24206914f84cc
Working directory: /private/tmp/tnlean-selective-source-preparation/src
Command: /Users/siruilu/.elan/toolchains/leanprover--lean4---v4.35.0-rc3/bin/lean -Dpp.unicode.fun=true -DrelaxedAutoImplicit=false -Dlinter.mathlibStandardSet=true -DmaxSynthPendingDepth=3 -DwarningAsError=true -o /private/tmp/tnlean-selective-source-preparation/TNLean/PEPS/Approximation/SelectiveSourceFactorization.olean /private/tmp/tnlean-selective-source-preparation/src/TNLean/PEPS/Approximation/SelectiveSourceFactorization.lean
Exit code: 0
Elapsed seconds: 6.147
Output artifact SHA256: ee688eab964ff3126f748f1368082971a286107440df4a42b6d7696c8b2ea54f
Diagnostics: none.
