import took 1.92s
cumulative profiling times:
	attribute application 0.0135ms
	congr simp thm 0.53ms
	elaboration 6.11ms
	fix level params 0.0897ms
	import 1.92s
	initialization 28.9ms
	instantiate metavars 0.24ms
	interpretation 242ms
	let-to-have transformation 0.0244ms
	linting 3.82ms
	module linting 0.00134ms
	overlappingInstancesLinter 1.11ms
	parsing 1.04ms
	process pre-definitions 1.12ms
	share common exprs 0.496ms
	simp 24.1ms
	tactic execution 13.2ms
	tacticAnalysis 4.02ms
	type checking 8.49ms
	typeclass inference 36.1ms
