Source revision: ac065a663f42d97e160a223b868ce162fe0c7d7f
Command: lake env lean -DrelaxedAutoImplicit=false scripts/distributed_operator_contraction_axioms.lean
UTC start: 2026-10-07T10:48:44.542279+00:00
Elapsed seconds: 2.225
Exit code: 0
Warning count: 0

'TNLean.PEPS.Approximation.DistributedOperatorContraction.ActiveGate' depends on axioms: [propext,
 Classical.choice,
 Quot.sound]
'TNLean.PEPS.Approximation.DistributedOperatorContraction.Link' depends on axioms: [propext,
 Classical.choice,
 Quot.sound]
'TNLean.PEPS.Approximation.DistributedOperatorContraction.GateAt' depends on axioms: [propext,
 Classical.choice,
 Quot.sound]
'TNLean.PEPS.Approximation.DistributedOperatorContraction.Sample' depends on axioms: [propext,
 Classical.choice,
 Quot.sound]
'TNLean.PEPS.Approximation.DistributedOperatorContraction.SampleAt' depends on axioms: [propext,
 Classical.choice,
 Quot.sound]
'TNLean.PEPS.Approximation.DistributedOperatorContraction.starLink' depends on axioms: [propext,
 Classical.choice,
 Quot.sound]
'TNLean.PEPS.Approximation.DistributedOperatorContraction.sampleLink' depends on axioms: [propext,
 Classical.choice,
 Quot.sound]
'TNLean.PEPS.Approximation.DistributedOperatorContraction.src' depends on axioms: [propext,
 Classical.choice,
 Quot.sound]
'TNLean.PEPS.Approximation.DistributedOperatorContraction.tgt' depends on axioms: [propext,
 Classical.choice,
 Quot.sound]
'TNLean.PEPS.Approximation.DistributedOperatorContraction.endpoints_eq' depends on axioms: [propext,
 Classical.choice,
 Quot.sound]
'TNLean.PEPS.Approximation.DistributedOperatorContraction.LinkAt' depends on axioms: [propext,
 Classical.choice,
 Quot.sound]
'TNLean.PEPS.Approximation.DistributedOperatorContraction.alphabet' depends on axioms: [propext,
 Classical.choice,
 Quot.sound]
'TNLean.PEPS.Approximation.DistributedOperatorContraction.starGateAt' depends on axioms: [propext,
 Classical.choice,
 Quot.sound]
'TNLean.PEPS.Approximation.DistributedOperatorContraction.rootGateAt' depends on axioms: [propext,
 Classical.choice,
 Quot.sound]
'TNLean.PEPS.Approximation.DistributedOperatorContraction.starLinkAt' depends on axioms: [propext,
 Classical.choice,
 Quot.sound]
'TNLean.PEPS.Approximation.DistributedOperatorContraction.sampleLinkAt' depends on axioms: [propext,
 Classical.choice,
 Quot.sound]
'TNLean.PEPS.Approximation.DistributedOperatorContraction.GateLabelsAt' depends on axioms: [propext,
 Classical.choice,
 Quot.sound]
'TNLean.PEPS.Approximation.DistributedOperatorContraction.LinkLabelsAt' depends on axioms: [propext,
 Classical.choice,
 Quot.sound]
'TNLean.PEPS.Approximation.DistributedOperatorContraction.StarConsistent' depends on axioms: [propext,
 Classical.choice,
 Quot.sound]
'TNLean.PEPS.Approximation.DistributedOperatorContraction.localSamples' depends on axioms: [propext,
 Classical.choice,
 Quot.sound]
'TNLean.PEPS.Approximation.DistributedOperatorContraction.rootCoefficient' depends on axioms: [propext,
 Classical.choice,
 Quot.sound]
'TNLean.PEPS.Approximation.DistributedOperatorContraction.localTensor' depends on axioms: [propext,
 Classical.choice,
 Quot.sound]
'TNLean.PEPS.Approximation.DistributedOperatorContraction.alphabetFintype' depends on axioms: [propext,
 Classical.choice,
 Quot.sound]
'TNLean.PEPS.Approximation.DistributedOperatorContraction.GateLabels' depends on axioms: [propext,
 Classical.choice,
 Quot.sound]
'TNLean.PEPS.Approximation.DistributedOperatorContraction.LinkLabels' depends on axioms: [propext,
 Classical.choice,
 Quot.sound]
'TNLean.PEPS.Approximation.DistributedOperatorContraction.restrictGates' depends on axioms: [propext,
 Classical.choice,
 Quot.sound]
'TNLean.PEPS.Approximation.DistributedOperatorContraction.restrictLinks' depends on axioms: [propext,
 Classical.choice,
 Quot.sound]
'TNLean.PEPS.Approximation.DistributedOperatorContraction.restrictSamples' depends on axioms: [propext,
 Classical.choice,
 Quot.sound]
'TNLean.PEPS.Approximation.DistributedOperatorContraction.sharedLinkLabels' depends on axioms: [propext,
 Classical.choice,
 Quot.sound]
'TNLean.PEPS.Approximation.DistributedOperatorContraction.sharedLinkLabels_consistent' depends on axioms: [propext,
 Classical.choice,
 Quot.sound]
'TNLean.PEPS.Approximation.DistributedOperatorContraction.ConsistentConfig' depends on axioms: [propext,
 Classical.choice,
 Quot.sound]
'TNLean.PEPS.Approximation.DistributedOperatorContraction.gateLabelsOfConfig' depends on axioms: [propext,
 Classical.choice,
 Quot.sound]
'TNLean.PEPS.Approximation.DistributedOperatorContraction.samplesOfConfig' depends on axioms: [propext,
 Classical.choice,
 Quot.sound]
'TNLean.PEPS.Approximation.DistributedOperatorContraction.gateLabel_eq_root' depends on axioms: [propext,
 Classical.choice,
 Quot.sound]
'TNLean.PEPS.Approximation.DistributedOperatorContraction.sharedLinkLabels_recover' depends on axioms: [propext,
 Classical.choice,
 Quot.sound]
'TNLean.PEPS.Approximation.DistributedOperatorContraction.consistentConfigEquiv' depends on axioms: [propext,
 Classical.choice,
 Quot.sound]
'TNLean.PEPS.Approximation.DistributedOperatorContraction.endpointLabels' depends on axioms: [propext,
 Classical.choice,
 Quot.sound]
'TNLean.PEPS.Approximation.DistributedOperatorContraction.endpointLabels_diagonal' depends on axioms: [propext,
 Classical.choice,
 Quot.sound]
'TNLean.PEPS.Approximation.DistributedOperatorContraction.localSamples_sharedLinkLabels' depends on axioms: [propext,
 Classical.choice,
 Quot.sound]
'TNLean.PEPS.Approximation.DistributedOperatorContraction.prod_rootCoefficient' depends on axioms: [propext,
 Classical.choice,
 Quot.sound]
'TNLean.PEPS.Approximation.DistributedOperatorContraction.endpointTensor' depends on axioms: [propext,
 Classical.choice,
 Quot.sound]
'TNLean.PEPS.Approximation.DistributedOperatorContraction.contractedOperator' depends on axioms: [propext,
 Classical.choice,
 Quot.sound]
'TNLean.PEPS.Approximation.DistributedOperatorContraction.contractedOperator_eq_linkSum' depends on axioms: [propext,
 Classical.choice,
 Quot.sound]
'TNLean.PEPS.Approximation.DistributedOperatorContraction.contractedOperator_eq_branchSampleSum' depends on axioms: [propext,
 Classical.choice,
 Quot.sound]
'TNLean.PEPS.Approximation.DistributedOperatorContraction.contractedOperator_eq_sum_productMatrix' depends on axioms: [propext,
 Classical.choice,
 Quot.sound]
'TNLean.PEPS.Approximation.DistributedOperatorContraction.card_alphabet' depends on axioms: [propext,
 Classical.choice,
 Quot.sound]
'TNLean.PEPS.Approximation.DistributedOperatorContraction.card_alphabet_le' depends on axioms: [propext,
 Classical.choice,
 Quot.sound]
'TNLean.PEPS.Approximation.DistributedOperatorContraction.densityPairCoefficient' depends on axioms: [propext,
 Classical.choice,
 Quot.sound]
'TNLean.PEPS.Approximation.DistributedOperatorContraction.contractedOperator_densityPair_eq' depends on axioms: [propext,
 Classical.choice,
 Quot.sound]
