Published-source validation
Revision: 68f708ff111956d832476a9cae2c873375fc3659
Command (repository-relative replay): lake env lean --profile -DautoImplicit=false -DrelaxedAutoImplicit=false -Dpp.unicode.fun=true -DmaxSynthPendingDepth=3 -Dlinter.mathlibStandardSet=true -DwarningAsError=true TNLeanTest/AreaLawInteractionSeries.lean
Exit code: 0
Elapsed wall seconds: 2.767264743000851
Warnings: none.
Output:

import took 1.52s
cumulative profiling times:
	attribute application 0.0396ms
	blocked (unaccounted) 7.05ms
	congr simp thm 1.85ms
	elaboration 18.8ms
	fix level params 0.44ms
	import 1.52s
	initialization 27.1ms
	instantiate metavars 0.417ms
	interpretation 326ms
	linting 7.02ms
	module linting 0.00192ms
	norm_num 0.976ms
	overlappingInstancesLinter 3.92ms
	parsing 4.73ms
	process pre-definitions 3.74ms
	ring 6.41ms
	share common exprs 2.01ms
	simp 48.8ms
	tactic execution 31.9ms
	tacticAnalysis 14ms
	type checking 17.7ms
	typeclass inference 66.1ms
