Published-source validation
Revision: 68f708ff111956d832476a9cae2c873375fc3659
Command (repository-relative replay): lake env lean --profile -DautoImplicit=false -DrelaxedAutoImplicit=false -Dpp.unicode.fun=true -DmaxSynthPendingDepth=3 -Dlinter.mathlibStandardSet=true -DwarningAsError=true TNLeanTest/AreaLawLatticeDiamond.lean
Exit code: 0
Elapsed wall seconds: 2.2372830839958624
Warnings: none.
Output:

import took 1.06s
cumulative profiling times:
	attribute application 0.083ms
	blocked (unaccounted) 10.4ms
	congr simp thm 0.785ms
	elaboration 36.2ms
	fix level params 0.171ms
	import 1.06s
	initialization 28.1ms
	instantiate metavars 0.124ms
	interpretation 256ms
	linting 7.96ms
	module linting 0.00132ms
	overlappingInstancesLinter 2.7ms
	parsing 4.85ms
	process pre-definitions 3.48ms
	share common exprs 0.667ms
	simp 53.9ms
	tactic execution 190ms
	tacticAnalysis 11.4ms
	type checking 153ms
	typeclass inference 31ms
