Published-source validation
Revision: 68f708ff111956d832476a9cae2c873375fc3659
Command (repository-relative replay): lake env lean --profile -DautoImplicit=false -DrelaxedAutoImplicit=false -Dpp.unicode.fun=true -DmaxSynthPendingDepth=3 -Dlinter.mathlibStandardSet=true -DwarningAsError=true TNLeanTest/AreaLawGraphFoundations.lean
Exit code: 0
Elapsed wall seconds: 2.3994397269998444
Warnings: none.
Output:

import took 1.02s
cumulative profiling times:
	attribute application 0.127ms
	blocked (unaccounted) 44.7ms
	congr simp thm 3.83ms
	elaboration 56.4ms
	fix level params 0.724ms
	import 1.02s
	initialization 27.9ms
	instantiate metavars 0.491ms
	interpretation 546ms
	let-to-have transformation 0.0249ms
	linting 22ms
	module linting 0.0014ms
	norm_num 0.127ms
	overlappingInstancesLinter 8.51ms
	parsing 15.3ms
	process pre-definitions 5.82ms
	share common exprs 2.34ms
	simp 140ms
	tactic execution 75.7ms
	tacticAnalysis 39.3ms
	type checking 17.3ms
	typeclass inference 115ms
