Published-source validation
Revision: 68f708ff111956d832476a9cae2c873375fc3659
Command (repository-relative replay): lake env lean --profile -DautoImplicit=false -DrelaxedAutoImplicit=false -Dpp.unicode.fun=true -DmaxSynthPendingDepth=3 -Dlinter.mathlibStandardSet=true -DwarningAsError=true docs/provenance/evidence/8745/axioms.lean
Exit code: 0
Elapsed wall seconds: 2.4007224169981782
Warnings: none.
Output:

import took 1.46s
'TNLean.PEPS.AreaLaw.card_supportFamily_le_pow_card_erase' depends on axioms: [propext, Classical.choice, Quot.sound]
'TNLean.PEPS.AreaLaw.card_supportFamily_le_pow' depends on axioms: [propext, Classical.choice, Quot.sound]
'TNLean.PEPS.AreaLaw.sum_supportWeights_containing_le' depends on axioms: [propext, Classical.choice, Quot.sound]
'TNLean.PEPS.AreaLaw.sum_supportWeights_meeting_le_sum_siteWeights' depends on axioms: [propext,
 Classical.choice,
 Quot.sound]
'TNLean.PEPS.AreaLaw.sum_supportWeights_meeting_le' depends on axioms: [propext, Classical.choice, Quot.sound]
'TNLean.PEPS.AreaLaw.interactionChainWeightSum' depends on axioms: [propext, Classical.choice, Quot.sound]
'TNLean.PEPS.AreaLaw.interactionChainWeightSum_le_pow' depends on axioms: [propext, Classical.choice, Quot.sound]
'TNLean.PEPS.AreaLaw.exists_walk_length_le_sum_of_isChain' depends on axioms: [propext]
'TNLean.PEPS.AreaLaw.exists_walk_length_le_mul_of_isChain' depends on axioms: [propext, Quot.sound]
'TNLean.PEPS.AreaLaw.edist_le_mul_of_isChain' depends on axioms: [propext, Classical.choice, Quot.sound]
'TNLean.PEPS.AreaLaw.reachable_of_isChain' depends on axioms: [propext, Quot.sound]
'TNLean.PEPS.AreaLaw.connectedComponent_eq_of_isChain' depends on axioms: [propext, Quot.sound]
'TNLean.PEPS.AreaLaw.not_isChain_of_connectedComponent_ne' depends on axioms: [propext, Quot.sound]
'TNLean.PEPS.AreaLaw.not_isChain_of_edist_eq_top' depends on axioms: [propext, Classical.choice, Quot.sound]
'TNLean.PEPS.AreaLaw.not_isChain_of_mul_lt_edist' depends on axioms: [propext, Classical.choice, Quot.sound]
'TNLean.PEPS.AreaLaw.card_support_le_square' depends on axioms: [propext, Classical.choice, Quot.sound]
'TNLean.PEPS.AreaLaw.card_supports_containing_le_square' depends on axioms: [propext, Classical.choice, Quot.sound]
'TNLean.PEPS.AreaLaw.sum_supportWeights_containing_le_square' depends on axioms: [propext, Classical.choice, Quot.sound]
'TNLean.PEPS.AreaLaw.interactionChainWeightSum_le_lattice_pow' depends on axioms: [propext,
 Classical.choice,
 Quot.sound]
'TNLean.PEPS.AreaLaw.card_support_le_diamond' depends on axioms: [propext, Classical.choice, Quot.sound]
'TNLean.PEPS.AreaLaw.card_supports_containing_le_diamond' depends on axioms: [propext, Classical.choice, Quot.sound]
'TNLean.PEPS.AreaLaw.sum_supportWeights_containing_le_diamond' depends on axioms: [propext,
 Classical.choice,
 Quot.sound]
'TNLean.PEPS.AreaLaw.sum_supportNorms_containing_le_diamond' depends on axioms: [propext, Classical.choice, Quot.sound]
'TNLean.PEPS.AreaLaw.interactionChainWeightSum_le_diamond_pow' depends on axioms: [propext,
 Classical.choice,
 Quot.sound]
'TNLean.PEPS.AreaLaw.interactionChainWeightSum_norm_le_diamond_pow' depends on axioms: [propext,
 Classical.choice,
 Quot.sound]
'TNLean.PEPS.AreaLaw.interactionChainTargetWeightSum_le_exponential' depends on axioms: [propext,
 Classical.choice,
 Quot.sound]
'TNLean.PEPS.AreaLaw.interactionChainPropagationSeries' depends on axioms: [propext, Classical.choice, Quot.sound]
'TNLean.PEPS.AreaLaw.interactionChainPropagationSeries_summable_and_le' depends on axioms: [propext,
 Classical.choice,
 Quot.sound]
'TNLean.PEPS.AreaLaw.interactionChainPropagationSeries_eq_zero_of_edist_eq_top' depends on axioms: [propext,
 Classical.choice,
 Quot.sound]
'TNLean.PEPS.AreaLaw.interactionChainTargetWeightSum' depends on axioms: [propext, Classical.choice, Quot.sound]
'TNLean.PEPS.AreaLaw.interactionChainTargetWeightSum_nonneg' depends on axioms: [propext, Classical.choice, Quot.sound]
'TNLean.PEPS.AreaLaw.interactionChainTargetWeightSum_le' depends on axioms: [propext, Classical.choice, Quot.sound]
'TNLean.PEPS.AreaLaw.interactionChainTargetWeightSum_eq_zero_of_no_walk' depends on axioms: [propext,
 Classical.choice,
 Quot.sound]
'TNLean.PEPS.AreaLaw.interactionChainTargetWeightSum_eq_zero_of_lt_edist' depends on axioms: [propext,
 Classical.choice,
 Quot.sound]
'TNLean.PEPS.AreaLaw.interactionChainTargetWeightSum_eq_zero_of_edist_eq_top' depends on axioms: [propext,
 Classical.choice,
 Quot.sound]
'TNLean.PEPS.AreaLaw.interactionChainTargetWeightSum_le_indicator_pow' depends on axioms: [propext,
 Classical.choice,
 Quot.sound]
'TNLean.PEPS.AreaLaw.latticeL1Distance' does not depend on any axioms
'TNLean.PEPS.AreaLaw.latticeL1Distance_self' depends on axioms: [propext]
'TNLean.PEPS.AreaLaw.latticeL1Distance_triangle' depends on axioms: [propext, Quot.sound]
'TNLean.PEPS.AreaLaw.latticeL1Distance_le_walk_length' depends on axioms: [propext, Quot.sound]
'TNLean.PEPS.AreaLaw.latticeL1Distance_le_of_edist_le' depends on axioms: [propext, Classical.choice, Quot.sound]
'TNLean.PEPS.AreaLaw.card_le_square_of_latticeL1Distance_le' depends on axioms: [propext, Classical.choice, Quot.sound]
'TNLean.PEPS.AreaLaw.card_le_square_of_walks' depends on axioms: [propext, Classical.choice, Quot.sound]
'TNLean.PEPS.AreaLaw.card_le_square_of_edist_le' depends on axioms: [propext, Classical.choice, Quot.sound]
'TNLean.PEPS.AreaLaw.latticeDiamond' depends on axioms: [propext, Classical.choice, Quot.sound]
'TNLean.PEPS.AreaLaw.mem_latticeDiamond' depends on axioms: [propext, Classical.choice, Quot.sound]
'TNLean.PEPS.AreaLaw.card_latticeDiamond' depends on axioms: [propext, Classical.choice, Quot.sound]
'TNLean.PEPS.AreaLaw.card_le_diamond_of_latticeL1Distance_le' depends on axioms: [propext, Classical.choice, Quot.sound]
'TNLean.PEPS.AreaLaw.card_le_diamond_of_walks' depends on axioms: [propext, Classical.choice, Quot.sound]
'TNLean.PEPS.AreaLaw.card_le_diamond_of_edist_le' depends on axioms: [propext, Classical.choice, Quot.sound]
cumulative profiling times:
	elaboration 2.54ms
	import 1.46s
	initialization 28.4ms
	interpretation 419ms
	linting 9.75ms
	module linting 0.00141ms
	overlappingInstancesLinter 4.09ms
	parsing 1.67ms
	tacticAnalysis 26.1ms
