Published-source validation
Revision: c369460bb80b17abb974108f843befeed40f48f5
Command (repository-relative replay): lake env lean --profile -DautoImplicit=false -DrelaxedAutoImplicit=false -Dpp.unicode.fun=true -DmaxSynthPendingDepth=3 -Dlinter.mathlibStandardSet=true -DwarningAsError=true TNLean/PEPS/AreaLaw/GraphInteractionDiamondCounting.lean
Exit code: 0
Elapsed wall seconds: 2.2610963020051713
Warnings: none.
Output:

import took 1.13s
cumulative profiling times:
	attribute application 0.0573ms
	congr simp thm 0.94ms
	elaboration 54.2ms
	fix level params 0.363ms
	import 1.13s
	initialization 27.3ms
	instantiate metavars 0.306ms
	interpretation 429ms
	let-to-have transformation 0.149ms
	linting 13.6ms
	module linting 0.00163ms
	overlappingInstancesLinter 5.85ms
	parsing 7.93ms
	process pre-definitions 2.3ms
	share common exprs 1.13ms
	simp 19.6ms
	tactic execution 28.1ms
	tacticAnalysis 27.5ms
	type checking 9.09ms
	typeclass inference 89.6ms
