Published-source validation
Revision: 68f708ff111956d832476a9cae2c873375fc3659
Command (repository-relative replay): lake env lean --profile -DautoImplicit=false -DrelaxedAutoImplicit=false -Dpp.unicode.fun=true -DmaxSynthPendingDepth=3 -Dlinter.mathlibStandardSet=true -DwarningAsError=true TNLean/PEPS/AreaLaw/GraphLatticeDiamond.lean
Exit code: 0
Elapsed wall seconds: 2.1590236109987018
Warnings: none.
Output:

import took 983ms
cumulative profiling times:
	attribute application 0.52ms
	blocked (unaccounted) 112ms
	compilation (IR) 0.415ms
	compilation (LCNF base) 7.74ms
	compilation (LCNF impure) 1.8ms
	compilation (LCNF mono) 3.79ms
	congr simp thm 2.21ms
	dsimp 5.71ms
	elaboration 29.2ms
	fix level params 0.456ms
	import 983ms
	initialization 26.5ms
	instantiate metavars 1.47ms
	interpretation 547ms
	let-to-have transformation 0.105ms
	linting 28.2ms
	module linting 0.00182ms
	norm_num 2.34ms
	overlappingInstancesLinter 4.4ms
	parsing 7.85ms
	process pre-definitions 5.49ms
	ring 11.7ms
	share common exprs 4.15ms
	simp 78.2ms
	tactic execution 196ms
	tacticAnalysis 34.1ms
	type checking 137ms
	typeclass inference 126ms
