Published-source validation
Revision: 68f708ff111956d832476a9cae2c873375fc3659
Command (repository-relative replay): lake env lean --profile -DautoImplicit=false -DrelaxedAutoImplicit=false -Dpp.unicode.fun=true -DmaxSynthPendingDepth=3 -Dlinter.mathlibStandardSet=true -DwarningAsError=true TNLean/PEPS/AreaLaw/GraphInteractionSeries.lean
Exit code: 0
Elapsed wall seconds: 2.6997298060014145
Warnings: none.
Output:

import took 1.44s
cumulative profiling times:
	attribute application 0.0516ms
	congr simp thm 1.6ms
	elaboration 37.7ms
	fix level params 0.523ms
	import 1.44s
	initialization 26.5ms
	instantiate metavars 0.503ms
	interpretation 426ms
	let-to-have transformation 0.116ms
	linting 12.9ms
	module linting 0.00134ms
	norm_num 3.39ms
	overlappingInstancesLinter 4.57ms
	parsing 6.19ms
	process pre-definitions 4.91ms
	ring 15.7ms
	share common exprs 2.75ms
	simp 14.6ms
	tactic execution 78.6ms
	tacticAnalysis 25.9ms
	type checking 24.9ms
	typeclass inference 137ms
