Published-source validation
Revision: 68f708ff111956d832476a9cae2c873375fc3659
Command (repository-relative replay): lake env lean --profile -DautoImplicit=false -DrelaxedAutoImplicit=false -Dpp.unicode.fun=true -DmaxSynthPendingDepth=3 -Dlinter.mathlibStandardSet=true -DwarningAsError=true TNLean/PEPS/AreaLaw/GraphInteractionBudget.lean
Exit code: 0
Elapsed wall seconds: 2.03776322700287
Warnings: none.
Output:

import took 959ms
cumulative profiling times:
	attribute application 0.0679ms
	compilation (IR) 0.256ms
	compilation (LCNF base) 1.76ms
	compilation (LCNF impure) 0.736ms
	compilation (LCNF mono) 1.39ms
	congr simp thm 2.06ms
	elaboration 32.6ms
	fix level params 0.628ms
	import 959ms
	initialization 29.9ms
	instantiate metavars 0.433ms
	interpretation 510ms
	let-to-have transformation 0.128ms
	linting 15.7ms
	module linting 0.00153ms
	overlappingInstancesLinter 6.29ms
	parsing 8.93ms
	process pre-definitions 5.82ms
	share common exprs 1.68ms
	simp 24.5ms
	tactic execution 70.1ms
	tacticAnalysis 27.1ms
	type checking 12ms
	typeclass inference 92.2ms
