import took 1.88s
type checking took 256ms
tactic execution of Lean.Parser.Tactic.rewriteSeq took 662ms
cumulative profiling times:
	attribute application 0.529ms
	congr simp thm 20.7ms
	dsimp 8.46ms
	elaboration 265ms
	fix level params 5.58ms
	import 1.88s
	initialization 28.7ms
	instantiate metavars 6.84ms
	interpretation 945ms
	let-to-have transformation 1.28ms
	linting 44.4ms
	module linting 0.00211ms
	norm_num 1.26ms
	overlappingInstancesLinter 16.8ms
	parsing 23.3ms
	process pre-definitions 30ms
	ring 10.9ms
	share common exprs 25.3ms
	simp 596ms
	tactic execution 911ms
	tacticAnalysis 56.7ms
	type checking 698ms
	typeclass inference 2.23s
