 (loading package <WORKSPACE>/glm23-blueprint-
   venv/lib/python3.12/site-packages/plasTeX/Packages/report.py
 )..
 (loading package <WORKSPACE>/glm23-blueprint-
   venv/lib/python3.12/site-packages/plasTeX/Packages/xcolor.py
 )
 (loading package <WORKSPACE>/glm23-blueprint-
   venv/lib/python3.12/site-packages/plasTeX/Packages/amssymb.py
 )
 (loading package <WORKSPACE>/glm23-blueprint-
   venv/lib/python3.12/site-packages/plasTeX/Packages/amsthm.py
 )
 (loading package <WORKSPACE>/glm23-blueprint-
   venv/lib/python3.12/site-packages/plasTeX/Packages/amsmath.py
 )
 (loading package <WORKSPACE>/glm23-blueprint-
   venv/lib/python3.12/site-packages/plasTeX/Packages/natbib.py
 )
 (loading package <WORKSPACE>/glm23-blueprint-
   venv/lib/python3.12/site-packages/plasTeX/Packages/hyperref.py
 )
 (loading package <WORKSPACE>/glm23-blueprint-
   venv/lib/python3.12/site-packages/leanblueprint/Packages/blueprint.py
 (loading package <WORKSPACE>/glm23-blueprint-
   venv/lib/python3.12/site-packages/plastexdepgraph/Packages/depgraph.py
 )
 (loading package <WORKSPACE>/glm23-blueprint-
   venv/lib/python3.12/site-packages/plastexshowmore/Packages/showmore.py
 ) )
 (loading package <WORKSPACE>/glm23-blueprint-
   venv/lib/python3.12/site-packages/texra_blueprint/Packages/texra_patches.py
 )
 (loading package <WORKSPACE>/glm23-blueprint-
   venv/lib/python3.12/site-packages/texra_blueprint/Packages/texra_graphs.py
 )
 (loading package <WORKSPACE>/8770-region-embedding-
   focused/blueprint/src/Packages/tnlean_patches.py
 )
 (loading package <WORKSPACE>/8770-region-embedding-
   focused/blueprint/src/Packages/tenkz_pic.py
 ).... ( ./macros/common.tex ).................. ( ./macros/web.tex )......
.. ( ./content.tex ) ( ./chapter/ch24_peps_region_operator_embedding.tex ).
.........
WARNING: Could not find any file named: web.bbl
INFO: Directing output files to directory: ../web/.
INFO: Importing templates from
   <WORKSPACE>/glm23-blueprint-venv/lib/python3.12/site-
   packages/plasTeX/Renderers/PageTemplate
INFO: Importing templates from
   <WORKSPACE>/glm23-blueprint-venv/lib/python3.12/site-
   packages/plasTeX/Renderers/HTML5
INFO: Importing templates from <WORKSPACE>/8770-region-
   embedding-focused/blueprint/src/plastex_templates
INFO: Using theme <WORKSPACE>/glm23-blueprint-
   venv/lib/python3.12/site-packages/plasTeX/Renderers/HTML5/Themes/default
INFO: Using the imager "gspdfpng".
/bin/sh: 1: dvisvgm: not found
WARNING: Could not find a valid vector imager in the list: pdf2svg,
   dvisvgm.  The default vector imager will be used.
 [ index.html [ sect0001.html ] [ sect0002.html ] ]plasTeX version 3.1
