Direct Lean checks with the package options and warnings as errors.
Source revision: 258925377085dec88db0d45131c6c1d569303ae0
Scope: complete affected 17-module TNLean import closure; no local Lake build.
LEAN_PATH=/private/tmp/tnlean-source-gaussian/artifacts:/Users/siruilu/Local/agentFormalization/TNLean/worktrees/peps-approx-pair-layout/.lake/packages/Cli/.lake/build/lib/lean:/Users/siruilu/Local/agentFormalization/TNLean/worktrees/peps-approx-pair-layout/.lake/packages/batteries/.lake/build/lib/lean:/Users/siruilu/Local/agentFormalization/TNLean/worktrees/peps-approx-pair-layout/.lake/packages/Qq/.lake/build/lib/lean:/Users/siruilu/Local/agentFormalization/TNLean/worktrees/peps-approx-pair-layout/.lake/packages/aesop/.lake/build/lib/lean:/Users/siruilu/Local/agentFormalization/TNLean/worktrees/peps-approx-pair-layout/.lake/packages/proofwidgets/.lake/build/lib/lean:/Users/siruilu/Local/agentFormalization/TNLean/worktrees/peps-approx-pair-layout/.lake/packages/importGraph/.lake/build/lib/lean:/Users/siruilu/Local/agentFormalization/TNLean/worktrees/peps-approx-pair-layout/.lake/packages/LeanSearchClient/.lake/build/lib/lean:/Users/siruilu/Local/agentFormalization/TNLean/worktrees/peps-approx-pair-layout/.lake/packages/plausible/.lake/build/lib/lean:/Users/siruilu/Local/agentFormalization/TNLean/worktrees/peps-approx-pair-layout/.lake/packages/checkdecls/.lake/build/lib/lean:/Users/siruilu/Local/agentFormalization/TNLean/worktrees/peps-approx-pair-layout/.lake/packages/Gametheory/.lake/build/lib/lean:/Users/siruilu/Local/agentFormalization/TNLean/worktrees/peps-approx-pair-layout/.lake/packages/mathlib/.lake/build/lib/lean:/Users/siruilu/Local/agentFormalization/QICLean/worktrees/area-law-pure-tensor-power/.lake/build/lib/lean:/Users/siruilu/.elan/toolchains/leanprover--lean4---v4.35.0-rc3/lib/lean

Source: TNLean/Algebra/MultilinearSelectedSum.lean
Source SHA256: c6e2d304f561b82b91e50684e640cf03c3897eac7469331770c207f885456a28
Working directory: /Users/siruilu/Local/agentFormalization/TNLean/worktrees/peps-source-gaussian
Command: /Users/siruilu/.elan/toolchains/leanprover--lean4---v4.35.0-rc3/bin/lean -Dpp.unicode.fun=true -DrelaxedAutoImplicit=false -Dlinter.mathlibStandardSet=true -DmaxSynthPendingDepth=3 -DwarningAsError=true -o /private/tmp/tnlean-source-gaussian/artifacts/TNLean/Algebra/MultilinearSelectedSum.olean TNLean/Algebra/MultilinearSelectedSum.lean
Exit code: 0
Elapsed seconds: 2.23
Artifact SHA256: 6470b671e6e2efaf96a3ab0a7aa076c59cfae18d21b294e320d68e200ddc2910
Diagnostics: none.

Source: TNLean/PEPS/Approximation/SourceCircuitSchmidtSources.lean
Source SHA256: be2451645035c2d017f8b53eedc244d14747c665800f8b44f8ef9af63b485f61
Working directory: /Users/siruilu/Local/agentFormalization/TNLean/worktrees/peps-source-gaussian
Command: /Users/siruilu/.elan/toolchains/leanprover--lean4---v4.35.0-rc3/bin/lean -Dpp.unicode.fun=true -DrelaxedAutoImplicit=false -Dlinter.mathlibStandardSet=true -DmaxSynthPendingDepth=3 -DwarningAsError=true -o /private/tmp/tnlean-source-gaussian/artifacts/TNLean/PEPS/Approximation/SourceCircuitSchmidtSources.olean TNLean/PEPS/Approximation/SourceCircuitSchmidtSources.lean
Exit code: 0
Elapsed seconds: 5.284
Artifact SHA256: 3ef6de2c5a7edc1c719c57a3283c1f374d1839fd134bcfeb271650a6322ca404
Diagnostics: none.

Source: TNLean/PEPS/Approximation/TensorSchmidtIsometries.lean
Source SHA256: 0eeada93c42efa40bbe72f4d0ea24a161ff311925c41b4e8b03662929aa2a67b
Working directory: /Users/siruilu/Local/agentFormalization/TNLean/worktrees/peps-source-gaussian
Command: /Users/siruilu/.elan/toolchains/leanprover--lean4---v4.35.0-rc3/bin/lean -Dpp.unicode.fun=true -DrelaxedAutoImplicit=false -Dlinter.mathlibStandardSet=true -DmaxSynthPendingDepth=3 -DwarningAsError=true -o /private/tmp/tnlean-source-gaussian/artifacts/TNLean/PEPS/Approximation/TensorSchmidtIsometries.olean TNLean/PEPS/Approximation/TensorSchmidtIsometries.lean
Exit code: 0
Elapsed seconds: 4.719
Artifact SHA256: 3a923c92c2a05918880c6dc038d911fbf64765a9c52cfb64e0eeef4d0ef27075
Diagnostics: none.

Source: TNLean/QICLeanInterface.lean
Source SHA256: 6f8b2f1594d55d97d7f47bcae88201ae9c574bee5114dacf933affae1e861823
Working directory: /Users/siruilu/Local/agentFormalization/TNLean/worktrees/peps-source-gaussian
Command: /Users/siruilu/.elan/toolchains/leanprover--lean4---v4.35.0-rc3/bin/lean -Dpp.unicode.fun=true -DrelaxedAutoImplicit=false -Dlinter.mathlibStandardSet=true -DmaxSynthPendingDepth=3 -DwarningAsError=true -o /private/tmp/tnlean-source-gaussian/artifacts/TNLean/QICLeanInterface.olean TNLean/QICLeanInterface.lean
Exit code: 0
Elapsed seconds: 36.086
Artifact SHA256: 2459cc03093c5bfd110105f855cc360ae0f6282281966eea59c0ca7cc39d7b64
Diagnostics: none.

Source: TNLean/Algebra.lean
Source SHA256: 6e95bc3d08ca300249ffbf8dffed6cabae02539248b691d641eb9ceb40959c9f
Working directory: /Users/siruilu/Local/agentFormalization/TNLean/worktrees/peps-source-gaussian
Command: /Users/siruilu/.elan/toolchains/leanprover--lean4---v4.35.0-rc3/bin/lean -Dpp.unicode.fun=true -DrelaxedAutoImplicit=false -Dlinter.mathlibStandardSet=true -DmaxSynthPendingDepth=3 -DwarningAsError=true -o /private/tmp/tnlean-source-gaussian/artifacts/TNLean/Algebra.olean TNLean/Algebra.lean
Exit code: 0
Elapsed seconds: 115.454
Artifact SHA256: 4a1b4efd0d51669f2fa14b1257b82f7316b7af88e6e612002ca288b40fc93d40
Diagnostics: none.

Source: TNLean/PEPS/Approximation/PreparedSourceTransport.lean
Source SHA256: 9dcbd486ccfca914f04ff8dab827af0cb40fb6416060ea9314435c881246c536
Working directory: /Users/siruilu/Local/agentFormalization/TNLean/worktrees/peps-source-gaussian
Command: /Users/siruilu/.elan/toolchains/leanprover--lean4---v4.35.0-rc3/bin/lean -Dpp.unicode.fun=true -DrelaxedAutoImplicit=false -Dlinter.mathlibStandardSet=true -DmaxSynthPendingDepth=3 -DwarningAsError=true -o /private/tmp/tnlean-source-gaussian/artifacts/TNLean/PEPS/Approximation/PreparedSourceTransport.olean TNLean/PEPS/Approximation/PreparedSourceTransport.lean
Exit code: 0
Elapsed seconds: 5.545
Artifact SHA256: 786fd4b75896a0e966b3fef0e695f2875cbb520620786a14b73eb8adef1655bc
Diagnostics: none.

Source: TNLean/PEPS/Approximation/SelectedSourceContraction.lean
Source SHA256: 1c25df5018006b89a10b79d6ab83899a207ec1c9577449e0461c9b96feea0b18
Working directory: /Users/siruilu/Local/agentFormalization/TNLean/worktrees/peps-source-gaussian
Command: /Users/siruilu/.elan/toolchains/leanprover--lean4---v4.35.0-rc3/bin/lean -Dpp.unicode.fun=true -DrelaxedAutoImplicit=false -Dlinter.mathlibStandardSet=true -DmaxSynthPendingDepth=3 -DwarningAsError=true -o /private/tmp/tnlean-source-gaussian/artifacts/TNLean/PEPS/Approximation/SelectedSourceContraction.olean TNLean/PEPS/Approximation/SelectedSourceContraction.lean
Exit code: 0
Elapsed seconds: 4.183
Artifact SHA256: 2b321ae74df036c28249b4407b18a9b935663b584ecde00c358145cdf95f516f
Diagnostics: none.

Source: TNLean/PEPS/Approximation/SourceCorrectedContractionIdentity.lean
Source SHA256: 6362ee2c324e297e91a12a09ce7f957af8bced56efcd0e1eef5b7db76b66ef8f
Working directory: /Users/siruilu/Local/agentFormalization/TNLean/worktrees/peps-source-gaussian
Command: /Users/siruilu/.elan/toolchains/leanprover--lean4---v4.35.0-rc3/bin/lean -Dpp.unicode.fun=true -DrelaxedAutoImplicit=false -Dlinter.mathlibStandardSet=true -DmaxSynthPendingDepth=3 -DwarningAsError=true -o /private/tmp/tnlean-source-gaussian/artifacts/TNLean/PEPS/Approximation/SourceCorrectedContractionIdentity.olean TNLean/PEPS/Approximation/SourceCorrectedContractionIdentity.lean
Exit code: 0
Elapsed seconds: 11.404
Artifact SHA256: 86657911ebfddd35039d5887a20cff07a7d42b7be05ad7dffa8189467bef1592
Diagnostics: none.

Source: TNLean/PEPS/Approximation/SourceCompressedDensity.lean
Source SHA256: 449d2756f28cd932d9530f7b7fef5e186d2daa8808c3f09de1fb7332f712fb50
Working directory: /Users/siruilu/Local/agentFormalization/TNLean/worktrees/peps-source-gaussian
Command: /Users/siruilu/.elan/toolchains/leanprover--lean4---v4.35.0-rc3/bin/lean -Dpp.unicode.fun=true -DrelaxedAutoImplicit=false -Dlinter.mathlibStandardSet=true -DmaxSynthPendingDepth=3 -DwarningAsError=true -o /private/tmp/tnlean-source-gaussian/artifacts/TNLean/PEPS/Approximation/SourceCompressedDensity.olean TNLean/PEPS/Approximation/SourceCompressedDensity.lean
Exit code: 0
Elapsed seconds: 9.496
Artifact SHA256: 0688be50a288c9547c3d42db3e4894a0ef26369d6fb3893882c0106993ba3633
Diagnostics: none.

Source: TNLean/PEPS/Approximation/SourceGaussianLaw.lean
Source SHA256: 6b935ef1ae44f62c369baee987d71079ff760018ccd4e589a43c3b546422e3df
Working directory: /Users/siruilu/Local/agentFormalization/TNLean/worktrees/peps-source-gaussian
Command: /Users/siruilu/.elan/toolchains/leanprover--lean4---v4.35.0-rc3/bin/lean -Dpp.unicode.fun=true -DrelaxedAutoImplicit=false -Dlinter.mathlibStandardSet=true -DmaxSynthPendingDepth=3 -DwarningAsError=true -o /private/tmp/tnlean-source-gaussian/artifacts/TNLean/PEPS/Approximation/SourceGaussianLaw.olean TNLean/PEPS/Approximation/SourceGaussianLaw.lean
Exit code: 0
Elapsed seconds: 5.492
Artifact SHA256: f261a66533d0251013c335d5fefa9ccfdec3f3572a2f6e36356bcfd4b0d83b00
Diagnostics: none.

Source: TNLean/PEPS/Approximation/SourcePhysicalDensity.lean
Source SHA256: a71d1827754e08d0b16cd05461c04b5d88644638359163b7f359b692222346ea
Working directory: /Users/siruilu/Local/agentFormalization/TNLean/worktrees/peps-source-gaussian
Command: /Users/siruilu/.elan/toolchains/leanprover--lean4---v4.35.0-rc3/bin/lean -Dpp.unicode.fun=true -DrelaxedAutoImplicit=false -Dlinter.mathlibStandardSet=true -DmaxSynthPendingDepth=3 -DwarningAsError=true -o /private/tmp/tnlean-source-gaussian/artifacts/TNLean/PEPS/Approximation/SourcePhysicalDensity.olean TNLean/PEPS/Approximation/SourcePhysicalDensity.lean
Exit code: 0
Elapsed seconds: 9.233
Artifact SHA256: ebd3c321d109e8376f643e94469506f9e9c6646471d535d782fdb7f5597ac910
Diagnostics: none.

Source: TNLean/PEPS/Approximation/SourceGaussianDensity.lean
Source SHA256: ea5fe7602814437dc3b2d7a5d23f7b83b122937ace1b11e91656828169deb8cb
Working directory: /Users/siruilu/Local/agentFormalization/TNLean/worktrees/peps-source-gaussian
Command: /Users/siruilu/.elan/toolchains/leanprover--lean4---v4.35.0-rc3/bin/lean -Dpp.unicode.fun=true -DrelaxedAutoImplicit=false -Dlinter.mathlibStandardSet=true -DmaxSynthPendingDepth=3 -DwarningAsError=true -o /private/tmp/tnlean-source-gaussian/artifacts/TNLean/PEPS/Approximation/SourceGaussianDensity.olean TNLean/PEPS/Approximation/SourceGaussianDensity.lean
Exit code: 0
Elapsed seconds: 4.721
Artifact SHA256: 81b1c12efc93baab25d6eedd3ddab7e95676938477e452e08db14aad56fc17ff
Diagnostics: none.

Source: TNLean/PEPS/Approximation/SourceGaussianCoefficients.lean
Source SHA256: 805ab8728dc735e113d55d70847eb5fd12d4091f02d4d2247707c97f2fe2ef38
Working directory: /Users/siruilu/Local/agentFormalization/TNLean/worktrees/peps-source-gaussian
Command: /Users/siruilu/.elan/toolchains/leanprover--lean4---v4.35.0-rc3/bin/lean -Dpp.unicode.fun=true -DrelaxedAutoImplicit=false -Dlinter.mathlibStandardSet=true -DmaxSynthPendingDepth=3 -DwarningAsError=true -o /private/tmp/tnlean-source-gaussian/artifacts/TNLean/PEPS/Approximation/SourceGaussianCoefficients.olean TNLean/PEPS/Approximation/SourceGaussianCoefficients.lean
Exit code: 0
Elapsed seconds: 4.955
Artifact SHA256: aa3d72b9bad78039d6ba8ffb8cf296d8d6d87411bb0a4e93a326d5f3c51b23a1
Diagnostics: none.

Source: TNLean/PEPS/Approximation/SourceGaussianContraction.lean
Source SHA256: a278a4c2e3163f9a99e1da9a13bc380cd31698552e77a0a76b0f601e14b7c38c
Working directory: /Users/siruilu/Local/agentFormalization/TNLean/worktrees/peps-source-gaussian
Command: /Users/siruilu/.elan/toolchains/leanprover--lean4---v4.35.0-rc3/bin/lean -Dpp.unicode.fun=true -DrelaxedAutoImplicit=false -Dlinter.mathlibStandardSet=true -DmaxSynthPendingDepth=3 -DwarningAsError=true -o /private/tmp/tnlean-source-gaussian/artifacts/TNLean/PEPS/Approximation/SourceGaussianContraction.olean TNLean/PEPS/Approximation/SourceGaussianContraction.lean
Exit code: 0
Elapsed seconds: 7.356
Artifact SHA256: ecf5339c671ade4935250eb3756db59c5f4d8ac0a4c86761eca92651089be577
Diagnostics: none.

Source: TNLean/PEPS/Approximation.lean
Source SHA256: 9f7bc743e266ddfc8ef14a7eeaac2de482d4b80bec7d5c15f99e1caf8197e70c
Working directory: /Users/siruilu/Local/agentFormalization/TNLean/worktrees/peps-source-gaussian
Command: /Users/siruilu/.elan/toolchains/leanprover--lean4---v4.35.0-rc3/bin/lean -Dpp.unicode.fun=true -DrelaxedAutoImplicit=false -Dlinter.mathlibStandardSet=true -DmaxSynthPendingDepth=3 -DwarningAsError=true -o /private/tmp/tnlean-source-gaussian/artifacts/TNLean/PEPS/Approximation.olean TNLean/PEPS/Approximation.lean
Exit code: 0
Elapsed seconds: 11.844
Artifact SHA256: 70247599a3cb152e989e4269c586b5a7ff97aef65885797d34e40358970a9142
Diagnostics: none.

Source: TNLean/PEPS.lean
Source SHA256: 55514d8b59105f8da498f59432ef8dfcbe9e9817a8208b14457fade89da7f9dc
Working directory: /Users/siruilu/Local/agentFormalization/TNLean/worktrees/peps-source-gaussian
Command: /Users/siruilu/.elan/toolchains/leanprover--lean4---v4.35.0-rc3/bin/lean -Dpp.unicode.fun=true -DrelaxedAutoImplicit=false -Dlinter.mathlibStandardSet=true -DmaxSynthPendingDepth=3 -DwarningAsError=true -o /private/tmp/tnlean-source-gaussian/artifacts/TNLean/PEPS.olean TNLean/PEPS.lean
Exit code: 0
Elapsed seconds: 23.632
Artifact SHA256: c6f79e4a1aaa87e1c579c4c53a2a14562f3e07693b021b1c93d85f7829c8a886
Diagnostics: none.

Source: TNLean.lean
Source SHA256: 9ab4dd293ef89b70bc7d650db97440837a42c4852f1fb5282925372e551f754a
Working directory: /Users/siruilu/Local/agentFormalization/TNLean/worktrees/peps-source-gaussian
Command: /Users/siruilu/.elan/toolchains/leanprover--lean4---v4.35.0-rc3/bin/lean -Dpp.unicode.fun=true -DrelaxedAutoImplicit=false -Dlinter.mathlibStandardSet=true -DmaxSynthPendingDepth=3 -DwarningAsError=true -o /private/tmp/tnlean-source-gaussian/artifacts/TNLean.olean TNLean.lean
Exit code: 0
Elapsed seconds: 14.816
Artifact SHA256: 13feb03b79b5ffe20ba84f7e204f98432260c51cf4e1022af29b9de224bdd0e4
Diagnostics: none.
