Source revision: a89886d64e31b363c8dde1411410af3cd9b5ef66
Command: lake build lint_style
Working directory: /workspace/worktrees/tn-compression-layout
UTC start: 2026-10-07T11:05:45.929824+00:00
Elapsed seconds: 19.298
Exit code: 0
Warning count: 0

✔ [72/143] Built Mathlib.Lean.Linter:c.o (157ms)
✔ [73/143] Built Mathlib.Tactic.Lemma:c.o (173ms)
✔ [74/143] Built Mathlib.Tactic.AdaptationNote:c.o (477ms)
✔ [75/143] Built Mathlib.Tactic.Linter.AuxLemma:c.o (577ms)
✔ [76/143] Built Mathlib.Tactic.Linter.DocPrime:c.o (597ms)
✔ [77/143] Built Mathlib.Tactic.Linter.Header:c.o (1.1s)
✔ [78/143] Built Mathlib.Tactic.Linter.DeprecatedSyntaxLinter:c.o (901ms)
✔ [79/143] Built Mathlib.Tactic.Linter.GlobalAttributeIn:c.o (587ms)
✔ [81/143] Built Mathlib.Tactic.Linter.DirectoryDependency:c.o (1.8s)
✔ [82/143] Built Mathlib.Tactic.Linter.EmptyLine:c.o (883ms)
✔ [83/143] Built Mathlib.Tactic.Linter.HashCommandLinter:c.o (896ms)
✔ [84/143] Built Mathlib.Tactic.Linter.HaveILetI:c.o (516ms)
✔ [85/143] Built Mathlib.Tactic.Linter.InternalConstructor:c.o (632ms)
✔ [86/143] Built Mathlib.Tactic.Linter.OldObtain:c.o (387ms)
✔ [87/143] Built Mathlib.Tactic.Linter.DocString:c.o (1.9s)
✔ [88/143] Built Batteries.Lean.Position:c.o (220ms)
✔ [89/143] Built Mathlib.Lean.Environment:c.o (123ms)
✔ [90/143] Built Mathlib.Tactic.Linter.Multigoal:c.o (1.1s)
✔ [91/143] Built Mathlib.Lean.Elab.InfoTree:c.o (478ms)
✔ [92/143] Built Batteries.Tactic.Lint.Basic:c.o (1.4s)
✔ [93/143] Built Batteries.Tactic.Lint.Misc:c.o (1.1s)
✔ [94/143] Built Mathlib.Lean.Expr.Basic:c.o (1.8s)
✔ [95/143] Built Mathlib.Tactic.Linter.FlexibleLinter:c.o (2.7s)
✔ [96/143] Built Mathlib.Tactic.Linter.PrivateModule:c.o (595ms)
✔ [97/143] Built Mathlib.Tactic.Linter.TacticDocumentation:c.o (402ms)
✔ [98/143] Built Mathlib.Tactic.Linter.UnusedInstancesInType:c.o (1.8s)
✔ [99/143] Built Batteries.Tactic.Unreachable:c.o (211ms)
✔ [100/143] Built Mathlib.Tactic.Linter.UnusedTacticExtension:c.o (459ms)
✔ [101/143] Built Mathlib.Tactic.DeclarationNames:c.o (197ms)
✔ [102/143] Built Mathlib.Lean.Elab.Tactic.Meta:c.o (681ms)
✔ [103/143] Built Mathlib.Tactic.Linter.Whitespace:c.o (1.1s)
✔ [104/143] Built Mathlib.Tactic.Linter.UnusedTactic:c.o (1.7s)
✔ [105/143] Built Mathlib.Lean.ContextInfo:c.o (1.1s)
✔ [106/143] Built Batteries.Lean.Meta.Inaccessible:c.o (544ms)
✔ [107/143] Built ImportGraph.Imports.Redundant:c.o (227ms)
✔ [108/143] Built Mathlib.Tactic.Linter.Style:c.o (2.4s)
✔ [109/143] Built ImportGraph.Lean.Environment:c.o (130ms)
✔ [110/143] Built Mathlib.Tactic.TacticAnalysis:c.o (1.3s)
✔ [111/143] Built ImportGraph.Imports.ImportGraph:c.o (945ms)
✔ [112/143] Built Mathlib.Tactic.Linter.OverlappingInstances:c.o (4.0s)
✔ [113/143] Built Mathlib.Util.ParseCommand:c.o (303ms)
✔ [114/143] Built Mathlib.Tactic.TypeStar:c.o (251ms)
✔ [115/143] Built Mathlib.Tactic.ExtractGoal:c.o (1.3s)
✔ [116/143] Built Batteries.Util.LibraryNote:c.o (449ms)
✔ [117/143] Built Batteries.Lean.Syntax:c.o (115ms)
✔ [118/143] Built ImportGraph.Imports.RequiredModules:c.o (2.2s)
✔ [119/143] Built ImportGraph.Graph.TransitiveClosure:c.o (198ms)
✔ [120/143] Built Batteries.Tactic.HelpCmd:c.o (1.7s)
✔ [121/143] Built Mathlib.Tactic.MinImports:c.o (3.4s)
✔ [122/143] Built ImportGraph.Tools.ImportDiff:c.o (433ms)
✔ [123/143] Built ImportGraph.Tools.RedundantImports:c.o (234ms)
✔ [124/143] Built ImportGraph.Tools.FindHome:c.o (1.6s)
✔ [125/143] Built ImportGraph.Tools:c.o (84ms)
✔ [127/143] Built ImportGraph.Tools.MinImports:c.o (576ms)
✔ [128/143] Built Batteries.Tactic.Lint.TypeClass:c.o (765ms)
✔ [129/143] Built Mathlib.Tactic.TacticAnalysis.Declarations:c.o (3.0s)
✔ [130/143] Built Batteries.Tactic.Lint:c.o (113ms)
✔ [131/143] Built Mathlib.Util.CodeActions.BinderPlicity:c.o (349ms)
✔ [132/143] Built Mathlib.Util.CodeActions:c.o (108ms)
✔ [133/143] Built Batteries.Tactic.Lint.Simp:c.o (1.4s)
✔ [134/143] Built Mathlib.Data.Nat.Notation:c.o (77ms)
✔ [135/143] Built Mathlib.Init:c.o (165ms)
✔ [136/143] Built Mathlib.Tactic.Linter.Lint:c.o (1.1s)
✔ [137/143] Built Mathlib.Tactic.Linter.TextBased.UnicodeLinter:c.o (562ms)
✔ [138/143] Built Batteries.Util.ProofWanted:c.o (4.9s)
✔ [139/143] Built Batteries.Tactic.Lint.Frontend:c.o (3.3s)
✔ [140/143] Built Mathlib.Tactic.Linter.TextBased:c.o (2.4s)
✔ [141/143] Built LintStyle (3.0s)
✔ [142/143] Built LintStyle:c.o (347ms)
✔ [143/143] Built lint_style:exe (1.2s)
Build completed successfully (143 jobs).
