Direct Lean checks with the package options and warnings as errors.
Source revision: b661d5aae743568fede6a5b087c9d6d03f4a8f20
Scope: complete affected 14-module TNLean import closure; no local Lake build.
LEAN_PATH=/Users/siruilu/.elan/toolchains/leanprover--lean4---v4.35.0-rc3/lib/lean:/private/tmp/tnlean-message-resource-bounds/artifacts:/private/tmp/tnlean-artifact-recovery-20261008/gaussian/artifacts

Source: TNLean/PEPS/Approximation/FiniteInputMemory.lean
Source SHA256: 5476694d6818a8e64b24bcd44469cc443e905626e4833a7d71ed85cef7c0be49
Working directory: /Users/siruilu/Local/agentFormalization/TNLean/worktrees/peps-message-resource-bounds
Command: /Users/siruilu/.elan/toolchains/leanprover--lean4---v4.35.0-rc3/bin/lean -Dpp.unicode.fun=true -DrelaxedAutoImplicit=false -Dlinter.mathlibStandardSet=true -DmaxSynthPendingDepth=3 -DwarningAsError=true -o /private/tmp/tnlean-message-resource-bounds/artifacts/TNLean/PEPS/Approximation/FiniteInputMemory.olean TNLean/PEPS/Approximation/FiniteInputMemory.lean
Exit code: 0
Elapsed seconds: 3.793
Artifact SHA256: f8904043ee9a0a50a7b8703c807c87cd7af94c3751b810ebe0d891b6da57734a
Diagnostics: none.

Source: TNLean/PEPS/Approximation/LocalTransferExpansion.lean
Source SHA256: d80e999136b0006ef80a396a66b3c97e59991296b1abbae5970b6c0cac8bb939
Working directory: /Users/siruilu/Local/agentFormalization/TNLean/worktrees/peps-message-resource-bounds
Command: /Users/siruilu/.elan/toolchains/leanprover--lean4---v4.35.0-rc3/bin/lean -Dpp.unicode.fun=true -DrelaxedAutoImplicit=false -Dlinter.mathlibStandardSet=true -DmaxSynthPendingDepth=3 -DwarningAsError=true -o /private/tmp/tnlean-message-resource-bounds/artifacts/TNLean/PEPS/Approximation/LocalTransferExpansion.olean TNLean/PEPS/Approximation/LocalTransferExpansion.lean
Exit code: 0
Elapsed seconds: 4.133
Artifact SHA256: a2bd9823eba9f8d0d605deca57809715ab70184b287e85c8a64d634cd47836fc
Diagnostics: none.

Source: TNLean/PEPS/Approximation/TransferGateExpansion.lean
Source SHA256: 1fcae844e7bbb196dae8925ecefbb5a7393be4a77c4cee06849614580ef7edd9
Working directory: /Users/siruilu/Local/agentFormalization/TNLean/worktrees/peps-message-resource-bounds
Command: /Users/siruilu/.elan/toolchains/leanprover--lean4---v4.35.0-rc3/bin/lean -Dpp.unicode.fun=true -DrelaxedAutoImplicit=false -Dlinter.mathlibStandardSet=true -DmaxSynthPendingDepth=3 -DwarningAsError=true -o /private/tmp/tnlean-message-resource-bounds/artifacts/TNLean/PEPS/Approximation/TransferGateExpansion.olean TNLean/PEPS/Approximation/TransferGateExpansion.lean
Exit code: 0
Elapsed seconds: 4.055
Artifact SHA256: cfa3b13faacfb6f4c22be4082c0e9751d1e36145f1dfc069da9f15ff6b1e9174
Diagnostics: none.

Source: TNLean/PEPS/Approximation/PartyChainComposition.lean
Source SHA256: f36704f65b696205c09e5f710a9ea69077071123ea48249926d2a8f68cc9fee1
Working directory: /Users/siruilu/Local/agentFormalization/TNLean/worktrees/peps-message-resource-bounds
Command: /Users/siruilu/.elan/toolchains/leanprover--lean4---v4.35.0-rc3/bin/lean -Dpp.unicode.fun=true -DrelaxedAutoImplicit=false -Dlinter.mathlibStandardSet=true -DmaxSynthPendingDepth=3 -DwarningAsError=true -o /private/tmp/tnlean-message-resource-bounds/artifacts/TNLean/PEPS/Approximation/PartyChainComposition.olean TNLean/PEPS/Approximation/PartyChainComposition.lean
Exit code: 0
Elapsed seconds: 3.743
Artifact SHA256: bf311f2330632840a781991304b7110dcbd316f3a17a2263556e6c4996273901
Diagnostics: none.

Source: TNLean/PEPS/Approximation/PartyGateComposition.lean
Source SHA256: feca2867b73c228e24cc8d4369f25bf4848aa0c6f82cd1a8a0dfd73979d056a1
Working directory: /Users/siruilu/Local/agentFormalization/TNLean/worktrees/peps-message-resource-bounds
Command: /Users/siruilu/.elan/toolchains/leanprover--lean4---v4.35.0-rc3/bin/lean -Dpp.unicode.fun=true -DrelaxedAutoImplicit=false -Dlinter.mathlibStandardSet=true -DmaxSynthPendingDepth=3 -DwarningAsError=true -o /private/tmp/tnlean-message-resource-bounds/artifacts/TNLean/PEPS/Approximation/PartyGateComposition.olean TNLean/PEPS/Approximation/PartyGateComposition.lean
Exit code: 0
Elapsed seconds: 4.13
Artifact SHA256: f81062dbee7822d22576dc41d7acff9459e541fa0b89b9e63dc79b881e984c43
Diagnostics: none.

Source: TNLean/PEPS/Approximation/MessageMonomial.lean
Source SHA256: e6911e510164139be1f3910857c345479ec2aa57c3f9f207c234392a86fae26d
Working directory: /Users/siruilu/Local/agentFormalization/TNLean/worktrees/peps-message-resource-bounds
Command: /Users/siruilu/.elan/toolchains/leanprover--lean4---v4.35.0-rc3/bin/lean -Dpp.unicode.fun=true -DrelaxedAutoImplicit=false -Dlinter.mathlibStandardSet=true -DmaxSynthPendingDepth=3 -DwarningAsError=true -o /private/tmp/tnlean-message-resource-bounds/artifacts/TNLean/PEPS/Approximation/MessageMonomial.olean TNLean/PEPS/Approximation/MessageMonomial.lean
Exit code: 0
Elapsed seconds: 29.991
Artifact SHA256: 4d4d0373070a1e9b0bab90e836a1b009299a4b8aa9c3e28630a3dd3c261fecde
Diagnostics: none.

Source: TNLean/PEPS/Approximation/MessageGateExpansion.lean
Source SHA256: 6493ba4a31795ff3a95ea182427725ccb2da3e4d6bf7c93d9954ca4c7720126a
Working directory: /Users/siruilu/Local/agentFormalization/TNLean/worktrees/peps-message-resource-bounds
Command: /Users/siruilu/.elan/toolchains/leanprover--lean4---v4.35.0-rc3/bin/lean -Dpp.unicode.fun=true -DrelaxedAutoImplicit=false -Dlinter.mathlibStandardSet=true -DmaxSynthPendingDepth=3 -DwarningAsError=true -o /private/tmp/tnlean-message-resource-bounds/artifacts/TNLean/PEPS/Approximation/MessageGateExpansion.olean TNLean/PEPS/Approximation/MessageGateExpansion.lean
Exit code: 0
Elapsed seconds: 5.156
Artifact SHA256: bc6cf01c74a1e1e647a05d612e07c1c9f2427a47724773e1df19d491f1088d62
Diagnostics: none.

Source: TNLean/PEPS/Approximation/MessageGateCircuit.lean
Source SHA256: d0ff9564a241b8c29b406fb3b77a5b25bc1810ccd8070b11f77fd88f987c94f4
Working directory: /Users/siruilu/Local/agentFormalization/TNLean/worktrees/peps-message-resource-bounds
Command: /Users/siruilu/.elan/toolchains/leanprover--lean4---v4.35.0-rc3/bin/lean -Dpp.unicode.fun=true -DrelaxedAutoImplicit=false -Dlinter.mathlibStandardSet=true -DmaxSynthPendingDepth=3 -DwarningAsError=true -o /private/tmp/tnlean-message-resource-bounds/artifacts/TNLean/PEPS/Approximation/MessageGateCircuit.olean TNLean/PEPS/Approximation/MessageGateCircuit.lean
Exit code: 0
Elapsed seconds: 3.869
Artifact SHA256: fc84c58d2048905f9a9006688773f258b8e570318a2e6753b7f779763837cb54
Diagnostics: none.

Source: TNLean/PEPS/Approximation/PhysicalFirstNetworkResources.lean
Source SHA256: cecc1a08a825e81a6100d2f7091ee1c53146941e9a9163823c8626b0cfcdf7e7
Working directory: /Users/siruilu/Local/agentFormalization/TNLean/worktrees/peps-message-resource-bounds
Command: /Users/siruilu/.elan/toolchains/leanprover--lean4---v4.35.0-rc3/bin/lean -Dpp.unicode.fun=true -DrelaxedAutoImplicit=false -Dlinter.mathlibStandardSet=true -DmaxSynthPendingDepth=3 -DwarningAsError=true -o /private/tmp/tnlean-message-resource-bounds/artifacts/TNLean/PEPS/Approximation/PhysicalFirstNetworkResources.olean TNLean/PEPS/Approximation/PhysicalFirstNetworkResources.lean
Exit code: 0
Elapsed seconds: 3.896
Artifact SHA256: 20d272febad9eb10cae2a59608da7407263ef9051ba98c20ec7ef6f89cd18249
Diagnostics: none.

Source: TNLean/PEPS/Approximation/PhysicalFirstPolynomial.lean
Source SHA256: 802413e8346c473f8060e38ed8f4d6a70ffd23bb3fc9fd38e8328be0890763b8
Working directory: /Users/siruilu/Local/agentFormalization/TNLean/worktrees/peps-message-resource-bounds
Command: /Users/siruilu/.elan/toolchains/leanprover--lean4---v4.35.0-rc3/bin/lean -Dpp.unicode.fun=true -DrelaxedAutoImplicit=false -Dlinter.mathlibStandardSet=true -DmaxSynthPendingDepth=3 -DwarningAsError=true -o /private/tmp/tnlean-message-resource-bounds/artifacts/TNLean/PEPS/Approximation/PhysicalFirstPolynomial.olean TNLean/PEPS/Approximation/PhysicalFirstPolynomial.lean
Exit code: 0
Elapsed seconds: 4.782
Artifact SHA256: 178d13af7aa1234c061032dec68a093b97d1e055c0ede777338fe52f3fae458a
Diagnostics: none.

Source: TNLean/PEPS/Approximation/SourceAlphabetPolynomial.lean
Source SHA256: b6b2351267d74156a87bb998e0566f8cf81748645ce529139319a9704f204f32
Working directory: /Users/siruilu/Local/agentFormalization/TNLean/worktrees/peps-message-resource-bounds
Command: /Users/siruilu/.elan/toolchains/leanprover--lean4---v4.35.0-rc3/bin/lean -Dpp.unicode.fun=true -DrelaxedAutoImplicit=false -Dlinter.mathlibStandardSet=true -DmaxSynthPendingDepth=3 -DwarningAsError=true -o /private/tmp/tnlean-message-resource-bounds/artifacts/TNLean/PEPS/Approximation/SourceAlphabetPolynomial.olean TNLean/PEPS/Approximation/SourceAlphabetPolynomial.lean
Exit code: 0
Elapsed seconds: 6.834
Artifact SHA256: b254271ec286f44c1e85ad9684108af20f89ec6a0864fa79f185dacbd40e5ef4
Diagnostics: none.

Source: TNLean/PEPS/Approximation.lean
Source SHA256: 8d9b6b64cc5bb8f26e497999db37decc99d910f2ec3e7c87583baa98f766598a
Working directory: /Users/siruilu/Local/agentFormalization/TNLean/worktrees/peps-message-resource-bounds
Command: /Users/siruilu/.elan/toolchains/leanprover--lean4---v4.35.0-rc3/bin/lean -Dpp.unicode.fun=true -DrelaxedAutoImplicit=false -Dlinter.mathlibStandardSet=true -DmaxSynthPendingDepth=3 -DwarningAsError=true -o /private/tmp/tnlean-message-resource-bounds/artifacts/TNLean/PEPS/Approximation.olean TNLean/PEPS/Approximation.lean
Exit code: 0
Elapsed seconds: 5.303
Artifact SHA256: a6298b8c87e4951dcda85437a32f5c53e04e34ba30e4cf9763d436ac629e4851
Diagnostics: none.

Source: TNLean/PEPS.lean
Source SHA256: 55514d8b59105f8da498f59432ef8dfcbe9e9817a8208b14457fade89da7f9dc
Working directory: /Users/siruilu/Local/agentFormalization/TNLean/worktrees/peps-message-resource-bounds
Command: /Users/siruilu/.elan/toolchains/leanprover--lean4---v4.35.0-rc3/bin/lean -Dpp.unicode.fun=true -DrelaxedAutoImplicit=false -Dlinter.mathlibStandardSet=true -DmaxSynthPendingDepth=3 -DwarningAsError=true -o /private/tmp/tnlean-message-resource-bounds/artifacts/TNLean/PEPS.olean TNLean/PEPS.lean
Exit code: 0
Elapsed seconds: 23.095
Artifact SHA256: c6f79e4a1aaa87e1c579c4c53a2a14562f3e07693b021b1c93d85f7829c8a886
Diagnostics: none.

Source: TNLean.lean
Source SHA256: 9ab4dd293ef89b70bc7d650db97440837a42c4852f1fb5282925372e551f754a
Working directory: /Users/siruilu/Local/agentFormalization/TNLean/worktrees/peps-message-resource-bounds
Command: /Users/siruilu/.elan/toolchains/leanprover--lean4---v4.35.0-rc3/bin/lean -Dpp.unicode.fun=true -DrelaxedAutoImplicit=false -Dlinter.mathlibStandardSet=true -DmaxSynthPendingDepth=3 -DwarningAsError=true -o /private/tmp/tnlean-message-resource-bounds/artifacts/TNLean.olean TNLean.lean
Exit code: 0
Elapsed seconds: 11.367
Artifact SHA256: 13feb03b79b5ffe20ba84f7e204f98432260c51cf4e1022af29b9de224bdd0e4
Diagnostics: none.
