Source revision: 33695425897e6f9895884741c0677aa38750361b
Working directory: /private/tmp/tnlean-source-resource-integration/imported-audit
Command: /Users/siruilu/.elan/toolchains/leanprover--lean4---v4.35.0-rc3/bin/lean -Dpp.unicode.fun=true -DrelaxedAutoImplicit=false -Dlinter.mathlibStandardSet=true -DmaxSynthPendingDepth=3 -DwarningAsError=true Axioms.lean
Exit code: 0

'TNLean.PEPS.PairEffect.EffectCircuit.gateLocations' depends on axioms: [propext, Classical.choice, Quot.sound]
'TNLean.PEPS.PairEffect.EffectCircuit.participants' depends on axioms: [propext, Classical.choice, Quot.sound]
'TNLean.PEPS.PairEffect.OriginalCircuit' depends on axioms: [propext, Classical.choice, Quot.sound]
'TNLean.PEPS.PairEffect.OriginalCircuit.IsExpansionBounded' depends on axioms: [propext, Classical.choice, Quot.sound]
'TNLean.PEPS.PairEffect.OriginalCircuit.card_participants_ne_one' depends on axioms: [propext,
 Classical.choice,
 Quot.sound]
'TNLean.PEPS.PairEffect.OriginalCircuit.eval' depends on axioms: [propext, Classical.choice, Quot.sound]
'TNLean.PEPS.PairEffect.OriginalCircuit.eval_produce' depends on axioms: [propext, Classical.choice, Quot.sound]
'TNLean.PEPS.PairEffect.OriginalCircuit.expandedGateCount_produce' depends on axioms: [propext,
 Classical.choice,
 Quot.sound]
'TNLean.PEPS.PairEffect.OriginalCircuit.isAllowed_produce' depends on axioms: [propext, Classical.choice, Quot.sound]
'TNLean.PEPS.PairEffect.OriginalCircuit.isExpansionBounded_produce_iff' depends on axioms: [propext,
 Classical.choice,
 Quot.sound]
'TNLean.PEPS.PairEffect.OriginalCircuit.nonprivateCount' depends on axioms: [propext, Classical.choice, Quot.sound]
'TNLean.PEPS.PairEffect.OriginalCircuit.nonprivateLocations' depends on axioms: [propext, Classical.choice, Quot.sound]
'TNLean.PEPS.PairEffect.OriginalCircuit.participants' depends on axioms: [propext, Classical.choice, Quot.sound]
'TNLean.PEPS.PairEffect.OriginalCircuit.participants_produce' depends on axioms: [propext, Classical.choice, Quot.sound]
'TNLean.PEPS.PairEffect.OriginalCircuit.produce' depends on axioms: [propext, Classical.choice, Quot.sound]
'TNLean.PEPS.PairEffect.OriginalCircuit.produceLocationsEquiv' depends on axioms: [propext,
 Classical.choice,
 Quot.sound]
'TNLean.PEPS.PairEffect.ProductInput.mem_owners_wholePartyLayout' depends on axioms: [propext,
 Classical.choice,
 Quot.sound]
'TNLean.PEPS.PairEffect.ProductInput.nodup_owners_wholePartyLayout' depends on axioms: [propext,
 Classical.choice,
 Quot.sound]
'TNLean.PEPS.PairEffect.ProductInput.ofAllParties' depends on axioms: [propext, Classical.choice, Quot.sound]
'TNLean.PEPS.PairEffect.ProductInput.owners_wholePartyLayout' depends on axioms: [propext, Classical.choice, Quot.sound]
'TNLean.PEPS.PairEffect.ProductInput.wholePartyLayout' depends on axioms: [propext, Classical.choice, Quot.sound]
'TNLean.PEPS.PairEffect.card_regionalPhysicalIndex' depends on axioms: [propext, Classical.choice, Quot.sound]
'TNLean.PEPS.PairEffect.filteredPartyEquiv' depends on axioms: [propext, Classical.choice, Quot.sound]
'TNLean.PEPS.PairEffect.finrank_physicalLayout' depends on axioms: [propext, Classical.choice, Quot.sound]
'TNLean.PEPS.PairEffect.finrank_regionalPhysicalSpace' depends on axioms: [propext, Classical.choice, Quot.sound]
'TNLean.PEPS.PairEffect.finrank_restrict_physicalLayout' depends on axioms: [propext, Classical.choice, Quot.sound]
'TNLean.PEPS.PairEffect.labelledPhysicalBasis' depends on axioms: [propext, Classical.choice, Quot.sound]
'TNLean.PEPS.PairEffect.labelledPhysicalReadout' depends on axioms: [propext, Classical.choice, Quot.sound]
'TNLean.PEPS.PairEffect.length_filter_region' depends on axioms: [propext, Classical.choice, Quot.sound]
'TNLean.PEPS.PairEffect.norm_regionalPhysicalReadout_le_one' depends on axioms: [propext, Classical.choice, Quot.sound]
'TNLean.PEPS.PairEffect.physicalLayout' depends on axioms: [propext, Classical.choice, Quot.sound]
'TNLean.PEPS.PairEffect.physicalLayout_owners' depends on axioms: [propext, Classical.choice, Quot.sound]
'TNLean.PEPS.PairEffect.physicalListBasis' depends on axioms: [propext, Classical.choice, Quot.sound]
'TNLean.PEPS.PairEffect.physicalOutputLayout' depends on axioms: [propext, Classical.choice, Quot.sound]
'TNLean.PEPS.PairEffect.regionalPhysicalIndexEquiv' depends on axioms: [propext, Classical.choice, Quot.sound]
'TNLean.PEPS.PairEffect.regionalPhysicalReadout' depends on axioms: [propext, Classical.choice, Quot.sound]
'TNLean.PEPS.PairEffect.regionalPhysicalReadout_apply' depends on axioms: [propext, Classical.choice, Quot.sound]
'TNLean.PEPS.PairEffect.restrict_physicalLayout' depends on axioms: [propext, Classical.choice, Quot.sound]
'TNLean.PEPS.PairEffect.restrictedPhysicalBasis' depends on axioms: [propext, Classical.choice, Quot.sound]
'TNLean.PEPS.PairEffect.EffectCircuit.exists_replacementLocationsEquiv' depends on axioms: [propext,
 Classical.choice,
 Quot.sound]
'TNLean.PEPS.PairEffect.EffectCircuit.participants_replacementLocationsEquiv' depends on axioms: [propext,
 Classical.choice,
 Quot.sound]
'TNLean.PEPS.PairEffect.EffectCircuit.replacementLocationsEquiv' depends on axioms: [propext,
 Classical.choice,
 Quot.sound]
'TNLean.PEPS.PairEffect.OriginalCircuit.participants_replacementLocationsEquiv' depends on axioms: [propext,
 Classical.choice,
 Quot.sound]
'TNLean.PEPS.PairEffect.OriginalCircuit.replacementLocationsEquiv' depends on axioms: [propext,
 Classical.choice,
 Quot.sound]
'TNLean.PEPS.PairEffect.SourceCircuit.castLocationsEquiv' depends on axioms: [propext, Classical.choice, Quot.sound]
'TNLean.PEPS.PairEffect.SourceCircuit.exchangeBlocksLocationsEquivEmpty' depends on axioms: [propext,
 Classical.choice,
 Quot.sound]
'TNLean.PEPS.PairEffect.SourceCircuit.false_of_gateLocation_ofLocalWord' depends on axioms: [propext,
 Classical.choice,
 Quot.sound]
'TNLean.PEPS.PairEffect.SourceCircuit.frameListLocationsEquiv' depends on axioms: [propext,
 Classical.choice,
 Quot.sound]
'TNLean.PEPS.PairEffect.SourceCircuit.ofLocalWordLocationsEquivEmpty' depends on axioms: [propext,
 Classical.choice,
 Quot.sound]
'TNLean.PEPS.PairEffect.SourceCircuit.participants_castLocationsEquiv' depends on axioms: [propext,
 Classical.choice,
 Quot.sound]
'TNLean.PEPS.PairEffect.SourceCircuit.participants_frameListLocationsEquiv' depends on axioms: [propext,
 Classical.choice,
 Quot.sound]
'TNLean.PEPS.PairEffect.EffectCircuit.IsExpansionBounded' depends on axioms: [propext, Classical.choice, Quot.sound]
'TNLean.PEPS.PairEffect.EffectCircuit.auxiliary' depends on axioms: [propext, Classical.choice, Quot.sound]
'TNLean.PEPS.PairEffect.EffectCircuit.auxiliaryVector' depends on axioms: [propext, Classical.choice, Quot.sound]
'TNLean.PEPS.PairEffect.EffectCircuit.expandedGateCount' depends on axioms: [propext, Classical.choice, Quot.sound]
'TNLean.PEPS.PairEffect.EffectCircuit.isAllowed_replacement' depends on axioms: [propext, Classical.choice, Quot.sound]
'TNLean.PEPS.PairEffect.EffectCircuit.norm_auxiliaryVector' depends on axioms: [propext, Classical.choice, Quot.sound]
'TNLean.PEPS.PairEffect.EffectCircuit.replacement' depends on axioms: [propext, Classical.choice, Quot.sound]
'TNLean.PEPS.PairEffect.SourceCircuit.eval_frameList' depends on axioms: [propext, Classical.choice, Quot.sound]
'TNLean.PEPS.PairEffect.SourceCircuit.isAllowed_exchangeBlocks' depends on axioms: [propext,
 Classical.choice,
 Quot.sound]
'TNLean.PEPS.PairEffect.appendIso_assoc_symm_heq' depends on axioms: [propext, Classical.choice, Quot.sound]
'TNLean.PEPS.PairEffect.castOutputMap' depends on axioms: [propext, Classical.choice, Quot.sound]
'TNLean.PEPS.PairEffect.castOutputMap_sub' depends on axioms: [propext, Classical.choice, Quot.sound]
'TNLean.PEPS.PairEffect.exists_prepared_effectReplacement_native' depends on axioms: [propext,
 Classical.choice,
 Quot.sound]
'TNLean.PEPS.PairEffect.exists_prepared_effectReplacement_uniform' depends on axioms: [propext,
 Classical.choice,
 Quot.sound]
'TNLean.PEPS.PairEffect.gateMemoryMap' depends on axioms: [propext, Classical.choice, Quot.sound]
'TNLean.PEPS.PairEffect.gateMemoryMap_sub' depends on axioms: [propext, Classical.choice, Quot.sound]
'TNLean.PEPS.PairEffect.gate_auxiliary_layout' depends on axioms: [propext, Classical.choice, Quot.sound]
'TNLean.PEPS.PairEffect.norm_castOutputMap' depends on axioms: [propext, Classical.choice, Quot.sound]
'TNLean.PEPS.PairEffect.norm_gateMemoryMap_le' depends on axioms: [propext, Classical.choice, Quot.sound]
'TNLean.PEPS.PairEffect.norm_retainMap_le' depends on axioms: [propext, Classical.choice, Quot.sound]
'TNLean.PEPS.PairEffect.replacementCoefficients' depends on axioms: [propext, Classical.choice, Quot.sound]
'TNLean.PEPS.PairEffect.retainMap' depends on axioms: [propext, Classical.choice, Quot.sound]
'TNLean.PEPS.PairEffect.retainMap_sub' depends on axioms: [propext, Classical.choice, Quot.sound]
'TNLean.PEPS.PairEffect.retainMap_tmul' depends on axioms: [propext, Classical.choice, Quot.sound]
'TNLean.PEPS.PairEffect.EffectCircuit.norm_referenceEval_le_one' depends on axioms: [propext,
 Classical.choice,
 Quot.sound]
'TNLean.PEPS.PairEffect.EffectCircuit.norm_replacement_sub_reference_le' depends on axioms: [propext,
 Classical.choice,
 Quot.sound]
'TNLean.PEPS.PairEffect.EffectCircuit.referenceEval' depends on axioms: [propext, Classical.choice, Quot.sound]
'TNLean.PEPS.PairEffect.EffectCircuit.referenceEval_apply' depends on axioms: [propext, Classical.choice, Quot.sound]
'TNLean.PEPS.PairEffect.SourceCircuit.exchangeHead_tmul' depends on axioms: [propext, Classical.choice, Quot.sound]
'TNLean.PEPS.PairEffect.SourceCircuit.norm_eval_castLayouts_sub' depends on axioms: [propext,
 Classical.choice,
 Quot.sound]
'TNLean.PEPS.PairEffect.appendIso_singleton_symm_tmul' depends on axioms: [propext, Classical.choice, Quot.sound]
'TNLean.PEPS.PairEffect.gateMemoryMap_auxiliary_identity' depends on axioms: [propext, Classical.choice, Quot.sound]
'TNLean.PEPS.PairEffect.gateMemoryMap_auxiliary_tmul' depends on axioms: [propext, Classical.choice, Quot.sound]
'TNLean.PEPS.PairEffect.gateMemoryMap_tmul' depends on axioms: [propext, Classical.choice, Quot.sound]
'TNLean.PEPS.PairEffect.preparation_mapOwner_heq' depends on axioms: [propext, Classical.choice, Quot.sound]
'Matrix.appendAuxiliaryVector' depends on axioms: [propext, Classical.choice, Quot.sound]
'Matrix.norm_appendAuxiliaryVector' depends on axioms: [propext, Classical.choice, Quot.sound]
'Matrix.partialTraceRight_appendAuxiliaryVector' depends on axioms: [propext, Classical.choice, Quot.sound]
'Matrix.rectangularTraceNorm_appendAuxiliaryVector_error_le_two' depends on axioms: [propext,
 Classical.choice,
 Quot.sound]
'TNLean.PEPS.PairEffect.EffectCircuit.finiteDimensional_auxiliary' depends on axioms: [propext,
 Classical.choice,
 Quot.sound]
'TNLean.PEPS.PairEffect.EffectCircuit.originalPhysicalDensity' depends on axioms: [propext,
 Classical.choice,
 Quot.sound]
'TNLean.PEPS.PairEffect.EffectCircuit.rectangularTraceNorm_replacement_density_sub_le' depends on axioms: [propext,
 Classical.choice,
 Quot.sound]
'TNLean.PEPS.PairEffect.EffectCircuit.replacementPhysicalDensity' depends on axioms: [propext,
 Classical.choice,
 Quot.sound]
'TNLean.PEPS.PairEffect.PartyChain.finiteDimensional_sources_prepStack' depends on axioms: [propext,
 Classical.choice,
 Quot.sound]
'TNLean.PEPS.PairEffect.auxiliaryCoordinateIso' depends on axioms: [propext, Classical.choice, Quot.sound]
'TNLean.PEPS.PairEffect.auxiliaryCoordinateIso_tmul' depends on axioms: [propext, Classical.choice, Quot.sound]
'TNLean.PEPS.PairEffect.auxiliaryCoordinates' depends on axioms: [propext, Classical.choice, Quot.sound]
'TNLean.PEPS.PairEffect.extendedPhysicalReadout' depends on axioms: [propext, Classical.choice, Quot.sound]
'TNLean.PEPS.PairEffect.extendedPhysicalReadout_append_tmul' depends on axioms: [propext, Classical.choice, Quot.sound]
'TNLean.PEPS.PairEffect.finiteDimensional_mem_append' depends on axioms: [propext, Classical.choice, Quot.sound]
'TNLean.PEPS.PairEffect.finiteDimensional_sources_comp' depends on axioms: [propext, Classical.choice, Quot.sound]
'TNLean.PEPS.PairEffect.finiteDimensional_sources_prepGate' depends on axioms: [propext, Classical.choice, Quot.sound]
'TNLean.PEPS.PairEffect.finiteDimensional_sources_prepWord' depends on axioms: [propext, Classical.choice, Quot.sound]
'TNLean.PEPS.PairEffect.norm_extendedPhysicalReadout_le_one' depends on axioms: [propext, Classical.choice, Quot.sound]
'TNLean.PEPS.PairEffect.rectangularTraceNorm_extendedPhysicalReadout_error_le' depends on axioms: [propext,
 Classical.choice,
 Quot.sound]
'TNLean.PEPS.PairEffect.OriginalCircuit.rectangularTraceNorm_sourceOnly_density_sub_le' depends on axioms: [propext,
 Classical.choice,
 Quot.sound]
'TNLean.PEPS.PairEffect.OriginalCircuit.rectangularTraceNorm_sourceOnly_density_sub_le_half' depends on axioms: [propext,
 Classical.choice,
 Quot.sound]
'TNLean.PEPS.PairEffect.OriginalCircuit.rectangularTraceNorm_sourceOnly_density_sub_le_half_of_count_le' depends on axioms: [propext,
 Classical.choice,
 Quot.sound]
'TNLean.PEPS.PairEffect.OriginalCircuit.rectangularTraceNorm_sourceOnly_regional_density_sub_le_half' depends on axioms: [propext,
 Classical.choice,
 Quot.sound]
'TNLean.PEPS.PairEffect.OriginalCircuit.rectangularTraceNorm_sourceOnly_wholeParty_density_sub_le_half' depends on axioms: [propext,
 Classical.choice,
 Quot.sound]
'TNLean.PEPS.PairEffect.sourceGateBudget' depends on axioms: [propext, Classical.choice, Quot.sound]
'TNLean.PEPS.PairEffect.sourceGateBudget_eq_of_pos' depends on axioms: [propext, Classical.choice, Quot.sound]
'TNLean.PEPS.PairEffect.sourceGateBudget_pos' depends on axioms: [propext, Classical.choice, Quot.sound]
'TNLean.PEPS.PairEffect.sourceGateBudget_spec' depends on axioms: [propext, Classical.choice, Quot.sound]
'TNLean.PEPS.PairEffect.card_replacementLabels_le' depends on axioms: [propext, Classical.choice, Quot.sound]
'TNLean.PEPS.PairEffect.card_replacementLabels_stackLength_le' depends on axioms: [propext,
 Classical.choice,
 Quot.sound]
'TNLean.PEPS.PairEffect.exists_prepared_effectReplacement_uniform_resources' depends on axioms: [propext,
 Classical.choice,
 Quot.sound]
'TNLean.PEPS.PairEffect.length_wordList_le' depends on axioms: [propext, Classical.choice, Quot.sound]
'TNLean.PEPS.PairEffect.stackLength_le' depends on axioms: [propext, Classical.choice, Quot.sound]
'TNLean.PEPS.PairEffect.sum_norm_coeff_wordList' depends on axioms: [propext, Classical.choice, Quot.sound]
'TNLean.PEPS.PairEffect.sum_norm_replacementCoefficients' depends on axioms: [propext, Classical.choice, Quot.sound]
'TNLean.PEPS.PairEffect.sum_norm_replacementCoefficients_le' depends on axioms: [propext, Classical.choice, Quot.sound]
'TNLean.PEPS.PairEffect.OriginalCircuit.IsMonomialBounded' depends on axioms: [propext, Classical.choice, Quot.sound]
'TNLean.PEPS.PairEffect.OriginalCircuit.isExpansionBounded_replacement' depends on axioms: [propext,
 Classical.choice,
 Quot.sound]
'TNLean.PEPS.PairEffect.SourceCircuit.IsExpansionBounded' depends on axioms: [propext, Classical.choice, Quot.sound]
'TNLean.PEPS.PairEffect.SourceCircuit.isExpansionBounded_castLayouts' depends on axioms: [propext,
 Classical.choice,
 Quot.sound]
'TNLean.PEPS.PairEffect.SourceCircuit.isExpansionBounded_exchangeBlocks' depends on axioms: [propext,
 Classical.choice,
 Quot.sound]
'TNLean.PEPS.PairEffect.SourceCircuit.isExpansionBounded_frameList' depends on axioms: [propext,
 Classical.choice,
 Quot.sound]
'TNLean.PEPS.PairEffect.SourceCircuit.isExpansionBounded_ofLocalWord' depends on axioms: [propext,
 Classical.choice,
 Quot.sound]
'TNLean.PEPS.PairEffect.OriginalCircuit.card_nonprivateLocations' depends on axioms: [propext,
 Classical.choice,
 Quot.sound]
'TNLean.PEPS.PairEffect.OriginalCircuit.natCard_nonprivateLocations' depends on axioms: [propext,
 Classical.choice,
 Quot.sound]
'TNLean.PEPS.PairEffect.OriginalCircuit.nonprivateLocationsFintype' depends on axioms: [propext,
 Classical.choice,
 Quot.sound]
'TNLean.PEPS.PairEffect.OriginalCircuit.participationCount' depends on axioms: [propext, Classical.choice, Quot.sound]
'TNLean.PEPS.PairEffect.OriginalCircuit.participationCount_replacement' depends on axioms: [propext,
 Classical.choice,
 Quot.sound]
'TNLean.PEPS.PairEffect.OriginalCircuit.participationCount_replacement_le' depends on axioms: [propext,
 Classical.choice,
 Quot.sound]
'TNLean.PEPS.PairEffect.OriginalCircuit.participationLocationsEquiv' depends on axioms: [propext,
 Classical.choice,
 Quot.sound]
'TNLean.PEPS.PairEffect.SourceCircuit.participationCount' depends on axioms: [propext, Classical.choice, Quot.sound]
'TNLean.PEPS.PairEffect.OriginalCircuit.card_sourceLocations_replacement_le' depends on axioms: [propext,
 Classical.choice,
 Quot.sound]
'TNLean.PEPS.PairEffect.PreparedSourceGate.length_slots' depends on axioms: [propext, Classical.choice, Quot.sound]
'TNLean.PEPS.PairEffect.PreparedSourceGate.length_sources_branchWord' depends on axioms: [propext,
 Classical.choice,
 Quot.sound]
'TNLean.PEPS.PairEffect.PreparedSourceGate.length_sources_branchWord_eq_choose' depends on axioms: [propext,
 Classical.choice,
 Quot.sound]
'TNLean.PEPS.PairEffect.PreparedSourceGate.length_sources_branchWord_le_choose' depends on axioms: [propext,
 Classical.choice,
 Quot.sound]
'TNLean.PEPS.PairEffect.SourceCircuit.card_sourceLocations_eq_sum_choose' depends on axioms: [propext,
 Classical.choice,
 Quot.sound]
'TNLean.PEPS.PairEffect.SourceCircuit.card_sourceLocations_le' depends on axioms: [propext,
 Classical.choice,
 Quot.sound]
'TNLean.PEPS.PairEffect.SourceCircuit.slotCount_eq_choose' depends on axioms: [propext, Classical.choice, Quot.sound]
'TNLean.PEPS.PairEffect.card_familyRegionalPhysicalIndex' depends on axioms: [propext, Classical.choice, Quot.sound]
'TNLean.PEPS.PairEffect.familyLabelledPhysicalBasis' depends on axioms: [propext, Classical.choice, Quot.sound]
'TNLean.PEPS.PairEffect.familyLabelledPhysicalReadout' depends on axioms: [propext, Classical.choice, Quot.sound]
'TNLean.PEPS.PairEffect.familyPhysicalLayout' depends on axioms: [propext, Classical.choice, Quot.sound]
'TNLean.PEPS.PairEffect.familyPhysicalLayout_const' depends on axioms: [propext, Classical.choice, Quot.sound]
'TNLean.PEPS.PairEffect.familyPhysicalLayout_owners' depends on axioms: [propext, Classical.choice, Quot.sound]
'TNLean.PEPS.PairEffect.familyPhysicalListBasis' depends on axioms: [propext, Classical.choice, Quot.sound]
'TNLean.PEPS.PairEffect.familyPhysicalOutputLayout' depends on axioms: [propext, Classical.choice, Quot.sound]
'TNLean.PEPS.PairEffect.familyRegionalPhysicalIndexEquiv' depends on axioms: [propext, Classical.choice, Quot.sound]
'TNLean.PEPS.PairEffect.familyRegionalPhysicalReadout' depends on axioms: [propext, Classical.choice, Quot.sound]
'TNLean.PEPS.PairEffect.familyRegionalPhysicalReadout_apply' depends on axioms: [propext, Classical.choice, Quot.sound]
'TNLean.PEPS.PairEffect.familyRestrictedPhysicalBasis' depends on axioms: [propext, Classical.choice, Quot.sound]
'TNLean.PEPS.PairEffect.finrank_restrict_familyPhysicalLayout' depends on axioms: [propext,
 Classical.choice,
 Quot.sound]
'TNLean.PEPS.PairEffect.finrank_restrict_familyPhysicalLayout_le' depends on axioms: [propext,
 Classical.choice,
 Quot.sound]
'TNLean.PEPS.PairEffect.norm_familyRegionalPhysicalReadout_le_one' depends on axioms: [propext,
 Classical.choice,
 Quot.sound]
'TNLean.PEPS.PairEffect.restrict_familyPhysicalLayout' depends on axioms: [propext, Classical.choice, Quot.sound]
'TNLean.PEPS.PairEffect.OriginalCircuit.rectangularTraceNorm_sourceOnly_family_regional_density_sub_le_half' depends on axioms: [propext,
 Classical.choice,
 Quot.sound]
'TNLean.PEPS.PairEffect.SourceCircuit.IsExpansionBounded.at_gate' depends on axioms: [propext,
 Classical.choice,
 Quot.sound]
'TNLean.PEPS.PairEffect.SourceCircuit.participationCount_eq_card_incidentGates' depends on axioms: [propext,
 Classical.choice,
 Quot.sound]
'TNLean.PEPS.PairEffect.EffectCircuit' depends on axioms: [propext, Classical.choice, Quot.sound]
'TNLean.PEPS.PairEffect.EffectCircuit.IsAllowed' depends on axioms: [propext, Classical.choice, Quot.sound]
'TNLean.PEPS.PairEffect.EffectCircuit.eval' depends on axioms: [propext, Classical.choice, Quot.sound]
'TNLean.PEPS.PairEffect.EffectCircuit.norm_eval_le_one' depends on axioms: [propext, Classical.choice, Quot.sound]
'TNLean.PEPS.PairEffect.PartyChain.isPreparation_prepStack' depends on axioms: [propext, Classical.choice, Quot.sound]
'TNLean.PEPS.PairEffect.ProductInput' depends on axioms: [propext, Classical.choice, Quot.sound]
'TNLean.PEPS.PairEffect.ProductInput.eval_prepare' depends on axioms: [propext, Classical.choice, Quot.sound]
'TNLean.PEPS.PairEffect.ProductInput.eval_prepare_smul' depends on axioms: [propext, Classical.choice, Quot.sound]
'TNLean.PEPS.PairEffect.ProductInput.isAllowed_prepare' depends on axioms: [propext, Classical.choice, Quot.sound]
'TNLean.PEPS.PairEffect.ProductInput.mapOwner' depends on axioms: [propext, Classical.choice, Quot.sound]
'TNLean.PEPS.PairEffect.ProductInput.mapOwnerIso_vector' depends on axioms: [propext, Classical.choice, Quot.sound]
'TNLean.PEPS.PairEffect.ProductInput.norm_vector' depends on axioms: [propext, Classical.choice, Quot.sound]
'TNLean.PEPS.PairEffect.ProductInput.ofParties' depends on axioms: [propext, Classical.choice, Quot.sound]
'TNLean.PEPS.PairEffect.ProductInput.partitionIso_symm_mapOwner_vector' depends on axioms: [propext,
 Classical.choice,
 Quot.sound]
'TNLean.PEPS.PairEffect.ProductInput.partitionIso_symm_vector' depends on axioms: [propext,
 Classical.choice,
 Quot.sound]
'TNLean.PEPS.PairEffect.ProductInput.partitionIso_vector' depends on axioms: [propext, Classical.choice, Quot.sound]
'TNLean.PEPS.PairEffect.ProductInput.prepare' depends on axioms: [propext, Classical.choice, Quot.sound]
'TNLean.PEPS.PairEffect.ProductInput.prepareIsometry' depends on axioms: [propext, Classical.choice, Quot.sound]
'TNLean.PEPS.PairEffect.ProductInput.restrict' depends on axioms: [propext, Classical.choice, Quot.sound]
'TNLean.PEPS.PairEffect.ProductInput.sources_prepare' depends on axioms: [propext, Classical.choice, Quot.sound]
'TNLean.PEPS.PairEffect.ProductInput.vector' depends on axioms: [propext, Classical.choice, Quot.sound]
'TNLean.PEPS.PairEffect.SourceCircuit.castLayouts' depends on axioms: [propext, Classical.choice, Quot.sound]
'TNLean.PEPS.PairEffect.SourceCircuit.eval_castLayouts' depends on axioms: [propext, Classical.choice, Quot.sound]
'TNLean.PEPS.PairEffect.SourceCircuit.eval_exchangeBlocks' depends on axioms: [propext, Classical.choice, Quot.sound]
'TNLean.PEPS.PairEffect.SourceCircuit.eval_frameList_tmul' depends on axioms: [propext, Classical.choice, Quot.sound]
'TNLean.PEPS.PairEffect.SourceCircuit.eval_ofLocalWord' depends on axioms: [propext, Classical.choice, Quot.sound]
'TNLean.PEPS.PairEffect.SourceCircuit.exchangeBlocks' depends on axioms: [propext, Classical.choice, Quot.sound]
'TNLean.PEPS.PairEffect.SourceCircuit.frameList' depends on axioms: [propext, Classical.choice, Quot.sound]
'TNLean.PEPS.PairEffect.SourceCircuit.isAllowed_castLayouts' depends on axioms: [propext, Classical.choice, Quot.sound]
'TNLean.PEPS.PairEffect.SourceCircuit.isAllowed_frameList' depends on axioms: [propext, Classical.choice, Quot.sound]
'TNLean.PEPS.PairEffect.SourceCircuit.isAllowed_ofLocalWord' depends on axioms: [propext, Classical.choice, Quot.sound]
'TNLean.PEPS.PairEffect.SourceCircuit.ofLocalWord' depends on axioms: [propext, Classical.choice, Quot.sound]
'TNLean.PEPS.PairEffect.SourceInventory.norm_vector' depends on axioms: [propext, Classical.choice, Quot.sound]
'TNLean.PEPS.PairEffect.Word.IsPreparation' depends on axioms: [propext, Classical.choice, Quot.sound]
'TNLean.PEPS.PairEffect.Word.eval_isPreparation_cast' depends on axioms: [propext, Classical.choice, Quot.sound]
'TNLean.PEPS.PairEffect.Word.eval_isPreparation_heq' depends on axioms: [propext, Classical.choice, Quot.sound]
'TNLean.PEPS.PairEffect.Word.eval_localPrepare' depends on axioms: [propext, Classical.choice, Quot.sound]
'TNLean.PEPS.PairEffect.Word.isAllowed_localPrepare' depends on axioms: [propext, Classical.choice, Quot.sound]
'TNLean.PEPS.PairEffect.Word.localPrepare' depends on axioms: [propext, Classical.choice, Quot.sound]
'TNLean.PEPS.PairEffect.Word.output_of_isPreparation' depends on axioms: [propext, Classical.choice, Quot.sound]
'TNLean.PEPS.PairEffect.exists_prepared_effectReplacement' depends on axioms: [propext, Classical.choice, Quot.sound]
'TNLean.PEPS.PairEffect.isPreparation_prepGate' depends on axioms: [propext, Classical.choice, Quot.sound]
'TNLean.PEPS.PairEffect.isPreparation_prepWord' depends on axioms: [propext, Classical.choice, Quot.sound]
'TNLean.PEPS.PairEffect.SourceInventory.eval_prepareSourcePositions_append' depends on axioms: [propext,
 Classical.choice,
 Quot.sound]
'TNLean.PEPS.PairEffect.SourceInventory.eval_prepareSourcePositions_filter' depends on axioms: [propext,
 Classical.choice,
 Quot.sound]
'TNLean.PEPS.PairEffect.SourceInventory.eval_prepareSourcePositions_heq' depends on axioms: [propext,
 Classical.choice,
 Quot.sound]
'TNLean.PEPS.PairEffect.SourceInventory.exists_reorderFreeSlots' depends on axioms: [propext,
 Classical.choice,
 Quot.sound]
'TNLean.PEPS.PairEffect.SourceInventory.exists_reorderSourcePositions' depends on axioms: [propext,
 Classical.choice,
 Quot.sound]
'TNLean.PEPS.PairEffect.SourceInventory.prepareSourcePositions' depends on axioms: [propext,
 Classical.choice,
 Quot.sound]
'TNLean.PEPS.PairEffect.SourceInventory.selectedSources_eq_map' depends on axioms: [propext,
 Classical.choice,
 Quot.sound]
'TNLean.PEPS.PairEffect.SourceInventory.slotReference' depends on axioms: [propext, Classical.choice, Quot.sound]
'TNLean.PEPS.PairEffect.SourceInventory.sourcePositionsLayout' depends on axioms: [propext,
 Classical.choice,
 Quot.sound]
'TNLean.PEPS.PairEffect.SourceInventory.sourcePositionsLayout_append' depends on axioms: [propext,
 Classical.choice,
 Quot.sound]
'TNLean.PEPS.PairEffect.SourceInventory.sourcePositionsLayout_eq_layout' depends on axioms: [propext,
 Classical.choice,
 Quot.sound]
'TNLean.PEPS.PairEffect.SourceInventory.sourcePositionsLayout_filter' depends on axioms: [propext,
 Classical.choice,
 Quot.sound]
'TNLean.PEPS.PairEffect.Word.eval_castLayouts_apply_heq' depends on axioms: [propext, Classical.choice, Quot.sound]
'TNLean.PEPS.PairEffect.Layout.memCongr_append_tmul' depends on axioms: [propext, Classical.choice, Quot.sound]
'TNLean.PEPS.PairEffect.Layout.memCongr_apply_heq' depends on axioms: [propext, Classical.choice, Quot.sound]
'TNLean.PEPS.PairEffect.SourceCircuit.correctedFreeSlots_eq_or' depends on axioms: [propext,
 Classical.choice,
 Quot.sound]
'TNLean.PEPS.PairEffect.SourceCircuit.correctedFreeSlots_masks' depends on axioms: [propext,
 Classical.choice,
 Quot.sound]
'TNLean.PEPS.PairEffect.SourceCircuit.correctedSlotMask' depends on axioms: [propext, Classical.choice, Quot.sound]
'TNLean.PEPS.PairEffect.SourceCircuit.correctedSlotMask_endpoints' depends on axioms: [propext,
 Classical.choice,
 Quot.sound]
'TNLean.PEPS.PairEffect.SourceCircuit.correctedSourceLayout' depends on axioms: [propext, Classical.choice, Quot.sound]
'TNLean.PEPS.PairEffect.SourceCircuit.correctedSourceLayout_owners' depends on axioms: [propext,
 Classical.choice,
 Quot.sound]
'TNLean.PEPS.PairEffect.SourceCircuit.crossingSlotMask' depends on axioms: [propext, Classical.choice, Quot.sound]
'TNLean.PEPS.PairEffect.SourceCircuit.crossingSlotMask_eq_false_of_corrected' depends on axioms: [propext,
 Classical.choice,
 Quot.sound]
'TNLean.PEPS.PairEffect.SourceCircuit.crossingSourceLayout' depends on axioms: [propext, Classical.choice, Quot.sound]
'TNLean.PEPS.PairEffect.SourceCircuit.exists_sourceCrossing_schmidt' depends on axioms: [propext,
 Classical.choice,
 Quot.sound]
'TNLean.PEPS.PairEffect.SourceCircuit.norm_sourceCrossingVector' depends on axioms: [propext,
 Classical.choice,
 Quot.sound]
'TNLean.PEPS.PairEffect.SourceCircuit.restrict_correctedSourceLayout_append' depends on axioms: [propext,
 Classical.choice,
 Quot.sound]
'TNLean.PEPS.PairEffect.SourceCircuit.sourceCrossingVector' depends on axioms: [propext, Classical.choice, Quot.sound]
'TNLean.PEPS.PairEffect.SourceInventory.crossingSourceVector' depends on axioms: [propext, Classical.choice, Quot.sound]
'TNLean.PEPS.PairEffect.SourceInventory.eval_prepareFreeSlots_eq_appendIso_symm' depends on axioms: [propext,
 Classical.choice,
 Quot.sound]
'TNLean.PEPS.PairEffect.SourceInventory.freeSourceVector' depends on axioms: [propext, Classical.choice, Quot.sound]
'TNLean.PEPS.PairEffect.SourceInventory.mem_freeSlotLayout' depends on axioms: [propext, Classical.choice, Quot.sound]
'TNLean.PEPS.PairEffect.SourceInventory.norm_crossingSourceVector' depends on axioms: [propext,
 Classical.choice,
 Quot.sound]
'TNLean.PEPS.PairEffect.SourceInventory.norm_freeSourceVector' depends on axioms: [propext,
 Classical.choice,
 Quot.sound]
'TNLean.PEPS.PairEffect.SourceCircuit.exists_correctedInputReordering' depends on axioms: [propext,
 Classical.choice,
 Quot.sound]
'TNLean.PEPS.PairEffect.SourceCircuit.hasTensorPartition_prepared_reordered_partial' depends on axioms: [propext,
 Classical.choice,
 Quot.sound]
'TNLean.PEPS.PairEffect.SourceCircuit.hasTensorPartition_reordered_partial' depends on axioms: [propext,
 Classical.choice,
 Quot.sound]
'TNLean.PEPS.PairEffect.SourceInventory.eval_framed_freeSourceVectors' depends on axioms: [propext,
 Classical.choice,
 Quot.sound]
'TNLean.PEPS.PairEffect.SourceInventory.eval_framed_sourceVector' depends on axioms: [propext,
 Classical.choice,
 Quot.sound]
'TNLean.PEPS.PairEffect.SourceInventory.eval_prepareFreeSlots_nil_heq' depends on axioms: [propext,
 Classical.choice,
 Quot.sound]
'TNLean.PEPS.PairEffect.SourceInventory.eval_prepare_nil_heq' depends on axioms: [propext, Classical.choice, Quot.sound]
'TNLean.PEPS.PairEffect.SourceInventory.eval_reordered_prepared_vector' depends on axioms: [propext,
 Classical.choice,
 Quot.sound]
'TNLean.PEPS.PairEffect.SourceInventory.preparedReorderedWord' depends on axioms: [propext,
 Classical.choice,
 Quot.sound]
'TNLean.PEPS.PairEffect.SourceInventory.sourceVectorPair' depends on axioms: [propext, Classical.choice, Quot.sound]
'TNLean.PEPS.PairEffect.SourceInventory.vector_append_eq' depends on axioms: [propext, Classical.choice, Quot.sound]
'TNLean.PEPS.PairEffect.SourceInventory.vector_append_heq' depends on axioms: [propext, Classical.choice, Quot.sound]
'TNLean.PEPS.PairEffect.Word.eval_source_apply_heq' depends on axioms: [propext, Classical.choice, Quot.sound]
'TNLean.PEPS.PairEffect.SourceCircuit.correctedInputPreparation' depends on axioms: [propext,
 Classical.choice,
 Quot.sound]
'TNLean.PEPS.PairEffect.SourceCircuit.correctedInputVector' depends on axioms: [propext, Classical.choice, Quot.sound]
'TNLean.PEPS.PairEffect.SourceCircuit.correctedInputVector_identity_of_reordering' depends on axioms: [propext,
 Classical.choice,
 Quot.sound]
'TNLean.PEPS.PairEffect.SourceCircuit.correctedPreparedWord' depends on axioms: [propext, Classical.choice, Quot.sound]
'TNLean.PEPS.PairEffect.SourceCircuit.HasCorrectedInputVectors' depends on axioms: [propext,
 Classical.choice,
 Quot.sound]
'TNLean.PEPS.PairEffect.SourceCircuit.exists_correctedInputVector_identity' depends on axioms: [propext,
 Classical.choice,
 Quot.sound]
'TNLean.PEPS.PairEffect.SourceInventory.matrixFrame' depends on axioms: [propext, Classical.choice, Quot.sound]
'TNLean.PEPS.PairEffect.SourceInventory.matrixFrame_basis' depends on axioms: [propext, Classical.choice, Quot.sound]
'TNLean.PEPS.PairEffect.SourceInventory.selectedSourceFrame' depends on axioms: [propext, Classical.choice, Quot.sound]
'TNLean.PEPS.PairEffect.SourceInventory.selectedSourceFrame_basis' depends on axioms: [propext,
 Classical.choice,
 Quot.sound]
'TNLean.PEPS.PairEffect.SourceInventory.selectedSourceFrame_basis_prepare' depends on axioms: [propext,
 Classical.choice,
 Quot.sound]
'TNLean.PEPS.PairEffect.SourceInventory.sourcePositionsFrame' depends on axioms: [propext, Classical.choice, Quot.sound]
'TNLean.PEPS.PairEffect.SourceInventory.sourcePositionsFrame_basis_prepare' depends on axioms: [propext,
 Classical.choice,
 Quot.sound]
'TNLean.PEPS.PairEffect.SourceCircuit.correctedSourceFrame' depends on axioms: [propext, Classical.choice, Quot.sound]
'TNLean.PEPS.PairEffect.SourceCircuit.correctedSourceFrame_basis' depends on axioms: [propext,
 Classical.choice,
 Quot.sound]
'TNLean.PEPS.PairEffect.SourceInventory.freeSourceVector_congr' depends on axioms: [propext,
 Classical.choice,
 Quot.sound]
'TNLean.PEPS.PairEffect.HasSchmidtInputFrames' depends on axioms: [propext, Classical.choice, Quot.sound]
'TNLean.PEPS.PairEffect.SourceCircuit.exists_correctedInputFrames' depends on axioms: [propext,
 Classical.choice,
 Quot.sound]
'TNLean.PEPS.PairEffect.Word.HasSchmidtOutput' depends on axioms: [propext, Classical.choice, Quot.sound]
'TNLean.PEPS.PairEffect.Word.hasSchmidtOutput_of_hasTensorPartition' depends on axioms: [propext,
 Classical.choice,
 Quot.sound]
'TNLean.PEPS.PairEffect.SourceCircuit.HasCorrectedSchmidtInputs' depends on axioms: [propext,
 Classical.choice,
 Quot.sound]
'TNLean.PEPS.PairEffect.SourceCircuit.correctedMask_meets' depends on axioms: [propext, Classical.choice, Quot.sound]
'TNLean.PEPS.PairEffect.SourceCircuit.exists_correctedSchmidtInput_identity' depends on axioms: [propext,
 Classical.choice,
 Quot.sound]
'TNLean.PEPS.PairEffect.SourceCircuit.exists_correctedSchmidtOutput' depends on axioms: [propext,
 Classical.choice,
 Quot.sound]
'TNLean.PEPS.PairEffect.Layout.mapOwner_tensorBasis_coordinates' depends on axioms: [propext,
 Classical.choice,
 Quot.sound]
'TNLean.PEPS.PairEffect.Layout.memCongr_tmul_heq' depends on axioms: [propext, Classical.choice, Quot.sound]
'TNLean.PEPS.PairEffect.Layout.partitionAppendBasis' depends on axioms: [propext, Classical.choice, Quot.sound]
'TNLean.PEPS.PairEffect.Layout.partitionBasis' depends on axioms: [propext, Classical.choice, Quot.sound]
'TNLean.PEPS.PairEffect.Layout.partitionBasis_coordinates' depends on axioms: [propext, Classical.choice, Quot.sound]
'TNLean.PEPS.PairEffect.Layout.partitionBasis_coordinates_of_eq' depends on axioms: [propext,
 Classical.choice,
 Quot.sound]
'TNLean.PEPS.PairEffect.Layout.partitionIso_partitionBasis_tmul' depends on axioms: [propext,
 Classical.choice,
 Quot.sound]
'TNLean.PEPS.PairEffect.Layout.partitionOutputIso' depends on axioms: [propext, Classical.choice, Quot.sound]
'TNLean.PEPS.PairEffect.Layout.partitionOutputIso_basis' depends on axioms: [propext, Classical.choice, Quot.sound]
'TNLean.PEPS.PairEffect.Layout.partitionOutputIso_coordinates' depends on axioms: [propext,
 Classical.choice,
 Quot.sound]
'TNLean.PEPS.PairEffect.Layout.mapOwner_mapOwner_partitionBasis_coordinates' depends on axioms: [propext,
 Classical.choice,
 Quot.sound]
'TNLean.PEPS.PairEffect.Layout.mapOwner_mapOwner_tensorBasis_coordinates' depends on axioms: [propext,
 Classical.choice,
 Quot.sound]
'TNLean.PEPS.PairEffect.Layout.mapOwner_mapOwner_coordinates_eq_separated' depends on axioms: [propext,
 Classical.choice,
 Quot.sound]
'TNLean.PEPS.PairEffect.Layout.partition_coordinates_eq_separated' depends on axioms: [propext,
 Classical.choice,
 Quot.sound]
'TNLean.PEPS.PairEffect.Layout.regionalOutputIso' depends on axioms: [propext, Classical.choice, Quot.sound]
'TNLean.PEPS.PairEffect.Word.repr_effectMap' depends on axioms: [propext, Classical.choice, Quot.sound]
'TNLean.PEPS.PairEffect.Layout.affectedOutputIso' depends on axioms: [propext, Classical.choice, Quot.sound]
'TNLean.PEPS.PairEffect.Layout.restrictMapOwnerIso' depends on axioms: [propext, Classical.choice, Quot.sound]
'TNLean.PEPS.PairEffect.Layout.restrict_mapOwner' depends on axioms: [propext, Classical.choice, Quot.sound]
'TNLean.PEPS.PairEffect.affectedFamilyPhysicalBasis' depends on axioms: [propext, Classical.choice, Quot.sound]
'TNLean.PEPS.PairEffect.finrank_affectedFamilyPhysicalLayout' depends on axioms: [propext, Classical.choice, Quot.sound]
'TNLean.PEPS.PairEffect.Layout.physicalDiscardIso' depends on axioms: [propext, Classical.choice, Quot.sound]
'TNLean.PEPS.PairEffect.Layout.physicalDiscardIso_tmul' depends on axioms: [propext, Classical.choice, Quot.sound]
'TNLean.PEPS.PairEffect.Word.norm_physicalComponentCoordinates_le_one' depends on axioms: [propext,
 Classical.choice,
 Quot.sound]
'TNLean.PEPS.PairEffect.Word.norm_physicalComponent_le_one' depends on axioms: [propext, Classical.choice, Quot.sound]
'TNLean.PEPS.PairEffect.Word.norm_physicalGramMap_le_one' depends on axioms: [propext, Classical.choice, Quot.sound]
'TNLean.PEPS.PairEffect.Word.norm_physicalGramMatrix_le_one' depends on axioms: [propext, Classical.choice, Quot.sound]
'TNLean.PEPS.PairEffect.Word.partialTrace_physicalOutputMatrix_mul_conjTranspose' depends on axioms: [propext,
 Classical.choice,
 Quot.sound]
'TNLean.PEPS.PairEffect.Word.physicalComponent' depends on axioms: [propext, Classical.choice, Quot.sound]
'TNLean.PEPS.PairEffect.Word.physicalComponentCoordinates' depends on axioms: [propext, Classical.choice, Quot.sound]
'TNLean.PEPS.PairEffect.Word.physicalGramMap' depends on axioms: [propext, Classical.choice, Quot.sound]
'TNLean.PEPS.PairEffect.Word.physicalGramMap_inner' depends on axioms: [propext, Classical.choice, Quot.sound]
'TNLean.PEPS.PairEffect.Word.physicalGramMatrix' depends on axioms: [propext, Classical.choice, Quot.sound]
'TNLean.PEPS.PairEffect.Word.physicalGramMatrix_apply' depends on axioms: [propext, Classical.choice, Quot.sound]
'TNLean.PEPS.PairEffect.Word.physicalOutputMatrix' depends on axioms: [propext, Classical.choice, Quot.sound]
'TNLean.PEPS.PairEffect.SourceInventory.selectedSources' depends on axioms: [propext, Classical.choice, Quot.sound]
'TNLean.PEPS.PairEffect.SourceInventory.layout_selectedSources_eq' depends on axioms: [propext,
 Classical.choice,
 Quot.sound]
'TNLean.PEPS.PairEffect.SourceInventory.freeSlotLayout' depends on axioms: [propext, Classical.choice, Quot.sound]
'TNLean.PEPS.PairEffect.SourceInventory.prepareSelected' depends on axioms: [propext, Classical.choice, Quot.sound]
'TNLean.PEPS.PairEffect.SourceInventory.prepareFreeSlots' depends on axioms: [propext, Classical.choice, Quot.sound]
'TNLean.PEPS.PairEffect.SourceInventory.fillSourceVectors' depends on axioms: [propext, Classical.choice, Quot.sound]
'TNLean.PEPS.PairEffect.SourceInventory.isAllowed_prepareSelected' depends on axioms: [propext,
 Classical.choice,
 Quot.sound]
'TNLean.PEPS.PairEffect.SourceInventory.sources_prepareSelected' depends on axioms: [propext,
 Classical.choice,
 Quot.sound]
'TNLean.PEPS.PairEffect.SourceInventory.eval_prepareSelected_prepareFreeSlots' depends on axioms: [propext,
 Classical.choice,
 Quot.sound]
'TNLean.PEPS.PairEffect.SourceInventory.mem_selectedSources' depends on axioms: [propext, Classical.choice, Quot.sound]
'TNLean.PEPS.PairEffect.SourceInventory.mem_sources_prepareSelected' depends on axioms: [propext,
 Classical.choice,
 Quot.sound]
'TNLean.PEPS.PairEffect.Word.mapSourceSlots' depends on axioms: [propext, Classical.choice, Quot.sound]
'TNLean.PEPS.PairEffect.Word.mapSourceSlots_spec' depends on axioms: [propext, Classical.choice, Quot.sound]
'TNLean.PEPS.PairEffect.Word.eval_mapSourceSlots_prepareSlots' depends on axioms: [propext,
 Classical.choice,
 Quot.sound]
