Direct Lean checks with the package options and warnings as errors.
Source revision: 33695425897e6f9895884741c0677aa38750361b
Scope: complete affected 48-module TNLean import closure; no local Lake build.
LEAN_PATH=/Users/siruilu/.elan/toolchains/leanprover--lean4---v4.35.0-rc3/lib/lean:/private/tmp/tnlean-source-resource-integration/artifacts:/private/tmp/tnlean-artifact-recovery-20261008/gaussian/artifacts

Source: TNLean/PEPS/Approximation/PhysicalReadout.lean
Source SHA256: c4443c3ac322606fb12f0b52e3234559c5d0fa0997a2cdd4cb7497535cd850c3
Working directory: /Users/siruilu/Local/agentFormalization/TNLean/worktrees/peps-source-resource-integration
Command: /Users/siruilu/.elan/toolchains/leanprover--lean4---v4.35.0-rc3/bin/lean -Dpp.unicode.fun=true -DrelaxedAutoImplicit=false -Dlinter.mathlibStandardSet=true -DmaxSynthPendingDepth=3 -DwarningAsError=true -o /private/tmp/tnlean-source-resource-integration/artifacts/TNLean/PEPS/Approximation/PhysicalReadout.olean TNLean/PEPS/Approximation/PhysicalReadout.lean
Exit code: 0
Elapsed seconds: 3.687
Artifact SHA256: 2a4e0231824004c3814d40f8c17b011b761aa21e25acab470cabfe0daa5fff54
Diagnostics: none.

Source: TNLean/PEPS/Approximation/FamilyPhysicalReadout.lean
Source SHA256: 5a42b44a7a2d3949a418f57d143695c7595600028916061cb1d66549159ecf5c
Working directory: /Users/siruilu/Local/agentFormalization/TNLean/worktrees/peps-source-resource-integration
Command: /Users/siruilu/.elan/toolchains/leanprover--lean4---v4.35.0-rc3/bin/lean -Dpp.unicode.fun=true -DrelaxedAutoImplicit=false -Dlinter.mathlibStandardSet=true -DmaxSynthPendingDepth=3 -DwarningAsError=true -o /private/tmp/tnlean-source-resource-integration/artifacts/TNLean/PEPS/Approximation/FamilyPhysicalReadout.olean TNLean/PEPS/Approximation/FamilyPhysicalReadout.lean
Exit code: 0
Elapsed seconds: 3.572
Artifact SHA256: 4075bbf4b5bad91ac61374cc44b04bcbd46cadfe4127eb1472cf90f63a0bfe34
Diagnostics: none.

Source: TNLean/PEPS/Approximation/AffectedPhysicalDimension.lean
Source SHA256: 843d170a6fe56e65ef0b58fb2a57692ab1e23656f97f2a39142435a6e306c624
Working directory: /Users/siruilu/Local/agentFormalization/TNLean/worktrees/peps-source-resource-integration
Command: /Users/siruilu/.elan/toolchains/leanprover--lean4---v4.35.0-rc3/bin/lean -Dpp.unicode.fun=true -DrelaxedAutoImplicit=false -Dlinter.mathlibStandardSet=true -DmaxSynthPendingDepth=3 -DwarningAsError=true -o /private/tmp/tnlean-source-resource-integration/artifacts/TNLean/PEPS/Approximation/AffectedPhysicalDimension.olean TNLean/PEPS/Approximation/AffectedPhysicalDimension.lean
Exit code: 0
Elapsed seconds: 3.848
Artifact SHA256: 5269bdb9af496394e71922f265675c94e288655477f6a3bee4f4a8570ba9ec4e
Diagnostics: none.

Source: TNLean/PEPS/Approximation/WordEvaluationTransport.lean
Source SHA256: c49d25c0184181cfe8fcce62b8250f6780850dd2b7807e0208aa85cbf25b8864
Working directory: /Users/siruilu/Local/agentFormalization/TNLean/worktrees/peps-source-resource-integration
Command: /Users/siruilu/.elan/toolchains/leanprover--lean4---v4.35.0-rc3/bin/lean -Dpp.unicode.fun=true -DrelaxedAutoImplicit=false -Dlinter.mathlibStandardSet=true -DmaxSynthPendingDepth=3 -DwarningAsError=true -o /private/tmp/tnlean-source-resource-integration/artifacts/TNLean/PEPS/Approximation/WordEvaluationTransport.olean TNLean/PEPS/Approximation/WordEvaluationTransport.lean
Exit code: 0
Elapsed seconds: 2.949
Artifact SHA256: cfef6997f74935e2b0a2cadb5188b239aea9a9ea2d5ea55a039cf306857ee6e6
Diagnostics: none.

Source: TNLean/PEPS/Approximation/SelectiveSourcePreparation.lean
Source SHA256: c73f60a4f57b18491aa749943c44880b065c0dca9f070788469b6efe7c070c04
Working directory: /Users/siruilu/Local/agentFormalization/TNLean/worktrees/peps-source-resource-integration
Command: /Users/siruilu/.elan/toolchains/leanprover--lean4---v4.35.0-rc3/bin/lean -Dpp.unicode.fun=true -DrelaxedAutoImplicit=false -Dlinter.mathlibStandardSet=true -DmaxSynthPendingDepth=3 -DwarningAsError=true -o /private/tmp/tnlean-source-resource-integration/artifacts/TNLean/PEPS/Approximation/SelectiveSourcePreparation.olean TNLean/PEPS/Approximation/SelectiveSourcePreparation.lean
Exit code: 0
Elapsed seconds: 5.467
Artifact SHA256: 786199e57bbcbbf0cef80e33d7a95d2faffd8b84f0e93a4709611ebeeef0187d
Diagnostics: none.

Source: TNLean/PEPS/Approximation/SelectiveSourceFactorization.lean
Source SHA256: 6a544e4b46158d5e893e7514fbbc69476b0ce9f2060ebf1de7f24206914f84cc
Working directory: /Users/siruilu/Local/agentFormalization/TNLean/worktrees/peps-source-resource-integration
Command: /Users/siruilu/.elan/toolchains/leanprover--lean4---v4.35.0-rc3/bin/lean -Dpp.unicode.fun=true -DrelaxedAutoImplicit=false -Dlinter.mathlibStandardSet=true -DmaxSynthPendingDepth=3 -DwarningAsError=true -o /private/tmp/tnlean-source-resource-integration/artifacts/TNLean/PEPS/Approximation/SelectiveSourceFactorization.olean TNLean/PEPS/Approximation/SelectiveSourceFactorization.lean
Exit code: 0
Elapsed seconds: 5.314
Artifact SHA256: ee688eab964ff3126f748f1368082971a286107440df4a42b6d7696c8b2ea54f
Diagnostics: none.

Source: TNLean/PEPS/Approximation/CorrectedSourcePartition.lean
Source SHA256: d491065c28dfedd59d4ae6d7e0452b9f5ef88334114fac7557de56607a376773
Working directory: /Users/siruilu/Local/agentFormalization/TNLean/worktrees/peps-source-resource-integration
Command: /Users/siruilu/.elan/toolchains/leanprover--lean4---v4.35.0-rc3/bin/lean -Dpp.unicode.fun=true -DrelaxedAutoImplicit=false -Dlinter.mathlibStandardSet=true -DmaxSynthPendingDepth=3 -DwarningAsError=true -o /private/tmp/tnlean-source-resource-integration/artifacts/TNLean/PEPS/Approximation/CorrectedSourcePartition.olean TNLean/PEPS/Approximation/CorrectedSourcePartition.lean
Exit code: 0
Elapsed seconds: 3.983
Artifact SHA256: 91f2bde2d027fb621b97e25b3f47ed6856d29d5136fe62c3ea11f19f20d8b5cd
Diagnostics: none.

Source: TNLean/PEPS/Approximation/SourceRegisterPermutation.lean
Source SHA256: 5a3aca36e70bfc96ffefff74b2c6c610a08c28a0333efa0a1bea0f40c3e11c45
Working directory: /Users/siruilu/Local/agentFormalization/TNLean/worktrees/peps-source-resource-integration
Command: /Users/siruilu/.elan/toolchains/leanprover--lean4---v4.35.0-rc3/bin/lean -Dpp.unicode.fun=true -DrelaxedAutoImplicit=false -Dlinter.mathlibStandardSet=true -DmaxSynthPendingDepth=3 -DwarningAsError=true -o /private/tmp/tnlean-source-resource-integration/artifacts/TNLean/PEPS/Approximation/SourceRegisterPermutation.olean TNLean/PEPS/Approximation/SourceRegisterPermutation.lean
Exit code: 0
Elapsed seconds: 4.857
Artifact SHA256: 36613755edcfe8cbedad3959eb281f6e84932efc741088984bae9e1b1523f8f6
Diagnostics: none.

Source: TNLean/PEPS/Approximation/SourceInputPartition.lean
Source SHA256: 24b127e026284aa1664c6a0fb609b43741a98fcf38f96a64c78c27d35636b9eb
Working directory: /Users/siruilu/Local/agentFormalization/TNLean/worktrees/peps-source-resource-integration
Command: /Users/siruilu/.elan/toolchains/leanprover--lean4---v4.35.0-rc3/bin/lean -Dpp.unicode.fun=true -DrelaxedAutoImplicit=false -Dlinter.mathlibStandardSet=true -DmaxSynthPendingDepth=3 -DwarningAsError=true -o /private/tmp/tnlean-source-resource-integration/artifacts/TNLean/PEPS/Approximation/SourceInputPartition.olean TNLean/PEPS/Approximation/SourceInputPartition.lean
Exit code: 0
Elapsed seconds: 28.668
Artifact SHA256: c3085ea59041cf03717499f3242ed3308a9774a7d018d09424d1e56a12292fc7
Diagnostics: none.

Source: TNLean/PEPS/Approximation/CorrectedInputReordering.lean
Source SHA256: 91774c24e707bf0fb31898f29dc21b3a8396306fb4dc0aba3818748134c31f06
Working directory: /Users/siruilu/Local/agentFormalization/TNLean/worktrees/peps-source-resource-integration
Command: /Users/siruilu/.elan/toolchains/leanprover--lean4---v4.35.0-rc3/bin/lean -Dpp.unicode.fun=true -DrelaxedAutoImplicit=false -Dlinter.mathlibStandardSet=true -DmaxSynthPendingDepth=3 -DwarningAsError=true -o /private/tmp/tnlean-source-resource-integration/artifacts/TNLean/PEPS/Approximation/CorrectedInputReordering.olean TNLean/PEPS/Approximation/CorrectedInputReordering.lean
Exit code: 0
Elapsed seconds: 15.047
Artifact SHA256: e55eaec8cbba58233c9ce74bf95ff0328ffd95345f72453ab65c6b0916305b0c
Diagnostics: none.

Source: TNLean/PEPS/Approximation/SourcePreparationVectors.lean
Source SHA256: 734c11aefe4afc5c4e321161eb5d4905159d691911f4d6689813c510bfd75e29
Working directory: /Users/siruilu/Local/agentFormalization/TNLean/worktrees/peps-source-resource-integration
Command: /Users/siruilu/.elan/toolchains/leanprover--lean4---v4.35.0-rc3/bin/lean -Dpp.unicode.fun=true -DrelaxedAutoImplicit=false -Dlinter.mathlibStandardSet=true -DmaxSynthPendingDepth=3 -DwarningAsError=true -o /private/tmp/tnlean-source-resource-integration/artifacts/TNLean/PEPS/Approximation/SourcePreparationVectors.olean TNLean/PEPS/Approximation/SourcePreparationVectors.lean
Exit code: 0
Elapsed seconds: 4.45
Artifact SHA256: 46ec8ab1417b9ea75128154fb77cdc25c655822938bc7b9464f9d9d1e8403a09
Diagnostics: none.

Source: TNLean/PEPS/Approximation/CorrectedInputVectors.lean
Source SHA256: 3247e71935323520c34f3bffdc9e99ab3f0963924edd8b3057519d79d1eb043d
Working directory: /Users/siruilu/Local/agentFormalization/TNLean/worktrees/peps-source-resource-integration
Command: /Users/siruilu/.elan/toolchains/leanprover--lean4---v4.35.0-rc3/bin/lean -Dpp.unicode.fun=true -DrelaxedAutoImplicit=false -Dlinter.mathlibStandardSet=true -DmaxSynthPendingDepth=3 -DwarningAsError=true -o /private/tmp/tnlean-source-resource-integration/artifacts/TNLean/PEPS/Approximation/CorrectedInputVectors.olean TNLean/PEPS/Approximation/CorrectedInputVectors.lean
Exit code: 0
Elapsed seconds: 27.307
Artifact SHA256: 44b29c96df6b96b445f1d969e77e02ec3a442b227b911e5bfa4bd4681d10b8f6
Diagnostics: none.

Source: TNLean/PEPS/Approximation/CorrectedInputVectorIdentity.lean
Source SHA256: b0fb886be04cb5b5d889a5cf4a3fdebd507d5ae661dc4f046f2e0f5558533d82
Working directory: /Users/siruilu/Local/agentFormalization/TNLean/worktrees/peps-source-resource-integration
Command: /Users/siruilu/.elan/toolchains/leanprover--lean4---v4.35.0-rc3/bin/lean -Dpp.unicode.fun=true -DrelaxedAutoImplicit=false -Dlinter.mathlibStandardSet=true -DmaxSynthPendingDepth=3 -DwarningAsError=true -o /private/tmp/tnlean-source-resource-integration/artifacts/TNLean/PEPS/Approximation/CorrectedInputVectorIdentity.olean TNLean/PEPS/Approximation/CorrectedInputVectorIdentity.lean
Exit code: 0
Elapsed seconds: 37.574
Artifact SHA256: 4b221884d3deffb06970bc26cb2833ca8c44fa4d8010a30814d129677f765b46
Diagnostics: none.

Source: TNLean/PEPS/Approximation/SourceInputFrames.lean
Source SHA256: 302e163a96e59915d804c53c2826508c2d4568fb1f87aa1d818fa954c7f5b2c6
Working directory: /Users/siruilu/Local/agentFormalization/TNLean/worktrees/peps-source-resource-integration
Command: /Users/siruilu/.elan/toolchains/leanprover--lean4---v4.35.0-rc3/bin/lean -Dpp.unicode.fun=true -DrelaxedAutoImplicit=false -Dlinter.mathlibStandardSet=true -DmaxSynthPendingDepth=3 -DwarningAsError=true -o /private/tmp/tnlean-source-resource-integration/artifacts/TNLean/PEPS/Approximation/SourceInputFrames.olean TNLean/PEPS/Approximation/SourceInputFrames.lean
Exit code: 0
Elapsed seconds: 5.477
Artifact SHA256: 599bc85c041cd4d22ee5794b1b020cd8c8c6256e3d6c8dd596ab49f91c6b9143
Diagnostics: none.

Source: TNLean/PEPS/Approximation/PhysicalOutputContraction.lean
Source SHA256: 31290cec0fbb2ba0adf3e6467414d8d2722d7bc4f03c7f4884bda3019807ca8d
Working directory: /Users/siruilu/Local/agentFormalization/TNLean/worktrees/peps-source-resource-integration
Command: /Users/siruilu/.elan/toolchains/leanprover--lean4---v4.35.0-rc3/bin/lean -Dpp.unicode.fun=true -DrelaxedAutoImplicit=false -Dlinter.mathlibStandardSet=true -DmaxSynthPendingDepth=3 -DwarningAsError=true -o /private/tmp/tnlean-source-resource-integration/artifacts/TNLean/PEPS/Approximation/PhysicalOutputContraction.olean TNLean/PEPS/Approximation/PhysicalOutputContraction.lean
Exit code: 0
Elapsed seconds: 4.1
Artifact SHA256: 308fd9044ec4e832d158e43d1e317ec3199cec1bd42d284b48a89933a0b9b745
Diagnostics: none.

Source: TNLean/PEPS/Approximation/ExteriorSourceContraction.lean
Source SHA256: fcc08bc8d4c52e8e0689f2566c393cb9ae984fd2faa50fb073272f65ab746745
Working directory: /Users/siruilu/Local/agentFormalization/TNLean/worktrees/peps-source-resource-integration
Command: /Users/siruilu/.elan/toolchains/leanprover--lean4---v4.35.0-rc3/bin/lean -Dpp.unicode.fun=true -DrelaxedAutoImplicit=false -Dlinter.mathlibStandardSet=true -DmaxSynthPendingDepth=3 -DwarningAsError=true -o /private/tmp/tnlean-source-resource-integration/artifacts/TNLean/PEPS/Approximation/ExteriorSourceContraction.olean TNLean/PEPS/Approximation/ExteriorSourceContraction.lean
Exit code: 0
Elapsed seconds: 3.016
Artifact SHA256: f598645c73f9e6b57043a5a45489472e00339170739910d71dbfa050705e716a
Diagnostics: none.

Source: TNLean/PEPS/Approximation/WeightedPhysicalSource.lean
Source SHA256: 74693d7684d5a3e67642e6a55e2b99f90cd2c246e0f3100228fa1f917453e5dc
Working directory: /Users/siruilu/Local/agentFormalization/TNLean/worktrees/peps-source-resource-integration
Command: /Users/siruilu/.elan/toolchains/leanprover--lean4---v4.35.0-rc3/bin/lean -Dpp.unicode.fun=true -DrelaxedAutoImplicit=false -Dlinter.mathlibStandardSet=true -DmaxSynthPendingDepth=3 -DwarningAsError=true -o /private/tmp/tnlean-source-resource-integration/artifacts/TNLean/PEPS/Approximation/WeightedPhysicalSource.olean TNLean/PEPS/Approximation/WeightedPhysicalSource.lean
Exit code: 0
Elapsed seconds: 5.078
Artifact SHA256: 508cf4ca69b7c866dfa4fd84b73a24d1c9192b641283413ad759e378cedd8281
Diagnostics: none.

Source: TNLean/PEPS/Approximation/GaussianPhysicalSource.lean
Source SHA256: 5021a8b7672c54b5180787ae482730cca650d589e28ba3c583abf4db6af4f20c
Working directory: /Users/siruilu/Local/agentFormalization/TNLean/worktrees/peps-source-resource-integration
Command: /Users/siruilu/.elan/toolchains/leanprover--lean4---v4.35.0-rc3/bin/lean -Dpp.unicode.fun=true -DrelaxedAutoImplicit=false -Dlinter.mathlibStandardSet=true -DmaxSynthPendingDepth=3 -DwarningAsError=true -o /private/tmp/tnlean-source-resource-integration/artifacts/TNLean/PEPS/Approximation/GaussianPhysicalSource.olean TNLean/PEPS/Approximation/GaussianPhysicalSource.lean
Exit code: 0
Elapsed seconds: 4.044
Artifact SHA256: cb45ca55ca5b79d86383936e3327d15e758b8a1a9b5422949c14f483227d9bb5
Diagnostics: none.

Source: TNLean/PEPS/Approximation/CorrectedSourceFrames.lean
Source SHA256: 78fe38c685a39e50df026e45cd5929875c408afe3cb1947dad1a6999f28e7a07
Working directory: /Users/siruilu/Local/agentFormalization/TNLean/worktrees/peps-source-resource-integration
Command: /Users/siruilu/.elan/toolchains/leanprover--lean4---v4.35.0-rc3/bin/lean -Dpp.unicode.fun=true -DrelaxedAutoImplicit=false -Dlinter.mathlibStandardSet=true -DmaxSynthPendingDepth=3 -DwarningAsError=true -o /private/tmp/tnlean-source-resource-integration/artifacts/TNLean/PEPS/Approximation/CorrectedSourceFrames.olean TNLean/PEPS/Approximation/CorrectedSourceFrames.lean
Exit code: 0
Elapsed seconds: 22.795
Artifact SHA256: 2798f864a3a8a57585159f86a66b27609112c8a498f8a36e29bafd8011d4a5ba
Diagnostics: none.

Source: TNLean/PEPS/Approximation/CorrectedSchmidtInput.lean
Source SHA256: 857c322e3e4c7653d7046af970d2e7568053eea5b2956d374f344f4b445d5d1d
Working directory: /Users/siruilu/Local/agentFormalization/TNLean/worktrees/peps-source-resource-integration
Command: /Users/siruilu/.elan/toolchains/leanprover--lean4---v4.35.0-rc3/bin/lean -Dpp.unicode.fun=true -DrelaxedAutoImplicit=false -Dlinter.mathlibStandardSet=true -DmaxSynthPendingDepth=3 -DwarningAsError=true -o /private/tmp/tnlean-source-resource-integration/artifacts/TNLean/PEPS/Approximation/CorrectedSchmidtInput.olean TNLean/PEPS/Approximation/CorrectedSchmidtInput.lean
Exit code: 0
Elapsed seconds: 20.495
Artifact SHA256: ca0321ace49c4dbc692a1be767e49acdcefb42eb638285c2d4544bce72513012
Diagnostics: none.

Source: TNLean/PEPS/Approximation/SourceInputSchmidtFrames.lean
Source SHA256: ffdebb55bff865b41ac6a067f79d7a544200af6a77a6c8fdc163835926940e3d
Working directory: /Users/siruilu/Local/agentFormalization/TNLean/worktrees/peps-source-resource-integration
Command: /Users/siruilu/.elan/toolchains/leanprover--lean4---v4.35.0-rc3/bin/lean -Dpp.unicode.fun=true -DrelaxedAutoImplicit=false -Dlinter.mathlibStandardSet=true -DmaxSynthPendingDepth=3 -DwarningAsError=true -o /private/tmp/tnlean-source-resource-integration/artifacts/TNLean/PEPS/Approximation/SourceInputSchmidtFrames.olean TNLean/PEPS/Approximation/SourceInputSchmidtFrames.lean
Exit code: 0
Elapsed seconds: 6.722
Artifact SHA256: 91586d1439824e04b727f78a41f71df34eaa7be36409bab8da12f8ad05b726ac
Diagnostics: none.

Source: TNLean/PEPS/Approximation/LocalSchmidtOutput.lean
Source SHA256: efcc8648355f69909353e63d05daa681cd7753efddcf9ca61c70c6e51c75cf4a
Working directory: /Users/siruilu/Local/agentFormalization/TNLean/worktrees/peps-source-resource-integration
Command: /Users/siruilu/.elan/toolchains/leanprover--lean4---v4.35.0-rc3/bin/lean -Dpp.unicode.fun=true -DrelaxedAutoImplicit=false -Dlinter.mathlibStandardSet=true -DmaxSynthPendingDepth=3 -DwarningAsError=true -o /private/tmp/tnlean-source-resource-integration/artifacts/TNLean/PEPS/Approximation/LocalSchmidtOutput.olean TNLean/PEPS/Approximation/LocalSchmidtOutput.lean
Exit code: 0
Elapsed seconds: 4.164
Artifact SHA256: 9a214794ecaef626060576aa3549a3f54f0dbeadc1e0b7a135961cd2d6f3e53e
Diagnostics: none.

Source: TNLean/PEPS/Approximation/CorrectedSchmidtOutput.lean
Source SHA256: 83f8c27445916e9de0ac3049b88e88044cfc1855f9b5eee858dd8e578d81640d
Working directory: /Users/siruilu/Local/agentFormalization/TNLean/worktrees/peps-source-resource-integration
Command: /Users/siruilu/.elan/toolchains/leanprover--lean4---v4.35.0-rc3/bin/lean -Dpp.unicode.fun=true -DrelaxedAutoImplicit=false -Dlinter.mathlibStandardSet=true -DmaxSynthPendingDepth=3 -DwarningAsError=true -o /private/tmp/tnlean-source-resource-integration/artifacts/TNLean/PEPS/Approximation/CorrectedSchmidtOutput.olean TNLean/PEPS/Approximation/CorrectedSchmidtOutput.lean
Exit code: 0
Elapsed seconds: 15.967
Artifact SHA256: c80dbb97512caecb950aa47912f61a9d7cd9a27112c2863c086322bf09efeb24
Diagnostics: none.

Source: TNLean/PEPS/Approximation/EffectCircuitPreparation.lean
Source SHA256: 480723bc8c5af92d6dca9c70fc19ab6fceadb9401defc4bc61d01dd67ab66a6c
Working directory: /Users/siruilu/Local/agentFormalization/TNLean/worktrees/peps-source-resource-integration
Command: /Users/siruilu/.elan/toolchains/leanprover--lean4---v4.35.0-rc3/bin/lean -Dpp.unicode.fun=true -DrelaxedAutoImplicit=false -Dlinter.mathlibStandardSet=true -DmaxSynthPendingDepth=3 -DwarningAsError=true -o /private/tmp/tnlean-source-resource-integration/artifacts/TNLean/PEPS/Approximation/EffectCircuitPreparation.olean TNLean/PEPS/Approximation/EffectCircuitPreparation.lean
Exit code: 0
Elapsed seconds: 11.329
Artifact SHA256: 34ba12a560764556e1edb4a2add0a265e943027dc00d5cb79361fef802036465
Diagnostics: none.

Source: TNLean/PEPS/Approximation/EffectCircuitReplacement.lean
Source SHA256: bf00e4085669bf389f505f4e810009299e4293b6a56e011c7af744608347e895
Working directory: /Users/siruilu/Local/agentFormalization/TNLean/worktrees/peps-source-resource-integration
Command: /Users/siruilu/.elan/toolchains/leanprover--lean4---v4.35.0-rc3/bin/lean -Dpp.unicode.fun=true -DrelaxedAutoImplicit=false -Dlinter.mathlibStandardSet=true -DmaxSynthPendingDepth=3 -DwarningAsError=true -o /private/tmp/tnlean-source-resource-integration/artifacts/TNLean/PEPS/Approximation/EffectCircuitReplacement.olean TNLean/PEPS/Approximation/EffectCircuitReplacement.lean
Exit code: 0
Elapsed seconds: 4.455
Artifact SHA256: 7361a94cc0577ec10d3cac6205904c28150a93084d5a1bd78768454687500206
Diagnostics: none.

Source: TNLean/PEPS/Approximation/EffectCircuitError.lean
Source SHA256: de756e5f665f59678c9e6a61ee75f410bc8b16f05b09161823ecee9bdac1945f
Working directory: /Users/siruilu/Local/agentFormalization/TNLean/worktrees/peps-source-resource-integration
Command: /Users/siruilu/.elan/toolchains/leanprover--lean4---v4.35.0-rc3/bin/lean -Dpp.unicode.fun=true -DrelaxedAutoImplicit=false -Dlinter.mathlibStandardSet=true -DmaxSynthPendingDepth=3 -DwarningAsError=true -o /private/tmp/tnlean-source-resource-integration/artifacts/TNLean/PEPS/Approximation/EffectCircuitError.olean TNLean/PEPS/Approximation/EffectCircuitError.lean
Exit code: 0
Elapsed seconds: 9.604
Artifact SHA256: ca04de95f0bacf7478b40e87dd809d94a579a6f5ce22452e7e526040787221fc
Diagnostics: none.

Source: TNLean/PEPS/Approximation/EffectCircuitDensity.lean
Source SHA256: 4282360cb2c496612c10f50437748e4e0e584ed9b97a0b3f4d7d711743e00885
Working directory: /Users/siruilu/Local/agentFormalization/TNLean/worktrees/peps-source-resource-integration
Command: /Users/siruilu/.elan/toolchains/leanprover--lean4---v4.35.0-rc3/bin/lean -Dpp.unicode.fun=true -DrelaxedAutoImplicit=false -Dlinter.mathlibStandardSet=true -DmaxSynthPendingDepth=3 -DwarningAsError=true -o /private/tmp/tnlean-source-resource-integration/artifacts/TNLean/PEPS/Approximation/EffectCircuitDensity.olean TNLean/PEPS/Approximation/EffectCircuitDensity.lean
Exit code: 0
Elapsed seconds: 5.328
Artifact SHA256: e829cd6a3ab542a9ad74c1aa2feb844177878f6da7f7a1ee51b9b1ae86696818
Diagnostics: none.

Source: TNLean/PEPS/Approximation/OriginalCircuit.lean
Source SHA256: 16f4b3dbae45695fe89562ffa91e031a02503e4a6da1c355afad7e2ff01d328c
Working directory: /Users/siruilu/Local/agentFormalization/TNLean/worktrees/peps-source-resource-integration
Command: /Users/siruilu/.elan/toolchains/leanprover--lean4---v4.35.0-rc3/bin/lean -Dpp.unicode.fun=true -DrelaxedAutoImplicit=false -Dlinter.mathlibStandardSet=true -DmaxSynthPendingDepth=3 -DwarningAsError=true -o /private/tmp/tnlean-source-resource-integration/artifacts/TNLean/PEPS/Approximation/OriginalCircuit.olean TNLean/PEPS/Approximation/OriginalCircuit.lean
Exit code: 0
Elapsed seconds: 5.587
Artifact SHA256: 9ecd712005b915d9590aaeec91b5ae898e05c90a702cdc1eb9b59a987b38f1f3
Diagnostics: none.

Source: TNLean/PEPS/Approximation/EffectCircuitLocations.lean
Source SHA256: 7f2e458c379d9f0ba85d0968da38ea55076ca0a336eaa5cbb3d3764b5aee31f1
Working directory: /Users/siruilu/Local/agentFormalization/TNLean/worktrees/peps-source-resource-integration
Command: /Users/siruilu/.elan/toolchains/leanprover--lean4---v4.35.0-rc3/bin/lean -Dpp.unicode.fun=true -DrelaxedAutoImplicit=false -Dlinter.mathlibStandardSet=true -DmaxSynthPendingDepth=3 -DwarningAsError=true -o /private/tmp/tnlean-source-resource-integration/artifacts/TNLean/PEPS/Approximation/EffectCircuitLocations.olean TNLean/PEPS/Approximation/EffectCircuitLocations.lean
Exit code: 0
Elapsed seconds: 3.691
Artifact SHA256: d37700a8bdb6ce95458e09e0ff8261654c665decccec2e46419860c511d39eab
Diagnostics: none.

Source: TNLean/PEPS/Approximation/SourceOnlyReduction.lean
Source SHA256: e23d149fdbc44f966586bb0989bdd40cd0f77525b45e8f6116ac06032fd032ed
Working directory: /Users/siruilu/Local/agentFormalization/TNLean/worktrees/peps-source-resource-integration
Command: /Users/siruilu/.elan/toolchains/leanprover--lean4---v4.35.0-rc3/bin/lean -Dpp.unicode.fun=true -DrelaxedAutoImplicit=false -Dlinter.mathlibStandardSet=true -DmaxSynthPendingDepth=3 -DwarningAsError=true -o /private/tmp/tnlean-source-resource-integration/artifacts/TNLean/PEPS/Approximation/SourceOnlyReduction.olean TNLean/PEPS/Approximation/SourceOnlyReduction.lean
Exit code: 0
Elapsed seconds: 3.702
Artifact SHA256: 8885051707ace4dc8e5a81eb3e8df7ea68c24d27af2a279aeb4c8ce42d4d85e8
Diagnostics: none.

Source: TNLean/PEPS/Approximation/EffectCircuitResources.lean
Source SHA256: 46fbefff4f7958b9347a20774dfb1f8eef676b7e1d4f8df0f0416795021afb89
Working directory: /Users/siruilu/Local/agentFormalization/TNLean/worktrees/peps-source-resource-integration
Command: /Users/siruilu/.elan/toolchains/leanprover--lean4---v4.35.0-rc3/bin/lean -Dpp.unicode.fun=true -DrelaxedAutoImplicit=false -Dlinter.mathlibStandardSet=true -DmaxSynthPendingDepth=3 -DwarningAsError=true -o /private/tmp/tnlean-source-resource-integration/artifacts/TNLean/PEPS/Approximation/EffectCircuitResources.olean TNLean/PEPS/Approximation/EffectCircuitResources.lean
Exit code: 0
Elapsed seconds: 3.71
Artifact SHA256: 731058ee10b35663954726589c64f038f592154c944626f0c79b4cdffc6207f0
Diagnostics: none.

Source: TNLean/PEPS/Approximation/EffectReplacementCoefficients.lean
Source SHA256: 4c7201e7877455e87d35bb4f370b9c66c52783cc6b1ca1713231bb53bbccd7ae
Working directory: /Users/siruilu/Local/agentFormalization/TNLean/worktrees/peps-source-resource-integration
Command: /Users/siruilu/.elan/toolchains/leanprover--lean4---v4.35.0-rc3/bin/lean -Dpp.unicode.fun=true -DrelaxedAutoImplicit=false -Dlinter.mathlibStandardSet=true -DmaxSynthPendingDepth=3 -DwarningAsError=true -o /private/tmp/tnlean-source-resource-integration/artifacts/TNLean/PEPS/Approximation/EffectReplacementCoefficients.olean TNLean/PEPS/Approximation/EffectReplacementCoefficients.lean
Exit code: 0
Elapsed seconds: 4.337
Artifact SHA256: 1881e26aa383461d63e185961b3f9343b12aee433f771d428ed2eec840ee34b6
Diagnostics: none.

Source: TNLean/PEPS/Approximation/EffectReplacementExpansion.lean
Source SHA256: f087e019bdb83e5f6af094a839b7c57bbb23e78df89830518bb6cf793fb790fa
Working directory: /Users/siruilu/Local/agentFormalization/TNLean/worktrees/peps-source-resource-integration
Command: /Users/siruilu/.elan/toolchains/leanprover--lean4---v4.35.0-rc3/bin/lean -Dpp.unicode.fun=true -DrelaxedAutoImplicit=false -Dlinter.mathlibStandardSet=true -DmaxSynthPendingDepth=3 -DwarningAsError=true -o /private/tmp/tnlean-source-resource-integration/artifacts/TNLean/PEPS/Approximation/EffectReplacementExpansion.olean TNLean/PEPS/Approximation/EffectReplacementExpansion.lean
Exit code: 0
Elapsed seconds: 3.58
Artifact SHA256: 31255034d088c295340151d8ec1c964fa608bc2b8cd74502792bdb8f10aa5c46
Diagnostics: none.

Source: TNLean/PEPS/Approximation/EffectReplacementSources.lean
Source SHA256: 313ad316ad00bc486bd982395582f789c69890a57eaccfbb7c69d7b51c506e15
Working directory: /Users/siruilu/Local/agentFormalization/TNLean/worktrees/peps-source-resource-integration
Command: /Users/siruilu/.elan/toolchains/leanprover--lean4---v4.35.0-rc3/bin/lean -Dpp.unicode.fun=true -DrelaxedAutoImplicit=false -Dlinter.mathlibStandardSet=true -DmaxSynthPendingDepth=3 -DwarningAsError=true -o /private/tmp/tnlean-source-resource-integration/artifacts/TNLean/PEPS/Approximation/EffectReplacementSources.olean TNLean/PEPS/Approximation/EffectReplacementSources.lean
Exit code: 0
Elapsed seconds: 3.49
Artifact SHA256: 87c788e19c2537645b88d17202202dfbdda82dfef7c957ad415e903c42007b51
Diagnostics: none.

Source: TNLean/PEPS/Approximation/FamilySourceOnlyReduction.lean
Source SHA256: db246b019caa5d107799e9fd982abe16d48b9eed1dc14068dda06edb27afa167
Working directory: /Users/siruilu/Local/agentFormalization/TNLean/worktrees/peps-source-resource-integration
Command: /Users/siruilu/.elan/toolchains/leanprover--lean4---v4.35.0-rc3/bin/lean -Dpp.unicode.fun=true -DrelaxedAutoImplicit=false -Dlinter.mathlibStandardSet=true -DmaxSynthPendingDepth=3 -DwarningAsError=true -o /private/tmp/tnlean-source-resource-integration/artifacts/TNLean/PEPS/Approximation/FamilySourceOnlyReduction.olean TNLean/PEPS/Approximation/FamilySourceOnlyReduction.lean
Exit code: 0
Elapsed seconds: 3.218
Artifact SHA256: 1973d16f7d35c9d67f7c8dd14a5bfd13bb0cddc1da72618b74bf9d4993ddacaa
Diagnostics: none.

Source: TNLean/PEPS/Approximation/SeparatedSchmidtOutput.lean
Source SHA256: c7f1e2c98e855cc97a69ab4ee29e3651541757e8cb0aa20c011467c23f2bc0f3
Working directory: /Users/siruilu/Local/agentFormalization/TNLean/worktrees/peps-source-resource-integration
Command: /Users/siruilu/.elan/toolchains/leanprover--lean4---v4.35.0-rc3/bin/lean -Dpp.unicode.fun=true -DrelaxedAutoImplicit=false -Dlinter.mathlibStandardSet=true -DmaxSynthPendingDepth=3 -DwarningAsError=true -o /private/tmp/tnlean-source-resource-integration/artifacts/TNLean/PEPS/Approximation/SeparatedSchmidtOutput.olean TNLean/PEPS/Approximation/SeparatedSchmidtOutput.lean
Exit code: 0
Elapsed seconds: 4.329
Artifact SHA256: 5bbd375c306f5483f44975ad6fd71064356c8aacab4137ca5c498a89b29b85af
Diagnostics: none.

Source: TNLean/PEPS/Approximation/SeparatedPhysicalDensity.lean
Source SHA256: fdfa07daa9aa8adbadca417a8112c25f8126e2805da16f61531c1ec204cc54a8
Working directory: /Users/siruilu/Local/agentFormalization/TNLean/worktrees/peps-source-resource-integration
Command: /Users/siruilu/.elan/toolchains/leanprover--lean4---v4.35.0-rc3/bin/lean -Dpp.unicode.fun=true -DrelaxedAutoImplicit=false -Dlinter.mathlibStandardSet=true -DmaxSynthPendingDepth=3 -DwarningAsError=true -o /private/tmp/tnlean-source-resource-integration/artifacts/TNLean/PEPS/Approximation/SeparatedPhysicalDensity.olean TNLean/PEPS/Approximation/SeparatedPhysicalDensity.lean
Exit code: 0
Elapsed seconds: 3.644
Artifact SHA256: 471929259ae1ec20c3bdc0884659be7860dcaa66317c7abbb267f53ca78172e6
Diagnostics: none.

Source: TNLean/PEPS/Approximation/GaussianSeparatedPhysicalDensity.lean
Source SHA256: 9697eb2c9117bed7d5dbc5bcf8c858aec5746733d953c146be61c2c168c688c5
Working directory: /Users/siruilu/Local/agentFormalization/TNLean/worktrees/peps-source-resource-integration
Command: /Users/siruilu/.elan/toolchains/leanprover--lean4---v4.35.0-rc3/bin/lean -Dpp.unicode.fun=true -DrelaxedAutoImplicit=false -Dlinter.mathlibStandardSet=true -DmaxSynthPendingDepth=3 -DwarningAsError=true -o /private/tmp/tnlean-source-resource-integration/artifacts/TNLean/PEPS/Approximation/GaussianSeparatedPhysicalDensity.olean TNLean/PEPS/Approximation/GaussianSeparatedPhysicalDensity.lean
Exit code: 0
Elapsed seconds: 3.717
Artifact SHA256: 3fbcaddbcea761443b4477e8025c8c6d9f5d7a27bae34e052a13e4f511e64e95
Diagnostics: none.

Source: TNLean/PEPS/Approximation/OutputPartitionCoordinates.lean
Source SHA256: cda252186f8b398d73d1a0c6d3da0097d7e8fbf981c108240633829236014c1d
Working directory: /Users/siruilu/Local/agentFormalization/TNLean/worktrees/peps-source-resource-integration
Command: /Users/siruilu/.elan/toolchains/leanprover--lean4---v4.35.0-rc3/bin/lean -Dpp.unicode.fun=true -DrelaxedAutoImplicit=false -Dlinter.mathlibStandardSet=true -DmaxSynthPendingDepth=3 -DwarningAsError=true -o /private/tmp/tnlean-source-resource-integration/artifacts/TNLean/PEPS/Approximation/OutputPartitionCoordinates.olean TNLean/PEPS/Approximation/OutputPartitionCoordinates.lean
Exit code: 0
Elapsed seconds: 3.246
Artifact SHA256: 30350c5d26bb78a77494981b84f8d867fbc11fa300bbe1e22802ef43fb3e2617
Diagnostics: none.

Source: TNLean/PEPS/Approximation/OwnerOutputCoordinates.lean
Source SHA256: b46dac4383752b2471609f458e0ea0e4afd3fc8c2075842dc5bf54c8fe21c697
Working directory: /Users/siruilu/Local/agentFormalization/TNLean/worktrees/peps-source-resource-integration
Command: /Users/siruilu/.elan/toolchains/leanprover--lean4---v4.35.0-rc3/bin/lean -Dpp.unicode.fun=true -DrelaxedAutoImplicit=false -Dlinter.mathlibStandardSet=true -DmaxSynthPendingDepth=3 -DwarningAsError=true -o /private/tmp/tnlean-source-resource-integration/artifacts/TNLean/PEPS/Approximation/OwnerOutputCoordinates.olean TNLean/PEPS/Approximation/OwnerOutputCoordinates.lean
Exit code: 0
Elapsed seconds: 3.211
Artifact SHA256: 0b45fd8765f852e3fa46db77c9275a7fbad447071a2906b5f9fa71832b9f0d9b
Diagnostics: none.

Source: TNLean/PEPS/Approximation/SeparatedOutputCoordinates.lean
Source SHA256: 757af6671d6635b92ebb5587cb31c1aba65003d388f777229ee5dedb52f3d0ce
Working directory: /Users/siruilu/Local/agentFormalization/TNLean/worktrees/peps-source-resource-integration
Command: /Users/siruilu/.elan/toolchains/leanprover--lean4---v4.35.0-rc3/bin/lean -Dpp.unicode.fun=true -DrelaxedAutoImplicit=false -Dlinter.mathlibStandardSet=true -DmaxSynthPendingDepth=3 -DwarningAsError=true -o /private/tmp/tnlean-source-resource-integration/artifacts/TNLean/PEPS/Approximation/SeparatedOutputCoordinates.olean TNLean/PEPS/Approximation/SeparatedOutputCoordinates.lean
Exit code: 0
Elapsed seconds: 4.245
Artifact SHA256: f6661a44dce255d0483bd31c88b31d1f01e2265e3eee9735f58808bc7f341fde
Diagnostics: none.

Source: TNLean/PEPS/Approximation/SourceCircuitResourceBounds.lean
Source SHA256: 77ebce07a185226e77d1da6db5aa0f434581cb33699ba998c8dc10bb6fad3d9f
Working directory: /Users/siruilu/Local/agentFormalization/TNLean/worktrees/peps-source-resource-integration
Command: /Users/siruilu/.elan/toolchains/leanprover--lean4---v4.35.0-rc3/bin/lean -Dpp.unicode.fun=true -DrelaxedAutoImplicit=false -Dlinter.mathlibStandardSet=true -DmaxSynthPendingDepth=3 -DwarningAsError=true -o /private/tmp/tnlean-source-resource-integration/artifacts/TNLean/PEPS/Approximation/SourceCircuitResourceBounds.olean TNLean/PEPS/Approximation/SourceCircuitResourceBounds.lean
Exit code: 0
Elapsed seconds: 3.445
Artifact SHA256: 8743c8ecd6cc3074d17befb68fd578b57ccfb7771fe6e44a5311377ff26dff03
Diagnostics: none.

Source: TNLean/PEPS/Approximation/SourceSlotMaps.lean
Source SHA256: db3510c999538406e763812eb7a3b2b8aa947fc4c4b8c431642bb99bf7e0a99f
Working directory: /Users/siruilu/Local/agentFormalization/TNLean/worktrees/peps-source-resource-integration
Command: /Users/siruilu/.elan/toolchains/leanprover--lean4---v4.35.0-rc3/bin/lean -Dpp.unicode.fun=true -DrelaxedAutoImplicit=false -Dlinter.mathlibStandardSet=true -DmaxSynthPendingDepth=3 -DwarningAsError=true -o /private/tmp/tnlean-source-resource-integration/artifacts/TNLean/PEPS/Approximation/SourceSlotMaps.olean TNLean/PEPS/Approximation/SourceSlotMaps.lean
Exit code: 0
Elapsed seconds: 3.894
Artifact SHA256: 5d06b164b14168bbeb6d70fc04ea6d43b223aa7cb20daab9b16571b83cde5b98
Diagnostics: none.

Source: TNLean/PEPS/Approximation/SourceFrameMatrix.lean
Source SHA256: 369d51ac2a6c509b7d842354c26ddd0e75d43ce56407ee2aed9054f9d7db7e2f
Working directory: /Users/siruilu/Local/agentFormalization/TNLean/worktrees/peps-source-resource-integration
Command: /Users/siruilu/.elan/toolchains/leanprover--lean4---v4.35.0-rc3/bin/lean -Dpp.unicode.fun=true -DrelaxedAutoImplicit=false -Dlinter.mathlibStandardSet=true -DmaxSynthPendingDepth=3 -DwarningAsError=true -o /private/tmp/tnlean-source-resource-integration/artifacts/TNLean/PEPS/Approximation/SourceFrameMatrix.olean TNLean/PEPS/Approximation/SourceFrameMatrix.lean
Exit code: 0
Elapsed seconds: 2.963
Artifact SHA256: 1a8363e35b915f8d2a5e02e7f340a526ccfc0850c7260e06d61f1adfe9883366
Diagnostics: none.

Source: TNLean/PEPS/Approximation/WordSelectivePartition.lean
Source SHA256: 1bf5a6588df0b28036524462f0c41ddfd6707eb3f72176e829f69563845c5661
Working directory: /Users/siruilu/Local/agentFormalization/TNLean/worktrees/peps-source-resource-integration
Command: /Users/siruilu/.elan/toolchains/leanprover--lean4---v4.35.0-rc3/bin/lean -Dpp.unicode.fun=true -DrelaxedAutoImplicit=false -Dlinter.mathlibStandardSet=true -DmaxSynthPendingDepth=3 -DwarningAsError=true -o /private/tmp/tnlean-source-resource-integration/artifacts/TNLean/PEPS/Approximation/WordSelectivePartition.olean TNLean/PEPS/Approximation/WordSelectivePartition.lean
Exit code: 0
Elapsed seconds: 13.132
Artifact SHA256: ad11a121f02019def098e8f3af378dcfb28232ead4ebed8562bf67df446bef78
Diagnostics: none.

Source: TNLean/PEPS/Approximation.lean
Source SHA256: a7ea79366f3492a99c37b851f55e9b09d8e1038cbd62286a3411cf4a3e38844f
Working directory: /Users/siruilu/Local/agentFormalization/TNLean/worktrees/peps-source-resource-integration
Command: /Users/siruilu/.elan/toolchains/leanprover--lean4---v4.35.0-rc3/bin/lean -Dpp.unicode.fun=true -DrelaxedAutoImplicit=false -Dlinter.mathlibStandardSet=true -DmaxSynthPendingDepth=3 -DwarningAsError=true -o /private/tmp/tnlean-source-resource-integration/artifacts/TNLean/PEPS/Approximation.olean TNLean/PEPS/Approximation.lean
Exit code: 0
Elapsed seconds: 4.322
Artifact SHA256: a40f81829cc23f98db145cab84f0247111bafb0ed4acda1b4e5b72915ffbdead
Diagnostics: none.

Source: TNLean/PEPS.lean
Source SHA256: 55514d8b59105f8da498f59432ef8dfcbe9e9817a8208b14457fade89da7f9dc
Working directory: /Users/siruilu/Local/agentFormalization/TNLean/worktrees/peps-source-resource-integration
Command: /Users/siruilu/.elan/toolchains/leanprover--lean4---v4.35.0-rc3/bin/lean -Dpp.unicode.fun=true -DrelaxedAutoImplicit=false -Dlinter.mathlibStandardSet=true -DmaxSynthPendingDepth=3 -DwarningAsError=true -o /private/tmp/tnlean-source-resource-integration/artifacts/TNLean/PEPS.olean TNLean/PEPS.lean
Exit code: 0
Elapsed seconds: 20.09
Artifact SHA256: c6f79e4a1aaa87e1c579c4c53a2a14562f3e07693b021b1c93d85f7829c8a886
Diagnostics: none.

Source: TNLean.lean
Source SHA256: 9ab4dd293ef89b70bc7d650db97440837a42c4852f1fb5282925372e551f754a
Working directory: /Users/siruilu/Local/agentFormalization/TNLean/worktrees/peps-source-resource-integration
Command: /Users/siruilu/.elan/toolchains/leanprover--lean4---v4.35.0-rc3/bin/lean -Dpp.unicode.fun=true -DrelaxedAutoImplicit=false -Dlinter.mathlibStandardSet=true -DmaxSynthPendingDepth=3 -DwarningAsError=true -o /private/tmp/tnlean-source-resource-integration/artifacts/TNLean.olean TNLean.lean
Exit code: 0
Elapsed seconds: 9.391
Artifact SHA256: 13feb03b79b5ffe20ba84f7e204f98432260c51cf4e1022af29b9de224bdd0e4
Diagnostics: none.
