Direct Lean checks with the package options and warnings as errors.
Source revision: 5547d32efa79b3b18150eb07be2bfcda4a68f79a
Scope: complete affected 27-module TNLean import closure; no local Lake build.
LEAN_PATH=/Users/siruilu/.elan/toolchains/leanprover--lean4---v4.35.0-rc3/lib/lean:/private/tmp/tnlean-source-physical/artifacts:/private/tmp/tnlean-artifact-recovery-20261008/gaussian/artifacts

Source: TNLean/PEPS/Approximation/GaussianSourceIntegrability.lean
Source SHA256: 6b7b8883b7b6c6731c98b18afa210244135cdfddadcc37c807f2b2da2a147879
Working directory: /Users/siruilu/Local/agentFormalization/TNLean/worktrees/peps-source-physical
Command: /Users/siruilu/.elan/toolchains/leanprover--lean4---v4.35.0-rc3/bin/lean -Dpp.unicode.fun=true -DrelaxedAutoImplicit=false -Dlinter.mathlibStandardSet=true -DmaxSynthPendingDepth=3 -DwarningAsError=true -o /private/tmp/tnlean-source-physical/artifacts/TNLean/PEPS/Approximation/GaussianSourceIntegrability.olean TNLean/PEPS/Approximation/GaussianSourceIntegrability.lean
Exit code: 0
Elapsed seconds: 4.73
Artifact SHA256: 46d0e5a59a5aba9807304aba2fa0aea1027e463ef7ef7700821fa23afb9ee5e4
Diagnostics: none.

Source: TNLean/PEPS/Approximation/PartyPartitionAppend.lean
Source SHA256: 2c3807aab3bb15021f7ce4911c0004eceb5d7bcc49953cde990cad9f985e5279
Working directory: /Users/siruilu/Local/agentFormalization/TNLean/worktrees/peps-source-physical
Command: /Users/siruilu/.elan/toolchains/leanprover--lean4---v4.35.0-rc3/bin/lean -Dpp.unicode.fun=true -DrelaxedAutoImplicit=false -Dlinter.mathlibStandardSet=true -DmaxSynthPendingDepth=3 -DwarningAsError=true -o /private/tmp/tnlean-source-physical/artifacts/TNLean/PEPS/Approximation/PartyPartitionAppend.olean TNLean/PEPS/Approximation/PartyPartitionAppend.lean
Exit code: 0
Elapsed seconds: 4.347
Artifact SHA256: e5bf59d65fb57577eea735b39623cba0e15c1967c5b2bc01ef2b6c7fa504aa4c
Diagnostics: none.

Source: TNLean/PEPS/Approximation/PhysicalOutputContraction.lean
Source SHA256: 54ed5ca9ec33b6551929d1e81acda6c5636883e73b78b07fc2d1751323a46180
Working directory: /Users/siruilu/Local/agentFormalization/TNLean/worktrees/peps-source-physical
Command: /Users/siruilu/.elan/toolchains/leanprover--lean4---v4.35.0-rc3/bin/lean -Dpp.unicode.fun=true -DrelaxedAutoImplicit=false -Dlinter.mathlibStandardSet=true -DmaxSynthPendingDepth=3 -DwarningAsError=true -o /private/tmp/tnlean-source-physical/artifacts/TNLean/PEPS/Approximation/PhysicalOutputContraction.olean TNLean/PEPS/Approximation/PhysicalOutputContraction.lean
Exit code: 0
Elapsed seconds: 5.099
Artifact SHA256: 1febbf20a4ea20240f26cbf4eb136d4cb4c43c29b9c22697c574f481c0516f80
Diagnostics: none.

Source: TNLean/PEPS/Approximation/PreparedMatrixNorm.lean
Source SHA256: 129f64acdbdd479474d901313b08f71d9ae2ef15e30602f903065bebdf865819
Working directory: /Users/siruilu/Local/agentFormalization/TNLean/worktrees/peps-source-physical
Command: /Users/siruilu/.elan/toolchains/leanprover--lean4---v4.35.0-rc3/bin/lean -Dpp.unicode.fun=true -DrelaxedAutoImplicit=false -Dlinter.mathlibStandardSet=true -DmaxSynthPendingDepth=3 -DwarningAsError=true -o /private/tmp/tnlean-source-physical/artifacts/TNLean/PEPS/Approximation/PreparedMatrixNorm.olean TNLean/PEPS/Approximation/PreparedMatrixNorm.lean
Exit code: 0
Elapsed seconds: 3.406
Artifact SHA256: 2a9f3000e3e9e7b611af222b9245ac207e619c36e1808630c7f5dd3e739f7812
Diagnostics: none.

Source: TNLean/PEPS/Approximation/PreparedSourceVectorDensity.lean
Source SHA256: ed43c92f067acfec73f034d98b5f4bd3f9cfcbc81fd6adb6066ccb1988a64255
Working directory: /Users/siruilu/Local/agentFormalization/TNLean/worktrees/peps-source-physical
Command: /Users/siruilu/.elan/toolchains/leanprover--lean4---v4.35.0-rc3/bin/lean -Dpp.unicode.fun=true -DrelaxedAutoImplicit=false -Dlinter.mathlibStandardSet=true -DmaxSynthPendingDepth=3 -DwarningAsError=true -o /private/tmp/tnlean-source-physical/artifacts/TNLean/PEPS/Approximation/PreparedSourceVectorDensity.olean TNLean/PEPS/Approximation/PreparedSourceVectorDensity.lean
Exit code: 0
Elapsed seconds: 2.93
Artifact SHA256: e3d1450b27d4ae26158ca349a6e706167ec24e4a92c1e6a60c065ae8bf5401ec
Diagnostics: none.

Source: TNLean/PEPS/Approximation/SourceCircuitLifetime.lean
Source SHA256: 1fe762e5f3896e107a9089e3c92124a54ad643c20b28f94909721422065f91ea
Working directory: /Users/siruilu/Local/agentFormalization/TNLean/worktrees/peps-source-physical
Command: /Users/siruilu/.elan/toolchains/leanprover--lean4---v4.35.0-rc3/bin/lean -Dpp.unicode.fun=true -DrelaxedAutoImplicit=false -Dlinter.mathlibStandardSet=true -DmaxSynthPendingDepth=3 -DwarningAsError=true -o /private/tmp/tnlean-source-physical/artifacts/TNLean/PEPS/Approximation/SourceCircuitLifetime.olean TNLean/PEPS/Approximation/SourceCircuitLifetime.lean
Exit code: 0
Elapsed seconds: 2.79
Artifact SHA256: 4d736698f3940f987197be84c93b5c9572a81d42815e5af78bdab6747255ff13
Diagnostics: none.

Source: TNLean/PEPS/Approximation/SourcePhysicalBasisInvariance.lean
Source SHA256: ed200b777d386f70d72f0d82d5984a9c51191fa7a7cc5bbf4ff5a1ba87a4f3d7
Working directory: /Users/siruilu/Local/agentFormalization/TNLean/worktrees/peps-source-physical
Command: /Users/siruilu/.elan/toolchains/leanprover--lean4---v4.35.0-rc3/bin/lean -Dpp.unicode.fun=true -DrelaxedAutoImplicit=false -Dlinter.mathlibStandardSet=true -DmaxSynthPendingDepth=3 -DwarningAsError=true -o /private/tmp/tnlean-source-physical/artifacts/TNLean/PEPS/Approximation/SourcePhysicalBasisInvariance.olean TNLean/PEPS/Approximation/SourcePhysicalBasisInvariance.lean
Exit code: 0
Elapsed seconds: 2.942
Artifact SHA256: f23cecab5725f3f6fa567fba443e1122f4c420b34b5607813f2bc7a0e1e96adc
Diagnostics: none.

Source: TNLean/PEPS/Approximation/SourceSamplingCount.lean
Source SHA256: 245fade61f80db0c9cd8da2db733d2905f2b16ba852d52bcdd2507af50e5308e
Working directory: /Users/siruilu/Local/agentFormalization/TNLean/worktrees/peps-source-physical
Command: /Users/siruilu/.elan/toolchains/leanprover--lean4---v4.35.0-rc3/bin/lean -Dpp.unicode.fun=true -DrelaxedAutoImplicit=false -Dlinter.mathlibStandardSet=true -DmaxSynthPendingDepth=3 -DwarningAsError=true -o /private/tmp/tnlean-source-physical/artifacts/TNLean/PEPS/Approximation/SourceSamplingCount.olean TNLean/PEPS/Approximation/SourceSamplingCount.lean
Exit code: 0
Elapsed seconds: 2.707
Artifact SHA256: 796a7fde65cac400bdfdaaacef635ca3aa4ab917ac173444eb3dc6edb235d2d3
Diagnostics: none.

Source: TNLean/QICLeanInterface.lean
Source SHA256: 6f8b2f1594d55d97d7f47bcae88201ae9c574bee5114dacf933affae1e861823
Working directory: /Users/siruilu/Local/agentFormalization/TNLean/worktrees/peps-source-physical
Command: /Users/siruilu/.elan/toolchains/leanprover--lean4---v4.35.0-rc3/bin/lean -Dpp.unicode.fun=true -DrelaxedAutoImplicit=false -Dlinter.mathlibStandardSet=true -DmaxSynthPendingDepth=3 -DwarningAsError=true -o /private/tmp/tnlean-source-physical/artifacts/TNLean/QICLeanInterface.olean TNLean/QICLeanInterface.lean
Exit code: 0
Elapsed seconds: 21.045
Artifact SHA256: 2459cc03093c5bfd110105f855cc360ae0f6282281966eea59c0ca7cc39d7b64
Diagnostics: none.

Source: TNLean/PEPS/Approximation/ActualSourceGateDensity.lean
Source SHA256: ff87a9c037e712faad674e17f1e05e27605bd65ca1e12499e0ac8fde10b1de22
Working directory: /Users/siruilu/Local/agentFormalization/TNLean/worktrees/peps-source-physical
Command: /Users/siruilu/.elan/toolchains/leanprover--lean4---v4.35.0-rc3/bin/lean -Dpp.unicode.fun=true -DrelaxedAutoImplicit=false -Dlinter.mathlibStandardSet=true -DmaxSynthPendingDepth=3 -DwarningAsError=true -o /private/tmp/tnlean-source-physical/artifacts/TNLean/PEPS/Approximation/ActualSourceGateDensity.olean TNLean/PEPS/Approximation/ActualSourceGateDensity.lean
Exit code: 0
Elapsed seconds: 4.142
Artifact SHA256: e3a9f5977abe7023c29dff30b849640d267ae6f62ce3bc69224430efbfbd56db
Diagnostics: none.

Source: TNLean/PEPS/Approximation/CorrectedSourcePartition.lean
Source SHA256: d491065c28dfedd59d4ae6d7e0452b9f5ef88334114fac7557de56607a376773
Working directory: /Users/siruilu/Local/agentFormalization/TNLean/worktrees/peps-source-physical
Command: /Users/siruilu/.elan/toolchains/leanprover--lean4---v4.35.0-rc3/bin/lean -Dpp.unicode.fun=true -DrelaxedAutoImplicit=false -Dlinter.mathlibStandardSet=true -DmaxSynthPendingDepth=3 -DwarningAsError=true -o /private/tmp/tnlean-source-physical/artifacts/TNLean/PEPS/Approximation/CorrectedSourcePartition.olean TNLean/PEPS/Approximation/CorrectedSourcePartition.lean
Exit code: 0
Elapsed seconds: 3.609
Artifact SHA256: 91f2bde2d027fb621b97e25b3f47ed6856d29d5136fe62c3ea11f19f20d8b5cd
Diagnostics: none.

Source: TNLean/PEPS/Approximation/ExteriorSourceContraction.lean
Source SHA256: fcc08bc8d4c52e8e0689f2566c393cb9ae984fd2faa50fb073272f65ab746745
Working directory: /Users/siruilu/Local/agentFormalization/TNLean/worktrees/peps-source-physical
Command: /Users/siruilu/.elan/toolchains/leanprover--lean4---v4.35.0-rc3/bin/lean -Dpp.unicode.fun=true -DrelaxedAutoImplicit=false -Dlinter.mathlibStandardSet=true -DmaxSynthPendingDepth=3 -DwarningAsError=true -o /private/tmp/tnlean-source-physical/artifacts/TNLean/PEPS/Approximation/ExteriorSourceContraction.olean TNLean/PEPS/Approximation/ExteriorSourceContraction.lean
Exit code: 0
Elapsed seconds: 3.428
Artifact SHA256: f598645c73f9e6b57043a5a45489472e00339170739910d71dbfa050705e716a
Diagnostics: none.

Source: TNLean/PEPS/Approximation/SourceBlockMatrix.lean
Source SHA256: 68e1bd54c200e5cb73c7e4aacb349f6c6d03c4e4bdec94739705ba1a96fb53de
Working directory: /Users/siruilu/Local/agentFormalization/TNLean/worktrees/peps-source-physical
Command: /Users/siruilu/.elan/toolchains/leanprover--lean4---v4.35.0-rc3/bin/lean -Dpp.unicode.fun=true -DrelaxedAutoImplicit=false -Dlinter.mathlibStandardSet=true -DmaxSynthPendingDepth=3 -DwarningAsError=true -o /private/tmp/tnlean-source-physical/artifacts/TNLean/PEPS/Approximation/SourceBlockMatrix.olean TNLean/PEPS/Approximation/SourceBlockMatrix.lean
Exit code: 0
Elapsed seconds: 5.229
Artifact SHA256: 1cc263d78ff2554dc6cb4999bd1d60d4f8bd35b049ac6787128971c26bee0765
Diagnostics: none.

Source: TNLean/PEPS/Approximation/SourceGaussianMoments.lean
Source SHA256: f00d8f1e7a4c460c288c8631398fa272c6da9c5667a58bbef1246c7b9b317c3f
Working directory: /Users/siruilu/Local/agentFormalization/TNLean/worktrees/peps-source-physical
Command: /Users/siruilu/.elan/toolchains/leanprover--lean4---v4.35.0-rc3/bin/lean -Dpp.unicode.fun=true -DrelaxedAutoImplicit=false -Dlinter.mathlibStandardSet=true -DmaxSynthPendingDepth=3 -DwarningAsError=true -o /private/tmp/tnlean-source-physical/artifacts/TNLean/PEPS/Approximation/SourceGaussianMoments.olean TNLean/PEPS/Approximation/SourceGaussianMoments.lean
Exit code: 0
Elapsed seconds: 3.929
Artifact SHA256: b1056f4a8ecb2546df73f754f1aedb20c2c3c2b8b943e4fb70f5a391b1abf1ec
Diagnostics: none.

Source: TNLean/PEPS/Approximation/SourceGaussianVectorDensity.lean
Source SHA256: 41077668cfca54b49e676b4935e2493f34be44cb039b41ce7045c36a016b0e3c
Working directory: /Users/siruilu/Local/agentFormalization/TNLean/worktrees/peps-source-physical
Command: /Users/siruilu/.elan/toolchains/leanprover--lean4---v4.35.0-rc3/bin/lean -Dpp.unicode.fun=true -DrelaxedAutoImplicit=false -Dlinter.mathlibStandardSet=true -DmaxSynthPendingDepth=3 -DwarningAsError=true -o /private/tmp/tnlean-source-physical/artifacts/TNLean/PEPS/Approximation/SourceGaussianVectorDensity.olean TNLean/PEPS/Approximation/SourceGaussianVectorDensity.lean
Exit code: 0
Elapsed seconds: 7.169
Artifact SHA256: 82a10f9f4e7614575f7dd42310d1c4575d9bcf6131e1924ea66cbefe6a18d442
Diagnostics: none.

Source: TNLean/PEPS/Approximation/SourceFrameMatrix.lean
Source SHA256: 369d51ac2a6c509b7d842354c26ddd0e75d43ce56407ee2aed9054f9d7db7e2f
Working directory: /Users/siruilu/Local/agentFormalization/TNLean/worktrees/peps-source-physical
Command: /Users/siruilu/.elan/toolchains/leanprover--lean4---v4.35.0-rc3/bin/lean -Dpp.unicode.fun=true -DrelaxedAutoImplicit=false -Dlinter.mathlibStandardSet=true -DmaxSynthPendingDepth=3 -DwarningAsError=true -o /private/tmp/tnlean-source-physical/artifacts/TNLean/PEPS/Approximation/SourceFrameMatrix.olean TNLean/PEPS/Approximation/SourceFrameMatrix.lean
Exit code: 0
Elapsed seconds: 3.15
Artifact SHA256: 1a8363e35b915f8d2a5e02e7f340a526ccfc0850c7260e06d61f1adfe9883366
Diagnostics: none.

Source: TNLean/PEPS/Approximation/SourceGaussianPhysicalIntegrability.lean
Source SHA256: 19598f5b367b35d8ecf348adb958f381b38f34976405758f54d4bd9c8a114840
Working directory: /Users/siruilu/Local/agentFormalization/TNLean/worktrees/peps-source-physical
Command: /Users/siruilu/.elan/toolchains/leanprover--lean4---v4.35.0-rc3/bin/lean -Dpp.unicode.fun=true -DrelaxedAutoImplicit=false -Dlinter.mathlibStandardSet=true -DmaxSynthPendingDepth=3 -DwarningAsError=true -o /private/tmp/tnlean-source-physical/artifacts/TNLean/PEPS/Approximation/SourceGaussianPhysicalIntegrability.olean TNLean/PEPS/Approximation/SourceGaussianPhysicalIntegrability.lean
Exit code: 0
Elapsed seconds: 4.109
Artifact SHA256: 30eb2d9e2b3b412a7c1e2b08cb746a595991c2a12358c620091b42e249d11c0b
Diagnostics: none.

Source: TNLean/PEPS/Approximation/WeightedPhysicalSource.lean
Source SHA256: 74693d7684d5a3e67642e6a55e2b99f90cd2c246e0f3100228fa1f917453e5dc
Working directory: /Users/siruilu/Local/agentFormalization/TNLean/worktrees/peps-source-physical
Command: /Users/siruilu/.elan/toolchains/leanprover--lean4---v4.35.0-rc3/bin/lean -Dpp.unicode.fun=true -DrelaxedAutoImplicit=false -Dlinter.mathlibStandardSet=true -DmaxSynthPendingDepth=3 -DwarningAsError=true -o /private/tmp/tnlean-source-physical/artifacts/TNLean/PEPS/Approximation/WeightedPhysicalSource.olean TNLean/PEPS/Approximation/WeightedPhysicalSource.lean
Exit code: 0
Elapsed seconds: 7.686
Artifact SHA256: 508cf4ca69b7c866dfa4fd84b73a24d1c9192b641283413ad759e378cedd8281
Diagnostics: none.

Source: TNLean/PEPS/Approximation/GaussianPhysicalSource.lean
Source SHA256: 5021a8b7672c54b5180787ae482730cca650d589e28ba3c583abf4db6af4f20c
Working directory: /Users/siruilu/Local/agentFormalization/TNLean/worktrees/peps-source-physical
Command: /Users/siruilu/.elan/toolchains/leanprover--lean4---v4.35.0-rc3/bin/lean -Dpp.unicode.fun=true -DrelaxedAutoImplicit=false -Dlinter.mathlibStandardSet=true -DmaxSynthPendingDepth=3 -DwarningAsError=true -o /private/tmp/tnlean-source-physical/artifacts/TNLean/PEPS/Approximation/GaussianPhysicalSource.olean TNLean/PEPS/Approximation/GaussianPhysicalSource.lean
Exit code: 0
Elapsed seconds: 4.757
Artifact SHA256: cb45ca55ca5b79d86383936e3327d15e758b8a1a9b5422949c14f483227d9bb5
Diagnostics: none.

Source: TNLean/PEPS/Approximation/SeparatedSchmidtOutput.lean
Source SHA256: c7f1e2c98e855cc97a69ab4ee29e3651541757e8cb0aa20c011467c23f2bc0f3
Working directory: /Users/siruilu/Local/agentFormalization/TNLean/worktrees/peps-source-physical
Command: /Users/siruilu/.elan/toolchains/leanprover--lean4---v4.35.0-rc3/bin/lean -Dpp.unicode.fun=true -DrelaxedAutoImplicit=false -Dlinter.mathlibStandardSet=true -DmaxSynthPendingDepth=3 -DwarningAsError=true -o /private/tmp/tnlean-source-physical/artifacts/TNLean/PEPS/Approximation/SeparatedSchmidtOutput.olean TNLean/PEPS/Approximation/SeparatedSchmidtOutput.lean
Exit code: 0
Elapsed seconds: 4.544
Artifact SHA256: 5bbd375c306f5483f44975ad6fd71064356c8aacab4137ca5c498a89b29b85af
Diagnostics: none.

Source: TNLean/PEPS/Approximation/SourceGaussianBranchDensity.lean
Source SHA256: c1d1bd1e524fde2cbfd7e687136e5471b72fd505628e871a6ba937403868dcea
Working directory: /Users/siruilu/Local/agentFormalization/TNLean/worktrees/peps-source-physical
Command: /Users/siruilu/.elan/toolchains/leanprover--lean4---v4.35.0-rc3/bin/lean -Dpp.unicode.fun=true -DrelaxedAutoImplicit=false -Dlinter.mathlibStandardSet=true -DmaxSynthPendingDepth=3 -DwarningAsError=true -o /private/tmp/tnlean-source-physical/artifacts/TNLean/PEPS/Approximation/SourceGaussianBranchDensity.olean TNLean/PEPS/Approximation/SourceGaussianBranchDensity.lean
Exit code: 0
Elapsed seconds: 4.093
Artifact SHA256: 58964ac2508af910f66149324278b4af8554ee40e369e5394cfdf5e38c7885bf
Diagnostics: none.

Source: TNLean/PEPS/Approximation/SeparatedPhysicalDensity.lean
Source SHA256: fdfa07daa9aa8adbadca417a8112c25f8126e2805da16f61531c1ec204cc54a8
Working directory: /Users/siruilu/Local/agentFormalization/TNLean/worktrees/peps-source-physical
Command: /Users/siruilu/.elan/toolchains/leanprover--lean4---v4.35.0-rc3/bin/lean -Dpp.unicode.fun=true -DrelaxedAutoImplicit=false -Dlinter.mathlibStandardSet=true -DmaxSynthPendingDepth=3 -DwarningAsError=true -o /private/tmp/tnlean-source-physical/artifacts/TNLean/PEPS/Approximation/SeparatedPhysicalDensity.olean TNLean/PEPS/Approximation/SeparatedPhysicalDensity.lean
Exit code: 0
Elapsed seconds: 4.607
Artifact SHA256: 471929259ae1ec20c3bdc0884659be7860dcaa66317c7abbb267f53ca78172e6
Diagnostics: none.

Source: TNLean/PEPS/Approximation/SourceGaussianBranchReindex.lean
Source SHA256: 40845e88c1554378adf4e0288e910c783d2871fc9a530cc4fc12c4e9fbd292d0
Working directory: /Users/siruilu/Local/agentFormalization/TNLean/worktrees/peps-source-physical
Command: /Users/siruilu/.elan/toolchains/leanprover--lean4---v4.35.0-rc3/bin/lean -Dpp.unicode.fun=true -DrelaxedAutoImplicit=false -Dlinter.mathlibStandardSet=true -DmaxSynthPendingDepth=3 -DwarningAsError=true -o /private/tmp/tnlean-source-physical/artifacts/TNLean/PEPS/Approximation/SourceGaussianBranchReindex.olean TNLean/PEPS/Approximation/SourceGaussianBranchReindex.lean
Exit code: 0
Elapsed seconds: 3.694
Artifact SHA256: c0521f31e43aa47130ab398f2dfbb172d1968f253a904f6fc850caf56f4705d7
Diagnostics: none.

Source: TNLean/PEPS/Approximation/GaussianSeparatedPhysicalDensity.lean
Source SHA256: 9697eb2c9117bed7d5dbc5bcf8c858aec5746733d953c146be61c2c168c688c5
Working directory: /Users/siruilu/Local/agentFormalization/TNLean/worktrees/peps-source-physical
Command: /Users/siruilu/.elan/toolchains/leanprover--lean4---v4.35.0-rc3/bin/lean -Dpp.unicode.fun=true -DrelaxedAutoImplicit=false -Dlinter.mathlibStandardSet=true -DmaxSynthPendingDepth=3 -DwarningAsError=true -o /private/tmp/tnlean-source-physical/artifacts/TNLean/PEPS/Approximation/GaussianSeparatedPhysicalDensity.olean TNLean/PEPS/Approximation/GaussianSeparatedPhysicalDensity.lean
Exit code: 0
Elapsed seconds: 7.373
Artifact SHA256: 3fbcaddbcea761443b4477e8025c8c6d9f5d7a27bae34e052a13e4f511e64e95
Diagnostics: none.

Source: TNLean/PEPS/Approximation.lean
Source SHA256: 88d076a93ae0c0f40f49501c360e4677d8af6d323049993d02d95129ca947bee
Working directory: /Users/siruilu/Local/agentFormalization/TNLean/worktrees/peps-source-physical
Command: /Users/siruilu/.elan/toolchains/leanprover--lean4---v4.35.0-rc3/bin/lean -Dpp.unicode.fun=true -DrelaxedAutoImplicit=false -Dlinter.mathlibStandardSet=true -DmaxSynthPendingDepth=3 -DwarningAsError=true -o /private/tmp/tnlean-source-physical/artifacts/TNLean/PEPS/Approximation.olean TNLean/PEPS/Approximation.lean
Exit code: 0
Elapsed seconds: 5.371
Artifact SHA256: 35dab19edafe19e00a86d3a75a59011d489377fc78415cf2bdc712cfd1272ce9
Diagnostics: none.

Source: TNLean/PEPS.lean
Source SHA256: 55514d8b59105f8da498f59432ef8dfcbe9e9817a8208b14457fade89da7f9dc
Working directory: /Users/siruilu/Local/agentFormalization/TNLean/worktrees/peps-source-physical
Command: /Users/siruilu/.elan/toolchains/leanprover--lean4---v4.35.0-rc3/bin/lean -Dpp.unicode.fun=true -DrelaxedAutoImplicit=false -Dlinter.mathlibStandardSet=true -DmaxSynthPendingDepth=3 -DwarningAsError=true -o /private/tmp/tnlean-source-physical/artifacts/TNLean/PEPS.olean TNLean/PEPS.lean
Exit code: 0
Elapsed seconds: 27.348
Artifact SHA256: c6f79e4a1aaa87e1c579c4c53a2a14562f3e07693b021b1c93d85f7829c8a886
Diagnostics: none.

Source: TNLean.lean
Source SHA256: 9ab4dd293ef89b70bc7d650db97440837a42c4852f1fb5282925372e551f754a
Working directory: /Users/siruilu/Local/agentFormalization/TNLean/worktrees/peps-source-physical
Command: /Users/siruilu/.elan/toolchains/leanprover--lean4---v4.35.0-rc3/bin/lean -Dpp.unicode.fun=true -DrelaxedAutoImplicit=false -Dlinter.mathlibStandardSet=true -DmaxSynthPendingDepth=3 -DwarningAsError=true -o /private/tmp/tnlean-source-physical/artifacts/TNLean.olean TNLean.lean
Exit code: 0
Elapsed seconds: 12.31
Artifact SHA256: 13feb03b79b5ffe20ba84f7e204f98432260c51cf4e1022af29b9de224bdd0e4
Diagnostics: none.
