Source revision: 2609edd456a91c7d5b34e23b0b8a7e3d8626f54f
Working directory: /tmp
Command: /Users/siruilu/.elan/toolchains/leanprover--lean4---v4.35.0-rc3/bin/lean -Dpp.unicode.fun=true -DrelaxedAutoImplicit=false -Dlinter.mathlibStandardSet=true -DmaxSynthPendingDepth=3 -DwarningAsError=true /tmp/tnlean-party-coarsening/final-verification-20261007/AllAxioms.lean
Exit code: 0

'TNLean.PEPS.PairEffect.Layout.mapOwner' depends on axioms: [propext, Classical.choice, Quot.sound]
'TNLean.PEPS.PairEffect.Layout.mapOwner_nil' depends on axioms: [propext, Classical.choice, Quot.sound]
'TNLean.PEPS.PairEffect.Layout.mapOwner_cons' depends on axioms: [propext, Classical.choice, Quot.sound]
'TNLean.PEPS.PairEffect.Layout.mapOwner_append' depends on axioms: [propext, Classical.choice, Quot.sound]
'TNLean.PEPS.PairEffect.Layout.mapOwnerIso' depends on axioms: [propext, Classical.choice, Quot.sound]
'TNLean.PEPS.PairEffect.Layout.mapOwnerIso_nil_apply' depends on axioms: [propext, Classical.choice, Quot.sound]
'TNLean.PEPS.PairEffect.Layout.mapOwnerIso_cons_tmul' depends on axioms: [propext, Classical.choice, Quot.sound]
'TNLean.PEPS.PairEffect.Layout.mapOwnerIso_append_tmul' depends on axioms: [propext, Classical.choice, Quot.sound]
'TNLean.PEPS.PairEffect.Layout.mapOwnerIso_append' depends on axioms: [propext, Classical.choice, Quot.sound]
'TNLean.PEPS.PairEffect.PairSource.mapOwner' depends on axioms: [propext, Classical.choice, Quot.sound]
'TNLean.PEPS.PairEffect.SourceInventory.mapOwner' depends on axioms: [propext, Classical.choice, Quot.sound]
'TNLean.PEPS.PairEffect.SourceInventory.mapOwner_nil' depends on axioms: [propext, Classical.choice, Quot.sound]
'TNLean.PEPS.PairEffect.SourceInventory.mapOwner_cons' depends on axioms: [propext, Classical.choice, Quot.sound]
'TNLean.PEPS.PairEffect.SourceInventory.mapOwner_append' depends on axioms: [propext, Classical.choice, Quot.sound]
'TNLean.PEPS.PairEffect.SourceInventory.mem_mapOwner' depends on axioms: [propext, Classical.choice, Quot.sound]
'TNLean.PEPS.PairEffect.SourceInventory.IsNormalized.mapOwner' depends on axioms: [propext,
 Classical.choice,
 Quot.sound]
'TNLean.PEPS.PairEffect.SourceInventory.mapOwner_eq_nil_iff' depends on axioms: [propext, Classical.choice, Quot.sound]
'TNLean.PEPS.PairEffect.SourceInventory.map_partyPair_mapOwner' depends on axioms: [propext,
 Classical.choice,
 Quot.sound]
'TNLean.PEPS.PairEffect.SourceInventory.mem_partyPair_mapOwner' depends on axioms: [propext,
 Classical.choice,
 Quot.sound]
'TNLean.PEPS.PairEffect.Word.localPairSource' depends on axioms: [propext, Classical.choice, Quot.sound]
'TNLean.PEPS.PairEffect.Word.localPairSource_spec' depends on axioms: [propext, Classical.choice, Quot.sound]
'TNLean.PEPS.PairEffect.Word.eval_localPairSource' depends on axioms: [propext, Classical.choice, Quot.sound]
'TNLean.PEPS.PairEffect.Word.mapOwner' depends on axioms: [propext, Classical.choice, Quot.sound]
'TNLean.PEPS.PairEffect.Word.isAllowed_mapOwner' depends on axioms: [propext, Classical.choice, Quot.sound]
'TNLean.PEPS.PairEffect.Word.sources_mapOwner' depends on axioms: [propext, Classical.choice, Quot.sound]
'TNLean.PEPS.PairEffect.Word.eval_mapOwner' depends on axioms: [propext, Classical.choice, Quot.sound]
'TNLean.PEPS.PairEffect.Word.eval_mapOwner_comp' depends on axioms: [propext, Classical.choice, Quot.sound]
'TNLean.PEPS.PairEffect.Word.exists_partition_of_sources_internal' depends on axioms: [propext,
 Classical.choice,
 Quot.sound]
