Actual local run revision: 9d7b066236feef96c100ef6cc0efee1e0414f260
Published source binding: f100492e57388eacc0eb3a02ba6482183e9cf4b0
Command: lake env lean -DautoImplicit=false -DrelaxedAutoImplicit=false -Dpp.unicode.fun=true -DmaxSynthPendingDepth=3 -Dlinter.mathlibStandardSet=true -DwarningAsError=true docs/provenance/evidence/8745/review-fix/axioms.lean
Exit code: 0
Elapsed seconds: 2.5955445610015886
Warning diagnostics: 0
Informational hash-command diagnostics: 43
Binding: checked source and dependency-pin files are byte-identical; this is not a claim of a rerun at the published revision.

'TNLean.PEPS.AreaLaw.card_supportFamily_le_pow_card_erase' depends on axioms: [propext, Classical.choice, Quot.sound]
`#`-commands, such as '#print', are not allowed in 'Mathlib' [linter.hashCommand]
'TNLean.PEPS.AreaLaw.card_supportFamily_le_pow' depends on axioms: [propext, Classical.choice, Quot.sound]
`#`-commands, such as '#print', are not allowed in 'Mathlib' [linter.hashCommand]
'TNLean.PEPS.AreaLaw.sum_supportWeights_containing_le' depends on axioms: [propext, Classical.choice, Quot.sound]
`#`-commands, such as '#print', are not allowed in 'Mathlib' [linter.hashCommand]
'TNLean.PEPS.AreaLaw.sum_supportWeights_meeting_le_sum_siteWeights' depends on axioms: [propext,
 Classical.choice,
 Quot.sound]
`#`-commands, such as '#print', are not allowed in 'Mathlib' [linter.hashCommand]
'TNLean.PEPS.AreaLaw.sum_supportWeights_meeting_le' depends on axioms: [propext, Classical.choice, Quot.sound]
`#`-commands, such as '#print', are not allowed in 'Mathlib' [linter.hashCommand]
'TNLean.PEPS.AreaLaw.interactionChainWeightSum' depends on axioms: [propext, Classical.choice, Quot.sound]
`#`-commands, such as '#print', are not allowed in 'Mathlib' [linter.hashCommand]
'TNLean.PEPS.AreaLaw.interactionChainWeightSum_le_pow' depends on axioms: [propext, Classical.choice, Quot.sound]
`#`-commands, such as '#print', are not allowed in 'Mathlib' [linter.hashCommand]
'TNLean.PEPS.AreaLaw.exists_walk_length_le_sum_of_isChain' depends on axioms: [propext]
`#`-commands, such as '#print', are not allowed in 'Mathlib' [linter.hashCommand]
'TNLean.PEPS.AreaLaw.exists_walk_length_le_mul_of_isChain' depends on axioms: [propext, Quot.sound]
`#`-commands, such as '#print', are not allowed in 'Mathlib' [linter.hashCommand]
'TNLean.PEPS.AreaLaw.edist_le_mul_of_isChain' depends on axioms: [propext, Classical.choice, Quot.sound]
`#`-commands, such as '#print', are not allowed in 'Mathlib' [linter.hashCommand]
'TNLean.PEPS.AreaLaw.reachable_of_isChain' depends on axioms: [propext, Quot.sound]
`#`-commands, such as '#print', are not allowed in 'Mathlib' [linter.hashCommand]
'TNLean.PEPS.AreaLaw.connectedComponent_eq_of_isChain' depends on axioms: [propext, Quot.sound]
`#`-commands, such as '#print', are not allowed in 'Mathlib' [linter.hashCommand]
'TNLean.PEPS.AreaLaw.not_isChain_of_connectedComponent_ne' depends on axioms: [propext, Quot.sound]
`#`-commands, such as '#print', are not allowed in 'Mathlib' [linter.hashCommand]
'TNLean.PEPS.AreaLaw.not_isChain_of_edist_eq_top' depends on axioms: [propext, Classical.choice, Quot.sound]
`#`-commands, such as '#print', are not allowed in 'Mathlib' [linter.hashCommand]
'TNLean.PEPS.AreaLaw.not_isChain_of_mul_lt_edist' depends on axioms: [propext, Classical.choice, Quot.sound]
`#`-commands, such as '#print', are not allowed in 'Mathlib' [linter.hashCommand]
'TNLean.PEPS.AreaLaw.card_support_le_diamond' depends on axioms: [propext, Classical.choice, Quot.sound]
`#`-commands, such as '#print', are not allowed in 'Mathlib' [linter.hashCommand]
'TNLean.PEPS.AreaLaw.card_supports_containing_le_diamond' depends on axioms: [propext, Classical.choice, Quot.sound]
`#`-commands, such as '#print', are not allowed in 'Mathlib' [linter.hashCommand]
'TNLean.PEPS.AreaLaw.sum_supportWeights_containing_le_diamond' depends on axioms: [propext,
 Classical.choice,
 Quot.sound]
`#`-commands, such as '#print', are not allowed in 'Mathlib' [linter.hashCommand]
'TNLean.PEPS.AreaLaw.sum_supportNorms_containing_le_diamond' depends on axioms: [propext, Classical.choice, Quot.sound]
`#`-commands, such as '#print', are not allowed in 'Mathlib' [linter.hashCommand]
'TNLean.PEPS.AreaLaw.interactionChainWeightSum_le_diamond_pow' depends on axioms: [propext,
 Classical.choice,
 Quot.sound]
`#`-commands, such as '#print', are not allowed in 'Mathlib' [linter.hashCommand]
'TNLean.PEPS.AreaLaw.interactionChainWeightSum_norm_le_diamond_pow' depends on axioms: [propext,
 Classical.choice,
 Quot.sound]
`#`-commands, such as '#print', are not allowed in 'Mathlib' [linter.hashCommand]
'TNLean.PEPS.AreaLaw.interactionChainTargetWeightSum_le_exponential' depends on axioms: [propext,
 Classical.choice,
 Quot.sound]
`#`-commands, such as '#print', are not allowed in 'Mathlib' [linter.hashCommand]
'TNLean.PEPS.AreaLaw.interactionChainPropagationSeries' depends on axioms: [propext, Classical.choice, Quot.sound]
`#`-commands, such as '#print', are not allowed in 'Mathlib' [linter.hashCommand]
'TNLean.PEPS.AreaLaw.interactionChainPropagationSeries_summable_and_le' depends on axioms: [propext,
 Classical.choice,
 Quot.sound]
`#`-commands, such as '#print', are not allowed in 'Mathlib' [linter.hashCommand]
'TNLean.PEPS.AreaLaw.interactionChainPropagationSeries_eq_zero_of_edist_eq_top' depends on axioms: [propext,
 Classical.choice,
 Quot.sound]
`#`-commands, such as '#print', are not allowed in 'Mathlib' [linter.hashCommand]
'TNLean.PEPS.AreaLaw.interactionChainTargetWeightSum' depends on axioms: [propext, Classical.choice, Quot.sound]
`#`-commands, such as '#print', are not allowed in 'Mathlib' [linter.hashCommand]
'TNLean.PEPS.AreaLaw.interactionChainTargetWeightSum_nonneg' depends on axioms: [propext, Classical.choice, Quot.sound]
`#`-commands, such as '#print', are not allowed in 'Mathlib' [linter.hashCommand]
'TNLean.PEPS.AreaLaw.interactionChainTargetWeightSum_le' depends on axioms: [propext, Classical.choice, Quot.sound]
`#`-commands, such as '#print', are not allowed in 'Mathlib' [linter.hashCommand]
'TNLean.PEPS.AreaLaw.interactionChainTargetWeightSum_eq_zero_of_no_walk' depends on axioms: [propext,
 Classical.choice,
 Quot.sound]
`#`-commands, such as '#print', are not allowed in 'Mathlib' [linter.hashCommand]
'TNLean.PEPS.AreaLaw.interactionChainTargetWeightSum_eq_zero_of_lt_edist' depends on axioms: [propext,
 Classical.choice,
 Quot.sound]
`#`-commands, such as '#print', are not allowed in 'Mathlib' [linter.hashCommand]
'TNLean.PEPS.AreaLaw.interactionChainTargetWeightSum_eq_zero_of_edist_eq_top' depends on axioms: [propext,
 Classical.choice,
 Quot.sound]
`#`-commands, such as '#print', are not allowed in 'Mathlib' [linter.hashCommand]
'TNLean.PEPS.AreaLaw.interactionChainTargetWeightSum_le_indicator_pow' depends on axioms: [propext,
 Classical.choice,
 Quot.sound]
`#`-commands, such as '#print', are not allowed in 'Mathlib' [linter.hashCommand]
'TNLean.PEPS.AreaLaw.latticeDiamond' depends on axioms: [propext, Classical.choice, Quot.sound]
`#`-commands, such as '#print', are not allowed in 'Mathlib' [linter.hashCommand]
'TNLean.PEPS.AreaLaw.mem_latticeDiamond' depends on axioms: [propext, Classical.choice, Quot.sound]
`#`-commands, such as '#print', are not allowed in 'Mathlib' [linter.hashCommand]
'TNLean.PEPS.AreaLaw.card_latticeDiamond' depends on axioms: [propext, Classical.choice, Quot.sound]
`#`-commands, such as '#print', are not allowed in 'Mathlib' [linter.hashCommand]
'TNLean.PEPS.AreaLaw.card_le_diamond_of_latticeL1Distance_le' depends on axioms: [propext, Classical.choice, Quot.sound]
`#`-commands, such as '#print', are not allowed in 'Mathlib' [linter.hashCommand]
'TNLean.PEPS.AreaLaw.card_le_diamond_of_walks' depends on axioms: [propext, Classical.choice, Quot.sound]
`#`-commands, such as '#print', are not allowed in 'Mathlib' [linter.hashCommand]
'TNLean.PEPS.AreaLaw.card_le_diamond_of_edist_le' depends on axioms: [propext, Classical.choice, Quot.sound]
`#`-commands, such as '#print', are not allowed in 'Mathlib' [linter.hashCommand]
'TNLean.PEPS.AreaLaw.latticeL1Distance' does not depend on any axioms
`#`-commands, such as '#print', are not allowed in 'Mathlib' [linter.hashCommand]
'TNLean.PEPS.AreaLaw.latticeL1Distance_self' depends on axioms: [propext]
`#`-commands, such as '#print', are not allowed in 'Mathlib' [linter.hashCommand]
'TNLean.PEPS.AreaLaw.latticeL1Distance_triangle' depends on axioms: [propext, Quot.sound]
`#`-commands, such as '#print', are not allowed in 'Mathlib' [linter.hashCommand]
'TNLean.PEPS.AreaLaw.latticeL1Distance_le_walk_length' depends on axioms: [propext, Quot.sound]
`#`-commands, such as '#print', are not allowed in 'Mathlib' [linter.hashCommand]
'TNLean.PEPS.AreaLaw.latticeL1Distance_le_of_edist_le' depends on axioms: [propext, Classical.choice, Quot.sound]
`#`-commands, such as '#print', are not allowed in 'Mathlib' [linter.hashCommand]
