Source revision: 8eccd116408d22a115220881e7e07c96aa4f23ea
Working directory: /tmp
Command: /Users/siruilu/.elan/toolchains/leanprover--lean4---v4.35.0-rc3/bin/lean -Dpp.unicode.fun=true -DrelaxedAutoImplicit=false -Dlinter.mathlibStandardSet=true -DmaxSynthPendingDepth=3 -DwarningAsError=true /tmp/tnlean-unused-pair/final-verification-20261007/AllAxioms.lean
Exit code: 0

'TNLean.PEPS.PairEffect.PairSource.unit' depends on axioms: [propext, Classical.choice, Quot.sound]
'TNLean.PEPS.PairEffect.PairSource.partyPair_unit' depends on axioms: [propext, Classical.choice, Quot.sound]
'TNLean.PEPS.PairEffect.PairSource.norm_unit_vector' depends on axioms: [propext, Classical.choice, Quot.sound]
'TNLean.PEPS.PairEffect.PairSource.finrank_unit_spaces' depends on axioms: [propext, Classical.choice, Quot.sound]
'TNLean.PEPS.PairEffect.Word.eraseUnitPair' depends on axioms: [propext, Classical.choice, Quot.sound]
'TNLean.PEPS.PairEffect.Word.eraseUnitPair_spec' depends on axioms: [propext, Classical.choice, Quot.sound]
'TNLean.PEPS.PairEffect.SourceInventory.Expands.unit_cons' depends on axioms: [propext, Classical.choice, Quot.sound]
'TNLean.PEPS.PairEffect.SourceInventory.exists_complete_extension' depends on axioms: [propext,
 Classical.choice,
 Quot.sound]
'TNLean.PEPS.PairEffect.SourceInventory.exists_complete' depends on axioms: [propext, Classical.choice, Quot.sound]
'TNLean.PEPS.PairEffect.Word.exists_complete_source_preparation' depends on axioms: [propext,
 Classical.choice,
 Quot.sound]
'TNLean.PEPS.PairEffect.Word.exists_complete_prepared_tensorPartyMaps' depends on axioms: [propext,
 Classical.choice,
 Quot.sound]
