Direct Lean compilation with package options; no local Lake build was run.
Source revision: 8eccd116408d22a115220881e7e07c96aa4f23ea
Started: 2026-10-07T18:45:30.011987+00:00
Completed: 2026-10-07T18:45:40.634249+00:00
Lean: Lean (version 4.35.0-rc3, arm64-apple-darwin24.6.0, commit 470d5ce1400764999581fd26d5d72b00d990b0f4, Release)
LEAN_PATH=/private/tmp/tnlean-unused-pair:/private/tmp/tnlean-party-factorization:/private/tmp/tnlean-source-preparation:/Users/siruilu/Local/agentFormalization/TNLean/worktrees/peps-approx-pair-layout/.lake/packages/Cli/.lake/build/lib/lean:/Users/siruilu/Local/agentFormalization/TNLean/worktrees/peps-approx-pair-layout/.lake/packages/batteries/.lake/build/lib/lean:/Users/siruilu/Local/agentFormalization/TNLean/worktrees/peps-approx-pair-layout/.lake/packages/Qq/.lake/build/lib/lean:/Users/siruilu/Local/agentFormalization/TNLean/worktrees/peps-approx-pair-layout/.lake/packages/aesop/.lake/build/lib/lean:/Users/siruilu/Local/agentFormalization/TNLean/worktrees/peps-approx-pair-layout/.lake/packages/proofwidgets/.lake/build/lib/lean:/Users/siruilu/Local/agentFormalization/TNLean/worktrees/peps-approx-pair-layout/.lake/packages/importGraph/.lake/build/lib/lean:/Users/siruilu/Local/agentFormalization/TNLean/worktrees/peps-approx-pair-layout/.lake/packages/LeanSearchClient/.lake/build/lib/lean:/Users/siruilu/Local/agentFormalization/TNLean/worktrees/peps-approx-pair-layout/.lake/packages/plausible/.lake/build/lib/lean:/Users/siruilu/Local/agentFormalization/TNLean/worktrees/peps-approx-pair-layout/.lake/packages/checkdecls/.lake/build/lib/lean:/Users/siruilu/Local/agentFormalization/TNLean/worktrees/peps-approx-pair-layout/.lake/packages/Gametheory/.lake/build/lib/lean:/Users/siruilu/Local/agentFormalization/TNLean/worktrees/peps-approx-pair-layout/.lake/packages/mathlib/.lake/build/lib/lean:/Users/siruilu/Local/agentFormalization/TNLean/worktrees/peps-approx-pair-layout/.lake/packages/qiclean/.lake/build/lib/lean:/Users/siruilu/Local/agentFormalization/TNLean/worktrees/peps-approx-pair-layout/.lake/build/lib/lean:/Users/siruilu/.elan/toolchains/leanprover--lean4---v4.35.0-rc3/lib/lean
Every compiled source matches the cited Git revision byte-for-byte.
The package linter default was supplied explicitly; all warnings were errors.

Source: TNLean/PEPS/Approximation/UnitPairSource.lean
Source SHA256: 13bc696dd7cf9990fb999e4c703fe8dbbe6b2d4bb3e8a3353344b2a4f5559899
Working directory: /private/tmp/tnlean-unused-pair/src
Command: /Users/siruilu/.elan/toolchains/leanprover--lean4---v4.35.0-rc3/bin/lean -Dpp.unicode.fun=true -DrelaxedAutoImplicit=false -Dlinter.mathlibStandardSet=true -DmaxSynthPendingDepth=3 -DwarningAsError=true -o /private/tmp/tnlean-unused-pair/TNLean/PEPS/Approximation/UnitPairSource.olean /private/tmp/tnlean-unused-pair/src/TNLean/PEPS/Approximation/UnitPairSource.lean
Exit code: 0
Elapsed seconds: 3.664
Output artifact SHA256: e8d577e035851c25c29736d7cc47cc3977ccac022d7ee22587905ce5b256e607
Diagnostics: none.

Source: TNLean/PEPS/Approximation/PairSourceCompletion.lean
Source SHA256: 2727db9a052b053de22a1b60d8a4b0e322dab3f0625e34f115c3f2f469bb8968
Working directory: /private/tmp/tnlean-unused-pair/src
Command: /Users/siruilu/.elan/toolchains/leanprover--lean4---v4.35.0-rc3/bin/lean -Dpp.unicode.fun=true -DrelaxedAutoImplicit=false -Dlinter.mathlibStandardSet=true -DmaxSynthPendingDepth=3 -DwarningAsError=true -o /private/tmp/tnlean-unused-pair/TNLean/PEPS/Approximation/PairSourceCompletion.olean /private/tmp/tnlean-unused-pair/src/TNLean/PEPS/Approximation/PairSourceCompletion.lean
Exit code: 0
Elapsed seconds: 3.237
Output artifact SHA256: ff240e84a372a944b767c0df253baab624d018d89ef6c235ce02fa5fba0059d1
Diagnostics: none.

Source: TNLean/PEPS/Approximation/CompletePartyMaps.lean
Source SHA256: db431995510885abb7100790d3afd7a84363ad9e843e1eebc17de7b44532ce3d
Working directory: /private/tmp/tnlean-unused-pair/src
Command: /Users/siruilu/.elan/toolchains/leanprover--lean4---v4.35.0-rc3/bin/lean -Dpp.unicode.fun=true -DrelaxedAutoImplicit=false -Dlinter.mathlibStandardSet=true -DmaxSynthPendingDepth=3 -DwarningAsError=true -o /private/tmp/tnlean-unused-pair/TNLean/PEPS/Approximation/CompletePartyMaps.olean /private/tmp/tnlean-unused-pair/src/TNLean/PEPS/Approximation/CompletePartyMaps.lean
Exit code: 0
Elapsed seconds: 3.474
Output artifact SHA256: ebddb61a70b9811fbfb3ec487354227b34a35453d9921d2c9cbc3d2db01fbdca
Diagnostics: none.
