'TNLean.PEPS.PairEffect.SourceCircuit.sourceCoordinates' depends on axioms: [propext, Classical.choice, Quot.sound]
'TNLean.PEPS.PairEffect.SourceCircuit.sourceCoordinates_norm' depends on axioms: [propext, Classical.choice, Quot.sound]
'TNLean.PEPS.PairEffect.SourceCircuit.exists_local_schmidt_source_frames' depends on axioms: [propext,
 Classical.choice,
 Quot.sound]
'TNLean.PEPS.PairEffect.SourceCircuit.SourceGaussianSamples' depends on axioms: [propext, Classical.choice, Quot.sound]
'TNLean.PEPS.PairEffect.SourceCircuit.sourceGaussianLaw' depends on axioms: [propext, Classical.choice, Quot.sound]
'TNLean.PEPS.PairEffect.SourceCircuit.sourceGaussianLawIsProbabilityMeasure' depends on axioms: [propext,
 Classical.choice,
 Quot.sound]
'TNLean.PEPS.PairEffect.SourceCircuit.measurePreserving_sourceGaussian_eval' depends on axioms: [propext,
 Classical.choice,
 Quot.sound]
'TNLean.PEPS.PairEffect.SourceCircuit.measurePreserving_selected_sourceGaussian' depends on axioms: [propext,
 Classical.choice,
 Quot.sound]
'TNLean.PEPS.PairEffect.SourceCircuit.sampledSourceMatrix' depends on axioms: [propext, Classical.choice, Quot.sound]
'TNLean.PEPS.PairEffect.SourceCircuit.integrable_sampledSourceMatrix' depends on axioms: [propext,
 Classical.choice,
 Quot.sound]
'TNLean.PEPS.PairEffect.SourceCircuit.integral_sampledSourceMatrix' depends on axioms: [propext,
 Classical.choice,
 Quot.sound]
'TNLean.PEPS.PairEffect.SourceCircuit.exists_unbiased_sampledSourceMatrix' depends on axioms: [propext,
 Classical.choice,
 Quot.sound]
'TNLean.PEPS.PairEffect.SourceCircuit.sourceGaussianCorrection' depends on axioms: [propext,
 Classical.choice,
 Quot.sound]
'TNLean.PEPS.PairEffect.SourceCircuit.integral_sourceGaussianCorrection' depends on axioms: [propext,
 Classical.choice,
 Quot.sound]
'TNLean.PEPS.PairEffect.SourceCircuit.sourceGaussianCorrection_eq_transport' depends on axioms: [propext,
 Classical.choice,
 Quot.sound]
'TNLean.PEPS.PairEffect.SourceCircuit.physical_sampledSourceMatrix_sub_eq_sum' depends on axioms: [propext,
 Classical.choice,
 Quot.sound]
'TNLean.PEPS.PairEffect.SourceCircuit.rectangularTraceNorm_physical_sampledSourceMatrix_sub_le' depends on axioms: [propext,
 Classical.choice,
 Quot.sound]
'TNLean.PEPS.PairEffect.SourceCircuit.sourceCorrection_product_eq_selected' depends on axioms: [propext,
 Classical.choice,
 Quot.sound]
'TNLean.PEPS.PairEffect.SourceCircuit.integrable_sourceCorrection_product_mul_conj' depends on axioms: [propext,
 Classical.choice,
 Quot.sound]
'TNLean.PEPS.PairEffect.SourceCircuit.integral_sourceCorrection_product_mul_conj' depends on axioms: [propext,
 Classical.choice,
 Quot.sound]
'TNLean.PEPS.PairEffect.SourceCircuit.integral_sourceCorrection_product_eq_zero' depends on axioms: [propext,
 Classical.choice,
 Quot.sound]
'TNLean.PEPS.PairEffect.PairSource.exists_probability_schmidt_isometries' depends on axioms: [propext,
 Classical.choice,
 Quot.sound]
'TNLean.PEPS.PairEffect.Word.sourceContraction_preparedDensityCoefficient_selected_frames' depends on axioms: [propext,
 Classical.choice,
 Quot.sound]
'TNLean.PEPS.PairEffect.SourceCircuit.PartialSchmidtCoordinates' depends on axioms: [propext,
 Classical.choice,
 Quot.sound]
'TNLean.PEPS.PairEffect.SourceCircuit.partialSchmidtCoordinateEquiv' depends on axioms: [propext,
 Classical.choice,
 Quot.sound]
'TNLean.PEPS.PairEffect.SourceCircuit.partialSchmidtCoordinateEquiv_apply' depends on axioms: [propext,
 Classical.choice,
 Quot.sound]
'TNLean.PEPS.PairEffect.SourceCircuit.partialSchmidtSourceVectors' depends on axioms: [propext,
 Classical.choice,
 Quot.sound]
'TNLean.PEPS.PairEffect.SourceCircuit.correctedSourceTerm_gaussian_eq_sum' depends on axioms: [propext,
 Classical.choice,
 Quot.sound]
'MultilinearMap.map_piecewise_sum_smul' depends on axioms: [propext, Classical.choice, Quot.sound]
'TNLean.PEPS.PairEffect.Word.sourceContraction_preparedDensityCoefficient_selected' depends on axioms: [propext,
 Classical.choice,
 Quot.sound]
