Source revision: 3a0472ab259c7aec88fb5699f776eaf6f02c9160
Working directory: /private/tmp/tnlean-original-compression-sampling/imported-audit
Command: /Users/siruilu/.elan/toolchains/leanprover--lean4---v4.35.0-rc3/bin/lean -Dpp.unicode.fun=true -DrelaxedAutoImplicit=false -Dlinter.mathlibStandardSet=true -DmaxSynthPendingDepth=3 -DwarningAsError=true Axioms.lean
Exit code: 0

'TNLean.PEPS.PairEffect.EffectCircuit.IsGateApproximation.mono' depends on axioms: [propext,
 Classical.choice,
 Quot.sound]
'TNLean.PEPS.PairEffect.EffectCircuit.isGateApproximation_budget_of_power_bound' depends on axioms: [propext,
 Classical.choice,
 Quot.sound]
'TNLean.PEPS.PairEffect.inversePower_le_sourceGateBudget_half' depends on axioms: [propext,
 Classical.choice,
 Quot.sound]
'TNLean.PEPS.PairEffect.OriginalCircuit.exists_isMonomialBounded' depends on axioms: [propext,
 Classical.choice,
 Quot.sound]
'TNLean.PEPS.PairEffect.OriginalCircuit.exists_physicalFirst_sourceSample_original_error_le' depends on axioms: [propext,
 Classical.choice,
 Quot.sound]
'TNLean.PEPS.PairEffect.OriginalCircuit.isMonomialBounded_mono' depends on axioms: [propext,
 Classical.choice,
 Quot.sound]
'TNLean.PEPS.PairEffect.OriginalCircuit.sum_norm_branchCoefficient_physicalFirstReplacement_le' depends on axioms: [propext,
 Classical.choice,
 Quot.sound]
'TNLean.PEPS.PairEffect.EffectCircuit.exists_sourceSample_approximate_error_le' depends on axioms: [propext,
 Classical.choice,
 Quot.sound]
'TNLean.PEPS.PairEffect.OriginalCircuit.card_physicalFirstNetworkAlphabet_le_power' depends on axioms: [propext,
 Classical.choice,
 Quot.sound]
'TNLean.PEPS.PairEffect.OriginalCircuit.exists_one_le_isExpansionBounded_of_termwise_power_bounds' depends on axioms: [propext,
 Classical.choice,
 Quot.sound]
'TNLean.PEPS.PairEffect.DistributedConstruction' depends on axioms: [propext, Classical.choice, Quot.sound]
'TNLean.PEPS.PairEffect.DistributedConstruction.input' depends on axioms: [propext, Classical.choice, Quot.sound]
'TNLean.PEPS.PairEffect.DistributedConstruction.physicalDensity' depends on axioms: [propext,
 Classical.choice,
 Quot.sound]
'TNLean.PEPS.PairEffect.DistributedConstruction.physicalDensity_posSemidef' depends on axioms: [propext,
 Classical.choice,
 Quot.sound]
'TNLean.PEPS.PairEffect.DistributedConstruction.trace_physicalDensity_le_one' depends on axioms: [propext,
 Classical.choice,
 Quot.sound]
