Direct Lean checks with the package options and warnings as errors.
Source revision: 3a0472ab259c7aec88fb5699f776eaf6f02c9160
Scope: complete affected 9-module TNLean import closure; no local Lake build.
LEAN_PATH=/Users/siruilu/.elan/toolchains/leanprover--lean4---v4.35.0-rc3/lib/lean:/private/tmp/tnlean-original-compression-sampling/artifacts:/private/tmp/tnlean-artifact-recovery-20261008/gaussian/artifacts

Source: TNLean/PEPS/Approximation/ApproximateCircuitBudget.lean
Source SHA256: 3628fcf5bda8abdbd596dde4a221fbf5244df254b6ae01e2864d386ae5462afb
Working directory: /Users/siruilu/Local/agentFormalization/TNLean/worktrees/peps-original-compression-sampling
Command: /Users/siruilu/.elan/toolchains/leanprover--lean4---v4.35.0-rc3/bin/lean -Dpp.unicode.fun=true -DrelaxedAutoImplicit=false -Dlinter.mathlibStandardSet=true -DmaxSynthPendingDepth=3 -DwarningAsError=true -o /private/tmp/tnlean-original-compression-sampling/artifacts/TNLean/PEPS/Approximation/ApproximateCircuitBudget.olean TNLean/PEPS/Approximation/ApproximateCircuitBudget.lean
Exit code: 0
Elapsed seconds: 7.88
Artifact SHA256: 3e3552066d72bd0a767cedfbddb903a1ade8ccb3a55c4e44d65f458122592a1d
Diagnostics: none.

Source: TNLean/PEPS/Approximation/SampledOriginalCircuit.lean
Source SHA256: 6c561b4d72db8a0cbaa6ce1bb34aec21db7252cb84ea46073b788f3ce227ad3e
Working directory: /Users/siruilu/Local/agentFormalization/TNLean/worktrees/peps-original-compression-sampling
Command: /Users/siruilu/.elan/toolchains/leanprover--lean4---v4.35.0-rc3/bin/lean -Dpp.unicode.fun=true -DrelaxedAutoImplicit=false -Dlinter.mathlibStandardSet=true -DmaxSynthPendingDepth=3 -DwarningAsError=true -o /private/tmp/tnlean-original-compression-sampling/artifacts/TNLean/PEPS/Approximation/SampledOriginalCircuit.olean TNLean/PEPS/Approximation/SampledOriginalCircuit.lean
Exit code: 0
Elapsed seconds: 7.407
Artifact SHA256: 1cc9a64fde15b5c6e4c65bf06941f216b32b6f00d2a7046fa0f0f3351e772c59
Diagnostics: none.

Source: TNLean/PEPS/Approximation/ApproximateSourceSampling.lean
Source SHA256: 9bd8f11d9629a8f4c283f38ed621e8df5e9f8b2596b80dc45a66f1e390a07089
Working directory: /Users/siruilu/Local/agentFormalization/TNLean/worktrees/peps-original-compression-sampling
Command: /Users/siruilu/.elan/toolchains/leanprover--lean4---v4.35.0-rc3/bin/lean -Dpp.unicode.fun=true -DrelaxedAutoImplicit=false -Dlinter.mathlibStandardSet=true -DmaxSynthPendingDepth=3 -DwarningAsError=true -o /private/tmp/tnlean-original-compression-sampling/artifacts/TNLean/PEPS/Approximation/ApproximateSourceSampling.olean TNLean/PEPS/Approximation/ApproximateSourceSampling.lean
Exit code: 0
Elapsed seconds: 5.69
Artifact SHA256: 3460cb09894e3366636ee9e9a77acdd39facd022dfbb73889adbd93c325d3b95
Diagnostics: none.

Source: TNLean/PEPS/Approximation/PhysicalFirstLinkPolynomial.lean
Source SHA256: 987b80db604c3163887100ee0eaac44a26abd19399b328bc2eebc35cab4509f6
Working directory: /Users/siruilu/Local/agentFormalization/TNLean/worktrees/peps-original-compression-sampling
Command: /Users/siruilu/.elan/toolchains/leanprover--lean4---v4.35.0-rc3/bin/lean -Dpp.unicode.fun=true -DrelaxedAutoImplicit=false -Dlinter.mathlibStandardSet=true -DmaxSynthPendingDepth=3 -DwarningAsError=true -o /private/tmp/tnlean-original-compression-sampling/artifacts/TNLean/PEPS/Approximation/PhysicalFirstLinkPolynomial.olean TNLean/PEPS/Approximation/PhysicalFirstLinkPolynomial.lean
Exit code: 0
Elapsed seconds: 30.045
Artifact SHA256: 560553aee4ae30c8d65293a663e412de6e717793910c27215cca4049fade198c
Diagnostics: none.

Source: TNLean/PEPS/Approximation/OriginalCoefficientMajorant.lean
Source SHA256: 2737e45462caa6fc609bf7c981c33d41d0dbff545eafdf0f231b4c39f3c43d01
Working directory: /Users/siruilu/Local/agentFormalization/TNLean/worktrees/peps-original-compression-sampling
Command: /Users/siruilu/.elan/toolchains/leanprover--lean4---v4.35.0-rc3/bin/lean -Dpp.unicode.fun=true -DrelaxedAutoImplicit=false -Dlinter.mathlibStandardSet=true -DmaxSynthPendingDepth=3 -DwarningAsError=true -o /private/tmp/tnlean-original-compression-sampling/artifacts/TNLean/PEPS/Approximation/OriginalCoefficientMajorant.olean TNLean/PEPS/Approximation/OriginalCoefficientMajorant.lean
Exit code: 0
Elapsed seconds: 6.951
Artifact SHA256: 0b0183532f19b797d1cdce80e1eadec83caae596375c4a9a3a1188f4f091e5ba
Diagnostics: none.

Source: TNLean/PEPS/Approximation/DistributedConstruction.lean
Source SHA256: 2164ffde59694900d2495686c37691426cbc73db615bcc88e21e7d62aa91a249
Working directory: /Users/siruilu/Local/agentFormalization/TNLean/worktrees/peps-original-compression-sampling
Command: /Users/siruilu/.elan/toolchains/leanprover--lean4---v4.35.0-rc3/bin/lean -Dpp.unicode.fun=true -DrelaxedAutoImplicit=false -Dlinter.mathlibStandardSet=true -DmaxSynthPendingDepth=3 -DwarningAsError=true -o /private/tmp/tnlean-original-compression-sampling/artifacts/TNLean/PEPS/Approximation/DistributedConstruction.olean TNLean/PEPS/Approximation/DistributedConstruction.lean
Exit code: 0
Elapsed seconds: 19.493
Artifact SHA256: 499848374512990216a677538d6bfc69142bfe2de08c456c64ae4a388585641b
Diagnostics: none.

Source: TNLean/PEPS/Approximation.lean
Source SHA256: f3d7be6f36f0ddb2bb4b944a401968d59d2e7ec48df02b08369181d29ee7a8ee
Working directory: /Users/siruilu/Local/agentFormalization/TNLean/worktrees/peps-original-compression-sampling
Command: /Users/siruilu/.elan/toolchains/leanprover--lean4---v4.35.0-rc3/bin/lean -Dpp.unicode.fun=true -DrelaxedAutoImplicit=false -Dlinter.mathlibStandardSet=true -DmaxSynthPendingDepth=3 -DwarningAsError=true -o /private/tmp/tnlean-original-compression-sampling/artifacts/TNLean/PEPS/Approximation.olean TNLean/PEPS/Approximation.lean
Exit code: 0
Elapsed seconds: 9.246
Artifact SHA256: 15d663428df3d925c15a267b19d4e5ee1bf18f883b5f3465a0e43818ece367e3
Diagnostics: none.

Source: TNLean/PEPS.lean
Source SHA256: 55514d8b59105f8da498f59432ef8dfcbe9e9817a8208b14457fade89da7f9dc
Working directory: /Users/siruilu/Local/agentFormalization/TNLean/worktrees/peps-original-compression-sampling
Command: /Users/siruilu/.elan/toolchains/leanprover--lean4---v4.35.0-rc3/bin/lean -Dpp.unicode.fun=true -DrelaxedAutoImplicit=false -Dlinter.mathlibStandardSet=true -DmaxSynthPendingDepth=3 -DwarningAsError=true -o /private/tmp/tnlean-original-compression-sampling/artifacts/TNLean/PEPS.olean TNLean/PEPS.lean
Exit code: 0
Elapsed seconds: 25.326
Artifact SHA256: c6f79e4a1aaa87e1c579c4c53a2a14562f3e07693b021b1c93d85f7829c8a886
Diagnostics: none.

Source: TNLean.lean
Source SHA256: 9ab4dd293ef89b70bc7d650db97440837a42c4852f1fb5282925372e551f754a
Working directory: /Users/siruilu/Local/agentFormalization/TNLean/worktrees/peps-original-compression-sampling
Command: /Users/siruilu/.elan/toolchains/leanprover--lean4---v4.35.0-rc3/bin/lean -Dpp.unicode.fun=true -DrelaxedAutoImplicit=false -Dlinter.mathlibStandardSet=true -DmaxSynthPendingDepth=3 -DwarningAsError=true -o /private/tmp/tnlean-original-compression-sampling/artifacts/TNLean.olean TNLean.lean
Exit code: 0
Elapsed seconds: 35.097
Artifact SHA256: 13feb03b79b5ffe20ba84f7e204f98432260c51cf4e1022af29b9de224bdd0e4
Diagnostics: none.
