import took 1.57s
TNLean/PEPS/Approximation/AngularResetWidth.lean:54:41: error: Unused tactic linter: `ring` does nothing

Note: This linter can be disabled with `set_option linter.unusedTactic false`
interpretation of Mathlib.Tactic._aux_Mathlib_Tactic_Linarith_Frontend___elabRules_Mathlib_Tactic_nlinarith_1._boxed took 253ms
interpretation of Mathlib.Tactic._aux_Mathlib_Tactic_Linarith_Frontend___elabRules_Mathlib_Tactic_nlinarith_1._boxed took 243ms
cumulative profiling times:
	attribute application 0.0522ms
	congr simp thm 1.22ms
	elaboration 36ms
	fix level params 0.392ms
	import 1.57s
	initialization 32.4ms
	instantiate metavars 1.06ms
	interpretation 1.02s
	let-to-have transformation 0.109ms
	linting 15.9ms
	module linting 0.00206ms
	norm_num 70.1ms
	overlappingInstancesLinter 3.81ms
	parsing 6.02ms
	process pre-definitions 9.86ms
	ring 21.8ms
	share common exprs 5.91ms
	simp 8.99ms
	tactic execution 106ms
	tacticAnalysis 18.3ms
	type checking 25.4ms
	typeclass inference 247ms
