info: qiclean: remote URL changed
  old: <prior-local-qiclean-source>
  new: https://github.com/LionSR/QICLean.git
✔ [2798/2808] Built QICLean.Algebra.SkolemNoether (3.0s)
✔ [2799/2875] Built QICLean.Algebra.KroneckerFactorPositivity (3.8s)
✔ [2846/2878] Built QICLean.Algebra.MatrixAlgEquiv (1.9s)
✔ [2875/2930] Built TNLean.PEPS.Approximation.DistributedLifetime (1.2s)
✔ [2915/2946] Built TNLean.PEPS.Approximation.DistributedLinks (1.6s)
✔ [2941/3020] Built TNLean.PEPS.Approximation.CorrectedPositionCost (1.7s)
✔ [3182/3197] Built TNLean.PEPS.TorusLatticeGraph (1.7s)
✔ [3183/3197] Built TNLean.PEPS.IsoTransport (1.7s)
✔ [3184/3197] Built TNLean.PEPS.TorusTranslation (1.7s)
✔ [3185/3197] Built TNLean.PEPS.DependentPhysicalProductRangeSupport (2.2s)
✔ [3186/3197] Built TNLean.PEPS.RegionTransport (1.9s)
✔ [3187/3197] Built TNLean.PEPS.TorusTranslationInvariant (1.9s)
✔ [3189/3205] Built TNLean.PEPS.GInjective (3.8s)
✔ [3197/3205] Built TNLean.PEPS.TorusSiteTensor (1.8s)
✔ [3198/3205] Built TNLean.PEPS.TorusOperatorString (3.7s)
✔ [3199/3205] Built TNLean.PEPS.TorusCutBoundary (3.9s)
✔ [3200/3205] Built TNLean.PEPS.TorusCutBoundaryBasis (2.3s)
✔ [3201/3205] Built TNLean.PEPS.DependentBondNetwork (2.3s)
✔ [3202/3205] Built TNLean.PEPS.DependentBondCut (3.8s)
✔ [3203/3205] Built TNLean.PEPS.DependentDiagonalContraction (2.4s)
✔ [3204/3205] Built TNLean.PEPS.Approximation.DistributedOperatorContraction (5.8s)
✔ [3205/3205] Built TNLean.PEPS.Approximation (2.1s)
Build completed successfully (3205 jobs).
