'TNLean.PEPS.Approximation.sourceEndpoints' depends on axioms: [propext, Quot.sound]
'TNLean.PEPS.Approximation.correctedParties' depends on axioms: [propext, Classical.choice, Quot.sound]
'TNLean.PEPS.Approximation.incidentGates' depends on axioms: [propext, Classical.choice, Quot.sound]
'TNLean.PEPS.Approximation.gatesTouching' depends on axioms: [propext, Classical.choice, Quot.sound]
'TNLean.PEPS.Approximation.card_correctedParties_le' depends on axioms: [propext, Classical.choice, Quot.sound]
'TNLean.PEPS.Approximation.card_gatesTouching_correctedParties_le' depends on axioms: [propext,
 Classical.choice,
 Quot.sound]
'TNLean.PEPS.Approximation.disjoint_participants_of_not_mem_gatesTouching' depends on axioms: [propext,
 Classical.choice,
 Quot.sound]
'TNLean.PEPS.Approximation.card_pairSampleLabels' depends on axioms: [propext, Classical.choice, Quot.sound]
'TNLean.PEPS.Approximation.filter_pairSampleLabels_eq_map' depends on axioms: [propext, Classical.choice, Quot.sound]
'TNLean.PEPS.Approximation.card_gateLinkParties' depends on axioms: [propext, Classical.choice, Quot.sound]
'TNLean.PEPS.Approximation.distributedLinkParties_subset' depends on axioms: [propext, Classical.choice, Quot.sound]
'TNLean.PEPS.Approximation.card_distributedLinkParties' depends on axioms: [propext, Classical.choice, Quot.sound]
'TNLean.PEPS.Approximation.exists_common_gate_of_mem_distributedLinkParties' depends on axioms: [propext,
 Classical.choice,
 Quot.sound]
'TNLean.PEPS.Approximation.card_incidentDistributedLinks_le' depends on axioms: [propext, Classical.choice, Quot.sound]
