Direct Lean checks with the package options and warnings as errors.
Source revision: f932b80f1b67668584120403b983be0633f62602
Scope: complete affected 35-module TNLean import closure; no local Lake build.
LEAN_PATH=/private/tmp/tnlean-source-corrections/artifacts:/Users/siruilu/Local/agentFormalization/TNLean/worktrees/peps-approx-pair-layout/.lake/packages/Cli/.lake/build/lib/lean:/Users/siruilu/Local/agentFormalization/TNLean/worktrees/peps-approx-pair-layout/.lake/packages/batteries/.lake/build/lib/lean:/Users/siruilu/Local/agentFormalization/TNLean/worktrees/peps-approx-pair-layout/.lake/packages/Qq/.lake/build/lib/lean:/Users/siruilu/Local/agentFormalization/TNLean/worktrees/peps-approx-pair-layout/.lake/packages/aesop/.lake/build/lib/lean:/Users/siruilu/Local/agentFormalization/TNLean/worktrees/peps-approx-pair-layout/.lake/packages/proofwidgets/.lake/build/lib/lean:/Users/siruilu/Local/agentFormalization/TNLean/worktrees/peps-approx-pair-layout/.lake/packages/importGraph/.lake/build/lib/lean:/Users/siruilu/Local/agentFormalization/TNLean/worktrees/peps-approx-pair-layout/.lake/packages/LeanSearchClient/.lake/build/lib/lean:/Users/siruilu/Local/agentFormalization/TNLean/worktrees/peps-approx-pair-layout/.lake/packages/plausible/.lake/build/lib/lean:/Users/siruilu/Local/agentFormalization/TNLean/worktrees/peps-approx-pair-layout/.lake/packages/checkdecls/.lake/build/lib/lean:/Users/siruilu/Local/agentFormalization/TNLean/worktrees/peps-approx-pair-layout/.lake/packages/Gametheory/.lake/build/lib/lean:/Users/siruilu/Local/agentFormalization/TNLean/worktrees/peps-approx-pair-layout/.lake/packages/mathlib/.lake/build/lib/lean:/Users/siruilu/Local/agentFormalization/QICLean/worktrees/area-law-pure-tensor-power/.lake/build/lib/lean:/Users/siruilu/.elan/toolchains/leanprover--lean4---v4.35.0-rc3/lib/lean

Source: TNLean/Algebra/MatrixDensitySum.lean
Source SHA256: 5aa421a0f143d4dce8e08859df9443c1d1682bfcb02cdb7a83294fb01a1e9382
Working directory: /Users/siruilu/Local/agentFormalization/TNLean/worktrees/peps-source-corrections
Command: /Users/siruilu/.elan/toolchains/leanprover--lean4---v4.35.0-rc3/bin/lean -Dpp.unicode.fun=true -DrelaxedAutoImplicit=false -Dlinter.mathlibStandardSet=true -DmaxSynthPendingDepth=3 -DwarningAsError=true -o /private/tmp/tnlean-source-corrections/artifacts/TNLean/Algebra/MatrixDensitySum.olean TNLean/Algebra/MatrixDensitySum.lean
Exit code: 0
Elapsed seconds: 3.482
Artifact SHA256: 06af3c6fdae2deb92345ce0537dbd369f07fbc9068c4a5af7aa4ede9c8088f10
Diagnostics: none.

Source: TNLean/PEPS/Approximation/SourceOwnerSupport.lean
Source SHA256: e978f249261004a3e580179c9ea2c0341eff1494fc757d4b1de3b20e58526545
Working directory: /Users/siruilu/Local/agentFormalization/TNLean/worktrees/peps-source-corrections
Command: /Users/siruilu/.elan/toolchains/leanprover--lean4---v4.35.0-rc3/bin/lean -Dpp.unicode.fun=true -DrelaxedAutoImplicit=false -Dlinter.mathlibStandardSet=true -DmaxSynthPendingDepth=3 -DwarningAsError=true -o /private/tmp/tnlean-source-corrections/artifacts/TNLean/PEPS/Approximation/SourceOwnerSupport.olean TNLean/PEPS/Approximation/SourceOwnerSupport.lean
Exit code: 0
Elapsed seconds: 6.268
Artifact SHA256: bce2278fdd533797b14a0554a98a9b939ba3ffdc8700ef0a328b45dd8954f4ac
Diagnostics: none.

Source: TNLean/Algebra.lean
Source SHA256: dc2b785b1264c4baf562b4d0571943c4f6dfe129498feebd4ccaf1fdc39789f9
Working directory: /Users/siruilu/Local/agentFormalization/TNLean/worktrees/peps-source-corrections
Command: /Users/siruilu/.elan/toolchains/leanprover--lean4---v4.35.0-rc3/bin/lean -Dpp.unicode.fun=true -DrelaxedAutoImplicit=false -Dlinter.mathlibStandardSet=true -DmaxSynthPendingDepth=3 -DwarningAsError=true -o /private/tmp/tnlean-source-corrections/artifacts/TNLean/Algebra.olean TNLean/Algebra.lean
Exit code: 0
Elapsed seconds: 24.634
Artifact SHA256: 5e83c8305cb8fe234eb27af7e35bab860a592444c3ca6fb4383ab0b619ad8771
Diagnostics: none.

Source: TNLean/PEPS/Approximation/DistributedSourceComposition.lean
Source SHA256: 9a0d1c0e610c6f812838417e039fc3a656e9899da32edbbf3e753710f3bef1f3
Working directory: /Users/siruilu/Local/agentFormalization/TNLean/worktrees/peps-source-corrections
Command: /Users/siruilu/.elan/toolchains/leanprover--lean4---v4.35.0-rc3/bin/lean -Dpp.unicode.fun=true -DrelaxedAutoImplicit=false -Dlinter.mathlibStandardSet=true -DmaxSynthPendingDepth=3 -DwarningAsError=true -o /private/tmp/tnlean-source-corrections/artifacts/TNLean/PEPS/Approximation/DistributedSourceComposition.olean TNLean/PEPS/Approximation/DistributedSourceComposition.lean
Exit code: 0
Elapsed seconds: 4.375
Artifact SHA256: 71c53968e104c4c178f47f34cbc106486963164eaab300565ea30c5110f9765f
Diagnostics: none.

Source: TNLean/PEPS/Approximation/SourceGateDensity.lean
Source SHA256: 195836dc2b5b68049a10c59d658fe92823954c689fe085d955c851462f1b9e37
Working directory: /Users/siruilu/Local/agentFormalization/TNLean/worktrees/peps-source-corrections
Command: /Users/siruilu/.elan/toolchains/leanprover--lean4---v4.35.0-rc3/bin/lean -Dpp.unicode.fun=true -DrelaxedAutoImplicit=false -Dlinter.mathlibStandardSet=true -DmaxSynthPendingDepth=3 -DwarningAsError=true -o /private/tmp/tnlean-source-corrections/artifacts/TNLean/PEPS/Approximation/SourceGateDensity.olean TNLean/PEPS/Approximation/SourceGateDensity.lean
Exit code: 0
Elapsed seconds: 4.155
Artifact SHA256: 89655b0aa9542862409608b03b6ed19f8e44bf4180f1f94d9b831cb36b58b459
Diagnostics: none.

Source: TNLean/PEPS/Approximation/PartialSourceEvaluation.lean
Source SHA256: a1ea823f9052a830714b8c6db716cce85781f02d28f096c7a9ef6d2842d8de1f
Working directory: /Users/siruilu/Local/agentFormalization/TNLean/worktrees/peps-source-corrections
Command: /Users/siruilu/.elan/toolchains/leanprover--lean4---v4.35.0-rc3/bin/lean -Dpp.unicode.fun=true -DrelaxedAutoImplicit=false -Dlinter.mathlibStandardSet=true -DmaxSynthPendingDepth=3 -DwarningAsError=true -o /private/tmp/tnlean-source-corrections/artifacts/TNLean/PEPS/Approximation/PartialSourceEvaluation.olean TNLean/PEPS/Approximation/PartialSourceEvaluation.lean
Exit code: 0
Elapsed seconds: 5.155
Artifact SHA256: 4e6e07972f4c20a503636910b537e44840744ada388ffc59539f3c7ca8eb40ca
Diagnostics: none.

Source: TNLean/PEPS/Approximation/PartialSourceInventory.lean
Source SHA256: 7bb64e55ac7ede12dd120a579c1d625544ed3a022c9a93703f1ead528b441633
Working directory: /Users/siruilu/Local/agentFormalization/TNLean/worktrees/peps-source-corrections
Command: /Users/siruilu/.elan/toolchains/leanprover--lean4---v4.35.0-rc3/bin/lean -Dpp.unicode.fun=true -DrelaxedAutoImplicit=false -Dlinter.mathlibStandardSet=true -DmaxSynthPendingDepth=3 -DwarningAsError=true -o /private/tmp/tnlean-source-corrections/artifacts/TNLean/PEPS/Approximation/PartialSourceInventory.olean TNLean/PEPS/Approximation/PartialSourceInventory.lean
Exit code: 0
Elapsed seconds: 4.544
Artifact SHA256: 1e71e98ec61d729e598b6a6d702e1ad05ba69a66437d76b96a02ca7e6bc89749
Diagnostics: none.

Source: TNLean/PEPS/Approximation/PreparedMatrixNorm.lean
Source SHA256: de2d80edfa69824f5e1f042476a9d9ddb83b4fc4b9114d38afbe5fc69a2628f4
Working directory: /Users/siruilu/Local/agentFormalization/TNLean/worktrees/peps-source-corrections
Command: /Users/siruilu/.elan/toolchains/leanprover--lean4---v4.35.0-rc3/bin/lean -Dpp.unicode.fun=true -DrelaxedAutoImplicit=false -Dlinter.mathlibStandardSet=true -DmaxSynthPendingDepth=3 -DwarningAsError=true -o /private/tmp/tnlean-source-corrections/artifacts/TNLean/PEPS/Approximation/PreparedMatrixNorm.olean TNLean/PEPS/Approximation/PreparedMatrixNorm.lean
Exit code: 0
Elapsed seconds: 5.12
Artifact SHA256: c3d02dfdda759813eb63470bfac44f8701875810a7628ca1e8a2656a04818542
Diagnostics: none.

Source: TNLean/PEPS/Approximation/PreparedSourceContraction.lean
Source SHA256: 91421b2d5c068b5cf6ef37785d37f0dd357e21b3b9b8d54cb0453c03f5a9a368
Working directory: /Users/siruilu/Local/agentFormalization/TNLean/worktrees/peps-source-corrections
Command: /Users/siruilu/.elan/toolchains/leanprover--lean4---v4.35.0-rc3/bin/lean -Dpp.unicode.fun=true -DrelaxedAutoImplicit=false -Dlinter.mathlibStandardSet=true -DmaxSynthPendingDepth=3 -DwarningAsError=true -o /private/tmp/tnlean-source-corrections/artifacts/TNLean/PEPS/Approximation/PreparedSourceContraction.olean TNLean/PEPS/Approximation/PreparedSourceContraction.lean
Exit code: 0
Elapsed seconds: 4.891
Artifact SHA256: 736080f2c969ae5379ba8e86ed86d7803393b31a8c09478369aa5a12acf85796
Diagnostics: none.

Source: TNLean/PEPS/Approximation/SourceChoiceCost.lean
Source SHA256: 94c0b6221bd717bd15de58a9180142b8b64585723a1a3567a4f01246d25e971b
Working directory: /Users/siruilu/Local/agentFormalization/TNLean/worktrees/peps-source-corrections
Command: /Users/siruilu/.elan/toolchains/leanprover--lean4---v4.35.0-rc3/bin/lean -Dpp.unicode.fun=true -DrelaxedAutoImplicit=false -Dlinter.mathlibStandardSet=true -DmaxSynthPendingDepth=3 -DwarningAsError=true -o /private/tmp/tnlean-source-corrections/artifacts/TNLean/PEPS/Approximation/SourceChoiceCost.olean TNLean/PEPS/Approximation/SourceChoiceCost.lean
Exit code: 0
Elapsed seconds: 4.149
Artifact SHA256: 62e6a692d5b3036a88b71a2d9d5a7e7481e39d84311819feb488c48e81764521
Diagnostics: none.

Source: TNLean/PEPS/Approximation/SourceCircuitLocations.lean
Source SHA256: 66854a4d2fd53dd2d5c27ce1f3c031d52cdaa7a7d61e5513fa99464e3f9b1eb7
Working directory: /Users/siruilu/Local/agentFormalization/TNLean/worktrees/peps-source-corrections
Command: /Users/siruilu/.elan/toolchains/leanprover--lean4---v4.35.0-rc3/bin/lean -Dpp.unicode.fun=true -DrelaxedAutoImplicit=false -Dlinter.mathlibStandardSet=true -DmaxSynthPendingDepth=3 -DwarningAsError=true -o /private/tmp/tnlean-source-corrections/artifacts/TNLean/PEPS/Approximation/SourceCircuitLocations.olean TNLean/PEPS/Approximation/SourceCircuitLocations.lean
Exit code: 0
Elapsed seconds: 4.38
Artifact SHA256: 7bcd5581c86d4bf398cdd12c0cdd40602d0cbcbfdda609b92b26eefc3ceb75e9
Diagnostics: none.

Source: TNLean/PEPS/Approximation/ActualSourceGateDensity.lean
Source SHA256: ff87a9c037e712faad674e17f1e05e27605bd65ca1e12499e0ac8fde10b1de22
Working directory: /Users/siruilu/Local/agentFormalization/TNLean/worktrees/peps-source-corrections
Command: /Users/siruilu/.elan/toolchains/leanprover--lean4---v4.35.0-rc3/bin/lean -Dpp.unicode.fun=true -DrelaxedAutoImplicit=false -Dlinter.mathlibStandardSet=true -DmaxSynthPendingDepth=3 -DwarningAsError=true -o /private/tmp/tnlean-source-corrections/artifacts/TNLean/PEPS/Approximation/ActualSourceGateDensity.olean TNLean/PEPS/Approximation/ActualSourceGateDensity.lean
Exit code: 0
Elapsed seconds: 4.971
Artifact SHA256: e3a9f5977abe7023c29dff30b849640d267ae6f62ce3bc69224430efbfbd56db
Diagnostics: none.

Source: TNLean/PEPS/Approximation/PartialSourceDensity.lean
Source SHA256: e863f2d3629cb2a22b8b5a0ac0ecf5ae2101308844c7af0f6e2d7fa40514f37c
Working directory: /Users/siruilu/Local/agentFormalization/TNLean/worktrees/peps-source-corrections
Command: /Users/siruilu/.elan/toolchains/leanprover--lean4---v4.35.0-rc3/bin/lean -Dpp.unicode.fun=true -DrelaxedAutoImplicit=false -Dlinter.mathlibStandardSet=true -DmaxSynthPendingDepth=3 -DwarningAsError=true -o /private/tmp/tnlean-source-corrections/artifacts/TNLean/PEPS/Approximation/PartialSourceDensity.olean TNLean/PEPS/Approximation/PartialSourceDensity.lean
Exit code: 0
Elapsed seconds: 6.485
Artifact SHA256: fdf83b84cc17d5d682a85b6a992b01b6a574f01a986599de2c0cdf5412a77f75
Diagnostics: none.

Source: TNLean/PEPS/Approximation/PreparedSourceCorrections.lean
Source SHA256: 334d643ef18e3dcbd2e6666bca909650df5a971a30d96de7b18a4ca728429857
Working directory: /Users/siruilu/Local/agentFormalization/TNLean/worktrees/peps-source-corrections
Command: /Users/siruilu/.elan/toolchains/leanprover--lean4---v4.35.0-rc3/bin/lean -Dpp.unicode.fun=true -DrelaxedAutoImplicit=false -Dlinter.mathlibStandardSet=true -DmaxSynthPendingDepth=3 -DwarningAsError=true -o /private/tmp/tnlean-source-corrections/artifacts/TNLean/PEPS/Approximation/PreparedSourceCorrections.olean TNLean/PEPS/Approximation/PreparedSourceCorrections.lean
Exit code: 0
Elapsed seconds: 3.805
Artifact SHA256: c2cf43e4e183b412b677144f2efed35dfd090ec4ee921dbd9780c13262d5d6d0
Diagnostics: none.

Source: TNLean/PEPS/Approximation/SelectedSourceContraction.lean
Source SHA256: efcc472d50c9ac23ed20c021ac12d016086307ef159dddc38da07b2ef750ee29
Working directory: /Users/siruilu/Local/agentFormalization/TNLean/worktrees/peps-source-corrections
Command: /Users/siruilu/.elan/toolchains/leanprover--lean4---v4.35.0-rc3/bin/lean -Dpp.unicode.fun=true -DrelaxedAutoImplicit=false -Dlinter.mathlibStandardSet=true -DmaxSynthPendingDepth=3 -DwarningAsError=true -o /private/tmp/tnlean-source-corrections/artifacts/TNLean/PEPS/Approximation/SelectedSourceContraction.olean TNLean/PEPS/Approximation/SelectedSourceContraction.lean
Exit code: 0
Elapsed seconds: 4.652
Artifact SHA256: 6cdad25dd6c28ccc1fd3863944c4944e37eadd9de285d28d01a6544cde622a13
Diagnostics: none.

Source: TNLean/PEPS/Approximation/SourceBlockMatrix.lean
Source SHA256: 84fbbac7022879e160df701f8767e5ead4b059932d2a05d8e3fd4aa8cbef0452
Working directory: /Users/siruilu/Local/agentFormalization/TNLean/worktrees/peps-source-corrections
Command: /Users/siruilu/.elan/toolchains/leanprover--lean4---v4.35.0-rc3/bin/lean -Dpp.unicode.fun=true -DrelaxedAutoImplicit=false -Dlinter.mathlibStandardSet=true -DmaxSynthPendingDepth=3 -DwarningAsError=true -o /private/tmp/tnlean-source-corrections/artifacts/TNLean/PEPS/Approximation/SourceBlockMatrix.olean TNLean/PEPS/Approximation/SourceBlockMatrix.lean
Exit code: 0
Elapsed seconds: 8.818
Artifact SHA256: 51f958918cb79d794ba62c84b087c0b517496e0de2bedd7ebb04cf03e2166a59
Diagnostics: none.

Source: TNLean/PEPS/Approximation/SourceCircuitChoiceProduct.lean
Source SHA256: 8fe89d7aa8fab1ccbcfb6a276d9db54215dc58082bc78b53e7771bd90e1bb033
Working directory: /Users/siruilu/Local/agentFormalization/TNLean/worktrees/peps-source-corrections
Command: /Users/siruilu/.elan/toolchains/leanprover--lean4---v4.35.0-rc3/bin/lean -Dpp.unicode.fun=true -DrelaxedAutoImplicit=false -Dlinter.mathlibStandardSet=true -DmaxSynthPendingDepth=3 -DwarningAsError=true -o /private/tmp/tnlean-source-corrections/artifacts/TNLean/PEPS/Approximation/SourceCircuitChoiceProduct.olean TNLean/PEPS/Approximation/SourceCircuitChoiceProduct.lean
Exit code: 0
Elapsed seconds: 3.834
Artifact SHA256: 64cdbc181b6a3d12e69e51c8d2b981d797e9e74c5c3488fc33a384ae56d386ca
Diagnostics: none.

Source: TNLean/PEPS/Approximation/SourceCircuitSourceOrder.lean
Source SHA256: f3b3aa43d81a01629764b68e2b976c72fc2528060a6c6b451d1c70f1969eb720
Working directory: /Users/siruilu/Local/agentFormalization/TNLean/worktrees/peps-source-corrections
Command: /Users/siruilu/.elan/toolchains/leanprover--lean4---v4.35.0-rc3/bin/lean -Dpp.unicode.fun=true -DrelaxedAutoImplicit=false -Dlinter.mathlibStandardSet=true -DmaxSynthPendingDepth=3 -DwarningAsError=true -o /private/tmp/tnlean-source-corrections/artifacts/TNLean/PEPS/Approximation/SourceCircuitSourceOrder.olean TNLean/PEPS/Approximation/SourceCircuitSourceOrder.lean
Exit code: 0
Elapsed seconds: 5.106
Artifact SHA256: 5ae845dc81cb24d7f59e1a8d94258a7d669bb5744146a3c8cd179fc2a038746c
Diagnostics: none.

Source: TNLean/PEPS/Approximation/PartialSourcePreparation.lean
Source SHA256: 22b336c73f420f6c71241a51877f65c06763c70f7704fcf25ef05c7cd98dd2f1
Working directory: /Users/siruilu/Local/agentFormalization/TNLean/worktrees/peps-source-corrections
Command: /Users/siruilu/.elan/toolchains/leanprover--lean4---v4.35.0-rc3/bin/lean -Dpp.unicode.fun=true -DrelaxedAutoImplicit=false -Dlinter.mathlibStandardSet=true -DmaxSynthPendingDepth=3 -DwarningAsError=true -o /private/tmp/tnlean-source-corrections/artifacts/TNLean/PEPS/Approximation/PartialSourcePreparation.olean TNLean/PEPS/Approximation/PartialSourcePreparation.lean
Exit code: 0
Elapsed seconds: 9.107
Artifact SHA256: 1e50a335ebb1b3a8dd1d838ddff09a726815c274a9e89c8ca20e0a36844eee7e
Diagnostics: none.

Source: TNLean/PEPS/Approximation/SourceFrameMatrix.lean
Source SHA256: 369d51ac2a6c509b7d842354c26ddd0e75d43ce56407ee2aed9054f9d7db7e2f
Working directory: /Users/siruilu/Local/agentFormalization/TNLean/worktrees/peps-source-corrections
Command: /Users/siruilu/.elan/toolchains/leanprover--lean4---v4.35.0-rc3/bin/lean -Dpp.unicode.fun=true -DrelaxedAutoImplicit=false -Dlinter.mathlibStandardSet=true -DmaxSynthPendingDepth=3 -DwarningAsError=true -o /private/tmp/tnlean-source-corrections/artifacts/TNLean/PEPS/Approximation/SourceFrameMatrix.olean TNLean/PEPS/Approximation/SourceFrameMatrix.lean
Exit code: 0
Elapsed seconds: 3.702
Artifact SHA256: 1a8363e35b915f8d2a5e02e7f340a526ccfc0850c7260e06d61f1adfe9883366
Diagnostics: none.

Source: TNLean/PEPS/Approximation/AllSourceSlots.lean
Source SHA256: 94813c91634733a0ceb2e2c378d2c101822fe46409f9a0f541e703cec06f4127
Working directory: /Users/siruilu/Local/agentFormalization/TNLean/worktrees/peps-source-corrections
Command: /Users/siruilu/.elan/toolchains/leanprover--lean4---v4.35.0-rc3/bin/lean -Dpp.unicode.fun=true -DrelaxedAutoImplicit=false -Dlinter.mathlibStandardSet=true -DmaxSynthPendingDepth=3 -DwarningAsError=true -o /private/tmp/tnlean-source-corrections/artifacts/TNLean/PEPS/Approximation/AllSourceSlots.olean TNLean/PEPS/Approximation/AllSourceSlots.lean
Exit code: 0
Elapsed seconds: 3.702
Artifact SHA256: 3de969540d1dce35191e66b504201521b6aa224b2f4c377ec187b8382737d4a4
Diagnostics: none.

Source: TNLean/PEPS/Approximation/SourceCircuitChoiceAt.lean
Source SHA256: c97cf1d3e6c57251c676cf01264259dc5bca989ac1a32724bab7ca273c8900e5
Working directory: /Users/siruilu/Local/agentFormalization/TNLean/worktrees/peps-source-corrections
Command: /Users/siruilu/.elan/toolchains/leanprover--lean4---v4.35.0-rc3/bin/lean -Dpp.unicode.fun=true -DrelaxedAutoImplicit=false -Dlinter.mathlibStandardSet=true -DmaxSynthPendingDepth=3 -DwarningAsError=true -o /private/tmp/tnlean-source-corrections/artifacts/TNLean/PEPS/Approximation/SourceCircuitChoiceAt.olean TNLean/PEPS/Approximation/SourceCircuitChoiceAt.lean
Exit code: 0
Elapsed seconds: 8.391
Artifact SHA256: d7aa133d2bdb2836dda09a5e83b749f7881d67adb23847e7e7327bfe9fdf1ab2
Diagnostics: none.

Source: TNLean/PEPS/Approximation/SourceCircuitSubstitution.lean
Source SHA256: 73b699d6d0d9af4eee8f57969a57543beab37b0510f5097d0f0d2b86d0fcdcd1
Working directory: /Users/siruilu/Local/agentFormalization/TNLean/worktrees/peps-source-corrections
Command: /Users/siruilu/.elan/toolchains/leanprover--lean4---v4.35.0-rc3/bin/lean -Dpp.unicode.fun=true -DrelaxedAutoImplicit=false -Dlinter.mathlibStandardSet=true -DmaxSynthPendingDepth=3 -DwarningAsError=true -o /private/tmp/tnlean-source-corrections/artifacts/TNLean/PEPS/Approximation/SourceCircuitSubstitution.olean TNLean/PEPS/Approximation/SourceCircuitSubstitution.lean
Exit code: 0
Elapsed seconds: 8.444
Artifact SHA256: 09cbd59f19b90b46dd66e3ceb17de25ca8e3464bd6abe6b56139b33068ab3b75
Diagnostics: none.

Source: TNLean/PEPS/Approximation/SourceResidualCoordinates.lean
Source SHA256: 33520af9b3dcf4af0f839f7dcd1eb648377256bfbb7d0edbe45b99caff3253b9
Working directory: /Users/siruilu/Local/agentFormalization/TNLean/worktrees/peps-source-corrections
Command: /Users/siruilu/.elan/toolchains/leanprover--lean4---v4.35.0-rc3/bin/lean -Dpp.unicode.fun=true -DrelaxedAutoImplicit=false -Dlinter.mathlibStandardSet=true -DmaxSynthPendingDepth=3 -DwarningAsError=true -o /private/tmp/tnlean-source-corrections/artifacts/TNLean/PEPS/Approximation/SourceResidualCoordinates.olean TNLean/PEPS/Approximation/SourceResidualCoordinates.lean
Exit code: 0
Elapsed seconds: 5.412
Artifact SHA256: 68fef2b30fe6b5144704cd91ed6ebbc0f23623d6846a1a2eed1ac529091558e1
Diagnostics: none.

Source: TNLean/PEPS/Approximation/SourceCorrectedTerm.lean
Source SHA256: 31d61847f381f40763e9dc5afa987c7c57cb059415814a230d1dbce4a20fca1e
Working directory: /Users/siruilu/Local/agentFormalization/TNLean/worktrees/peps-source-corrections
Command: /Users/siruilu/.elan/toolchains/leanprover--lean4---v4.35.0-rc3/bin/lean -Dpp.unicode.fun=true -DrelaxedAutoImplicit=false -Dlinter.mathlibStandardSet=true -DmaxSynthPendingDepth=3 -DwarningAsError=true -o /private/tmp/tnlean-source-corrections/artifacts/TNLean/PEPS/Approximation/SourceCorrectedTerm.olean TNLean/PEPS/Approximation/SourceCorrectedTerm.lean
Exit code: 0
Elapsed seconds: 4.073
Artifact SHA256: c48d2d9ceccb6faaae28d871d0dbb10bc035c78afe954ab36f38788028adc84c
Diagnostics: none.

Source: TNLean/PEPS/Approximation/SourceSubstitutionResidual.lean
Source SHA256: 22696a38575e046f3c8a3ce99300bee44509b9662aada6ee4beae3a6c39ef477
Working directory: /Users/siruilu/Local/agentFormalization/TNLean/worktrees/peps-source-corrections
Command: /Users/siruilu/.elan/toolchains/leanprover--lean4---v4.35.0-rc3/bin/lean -Dpp.unicode.fun=true -DrelaxedAutoImplicit=false -Dlinter.mathlibStandardSet=true -DmaxSynthPendingDepth=3 -DwarningAsError=true -o /private/tmp/tnlean-source-corrections/artifacts/TNLean/PEPS/Approximation/SourceSubstitutionResidual.olean TNLean/PEPS/Approximation/SourceSubstitutionResidual.lean
Exit code: 0
Elapsed seconds: 3.846
Artifact SHA256: a9dd6deb15550c546fa5e6b7858972b15f1a7d3b35dee95805c5fafca6a33950
Diagnostics: none.

Source: TNLean/PEPS/Approximation/SourceSubstitutionInventory.lean
Source SHA256: 8e41b321616760d4bb848f5f14abc4ca2af4708a3f6abedaafe2c2df988875b2
Working directory: /Users/siruilu/Local/agentFormalization/TNLean/worktrees/peps-source-corrections
Command: /Users/siruilu/.elan/toolchains/leanprover--lean4---v4.35.0-rc3/bin/lean -Dpp.unicode.fun=true -DrelaxedAutoImplicit=false -Dlinter.mathlibStandardSet=true -DmaxSynthPendingDepth=3 -DwarningAsError=true -o /private/tmp/tnlean-source-corrections/artifacts/TNLean/PEPS/Approximation/SourceSubstitutionInventory.olean TNLean/PEPS/Approximation/SourceSubstitutionInventory.lean
Exit code: 0
Elapsed seconds: 6.151
Artifact SHA256: 50d4d7eaff3d314cc1c8209eced1fa5595032a8bb47032bdeb5838d17df41f9b
Diagnostics: none.

Source: TNLean/PEPS/Approximation/SourceCorrectedContraction.lean
Source SHA256: b85f7b4104a31947b2830f380e86cd41564e24cf13bcf381d6b0c51101b8edbc
Working directory: /Users/siruilu/Local/agentFormalization/TNLean/worktrees/peps-source-corrections
Command: /Users/siruilu/.elan/toolchains/leanprover--lean4---v4.35.0-rc3/bin/lean -Dpp.unicode.fun=true -DrelaxedAutoImplicit=false -Dlinter.mathlibStandardSet=true -DmaxSynthPendingDepth=3 -DwarningAsError=true -o /private/tmp/tnlean-source-corrections/artifacts/TNLean/PEPS/Approximation/SourceCorrectedContraction.olean TNLean/PEPS/Approximation/SourceCorrectedContraction.lean
Exit code: 0
Elapsed seconds: 6.216
Artifact SHA256: f311728373af639f0a3168ce92a614d07221bb00bcfb382633e36ed9e2a06b1c
Diagnostics: none.

Source: TNLean/PEPS/Approximation/SourceCorrectedSlots.lean
Source SHA256: d08c749821255299cc292d06ff4a061955a7edc769fdf8f9fc700bb12c3af1c7
Working directory: /Users/siruilu/Local/agentFormalization/TNLean/worktrees/peps-source-corrections
Command: /Users/siruilu/.elan/toolchains/leanprover--lean4---v4.35.0-rc3/bin/lean -Dpp.unicode.fun=true -DrelaxedAutoImplicit=false -Dlinter.mathlibStandardSet=true -DmaxSynthPendingDepth=3 -DwarningAsError=true -o /private/tmp/tnlean-source-corrections/artifacts/TNLean/PEPS/Approximation/SourceCorrectedSlots.olean TNLean/PEPS/Approximation/SourceCorrectedSlots.lean
Exit code: 0
Elapsed seconds: 3.775
Artifact SHA256: 0eeea1ab0b66c91345e88f8cdb07b1add15c36de0a71b116ef4afdc31f37eb21
Diagnostics: none.

Source: TNLean/PEPS/Approximation/SourceCorrectedContractionIdentity.lean
Source SHA256: 6362ee2c324e297e91a12a09ce7f957af8bced56efcd0e1eef5b7db76b66ef8f
Working directory: /Users/siruilu/Local/agentFormalization/TNLean/worktrees/peps-source-corrections
Command: /Users/siruilu/.elan/toolchains/leanprover--lean4---v4.35.0-rc3/bin/lean -Dpp.unicode.fun=true -DrelaxedAutoImplicit=false -Dlinter.mathlibStandardSet=true -DmaxSynthPendingDepth=3 -DwarningAsError=true -o /private/tmp/tnlean-source-corrections/artifacts/TNLean/PEPS/Approximation/SourceCorrectedContractionIdentity.olean TNLean/PEPS/Approximation/SourceCorrectedContractionIdentity.lean
Exit code: 0
Elapsed seconds: 4.026
Artifact SHA256: 86657911ebfddd35039d5887a20cff07a7d42b7be05ad7dffa8189467bef1592
Diagnostics: none.

Source: TNLean/PEPS/Approximation/SourceCompressedDensity.lean
Source SHA256: 449d2756f28cd932d9530f7b7fef5e186d2daa8808c3f09de1fb7332f712fb50
Working directory: /Users/siruilu/Local/agentFormalization/TNLean/worktrees/peps-source-corrections
Command: /Users/siruilu/.elan/toolchains/leanprover--lean4---v4.35.0-rc3/bin/lean -Dpp.unicode.fun=true -DrelaxedAutoImplicit=false -Dlinter.mathlibStandardSet=true -DmaxSynthPendingDepth=3 -DwarningAsError=true -o /private/tmp/tnlean-source-corrections/artifacts/TNLean/PEPS/Approximation/SourceCompressedDensity.olean TNLean/PEPS/Approximation/SourceCompressedDensity.lean
Exit code: 0
Elapsed seconds: 4.553
Artifact SHA256: 0688be50a288c9547c3d42db3e4894a0ef26369d6fb3893882c0106993ba3633
Diagnostics: none.

Source: TNLean/PEPS/Approximation/SourcePhysicalDensity.lean
Source SHA256: a71d1827754e08d0b16cd05461c04b5d88644638359163b7f359b692222346ea
Working directory: /Users/siruilu/Local/agentFormalization/TNLean/worktrees/peps-source-corrections
Command: /Users/siruilu/.elan/toolchains/leanprover--lean4---v4.35.0-rc3/bin/lean -Dpp.unicode.fun=true -DrelaxedAutoImplicit=false -Dlinter.mathlibStandardSet=true -DmaxSynthPendingDepth=3 -DwarningAsError=true -o /private/tmp/tnlean-source-corrections/artifacts/TNLean/PEPS/Approximation/SourcePhysicalDensity.olean TNLean/PEPS/Approximation/SourcePhysicalDensity.lean
Exit code: 0
Elapsed seconds: 3.497
Artifact SHA256: ebd3c321d109e8376f643e94469506f9e9c6646471d535d782fdb7f5597ac910
Diagnostics: none.

Source: TNLean/PEPS/Approximation.lean
Source SHA256: 0893dd66979b21154b18550635ac5eae4aa383539147dff4e5e89fca2b75c551
Working directory: /Users/siruilu/Local/agentFormalization/TNLean/worktrees/peps-source-corrections
Command: /Users/siruilu/.elan/toolchains/leanprover--lean4---v4.35.0-rc3/bin/lean -Dpp.unicode.fun=true -DrelaxedAutoImplicit=false -Dlinter.mathlibStandardSet=true -DmaxSynthPendingDepth=3 -DwarningAsError=true -o /private/tmp/tnlean-source-corrections/artifacts/TNLean/PEPS/Approximation.olean TNLean/PEPS/Approximation.lean
Exit code: 0
Elapsed seconds: 4.474
Artifact SHA256: 5c38c104be20fd0a28b4ce35ddfaaf7693100e22a06c1429b8348f3f4417735f
Diagnostics: none.

Source: TNLean/PEPS.lean
Source SHA256: 55514d8b59105f8da498f59432ef8dfcbe9e9817a8208b14457fade89da7f9dc
Working directory: /Users/siruilu/Local/agentFormalization/TNLean/worktrees/peps-source-corrections
Command: /Users/siruilu/.elan/toolchains/leanprover--lean4---v4.35.0-rc3/bin/lean -Dpp.unicode.fun=true -DrelaxedAutoImplicit=false -Dlinter.mathlibStandardSet=true -DmaxSynthPendingDepth=3 -DwarningAsError=true -o /private/tmp/tnlean-source-corrections/artifacts/TNLean/PEPS.olean TNLean/PEPS.lean
Exit code: 0
Elapsed seconds: 23.697
Artifact SHA256: c6f79e4a1aaa87e1c579c4c53a2a14562f3e07693b021b1c93d85f7829c8a886
Diagnostics: none.

Source: TNLean.lean
Source SHA256: 9ab4dd293ef89b70bc7d650db97440837a42c4852f1fb5282925372e551f754a
Working directory: /Users/siruilu/Local/agentFormalization/TNLean/worktrees/peps-source-corrections
Command: /Users/siruilu/.elan/toolchains/leanprover--lean4---v4.35.0-rc3/bin/lean -Dpp.unicode.fun=true -DrelaxedAutoImplicit=false -Dlinter.mathlibStandardSet=true -DmaxSynthPendingDepth=3 -DwarningAsError=true -o /private/tmp/tnlean-source-corrections/artifacts/TNLean.olean TNLean.lean
Exit code: 0
Elapsed seconds: 29.638
Artifact SHA256: 13feb03b79b5ffe20ba84f7e204f98432260c51cf4e1022af29b9de224bdd0e4
Diagnostics: none.
