 (loading package /Users/siruilu/.local/share/uv/tools/texra-
   blueprint/lib/python3.14/site-packages/plasTeX/Packages/report.py
 )..
 (loading package /Users/siruilu/.local/share/uv/tools/texra-
   blueprint/lib/python3.14/site-packages/plasTeX/Packages/xcolor.py
 )
 (loading package /Users/siruilu/.local/share/uv/tools/texra-
   blueprint/lib/python3.14/site-packages/plasTeX/Packages/amssymb.py
 )
 (loading package /Users/siruilu/.local/share/uv/tools/texra-
   blueprint/lib/python3.14/site-packages/plasTeX/Packages/amsthm.py
 )
 (loading package /Users/siruilu/.local/share/uv/tools/texra-
   blueprint/lib/python3.14/site-packages/plasTeX/Packages/amsmath.py
 )
 (loading package /Users/siruilu/.local/share/uv/tools/texra-
   blueprint/lib/python3.14/site-packages/plasTeX/Packages/natbib.py
 )
 (loading package /Users/siruilu/.local/share/uv/tools/texra-
   blueprint/lib/python3.14/site-packages/plasTeX/Packages/hyperref.py
 )
 (loading package /Users/siruilu/.local/share/uv/tools/texra-
   blueprint/lib/python3.14/site-packages/leanblueprint/Packages/blueprint.py
 (loading package /Users/siruilu/.local/share/uv/tools/texra-
   blueprint/lib/python3.14/site-packages/plastexdepgraph/Packages/depgraph.py
 )
 (loading package /Users/siruilu/.local/share/uv/tools/texra-
   blueprint/lib/python3.14/site-packages/plastexshowmore/Packages/showmore.py
 ) )
 (loading package /Users/siruilu/.local/share/uv/tools/texra-
   blueprint/lib/python3.14/site-
   packages/texra_blueprint/Packages/texra_patches.py
 )
 (loading package /Users/siruilu/.local/share/uv/tools/texra-
   blueprint/lib/python3.14/site-
   packages/texra_blueprint/Packages/texra_graphs.py
 )
 (loading package
   /Users/siruilu/Local/agentFormalization/TNLean/worktrees/area-law-entropy-
   dimension/blueprint/src/Packages/tnlean_patches.py
 )
 (loading package
   /Users/siruilu/Local/agentFormalization/TNLean/worktrees/area-law-entropy-
   dimension/blueprint/src/Packages/tenkz_pic.py
 ).... ( ./macros/common.tex ).................. ( ./macros/web.tex )......
.. ( ./content.tex ) ( ./chapter/ch01_intro.tex )..............
 ( ./chapter/ch02_mps.tex )................................................
...........................................................................
...........................................................................
.................... ( ./chapter/ch03_single.tex ).........................
............................. ( ./chapter/ch06_qpf.tex )...................
...........................................................
 ( ./chapter/ch07_spectral.tex ) ( ./chapter/ch07_spectral_introduction.tex
 ).............. ( ./chapter/ch07_spectral_mixed_transfer_and_overlap.tex )
...........................................................................
............................................................
 ( ./chapter/ch07_spectral_peripheral_refinements_and_primitive_overlap.tex
 )............................................
 ( ./chapter/ch08_wielandt.tex )....
 ( ./chapter/ch08_wielandt_cumulative_bound.tex )..........................
...........................................................................
.....................................................................
 ( ./chapter/ch08_wielandt_fixed_length_and_normality.tex )................
...........................................................................
...................
 ( ./chapter/ch08_wielandt_word_span_and_block_injectivity.tex )...........
......... ( ./chapter/ch09_canonical.tex )..................
 ( ./chapter/ch09_canonical_unital_periodic.tex )..........
 ( ./chapter/ch09_canonical_ft_reduction.tex ).............................
.........................................................
 ( ./chapter/ch09_canonical_forms_and_projectors_auxiliary.tex )...........
...........................................................................
............................................
 ( ./chapter/ch09_canonical_normal_forms_and_support_auxiliary.tex ).......
...........................................................................
.................... ( ./chapter/ch10_bnt.tex )....
 ( ./chapter/ch10_bnt_foundations.tex )
 ( ./chapter/ch10_bnt_definitions_and_characterization.tex )...............
. ( ./chapter/ch10_bnt_normal_blocks_and_overlap.tex ).....................
...............................
 ( ./chapter/ch10_bnt_block_injective_form.tex )...........................
..... ( ./chapter/ch10_bnt_permutation_and_power_sums.tex )................
..................... ( ./chapter/ch10_bnt_sector_canonical_form.tex ).....
...........................................................................
...........................................................................
.................... ( ./chapter/ch10_bnt_matching.tex )...................
............... ( ./chapter/ch11_fundamental_theorem_proof.tex )......
 ( ./chapter/ch11_fundamental_theorem_product_algebra_interfaces.tex ).....
....... ( ./chapter/ch11_fundamental_theorem_core.tex )....................
............................ ( ./chapter/ch11_fundamental_theorem_cases.tex
 )............................. ( ./chapter/ch12_symmetry.tex )......
 ( ./chapter/ch12_symmetry_virtual_and_cohomology.tex )....................
...........................................................................
............................... ( ./chapter/ch12_symmetry_string_order.tex
 )............ ( ./chapter/ch12_symmetry_string_order_periodic.tex ).......
...........................................................................
.................. ( ./chapter/ch12_symmetry_string_order_spectrum.tex )...
................. ( ./chapter/ch12_symmetry_string_order_asymptotics.tex ).
...................... ( ./chapter/ch12_symmetry_string_order_bounds.tex ).
........... ( ./chapter/ch12_symmetry_string_order_finite_endpoints.tex )..
............. ( ./chapter/ch12_symmetry_string_order_examples.tex )........
................. ( ./chapter/ch12_symmetry_spt.tex )......................
...........................................................................
...........................................................................
...........................................................................
...........................................................................
...........................................................................
...........................................................................
...........................................................................
...........................................................................
........................................................................
 ( ./chapter/ch12_symmetry_spt_mixed_fixed_points.tex )....................
...........................................................................
...........................................................................
..............................................
 ( ./chapter/ch13_parent_hamiltonian.tex )......
 ( ./chapter/ch13_parent_hamiltonian_injective_ground_spaces.tex )....
 ( ./chapter/ch13_parent_hamiltonian_injective_ground_spaces_local_parent_i
   nteraction.tex
 ).........................................................................
...........................................................................
...........................................................................
...........................................................................
...........................................................................
...........................................................................
...........................................................................
......................................
 ( ./chapter/ch13_parent_hamiltonian_injective_ground_spaces_intersection_p
   roperty.tex
 ).........................................................................
...................................
 ( ./chapter/ch13_parent_hamiltonian_blocking_transport.tex )..............
....................
 ( ./chapter/ch13_parent_hamiltonian_physical_deformation.tex )............
............................................
 ( ./chapter/ch13_parent_hamiltonian_injective_boundary.tex )..............
...........................................................................
....... ( ./chapter/ch13_parent_hamiltonian_normal_boundary.tex )..........
............................................
 ( ./chapter/ch13_parent_hamiltonian_normal_closing.tex )......
 ( ./chapter/ch13_parent_hamiltonian_normal_closing_boundary_equations.tex
 )..........................................................
 ( ./chapter/ch13_parent_hamiltonian_normal_closing_boundary_products.tex )
..................................
 ( ./chapter/ch13_parent_hamiltonian_normal_closing_reverse.tex )..........
..........................................................................
 ( ./chapter/ch13_parent_hamiltonian_half_chain_schmidt.tex )..............
....................................................................
 ( ./chapter/ch13_parent_hamiltonian_uncle.tex )..............
 ( ./chapter/ch13_parent_hamiltonian_commuting_and_gap.tex )....
 ( ./chapter/ch13_parent_hamiltonian_commuting_gap.tex )....
 ( ./chapter/ch13_parent_hamiltonian_commuting_gap_local_terms.tex ).......
...................................................
 ( ./chapter/ch13_parent_hamiltonian_commuting_gap_rfp_ground_spaces.tex ).
..................................................
 ( ./chapter/ch13_parent_hamiltonian_commuting_gap_appendix_b_supports.tex
 )................................................
 (
   ./chapter/ch13_parent_hamiltonian_commuting_gap_appendix_b_commutation.tex
 )..................................................................
 (
   ./chapter/ch13_parent_hamiltonian_commuting_gap_all_chain_sector_graph.tex
 )..................................
 ( ./chapter/ch13_parent_hamiltonian_commuting_gap_beigi_loops.tex ).......
.....................................................................
 ( ./chapter/ch13_parent_hamiltonian_decorrelation.tex )......
 ( ./chapter/ch13_parent_hamiltonian_decorrelation_marginal_supports.tex ).
.............................................................
 ( ./chapter/ch13_parent_hamiltonian_decorrelation_commuting_structure.tex
 ).........................................................................
. ( ./chapter/ch13_parent_hamiltonian_spectral_gap.tex )......
 ( ./chapter/ch13_parent_hamiltonian_spectral_gap_hilbert_space_rowsum.tex
 ).........................................................................
.............................................
 ( ./chapter/ch13_parent_hamiltonian_spectral_gap_martingale_cyclic_overlap
   .tex
 )..............................................................
 ( ./chapter/ch13_parent_hamiltonian_spectral_gap_martingale.tex ).........
...........................................................................
...........................................................................
...........................................................................
...........................................................................
...........................................................................
...........................................................................
...........................................................................
...........................................................................
...........................................................................
...........................................................................
................................................
 ( ./chapter/ch13_parent_hamiltonian_spectral_gap_continuity.tex ).........
...........................................................................
................................
 ( ./chapter/ch13_parent_hamiltonian_block_ground_spaces.tex )....
 ( ./chapter/ch13_parent_hamiltonian_block_intersections.tex ).............
.......................................................
 ( ./chapter/ch13_parent_hamiltonian_block_intersections_trace_consequences
   .tex
 )......
 (
   ./chapter/ch13_parent_hamiltonian_block_intersections_trace_identities.tex
 )....................................................
 ( ./chapter/ch13_parent_hamiltonian_block_intersections_intersection_conse
   quences.tex
 ).........................................................................
............. ( ./chapter/ch13_parent_hamiltonian_block_diagonal.tex ).....
...........................................................................
............................
 ( ./chapter/ch13_parent_hamiltonian_block_diagonal_boundary_crossing.tex )
....
 ( ./chapter/ch13_parent_hamiltonian_block_diagonal_boundary_crossing_compa
   risons.tex
 )...........................................................
 ( ./chapter/ch13_parent_hamiltonian_block_diagonal_single_block_constraint
   s.tex
 )....................................................
 ( ./chapter/ch13_parent_hamiltonian_block_diagonal_periodic_components.tex
 ).........................................................................
.........
 ( ./chapter/ch13_parent_hamiltonian_block_diagonal_chain_equality.tex )...
.......................................................
 ( ./chapter/ch13_parent_hamiltonian_bnt_consequences.tex )............
 ( ./chapter/ch14_correlations.tex ).......................................
....................................
 ( ./chapter/ch14_correlations_jordan.tex )........
 ( ./chapter/ch15_examples.tex )....
 ( ./chapter/ch15_examples_product_states.tex )......................
 ( ./chapter/ch15_examples_ghz.tex ).......................................
.....................................................
 ( ./chapter/ch15_examples_aklt.tex )......................................
....................................................
 ( ./chapter/ch15_examples_majumdar_ghosh.tex )............................
...........................................................................
............. ( ./chapter/ch15_examples_w_state.tex )......................
......................................
 ( ./chapter/ch15_examples_w_state_sharper.tex )...........................
.......... ( ./chapter/ch15_examples_pvbs.tex )................
 ( ./chapter/ch15_examples_pvbs_gap.tex )..............
 ( ./chapter/ch15_examples_pvbs_critical_gap.tex )......
 ( ./chapter/ch15_examples_cluster_state.tex ).............................
............................... ( ./chapter/ch15_examples_kitaev_chain.tex
 )..............................................
 ( ./chapter/ch15_examples_cpsv16_example_34.tex )......................
 ( ./chapter/ch15_examples_parent_hamiltonians.tex ).......................
.............................................................
 ( ./chapter/ch20_mpdo.tex )...... ( ./chapter/ch20_mpdo_foundations.tex ).
...................................................................
 ( ./chapter/ch20_mpdo_canonical_forms.tex )
 ( ./chapter/ch20_mpdo_canonical_forms_intro_finite_separation.tex ).......
...........................
 ( ./chapter/ch20_mpdo_canonical_forms_representative_marked.tex ).........
..........................................................
 ( ./chapter/ch20_mpdo_canonical_forms_first_site_contractions.tex ).......
...........................................................
 ( ./chapter/ch20_mpdo_canonical_forms_periodic_sectors.tex )..............
...........................................
 ( ./chapter/ch20_mpdo_canonical_forms_positivity_gram_normalization.tex ).
...........................................................................
...................
 ( ./chapter/ch20_mpdo_canonical_forms_vertical_direct_sums.tex )..........
...........................................................................
......... ( ./chapter/ch20_mpdo_symmetry.tex ).............................
......................... ( ./chapter/ch26_mps_rfp.tex )......
 ( ./chapter/ch26_mps_rfp_core.tex )
 ( ./chapter/ch26_mps_rfp_physical_blocking.tex ).......................
 ( ./chapter/ch26_mps_rfp_zero_correlation_length.tex )....................
.........................................
 ( ./chapter/ch26_mps_rfp_normal_isometry_canonical_forms.tex )............
.............................
 ( ./chapter/ch26_mps_rfp_direct_sums_residual_isometries.tex )............
................................................
 ( ./chapter/ch26_mps_rfp_renormalization_flow_correlations.tex )..........
................................... ( ./chapter/ch28_mpu.tex ).............
...........................................................................
...........................................................................
...........................................................................
...........................................................................
...........................................................................
...........................................................................
...........................................................................
...........................................................................
...........................................................................
...........................................................................
.........................................................................
 ( ./chapter/ch28_mpu_injective_source_index.tex ).........................
...........................................................................
...........................................................................
...........................................................................
...........................................................................
...........................................................................
...........................................................................
...........................................................................
...........................................................................
...........................................................................
...........................................................................
...........................................................................
...........................................................................
...........................................................................
...........................................................................
...........................................................................
...........................................................................
....................... ( ./chapter/ch28_mpu_central_matrix_factor.tex )...
.... ( ./chapter/ch28_mpu_tree_depth.tex ).................................
............................... ( ./chapter/ch28_mpu_rank_two_circuits.tex
 ).........................................................................
...........................................................................
...........................................................................
...........................................................................
...........................................................................
....................................................
 ( ./chapter/ch29_mpu_gauging.tex )..............................
 ( ./chapter/ch29_mpu_group_index.tex )....................................
...........................................................................
...........................................................................
...........................................................................
...........................................................................
...........................................................................
...........................................................................
...........................................................................
...........................................................................
...........................................................................
...........................................................................
...........................................................................
...........................................................................
...........................................................................
...........................................................................
...........................................................................
...........................................................................
............................... ( ./chapter/ch21_mpdo_rfp.tex )......
 ( ./chapter/ch21_mpdo_rfp_renormalization.tex )...........................
...........................................................................
.................. ( ./chapter/ch21_mpdo_rfp_peps_boundary.tex )...........
.................. ( ./chapter/ch21_mpdo_rfp_strong.tex )..................
........ ( ./chapter/ch21_mpdo_rfp_foundations.tex ).......................
...........................................................................
........................................
 ( ./chapter/ch21_mpdo_rfp_area_law.tex )
 ( ./chapter/ch21_mpdo_rfp_area_law_mixed_state_bounds.tex )...............
...........................................................................
......................................
 ( ./chapter/ch21_mpdo_rfp_area_law_diagonal_and_pure_state_bounds.tex )...
...........................................................................
...........................................................................
......................
 ( ./chapter/ch21_mpdo_rfp_physical_isometric_embeddings.tex )...........
 ( ./chapter/ch21_mpdo_rfp_simple_definition.tex ).........................
.......................................................
 ( ./chapter/ch21_mpdo_rfp_local_embedding_coordinates.tex )..........
 ( ./chapter/ch21_mpdo_rfp_gsnnch_definitions.tex )........................
...........................................................................
..............................................................
 ( ./chapter/ch21_mpdo_rfp_blocked_rfp.tex )
 ( ./chapter/ch21_mpdo_rfp_blocked_rfp_positive_blocking_and_sector_algebra
   .tex
 ).........................................................................
.................................
 ( ./chapter/ch21_mpdo_rfp_blocked_rfp_retained_vertical_coordinates.tex ).
...........................................................................
.............................
 ( ./chapter/ch21_mpdo_rfp_blocked_rfp_transported_vertical_maps.tex ).....
...........................................................................
. ( ./chapter/ch21_mpdo_rfp_blocked_rfp_fusion_decomposition.tex ).........
...........................................................................
........ ( ./chapter/ch21_mpdo_rfp_simple_local_structure.tex )..
 ( ./chapter/ch21_mpdo_rfp_simple_case_two.tex )...........................
...................................
 ( ./chapter/ch21_mpdo_rfp_simple_local_markov_factorization.tex )
 ( ./chapter/ch21_mpdo_rfp_simple_local_markov_bnt_compression.tex ).......
...........................................................................
.......................................................
 ( ./chapter/ch21_mpdo_rfp_simple_local_inverse_map_factorization.tex )....
..................................................................
 ( ./chapter/ch21_mpdo_rfp_simple_local_bond_products.tex )
 ( ./chapter/ch21_mpdo_rfp_simple_local_neighboring_bond_contractions.tex )
...........................................................................
.........................................
 ( ./chapter/ch21_mpdo_rfp_simple_local_commuting_physical_bonds.tex ).....
...........................................................................
..........
 ( ./chapter/ch21_mpdo_rfp_simple_local_closed_sector_rephasing.tex )
 ( ./chapter/ch21_mpdo_rfp_simple_local_closed_sector_contractions.tex )...
.........................................................
 ( ./chapter/ch21_mpdo_rfp_simple_local_coherent_positive_rephasing.tex )..
...........................................................................
.............
 ( ./chapter/ch21_mpdo_rfp_simple_local_normalized_preparations.tex )
 ( ./chapter/ch21_mpdo_rfp_simple_local_normalized_preparations_completed_c
   hannels.tex
 )........................................................
 ( ./chapter/ch21_mpdo_rfp_simple_local_normalized_preparations_controlled_
   partial_traces.tex
 )............................................
 ( ./chapter/ch21_mpdo_rfp_simple_local_primitivity.tex )
 ( ./chapter/ch21_mpdo_rfp_simple_local_primitivity_active_trace_matrix.tex
 ).........................................................................
...........................................................................
.......
 (
   ./chapter/ch21_mpdo_rfp_simple_local_primitivity_rank_one_trace_matrix.tex
 ).........................................................................
................
 ( ./chapter/ch21_mpdo_rfp_simple_local_refinement_channels.tex )
 ( ./chapter/ch21_mpdo_rfp_simple_local_refinement_channels_sector_coordina
   tes.tex
 ).........................................................................
............
 ( ./chapter/ch21_mpdo_rfp_simple_local_refinement_channels_physical_coordi
   nates.tex
 ).........................................................................
....................................
 ( ./chapter/ch21_mpdo_rfp_simple_local_structure_capstone.tex )...........
...........................................................................
...........................................................................
...........................................................................
............... ( ./chapter/ch21_mpdo_rfp_commuting_form_gsnnch.tex )
 ( ./chapter/ch21_mpdo_rfp_commuting_form_bond_products.tex )..............
....................................................
 ( ./chapter/ch21_mpdo_rfp_commuting_form_cyclic_active_markov.tex ).......
...........................................................................
...........................................................................
. ( ./chapter/ch21_mpdo_rfp_algebraic.tex )............
 ( ./chapter/ch21_mpdo_rfp_algebra_structure.tex )..
 ( ./chapter/ch21_mpdo_rfp_algebra_tower.tex ).............................
.............................
 ( ./chapter/ch21_mpdo_rfp_bnt_coefficients.tex )
 ( ./chapter/ch21_mpdo_rfp_bnt_coefficients_definitions.tex )..............
..........................................
 ( ./chapter/ch21_mpdo_rfp_bnt_coefficients_dimer.tex )....................
................ ( ./chapter/ch21_mpdo_twisted_dimer_bond_simple.tex ).....
................
 ( ./chapter/ch21_mpdo_rfp_bnt_coefficients_flag_sectors.tex ).............
.................. ( ./chapter/ch21_mpdo_rfp_bnt_coefficients_rescaling.tex
 )...............................................
 ( ./chapter/ch21_mpdo_rfp_bnt_coefficients_uniqueness.tex )...............
................ ( ./chapter/ch21_mpdo_rfp_bnt_theorem_data.tex )
 ( ./chapter/ch21_mpdo_rfp_bnt_theorem_data_algebra_extensions.tex ).......
.................................
 ( ./chapter/ch21_mpdo_rfp_bnt_theorem_data_singleton.tex )................
..........................
 ( ./chapter/ch21_mpdo_rfp_bnt_theorem_data_multiplicity_gauges.tex )......
...................................
 ( ./chapter/ch21_mpdo_rfp_bnt_theorem_data_idempotence_comparison.tex )...
............. ( ./chapter/ch21_mpdo_rfp_bnt_witnesses.tex ).........
 ( ./chapter/ch21_mpdo_rfp_bnt_direct_sum_unitary_conjugations.tex ).......
 ( ./chapter/ch21_mpdo_rfp_bnt_ambient_sector_maps.tex )...................
 ( ./chapter/ch21_mpdo_rfp_bnt_conditional_physical_channels.tex ).........
........ ( ./chapter/ch21_mpdo_rfp_fusion_isometries.tex )
 ( ./chapter/ch21_mpdo_rfp_fusion_isometries_foundations.tex ).............
..................................................
 ( ./chapter/ch21_mpdo_rfp_fusion_isometries_product_laws.tex )............
.........................................................
 ( ./chapter/ch21_mpdo_rfp_fusion_isometries_recursive_density.tex )
 ( ./chapter/ch21_mpdo_rfp_fusion_isometries_recursive_density_fusion_layer
   s.tex
 )...............................
 ( ./chapter/ch21_mpdo_rfp_fusion_isometries_recursive_density_spectral_gib
   bs.tex
 )............................................................
 ( ./chapter/ch21_mpdo_rfp_fusion_isometries_fixed_final_comparison.tex )..
.......................................
 ( ./chapter/ch21_mpdo_rfp_fusion_isometries_complete_zipper_coherence.tex
 )............................. ( ./chapter/ch22_periodic_ft.tex )........
 ( ./chapter/ch22_periodic_ft_irreducible_rotation.tex )...................
...........................................
 ( ./chapter/ch22_periodic_ft_z_gauge.tex )............................
 ( ./chapter/ch22_periodic_ft_common_period_blocking.tex )........
 ( ./chapter/ch22_periodic_ft_equal_case_statement.tex )...................
............................................
 ( ./chapter/ch22_periodic_ft_overlap_foundations.tex )....................
...........................................................
 ( ./chapter/ch22_periodic_ft_overlap_cyclic_sectors.tex ).................
.....................................
 ( ./chapter/ch22_periodic_ft_overlap_sector_match_and_consequences.tex )..
...........................................................................
............... ( ./chapter/ch22_periodic_ft_physical_symmetries.tex ).....
...................
 ( ./chapter/ch22_periodic_ft_refinement_divisibility.tex )................
...........................................................................
...........................................................................
.................................... ( ./chapter/ch23_algebraic_ft.tex )...
..... ( ./chapter/ch23_algebraic_ft_foundations.tex )......................
...........................................................................
...........................................................................
...................
 ( ./chapter/ch23_algebraic_ft_injective_chains_and_product_algebra.tex )..
...........................................................................
..............................................
 ( ./chapter/ch23_algebraic_ft_direct_sums_and_symmetry.tex )..............
........................................................................
 ( ./chapter/ch24_peps_ft.tex )................
 ( ./chapter/ch24_peps_ft_foundations.tex )................................
...........................................................................
...................................
 ( ./chapter/ch24_peps_ft_edge_middle.tex )................................
..................................................
 ( ./chapter/ch24_peps_ft_edge_kernel_gauges.tex )
 ( ./chapter/ch24_peps_ft_edge_kernel_gauges_kernel_descent_recovery.tex ).
................................
 ( ./chapter/ch24_peps_ft_edge_kernel_gauges_insertion_algebra_local_gauges
   .tex
 )..................................
 (
   ./chapter/ch24_peps_ft_edge_kernel_gauges_absorption_scalar_comparison.tex
 )................................
 ( ./chapter/ch24_peps_ft_region_transfer.tex )....
 ( ./chapter/ch24_peps_ft_region_transfer_insertions.tex ).................
....................... ( ./chapter/ch24_peps_ft_region_transfer_maps.tex )
..............................
 ( ./chapter/ch24_peps_ft_region_transfer_absorption.tex ).................
......... ( ./chapter/ch24_peps_ft_region_transfer_covariance.tex )........
............................ ( ./chapter/ch24_peps_ft_normal_union.tex )...
.............................................
 ( ./chapter/ch24_peps_ft_normal_square.tex )
 ( ./chapter/ch24_peps_ft_normal_square_coordinate_regions.tex )...........
...........
 ( ./chapter/ch24_peps_ft_normal_square_rectangular_injectivity.tex )......
........................
 (
   ./chapter/ch24_peps_ft_normal_square_translated_windows_and_comparison.tex
 ).................................
 ( ./chapter/ch24_peps_ft_normal_square_blocking_and_fundamental.tex ).....
....... ( ./chapter/ch24_peps_ft_torus.tex )
 ( ./chapter/ch24_peps_ft_torus_translation_and_reference_windows.tex )....
.................... ( ./chapter/ch24_peps_ft_torus_row_cut_obstruction.tex
 ).......................
 ( ./chapter/ch24_peps_ft_torus_staircase_geometry_and_ft.tex )............
.............. ( ./chapter/ch24_peps_ft_torus_corner_cancellation.tex )....
.... ( ./chapter/ch24_peps_ft_torus_bond_uniform.tex ).....................
........... ( ./chapter/ch24_peps_ft_torus_single_bond_peeling.tex ).......
..........................
 ( ./chapter/ch24_peps_ft_torus_window_independence.tex )......
 ( ./chapter/ch24_peps_ft_torus_virtual_operation_family.tex ).............
.........................................................................
 ( ./chapter/ch24_peps_ft_torus_window_realizes.tex )......
 ( ./chapter/ch24_peps_ft_torus_bond_local.tex )......
 ( ./chapter/ch24_peps_arc_window_gauge.tex )........
 ( ./chapter/ch24_peps_arc_window_transfer.tex )..............
 ( ./chapter/ch24_peps_witness_transport.tex )......
 ( ./chapter/ch24_peps_ft_torus_window_scalar_comparison.tex ).............
............. ( ./chapter/ch24_peps_ft_torus_window_gauge_uniqueness.tex ).
....... ( ./chapter/ch24_peps_window_complements_and_comparison.tex )......
...... ( ./chapter/ch24_peps_ft_normal_capstone.tex )
 ( ./chapter/ch24_peps_ft_normal_capstone_normal_peps.tex )..............
 ( ./chapter/ch24_peps_ft_normal_capstone_normal_mps.tex ).................
.....................................
 ( ./chapter/ch24_peps_ft_normal_capstone_site_dependent_and_vertex_injecti
   ve.tex
 ).............................................................
 ( ./chapter/ch24_peps_ft_balanced_edge_scalars.tex )......................
................................................
 ( ./chapter/ch24_peps_torus_examples.tex )................................
....................................................................
 ( ./chapter/ch24_peps_czx_rectangle_boundary.tex )........................
....................................................................
 ( ./chapter/ch24_peps_examples.tex )......................................
............ ( ./chapter/ch24_peps_semiregular_group_algebra.tex ).........
...........................................................................
.................. ( ./chapter/ch24_peps_regular_graph_bond_blocking.tex ).
...... ( ./chapter/ch24_peps_regular_graph_physical_blocking.tex ).........
............. ( ./chapter/ch24_peps_two_by_two_geometric_blocking.tex )....
................ ( ./chapter/ch24_peps_two_by_two_tensor_isometry.tex )....
................ ( ./chapter/ch24_peps_two_by_two_physical_blocking.tex )..
..........................
 ( ./chapter/ch24_peps_regular_graph_surplus_site.tex )..........
 ( ./chapter/ch24_peps_two_by_two_original_tensor.tex )....................
.. ( ./chapter/ch24_peps_regular_reblocking_diagrams.tex )......
 ( ./chapter/ch24_peps_twisted_two_by_two_fixed_point.tex )................
.......................................
 ( ./chapter/ch24_peps_commuting_regional_constraints.tex )................
..........................
 ( ./chapter/ch24_peps_g_isometric_regional_parents.tex )..................
................ ( ./chapter/ch24_peps_regular_region_intersection.tex )...
...........................................................................
....................................
 ( ./chapter/ch24_peps_integer_contact_connectivity.tex ).............
 ( ./chapter/ch24_peps_integer_boundary_contour.tex ).........
 ( ./chapter/ch24_peps_torus_integer_cell_lift.tex ).......................
...........................................................................
................... ( ./chapter/ch24_peps_complement_path_replacement.tex )
..... ( ./chapter/ch24_peps_simply_connected_complement.tex ).....
 ( ./chapter/ch24_peps_local_equivalence.tex )..........
 ( ./chapter/ch24_peps_simply_connected_physical_density.tex ).............
...........................................................................
...........................................................................
..........
 ( ./chapter/ch24_peps_regular_ginjective_simply_connected_entropy.tex )...
..... ( ./chapter/ch24_peps_rectangle_realization.tex )....
 ( ./chapter/ch24_peps_stripe_local_equivalence.tex )......................
......................
 ( ./chapter/ch24_peps_regular_invariant_state_span.tex )............
 ( ./chapter/ch24_peps_torus_flat_connection_gauge.tex ).........
 ( ./chapter/ch24_peps_regular_parent_spanning.tex )..........
 ( ./chapter/ch24_peps_regular_parent_ground_space.tex )..................
 ( ./chapter/ch24_peps_toric_code_primal.tex )......
 ( ./chapter/ch24_peps_toric_code_torus_sectors.tex )................
 ( ./chapter/ch24_peps_semiregular_bond_isometry.tex )........
 ( ./chapter/ch24_peps_pair_centralizer_count.tex )......
 ( ./chapter/ch24_peps_regular_site_symmetry_recovery.tex )............
 ( ./chapter/ch24_peps_g_injective_range_equivalence.tex )........
 ( ./chapter/ch24_peps_g_injective_virtual_comparison.tex )......
 ( ./chapter/ch24_peps_g_injective_cut_range.tex )....
 ( ./chapter/ch24_peps_g_injective_cut_compatibility.tex )....
 ( ./chapter/ch24_peps_g_injective_physical_map.tex )....................
 ( ./chapter/ch24_peps_g_injective_physical_equivalence.tex )..........
 ( ./chapter/ch24_peps_g_injective_physical_normal_form.tex )......
 ( ./chapter/ch24_peps_regular_boundary_local_algebra.tex )............
 ( ./chapter/ch24_peps_regular_boundary_supported_gram.tex )..........
 ( ./chapter/ch24_peps_conjugacy_class_invariance.tex )..
 ( ./chapter/ch24_peps_cycle_assignment_support.tex )....
 ( ./chapter/ch24_peps_cycle_flux_measurement.tex )......
 ( ./chapter/ch24_peps_joint_flux_measurement.tex )................
 ( ./chapter/ch24_peps_three_plaquette_geometry.tex )..........
 ( ./chapter/ch24_peps_torus_plaquette_flux_measurement.tex )..............
 ( ./chapter/ch24_peps_torus_plaquette_holonomy.tex )....
 ( ./chapter/ch24_peps_g_injective_strip_intersection.tex )................
 ( ./chapter/ch24_peps_g_injective_strip_parent_ground_space.tex ).........
... ( ./chapter/ch24_peps_zmod_small_difference.tex )..
 ( ./chapter/ch24_peps_unitary_vector_swap.tex )..
 ( ./chapter/ch24_peps_permutation_matrix_commutation.tex )
 ( ./chapter/ch24_peps_regular_cycle_physical_flux_creation.tex )........
 ( ./chapter/ch24_peps_irreducible_ext.tex )
 ( ./chapter/ch24_peps_delta_inverse.tex )......
 ( ./chapter/ch24_peps_orthogonal_sectors.tex )
 ( ./chapter/ch24_peps_representation_theta.tex )........
 ( ./chapter/ch24_peps_theta_positive.tex )
 ( ./chapter/ch24_peps_theta_squared.tex )..
 ( ./chapter/ch24_peps_theta_bond_state.tex )....
 ( ./chapter/ch24_peps_theta_bond_orthonormal_coordinates.tex )..
 ( ./chapter/ch24_peps_semiregular_bond_state.tex )....
 ( ./chapter/ch24_peps_semiregular_bond_support.tex )..........
 ( ./chapter/ch24_peps_semiregular_bond_product_isometry.tex )..
 ( ./chapter/ch24_peps_semiregular_bond_isometry_extension.tex )..
 ( ./chapter/ch24_peps_physical_bond_regrouping.tex )....
 ( ./chapter/ch24_peps_physical_coherent_transport.tex )
 ( ./chapter/ch24_peps_coherent_multiplicity_transport.tex )
 ( ./chapter/ch24_peps_torus_multiplicity_bond_state.tex )...........
 ( ./chapter/ch24_peps_bond_coordinate_transport.tex )......
 ( ./chapter/ch24_peps_torus_block_multiplicity_state.tex )..
 ( ./chapter/ch24_peps_torus_semiregular_equivalence.tex )........
 ( ./chapter/ch24_peps_torus_semiregular_state_norm.tex )....
 ( ./chapter/ch24_peps_semiregular_bond_dimension.tex )..
 ( ./chapter/ch24_peps_fourier_commutativity.tex )..
 ( ./chapter/ch24_peps_regular_matrix_commutativity.tex )
 ( ./chapter/ch24_peps_regular_order_six_dimension.tex )..
 ( ./chapter/ch24_peps_unitary_character_adjoint.tex )
 ( ./chapter/ch24_peps_translated_character_orthogonality.tex )..
 ( ./chapter/ch24_peps_monoid_hom_commuting_weight.tex )..
 ( ./chapter/ch24_peps_finite_group_commutant.tex )..................
 ( ./chapter/ch24_peps_unitary_representation_algebra.tex )....
 ( ./chapter/ch24_peps_unitary_representation_blocks.tex )
 ( ./chapter/ch24_peps_regular_fourier.tex )..
 ( ./chapter/ch24_peps_regular_minimal_representation.tex )
 ( ./chapter/ch24_peps_regular_fourier_matrix.tex )....
 ( ./chapter/ch24_peps_semiregular_dimension.tex )..
 ( ./chapter/ch24_peps_twisted_state_nonzero.tex )
 ( ./chapter/ch24_peps_regular_coherent_global_transport.tex )..
 ( ./chapter/ch24_peps_theta_bond_coordinates.tex )..
 ( ./chapter/ch24_peps_torus_weighted_site_g_injective.tex )..
 ( ./chapter/ch24_peps_graph_averaging_bonds.tex )............
 ( ./chapter/ch24_peps_graph_inserted_bond_state.tex )........
 ( ./chapter/ch24_peps_graph_regular_state_nonzero.tex )..
 ( ./chapter/ch24_peps_graph_semiregular_equivalence.tex )...
 ( ./chapter/ch24_peps_graph_inserted_semiregular_equivalence.tex )
 ( ./chapter/ch24_peps_graph_inserted_semiregular_factory.tex )..
 ( ./chapter/ch24_peps_physical_support.tex )..
 ( ./chapter/ch24_peps_two_plaquette_geometry.tex )......
 ( ./chapter/ch24_peps_regular_two_cycle_flux_move.tex )..
 ( ./chapter/ch24_peps_regular_cycle_permutation.tex )......
 ( ./chapter/ch24_peps_regular_two_cycle_conjugation.tex )....
 ( ./chapter/ch24_peps_regular_two_cycle_physical_flux_move.tex )..
 ( ./chapter/ch24_peps_regular_two_cycle_global_flux_move.tex ).......
 ( ./chapter/ch24_peps_regular_cycle_global_permutation.tex )..
 ( ./chapter/ch24_peps_torus_two_plaquette_flux_holonomy.tex )..
 ( ./chapter/ch24_peps_torus_two_plaquette_physical_flux_move.tex )..
 ( ./chapter/ch24_peps_torus_two_plaquette_global_flux_move.tex )..
 ( ./chapter/ch24_peps_translated_two_plaquette_geometry.tex )....
 ( ./chapter/ch24_peps_torus_three_plaquette_flux_geometry.tex )....
 ( ./chapter/ch24_peps_regular_three_plaquette_double_exchange.tex ).......
..... ( ./chapter/ch24_peps_torus_three_plaquette_double_exchange.tex )....
.... ( ./chapter/ch24_peps_torus_three_plaquette_output_measurement.tex )..
.... ( ./chapter/ch24_peps_regular_inserted_walk_holonomy.tex )..
 ( ./chapter/ch24_peps_torus_translated_flux_move.tex )............
 ( ./chapter/ch24_peps_regular_flux_creation_state.tex )......
 ( ./chapter/ch24_peps_regular_cycle_global_flux_creation.tex )...
 ( ./chapter/ch24_peps_torus_translated_flux_creation.tex ).....
 ( ./chapter/ch24_peps_regular_connector_holonomy.tex )..
 ( ./chapter/ch24_peps_regular_gauged_cycle_permutation.tex )..
 ( ./chapter/ch24_peps_internal_gauge_transport.tex )
 ( ./chapter/ch24_peps_actual_cycle_physical_permutation.tex )..
 ( ./chapter/ch24_peps_tree_gauge_transport.tex )
 ( ./chapter/ch24_peps_actual_horizontal_flux_move.tex )..
 ( ./chapter/ch24_peps_vertical_flux_move.tex )......
 ( ./chapter/ch24_peps_gauged_vertical_flux_move.tex )..
 ( ./chapter/ch24_peps_gauged_horizontal_flux_move.tex ).
 ( ./chapter/ch24_peps_two_plaquette_transport_table.tex )
 ( ./chapter/ch24_peps_gauged_route_step.tex ).
 ( ./chapter/ch24_peps_torus_swept_patch_endpoint_geometry.tex )........
 ( ./chapter/ch24_peps_regular_swept_patch_deformation.tex )........
 ( ./chapter/ch24_peps_torus_swept_string_deformation.tex )..............
 ( ./chapter/ch24_peps_torus_swept_string_endpoint_holonomy.tex )..
 ( ./chapter/ch24_peps_torus_swept_patch_connector_holonomy.tex )....
 ( ./chapter/ch24_peps_torus_swept_physical_endpoint_route.tex ).......
 ( ./chapter/ch24_peps_initial_string_right_step.tex )....
 ( ./chapter/ch24_peps_first_string_physical_crossing.tex )
 ( ./chapter/ch24_peps_second_string_physical_crossing.tex )
 ( ./chapter/ch24_peps_two_step_string_physical_route.tex )
 ( ./chapter/ch24_peps_two_step_string_route_holonomy.tex )
 ( ./chapter/ch24_peps_torus_directed_bond_update.tex )....
 ( ./chapter/ch24_peps_torus_swept_route_bond_assignments.tex )..........
 ( ./chapter/ch24_peps_actual_route_flux_move.tex )......
 ( ./chapter/ch24_peps_torus_swept_physical_route_composition.tex )....
 ( ./chapter/ch24_peps_torus_swept_route_joint_flux_measurement.tex )....
 ( ./chapter/ch24_peps_torus_swept_physical_route_measurement.tex )..
 ( ./chapter/ch24_peps_regular_charge_coordinates.tex )..........
 ( ./chapter/ch24_peps_regular_charge_subspace.tex )..........
 ( ./chapter/ch24_peps_regular_charge_detector_matrix.tex )....
 ( ./chapter/ch24_peps_regular_charge_bond_contraction.tex )..
 ( ./chapter/ch24_peps_regular_charge_pair.tex )....
 ( ./chapter/ch24_peps_regular_charge_pair_preparation.tex )....
 ( ./chapter/ch24_peps_regular_charge_labels.tex )
 ( ./chapter/ch24_peps_regular_two_site_charge_measurement.tex )...........
... ( ./chapter/ch24_peps_regular_charge_complete_measurement.tex )....
 ( ./chapter/ch24_peps_regular_edge_charge_contraction.tex )..
 ( ./chapter/ch24_peps_regular_edge_physical_charge_measurement.tex )
 ( ./chapter/ch24_peps_torus_edge_physical_charge_measurement.tex )....
 ( ./chapter/ch24_peps_regular_physical_charge_pair_creation.tex ).........
. ( ./chapter/ch24_peps_regular_charge_pair_sectors.tex ).....
 ( ./chapter/ch24_peps_regular_charge_pair_readout.tex ).....
 ( ./chapter/ch24_peps_regular_charge_flux_physical_transport.tex )........
.......... ( ./chapter/ch24_peps_regular_charge_pair_interference.tex )....
........ ( ./chapter/ch24_peps_regular_physical_charge_motion.tex )......
 ( ./chapter/ch24_peps_torus_physical_charge_motion.tex )...
 ( ./chapter/ch24_peps_charge_string_deformation.tex )......
 ( ./chapter/ch24_peps_kitaev_checkerboard_blocking.tex )................
 ( ./chapter/ch24_peps_two_column_charge_motion.tex )...................
 ( ./chapter/ch24_peps_torus_charge_flux_crossing.tex )...
 ( ./chapter/ch24_peps_torus_correlated_charge_flux_crossing.tex )......
 ( ./chapter/ch24_peps_kitaev_native_checkerboard_blocking.tex ).....
 ( ./chapter/ch24_peps_kitaev_native_boundary_cnot.tex )..........
 ( ./chapter/ch24_peps_kitaev_global_blocking.tex )................
 ( ./chapter/ch24_peps_regions.tex )......
 ( ./chapter/ch24_peps_region_ground_space.tex )............
 ( ./chapter/ch24_peps_region_parent_hamiltonian.tex )..................
 ( ./chapter/ch24_peps_cycle_ground_space.tex )............
 ( ./chapter/ch24_peps_region_reduced_density.tex )............
 ( ./chapter/ch24_peps_regular_region_support.tex )..................
 ( ./chapter/ch24_peps_regular_region_entropy_bound.tex )..........
 ( ./chapter/ch24_peps_regular_boundary_gibbs_support.tex )............
 ( ./chapter/ch24_peps_region_physical_deformation.tex )..............
 ( ./chapter/ch24_peps_region_physical_ground_space_transport.tex )........
........ ( ./chapter/ch24_peps_region_physical_hamiltonian_transport.tex ).
........... ( ./chapter/ch24_peps_full_region_ground_space.tex )...........
..... ( ./chapter/ch24_peps_region_ground_space_nesting.tex )..............
.... ( ./chapter/ch24_peps_region_parent_comparison.tex )..................
.. ( ./chapter/ch24_peps_region_parent_gap_criterion.tex ).................
... ( ./chapter/ch24_peps_regular_region_boundary_hamiltonian.tex )......
 ( ./chapter/ch24_peps_regular_state_parent_rigidity.tex ).................
. ( ./chapter/ch24_peps_region_entanglement_bound.tex )..........
 ( ./chapter/ch24_peps_regular_torus_rectangle_entropy_bound.tex )....
 ( ./chapter/ch24_peps_torus_entanglement_bound.tex )....
 ( ./chapter/ch24_peps_torus_native_ginjective_support.tex )............
 ( ./chapter/ch24_peps_torus_rectangle_boundary_card.tex )........
 ( ./chapter/ch24_peps_torus_regular_region_support.tex )................
 ( ./chapter/ch24_peps_torus_sector_local_ground_space.tex )........
 ( ./chapter/ch24_peps_torus_sector_support.tex )....
 ( ./chapter/ch24_peps_injective_parent_reconstruction_counterexample.tex )
............ ( ./chapter/ch24_peps_injective_region_parent_transport.tex ).
..... ( ./chapter/ch24_peps_injective_vertex_coordinates.tex )......
 ( ./chapter/ch24_peps_virtual_bond_ground_space.tex )..........
 ( ./chapter/ch24_peps_injective_covering_parent_ground_space.tex ).....
 ( ./chapter/ch24_peps_injective_nearest_neighbor_parent.tex ).............
... ( ./chapter/ch24_peps_injective_region_support.tex )..................
 ( ./chapter/ch24_peps_region_vertex_image_support.tex )..........
 ( ./chapter/ch24_peps_vertex_bond_coordinates.tex )............
 ( ./chapter/ch24_peps_vertex_bond_region_constraint.tex )................
 ( ./chapter/ch24_peps_vertex_bond_state.tex )..............
 ( ./chapter/ch24_peps_vertex_image_ground_space.tex )........
 ( ./chapter/ch24_peps_vertex_inverse_region_slice.tex )............
 ( ./chapter/ch24_peps_vertex_virtual_parent_transport.tex )..........
 ( ./chapter/ch24_peps_range_parent_transport.tex )..................
 ( ./chapter/ch24_peps_regular_region_bond_right_invariance.tex ).......
 ( ./chapter/ch24_peps_regular_region_flatness.tex ).......
 ( ./chapter/ch24_peps_regular_region_holonomy_filter.tex ).....
 ( ./chapter/ch24_peps_torus_closure_kernel_intersection.tex )....
 ( ./chapter/ch24_peps_torus_closure_parent_constraint.tex )......
 ( ./chapter/ch24_peps_torus_parent_flatness.tex ).......
 ( ./chapter/ch24_peps_region_half_edge_regrouping.tex )....
 ( ./chapter/ch24_peps_graph_open_region_contraction.tex )....
 ( ./chapter/ch24_peps_graph_open_averaging_bond_state.tex )........
 ( ./chapter/ch24_peps_graph_open_semiregular_support.tex )................
 ( ./chapter/ch24_peps_semiregular_parent_support.tex )....................
....................................
 ( ./chapter/ch24_peps_copy_parent_transport.tex ).........................
........... ( ./chapter/ch24_peps_fourier_parent_transport.tex )...........
................. ( ./chapter/ch24_peps_semiregular_parent_equivalence.tex
 )................................
 ( ./chapter/ch24_peps_oriented_open_contractions.tex )....................
...... ( ./chapter/ch24_peps_oriented_coordinate_transport.tex )...........
......... ( ./chapter/ch24_peps_oriented_copy_parent_transport.tex ).......
..................... ( ./chapter/ch24_peps_native_semiregular_parent.tex )
................................
 ( ./chapter/ch24_peps_four_cut_labelled_geometry.tex )....................
....................................
 ( ./chapter/ch24_peps_dependent_networks.tex )..................
 ( ./chapter/ch24_peps_dependent_projectors.tex )......................
 ( ./chapter/ch24_peps_dependent_bond_support.tex )..................
 ( ./chapter/ch24_peps_full_four_cut_closure.tex )..................
 ( ./chapter/ch24_peps_dependent_closure_dimension.tex )..............
 ( ./chapter/ch24_peps_four_cut_diagrams.tex )................
 ( ./chapter/ch24_peps_four_cut_common_boundaries.tex )....................
 ( ./chapter/ch24_peps_four_cut_common_projectors.tex )....................
 ( ./chapter/ch24_peps_four_cut_common_reconstruction.tex )................
............ ( ./chapter/ch24_peps_regular_open_boundary_dimension.tex )...
... ( ./chapter/ch24_peps_dependent_open_intersection.tex )................
.................................................................
 ( ./chapter/ch24_peps_general_three_block_intersection.tex )..............
...............................
 ( ./chapter/ch24_peps_parent_ground_state_observables.tex )........
 ( ./chapter/ch24_peps_native_parent_seam_cuts.tex )..............
 ( ./chapter/ch24_peps_dependent_parent_seam_diagrams.tex )....
 ( ./chapter/ch24_peps_nonuniform_native_parent_classification.tex ).......
..................... ( ./chapter/ch24_peps_area_law_models.tex )..........
............ ( ./chapter/ch24_peps_two_family_entropy.tex )..
 ( ./chapter/ch24_peps_conditional_two_family_entropy.tex )....
 ( ./chapter/ch24_peps_entropy_dimension.tex )....
 ( ./chapter/ch24_peps_amplification_radius_scales.tex )......
 ( ./chapter/ch25_asymmetric_ft.tex )........
 ( ./chapter/ch25_asymmetric_ft_algebra.tex )..............................
.........................................................................
 ( ./chapter/ch25_asymmetric_ft_mpo_coefficients.tex ).....................
.......................
 ( ./chapter/ch25_asymmetric_ft_unblocked_coefficients.tex )...............
. ( ./chapter/ch25_asymmetric_ft_splitting.tex )...........................
.............................
 ( ./chapter/ch25_asymmetric_ft_normalized_similarity.tex )..........
 ( ./chapter/ch25_asymmetric_ft_reductions.tex )...........................
...........................................................................
........................... ( ./chapter/ch30_mpo_symmetry_basics.tex ).....
....... ( ./chapter/ch30_mpo_boundary_transport.tex )......................
 ( ./chapter/ch30_mpo_boundary_reconstruction.tex )........................
...........................................................................
..................................................
 ( ./chapter/ch30_mpo_symmetry_group_action.tex )..............
 ( ./chapter/ch30_mpo_symmetry_fibonacci_decomposition.tex )...............
........................................
 ( ./chapter/ch25_asymmetric_examples.tex )........
 ( ./chapter/ch25_asymmetric_examples_elementary_states.tex )..............
....................................................................
 ( ./chapter/ch25_asymmetric_examples_czx.tex )............................
...........................................................................
...........................................................................
................... ( ./chapter/ch25_asymmetric_examples_czy.tex ).........
.......................................................
 ( ./chapter/ch25_asymmetric_examples_kramers_wannier.tex )................
...........................................................................
...........................................................................
.. ( ./chapter/ch25_asymmetric_examples_fibonacci.tex )....................
...........................................................................
.............................................................
 ( ./chapter/ch25_asymmetric_examples_fibonacci_anomaly.tex )..............
................................
 ( ./chapter/ch25_asymmetric_examples_ising.tex )..........................
...........................................................................
...........................................................................
.......................
 ( ./chapter/ch25_asymmetric_examples_ising_register_contraction.tex ).....
......... ( ./chapter/ch25_asymmetric_examples_ising_three.tex )...........
..... ( ./chapter/ch25_asymmetric_examples_group_cocycle.tex ).............
.................................
 ( ./chapter/ch25_asymmetric_examples_pbc_projector.tex )..................
......................................................................
 ( ./chapter/ch25_asymmetric_examples_z2z2.tex )...........................
...........................................................................
...........................................................................
............. ( ./chapter/ch25_asymmetric_examples_z3.tex )................
...........................................................................
......................................
 ( ./chapter/ch25_asymmetric_examples_z3clock.tex )........................
................ ( ./chapter/ch25_asymmetric_examples_rfp.tex )............
...........................................................................
..................... ( ./chapter/ch30_mpo_algebras.tex )..................
...........................................................................
........... ( ./chapter/ch33_local_quantum_circuits.tex )..................
................ ( ./chapter/ch33_local_quantum_circuits_measurements.tex )
.........................................
 ( ./chapter/ch33_local_quantum_circuits_adaptive.tex )................
 ( ./chapter/ch33_local_quantum_circuits_teleportation.tex )...............
............. ( ./chapter/ch33_local_quantum_circuits_channels.tex ).......
.........................
 ( ./chapter/ch33_local_quantum_circuits_approximate.tex )..............
 ( ./chapter/ch33_local_quantum_circuits_physical_ports.tex )..............
...........................................................................
..... ( ./chapter/ch31_sequential_generation_ancilla.tex ).................
...........................................................................
...........................................................................
.......... ( ./chapter/ch32_log_depth_preparation.tex )........
 ( ./chapter/ch32_log_depth_polar_decomposition.tex )......................
....................................
 ( ./chapter/ch32_log_depth_fixed_point_pairs.tex )........................
....................................
 ( ./chapter/ch32_log_depth_mixed_sequential.tex )..........
 ( ./chapter/ch32_log_depth_mixed_support.tex )............................
......... ( ./chapter/ch32_log_depth_polynomial_accuracy.tex )..........
 ( ./chapter/ch32_log_depth_ordered_block_overlap.tex )....................
.............. ( ./chapter/ch32_log_depth_zero_subleading_spectrum.tex )...
..................................
 ( ./chapter/ch32_log_depth_compatible_seed.tex ).........
 ( ./chapter/ch32_log_depth_sector_weights.tex )..............
 ( ./chapter/ch32_log_depth_sector_encoders.tex ).........................
 ( ./chapter/ch32_log_depth_exact_sector_encoder.tex ).....................
 ( ./chapter/ch32_log_depth_coherent_conversion.tex )......................
....................................................
 ( ./chapter/ch32_log_depth_all_length_polynomial_accuracy.tex )..........
 ( ./chapter/ch32_log_depth_mera.tex )................................
 ( ./chapter/ch32_log_depth_inhomogeneous.tex )............................
................ ( ./chapter/ch32_log_depth_inhomogeneous_contraction.tex )
........... ( ./chapter/ch32_log_depth_inhomogeneous_mixing.tex )..........
............ ( ./chapter/ch32_log_depth_explicit_scales.tex )..............
 ( ./chapter/ch32_log_depth_varying_reference.tex )................
 ( ./chapter/ch32_log_depth_rectangular.tex )................
 ( ./chapter/ch32_log_depth_window_mixing.tex )..................
 ( ./chapter/ch32_log_depth_rectangular_windows.tex )......................
................................
 ( ./chapter/ch32_log_depth_repeated_blocks.tex )............
 ( ./chapter/ch32_log_depth_overlapping_blocks.tex )..................
 ( ./chapter/ch32_log_depth_repeated_overlapping_blocks.tex )..............
 ( ./chapter/ch32_log_depth_complex_weights.tex ).......................
 ( ./chapter/ch32_log_depth_second_order_overlap.tex )...............
 ( ./chapter/ch32_log_depth_measurements.tex )....
 ( ./chapter/ch32_log_depth_teleportation.tex )............
 ( ./chapter/ch32_log_depth_register_tree.tex )................
 ( ./chapter/ch32_log_depth_unequal_trees.tex )...........................
 ( ./chapter/ch32_log_depth_long_range.tex ).............................
 ( ./chapter/ch32_log_depth_overlapping_measurement.tex )..................
......... ( ./chapter/ch32_log_depth_unequal_mera.tex )....................
........ ( ./chapter/ch32_log_depth_nonnormal_trees.tex ).................
 ( ./appendix/ft_mps_appendices.tex ) ( ./appendix/ft_mps/ch06_qpf.tex )...
....... ( ./appendix/ft_mps/ch07_spectral.tex )............................
..........................................................
 ( ./appendix/ft_mps/ch08_wielandt.tex )...................................
...........................................................................
................................................................
 ( ./appendix/ft_mps/ch09_canonical.tex )......
 ( ./appendix/ft_mps/ch09_canonical_splitting_and_gauges.tex ).............
...........................................................................
 ( ./appendix/ft_mps/ch09_canonical_blocking_and_sectors.tex ).............
...........................................................................
....................... ( ./appendix/ft_mps/ch10_bnt.tex )....
 ( ./appendix/ft_mps/ch10_bnt_normal_and_gram_support.tex )................
................................
 ( ./appendix/ft_mps/ch10_bnt_power_sums_and_sector_bookkeeping.tex )......
............................................................
 ( ./appendix/ft_mps/ch10_bnt_block_separation_and_suppliers.tex ).........
............................
 ( ./appendix/ft_mps/ch11_fundamental_theorem_proof.tex )....
 ( ./appendix/ft_mps/ch11_fundamental_theorem_coefficients_and_blocks.tex )
......................................................
 ( ./appendix/ft_mps/ch11_fundamental_theorem_coordinates_and_unitaries.tex
 )............................................
 ( ./appendix/ft_mps/ch12_symmetry.tex )....
 ( ./appendix/ft_mps/ch12_symmetry_algebra.tex )...........................
...................................
 ( ./appendix/ft_mps/ch12_symmetry_transfer_and_limits.tex )...............
................................... ( ./appendix/full_only_appendices.tex )
 ( ./appendix/full_only/ch27_matrix_relative_commutant.tex )...............
.................
 ( ./appendix/full_only/ch25_asymmetric_examples_supporting.tex )..........
...........................................................................
...........................................................................
...........................................................................
...........................................................................
...........................................................................
...........................................................................
...........................................................................
................................................
INFO: Directing output files to directory: ../web/.
INFO: Importing templates from /Users/siruilu/.local/share/uv/tools/texra-
   blueprint/lib/python3.14/site-packages/plasTeX/Renderers/PageTemplate
INFO: Importing templates from /Users/siruilu/.local/share/uv/tools/texra-
   blueprint/lib/python3.14/site-packages/plasTeX/Renderers/HTML5
INFO: Importing templates from
   /Users/siruilu/Local/agentFormalization/TNLean/worktrees/area-law-entropy-
   dimension/blueprint/src/plastex_templates
INFO: Using theme /Users/siruilu/.local/share/uv/tools/texra-
   blueprint/lib/python3.14/site-
   packages/plasTeX/Renderers/HTML5/Themes/default
INFO: Using the imager "gspdfpng".
INFO: Using the vector imager "dvisvgm".
 [ index.html [ ch-intro.html ] [ ch-mps.html ] [ ch-single.html ]
 [ ch-qpf.html ] [ ch-spectral.html ] [ ch-wielandt.html ]
 [ ch-canonical.html ] [ ch-bnt.html ] [ ch-ft_proof.html ]
 [ ch-symmetry.html ] [ ch-parent_hamiltonian.html ]
 [ ch-parent_hamiltonian_commuting_and_gap.html ]
 [ ch-parent_hamiltonian_block_ground_spaces.html ] [ ch-correlations.html
 ] [ ch-examples.html ] [ ch-mpdo.html ] [ ch-mps_rfp.html ] [ ch-mpu.html
 ] [ ch-mpu_gauging.html ] [ ch-mpdo_rfp.html ]
 [ ch-mpdo_rfp_algebraic.html ] [ ch-periodic_ft_apps.html ]
 [ ch-algebraic_ft.html ] [ ch-peps_ft.html ] [ ch-peps_examples.html ]
 [ ch-peps_quantum_double.html ] [ ch-peps_regions.html ]
 [ ch-asymmetric_ft.html ] [ ch-mpo_symmetry_basics.html ]
 [ ch-asymmetric_examples.html ] [ ch-mpo_algebras.html ]
 [ ch-local_quantum_circuits.html ] [ ch-seqanc.html ]
 [ ch-log_depth_preparation.html ] [ sect0001.html
 [ ch-qpf_supporting_results.html ] [ ch-spectral_supporting_results.html ]
 [ ch-wielandt_supporting_results.html ]
 [ ch-canonical_supporting_results.html ] [ ch-bnt_supporting_results.html
 ] [ ch-ft_proof_supporting_results.html ]
 [ ch-symmetry_supporting_results.html ]
 [ ch-matrix_relative_commutant.html ]
 [ ch-asymmetric_examples_supporting.html ] [ sect0002.html ] ] ]plasTeX version 3.1

