Source revision: 86ed134591132d21ab3046d504e84196e2ee5ec6
Working directory: /tmp
Command: /Users/siruilu/.elan/toolchains/leanprover--lean4---v4.35.0-rc3/bin/lean -Dpp.unicode.fun=true -DrelaxedAutoImplicit=false -Dlinter.mathlibStandardSet=true -DmaxSynthPendingDepth=3 -DwarningAsError=true /tmp/tnlean-source-gate-density/final-verification-20261007/AllAxioms.lean
Exit code: 0

'TNLean.PEPS.PairEffect.SourceInventory.slotLayout_cons' depends on axioms: [propext, Classical.choice, Quot.sound]
'TNLean.PEPS.PairEffect.SourceInventory.slotVector' depends on axioms: [propext, Classical.choice, Quot.sound]
'TNLean.PEPS.PairEffect.SourceInventory.slotVector_eq_vector' depends on axioms: [propext, Classical.choice, Quot.sound]
'TNLean.PEPS.PairEffect.SourceInventory.eval_prepareSlots_eq_appendIso_symm' depends on axioms: [propext,
 Classical.choice,
 Quot.sound]
'TNLean.PEPS.PairEffect.SourceInventory.eval_prepareSlots_sum_smul' depends on axioms: [propext,
 Classical.choice,
 Quot.sound]
'TNLean.PEPS.PairEffect.SourceInventory.eval_prepareSlots_eq_sum_basis' depends on axioms: [propext,
 Classical.choice,
 Quot.sound]
'TNLean.PEPS.PairEffect.Word.preparedMatrix' depends on axioms: [propext, Classical.choice, Quot.sound]
'TNLean.PEPS.PairEffect.Word.preparedMatrix_sum_smul' depends on axioms: [propext, Classical.choice, Quot.sound]
'TNLean.PEPS.PairEffect.Word.preparedMatrix_eq_sum_basis' depends on axioms: [propext, Classical.choice, Quot.sound]
'TNLean.PEPS.PairEffect.Word.preparedDensityCoefficient' depends on axioms: [propext, Classical.choice, Quot.sound]
'TNLean.PEPS.PairEffect.Word.preparedMatrix_density_sum_smul' depends on axioms: [propext, Classical.choice, Quot.sound]
'TNLean.PEPS.PairEffect.Word.preparedMatrix_density_eq_sum_basis' depends on axioms: [propext,
 Classical.choice,
 Quot.sound]
'TNLean.PEPS.PairEffect.Word.preparedMatrix_gate_density_eq_sum_basis' depends on axioms: [propext,
 Classical.choice,
 Quot.sound]
'TNLean.PEPS.PairEffect.Word.norm_preparedMatrix_le_one' depends on axioms: [propext, Classical.choice, Quot.sound]
'TNLean.PEPS.PairEffect.Word.norm_preparedMatrix_tmul_le_one' depends on axioms: [propext, Classical.choice, Quot.sound]
'TNLean.PEPS.PairEffect.Word.exists_finite_density_expansion' depends on axioms: [propext, Classical.choice, Quot.sound]
