Direct Lean compilation with package options; no local Lake build was run.
Source revision: 86ed134591132d21ab3046d504e84196e2ee5ec6
Started: 2026-10-07T20:14:19.006366+00:00
Completed: 2026-10-07T20:14:37.166782+00:00
Lean: Lean (version 4.35.0-rc3, arm64-apple-darwin24.6.0, commit 470d5ce1400764999581fd26d5d72b00d990b0f4, Release)
LEAN_PATH=/private/tmp/tnlean-source-gate-density:/private/tmp/tnlean-common-source:/private/tmp/tnlean-unused-pair:/private/tmp/tnlean-party-factorization:/private/tmp/tnlean-source-preparation:/Users/siruilu/Local/agentFormalization/TNLean/worktrees/peps-approx-pair-layout/.lake/packages/Cli/.lake/build/lib/lean:/Users/siruilu/Local/agentFormalization/TNLean/worktrees/peps-approx-pair-layout/.lake/packages/batteries/.lake/build/lib/lean:/Users/siruilu/Local/agentFormalization/TNLean/worktrees/peps-approx-pair-layout/.lake/packages/Qq/.lake/build/lib/lean:/Users/siruilu/Local/agentFormalization/TNLean/worktrees/peps-approx-pair-layout/.lake/packages/aesop/.lake/build/lib/lean:/Users/siruilu/Local/agentFormalization/TNLean/worktrees/peps-approx-pair-layout/.lake/packages/proofwidgets/.lake/build/lib/lean:/Users/siruilu/Local/agentFormalization/TNLean/worktrees/peps-approx-pair-layout/.lake/packages/importGraph/.lake/build/lib/lean:/Users/siruilu/Local/agentFormalization/TNLean/worktrees/peps-approx-pair-layout/.lake/packages/LeanSearchClient/.lake/build/lib/lean:/Users/siruilu/Local/agentFormalization/TNLean/worktrees/peps-approx-pair-layout/.lake/packages/plausible/.lake/build/lib/lean:/Users/siruilu/Local/agentFormalization/TNLean/worktrees/peps-approx-pair-layout/.lake/packages/checkdecls/.lake/build/lib/lean:/Users/siruilu/Local/agentFormalization/TNLean/worktrees/peps-approx-pair-layout/.lake/packages/Gametheory/.lake/build/lib/lean:/Users/siruilu/Local/agentFormalization/TNLean/worktrees/peps-approx-pair-layout/.lake/packages/mathlib/.lake/build/lib/lean:/Users/siruilu/Local/agentFormalization/TNLean/worktrees/peps-approx-pair-layout/.lake/packages/qiclean/.lake/build/lib/lean:/Users/siruilu/Local/agentFormalization/TNLean/worktrees/peps-approx-pair-layout/.lake/build/lib/lean:/Users/siruilu/.elan/toolchains/leanprover--lean4---v4.35.0-rc3/lib/lean
Every compiled source matches the cited Git revision byte-for-byte.
The package linter default was supplied explicitly; all warnings were errors.

Source: TNLean/PEPS/Approximation/SourcePreparationCoordinates.lean
Source SHA256: bc330b693bb8f7cf3be3347c70f1450936e69052617ab2345362bdb4eb244862
Working directory: /private/tmp/tnlean-source-gate-density/src
Command: /Users/siruilu/.elan/toolchains/leanprover--lean4---v4.35.0-rc3/bin/lean -Dpp.unicode.fun=true -DrelaxedAutoImplicit=false -Dlinter.mathlibStandardSet=true -DmaxSynthPendingDepth=3 -DwarningAsError=true -o /private/tmp/tnlean-source-gate-density/TNLean/PEPS/Approximation/SourcePreparationCoordinates.olean /private/tmp/tnlean-source-gate-density/src/TNLean/PEPS/Approximation/SourcePreparationCoordinates.lean
Exit code: 0
Elapsed seconds: 4.399
Output artifact SHA256: 910888df9d18732d3e8f78d55b57a6597e715d843c4ae69e18df70d246542076
Diagnostics: none.

Source: TNLean/PEPS/Approximation/SourceGateDensity.lean
Source SHA256: c8dac09804ab63cf09ec5ce847dd6a7f5a8251cb3e0d09f4c8f2fcbf4084e35f
Working directory: /private/tmp/tnlean-source-gate-density/src
Command: /Users/siruilu/.elan/toolchains/leanprover--lean4---v4.35.0-rc3/bin/lean -Dpp.unicode.fun=true -DrelaxedAutoImplicit=false -Dlinter.mathlibStandardSet=true -DmaxSynthPendingDepth=3 -DwarningAsError=true -o /private/tmp/tnlean-source-gate-density/TNLean/PEPS/Approximation/SourceGateDensity.olean /private/tmp/tnlean-source-gate-density/src/TNLean/PEPS/Approximation/SourceGateDensity.lean
Exit code: 0
Elapsed seconds: 3.993
Output artifact SHA256: 6c600900d2c9f5aedfea40aec1f1062dd71560e2e8bee529d9306f179101ea83
Diagnostics: none.

Source: TNLean/PEPS/Approximation/PreparedMatrixNorm.lean
Source SHA256: de2d80edfa69824f5e1f042476a9d9ddb83b4fc4b9114d38afbe5fc69a2628f4
Working directory: /private/tmp/tnlean-source-gate-density/src
Command: /Users/siruilu/.elan/toolchains/leanprover--lean4---v4.35.0-rc3/bin/lean -Dpp.unicode.fun=true -DrelaxedAutoImplicit=false -Dlinter.mathlibStandardSet=true -DmaxSynthPendingDepth=3 -DwarningAsError=true -o /private/tmp/tnlean-source-gate-density/TNLean/PEPS/Approximation/PreparedMatrixNorm.olean /private/tmp/tnlean-source-gate-density/src/TNLean/PEPS/Approximation/PreparedMatrixNorm.lean
Exit code: 0
Elapsed seconds: 5.004
Output artifact SHA256: c3d02dfdda759813eb63470bfac44f8701875810a7628ca1e8a2656a04818542
Diagnostics: none.

Source: TNLean/PEPS/Approximation/ActualSourceGateDensity.lean
Source SHA256: ff87a9c037e712faad674e17f1e05e27605bd65ca1e12499e0ac8fde10b1de22
Working directory: /private/tmp/tnlean-source-gate-density/src
Command: /Users/siruilu/.elan/toolchains/leanprover--lean4---v4.35.0-rc3/bin/lean -Dpp.unicode.fun=true -DrelaxedAutoImplicit=false -Dlinter.mathlibStandardSet=true -DmaxSynthPendingDepth=3 -DwarningAsError=true -o /private/tmp/tnlean-source-gate-density/TNLean/PEPS/Approximation/ActualSourceGateDensity.olean /private/tmp/tnlean-source-gate-density/src/TNLean/PEPS/Approximation/ActualSourceGateDensity.lean
Exit code: 0
Elapsed seconds: 4.455
Output artifact SHA256: e3a9f5977abe7023c29dff30b849640d267ae6f62ce3bc69224430efbfbd56db
Diagnostics: none.
