import took 1.5s
cumulative profiling times:
	attribute application 0.0341ms
	congr simp thm 2.22ms
	elaboration 17ms
	fix level params 0.18ms
	import 1.5s
	initialization 25.6ms
	instantiate metavars 0.283ms
	interpretation 266ms
	linting 4.43ms
	module linting 0.00152ms
	norm_num 11.4ms
	overlappingInstancesLinter 1.45ms
	parsing 2.64ms
	process pre-definitions 2.81ms
	share common exprs 1.34ms
	simp 258ms
	tactic execution 12.5ms
	tacticAnalysis 9.17ms
	type checking 9.6ms
	typeclass inference 174ms
