import took 1.58s
'TNLean.PEPS.Approximation.exists_reset_scale_polylog_le' depends on axioms: [propext, Classical.choice, Quot.sound]
`#`-commands, such as '#print', are not allowed in 'Mathlib' [linter.hashCommand]
'TNLean.PEPS.Approximation.exists_angular_reset_width_bound_of_slope' depends on axioms: [propext,
 Classical.choice,
 Quot.sound]
`#`-commands, such as '#print', are not allowed in 'Mathlib' [linter.hashCommand]
'TNLean.PEPS.Approximation.exists_angular_reset_width_bound' depends on axioms: [propext, Classical.choice, Quot.sound]
`#`-commands, such as '#print', are not allowed in 'Mathlib' [linter.hashCommand]
'TNLean.PEPS.Approximation.exists_angular_reset_width_lt_of_slope' depends on axioms: [propext,
 Classical.choice,
 Quot.sound]
`#`-commands, such as '#print', are not allowed in 'Mathlib' [linter.hashCommand]
cumulative profiling times:
	elaboration 0.636ms
	import 1.58s
	initialization 28.8ms
	interpretation 271ms
	linting 2.65ms
	module linting 0.00161ms
	overlappingInstancesLinter 2.41ms
	parsing 0.164ms
	tacticAnalysis 6.27ms
