import took 1.52s
interpretation of Mathlib.Tactic._aux_Mathlib_Tactic_Linarith_Frontend___elabRules_Mathlib_Tactic_nlinarith_1._boxed took 265ms
interpretation of Mathlib.Tactic._aux_Mathlib_Tactic_Linarith_Frontend___elabRules_Mathlib_Tactic_nlinarith_1._boxed took 241ms
cumulative profiling times:
	attribute application 0.0525ms
	congr simp thm 1.01ms
	elaboration 29.2ms
	fix level params 0.384ms
	import 1.52s
	initialization 27.9ms
	instantiate metavars 1.29ms
	interpretation 1.01s
	let-to-have transformation 0.113ms
	linting 13.6ms
	module linting 0.00164ms
	norm_num 66.1ms
	overlappingInstancesLinter 2.33ms
	parsing 5.37ms
	process pre-definitions 12.1ms
	ring 22.4ms
	share common exprs 8.18ms
	simp 8.9ms
	tactic execution 106ms
	tacticAnalysis 24.5ms
	type checking 31.2ms
	typeclass inference 248ms
