Direct Lean compilation with package options; no local Lake build was run.
Source revision: c80913b10d9926f31004705c78f136ade6b8b466
Started: 2026-10-07T20:38:30.329874+00:00
Completed: 2026-10-07T20:38:51.249250+00:00
Lean: Lean (version 4.35.0-rc3, arm64-apple-darwin24.6.0, commit 470d5ce1400764999581fd26d5d72b00d990b0f4, Release)
LEAN_PATH=/private/tmp/tnlean-source-block-contraction:/private/tmp/tnlean-source-gate-density:/private/tmp/tnlean-common-source:/private/tmp/tnlean-unused-pair:/private/tmp/tnlean-party-factorization:/private/tmp/tnlean-source-preparation:/Users/siruilu/Local/agentFormalization/TNLean/worktrees/peps-approx-pair-layout/.lake/packages/Cli/.lake/build/lib/lean:/Users/siruilu/Local/agentFormalization/TNLean/worktrees/peps-approx-pair-layout/.lake/packages/batteries/.lake/build/lib/lean:/Users/siruilu/Local/agentFormalization/TNLean/worktrees/peps-approx-pair-layout/.lake/packages/Qq/.lake/build/lib/lean:/Users/siruilu/Local/agentFormalization/TNLean/worktrees/peps-approx-pair-layout/.lake/packages/aesop/.lake/build/lib/lean:/Users/siruilu/Local/agentFormalization/TNLean/worktrees/peps-approx-pair-layout/.lake/packages/proofwidgets/.lake/build/lib/lean:/Users/siruilu/Local/agentFormalization/TNLean/worktrees/peps-approx-pair-layout/.lake/packages/importGraph/.lake/build/lib/lean:/Users/siruilu/Local/agentFormalization/TNLean/worktrees/peps-approx-pair-layout/.lake/packages/LeanSearchClient/.lake/build/lib/lean:/Users/siruilu/Local/agentFormalization/TNLean/worktrees/peps-approx-pair-layout/.lake/packages/plausible/.lake/build/lib/lean:/Users/siruilu/Local/agentFormalization/TNLean/worktrees/peps-approx-pair-layout/.lake/packages/checkdecls/.lake/build/lib/lean:/Users/siruilu/Local/agentFormalization/TNLean/worktrees/peps-approx-pair-layout/.lake/packages/Gametheory/.lake/build/lib/lean:/Users/siruilu/Local/agentFormalization/TNLean/worktrees/peps-approx-pair-layout/.lake/packages/mathlib/.lake/build/lib/lean:/Users/siruilu/Local/agentFormalization/TNLean/worktrees/peps-approx-pair-layout/.lake/packages/qiclean/.lake/build/lib/lean:/Users/siruilu/Local/agentFormalization/TNLean/worktrees/peps-approx-pair-layout/.lake/build/lib/lean:/Users/siruilu/.elan/toolchains/leanprover--lean4---v4.35.0-rc3/lib/lean
Every compiled source matches the cited Git revision byte-for-byte.
The package linter default was supplied explicitly; all warnings were errors.

Source: TNLean/PEPS/Approximation/SourceSlotBasis.lean
Source SHA256: c208dfd64db49b668f815676059266da94b696ac83956272c45defe351a64f93
Working directory: /private/tmp/tnlean-source-block-contraction/src
Command: /Users/siruilu/.elan/toolchains/leanprover--lean4---v4.35.0-rc3/bin/lean -Dpp.unicode.fun=true -DrelaxedAutoImplicit=false -Dlinter.mathlibStandardSet=true -DmaxSynthPendingDepth=3 -DwarningAsError=true -o /private/tmp/tnlean-source-block-contraction/TNLean/PEPS/Approximation/SourceSlotBasis.olean /private/tmp/tnlean-source-block-contraction/src/TNLean/PEPS/Approximation/SourceSlotBasis.lean
Exit code: 0
Elapsed seconds: 3.901
Output artifact SHA256: bdff1ab76936673de49ca31c2dc32fd525b8447694113de6afee15b2b26fd2a6
Diagnostics: none.

Source: TNLean/PEPS/Approximation/SourceBlockMatrix.lean
Source SHA256: 4833e0068204a94a11f990eb949f72b325669b94c8f8c069bd43236c61e0f9bb
Working directory: /private/tmp/tnlean-source-block-contraction/src
Command: /Users/siruilu/.elan/toolchains/leanprover--lean4---v4.35.0-rc3/bin/lean -Dpp.unicode.fun=true -DrelaxedAutoImplicit=false -Dlinter.mathlibStandardSet=true -DmaxSynthPendingDepth=3 -DwarningAsError=true -o /private/tmp/tnlean-source-block-contraction/TNLean/PEPS/Approximation/SourceBlockMatrix.olean /private/tmp/tnlean-source-block-contraction/src/TNLean/PEPS/Approximation/SourceBlockMatrix.lean
Exit code: 0
Elapsed seconds: 4.816
Output artifact SHA256: 20472fe2b79bba14004bfa103ec6bc23f36ca0dbefd79e7a7238c56c55735f1b
Diagnostics: none.

Source: TNLean/PEPS/Approximation/SourcePairIndex.lean
Source SHA256: 318030057c1142f5acb58d786c132bbcdfadbb336b2fc78a781aed2d1f3c02d6
Working directory: /private/tmp/tnlean-source-block-contraction/src
Command: /Users/siruilu/.elan/toolchains/leanprover--lean4---v4.35.0-rc3/bin/lean -Dpp.unicode.fun=true -DrelaxedAutoImplicit=false -Dlinter.mathlibStandardSet=true -DmaxSynthPendingDepth=3 -DwarningAsError=true -o /private/tmp/tnlean-source-block-contraction/TNLean/PEPS/Approximation/SourcePairIndex.olean /private/tmp/tnlean-source-block-contraction/src/TNLean/PEPS/Approximation/SourcePairIndex.lean
Exit code: 0
Elapsed seconds: 3.214
Output artifact SHA256: 0f2d0e405fe0afc347e285b53c73c5dc1edc265b79143a9a312246528d22a2f4
Diagnostics: none.

Source: TNLean/PEPS/Approximation/SourceSlotMaps.lean
Source SHA256: 1ffa239ec33791054c18e1b4981d6fd1546a35e31291672a208f8d71a3869f3f
Working directory: /private/tmp/tnlean-source-block-contraction/src
Command: /Users/siruilu/.elan/toolchains/leanprover--lean4---v4.35.0-rc3/bin/lean -Dpp.unicode.fun=true -DrelaxedAutoImplicit=false -Dlinter.mathlibStandardSet=true -DmaxSynthPendingDepth=3 -DwarningAsError=true -o /private/tmp/tnlean-source-block-contraction/TNLean/PEPS/Approximation/SourceSlotMaps.olean /private/tmp/tnlean-source-block-contraction/src/TNLean/PEPS/Approximation/SourceSlotMaps.lean
Exit code: 0
Elapsed seconds: 5.037
Output artifact SHA256: bf718dc5dd2716690069260c4576431eb4ad559e29268c963359315a6290d18a
Diagnostics: none.

Source: TNLean/PEPS/Approximation/SourceFrameMatrix.lean
Source SHA256: 369d51ac2a6c509b7d842354c26ddd0e75d43ce56407ee2aed9054f9d7db7e2f
Working directory: /private/tmp/tnlean-source-block-contraction/src
Command: /Users/siruilu/.elan/toolchains/leanprover--lean4---v4.35.0-rc3/bin/lean -Dpp.unicode.fun=true -DrelaxedAutoImplicit=false -Dlinter.mathlibStandardSet=true -DmaxSynthPendingDepth=3 -DwarningAsError=true -o /private/tmp/tnlean-source-block-contraction/TNLean/PEPS/Approximation/SourceFrameMatrix.olean /private/tmp/tnlean-source-block-contraction/src/TNLean/PEPS/Approximation/SourceFrameMatrix.lean
Exit code: 0
Elapsed seconds: 3.581
Output artifact SHA256: 1a8363e35b915f8d2a5e02e7f340a526ccfc0850c7260e06d61f1adfe9883366
Diagnostics: none.
