Waiting for the canonical repository lock without busy waiting.
Canonical repository lock acquired; invoking the worktree wrapper.
Current branch: HEAD
Using cache from origin: (some leanprover-community/mathlib4)
No files to download
Already decompressed 8943 file(s)
⚠ [1366/1641] Ran qiclean:extraDep
warning: building from source; failed to fetch GitHub release (run with '-v' for details)
✔ [3223/3290] Built TNLean.Algebra.ListProduct (10s)
✔ [3225/3290] Built TNLean.PEPS.AreaLaw.FiniteDomain (10s)
✔ [3226/3290] Built TNLean.PEPS.AreaLaw.Geometry.Exponents (10s)
✔ [3227/3290] Built QICLean.Entropy.OrderedEntropyAlgebra (11s)
✔ [3228/3290] Built QICLean.Algebra.MatrixIsometryEntries (11s)
✔ [3229/3290] Built QICLean.Algebra.FinSum (12s)
✔ [3230/3290] Built QICLean.Algebra.TraceReindex (12s)
✔ [3231/3290] Built QICLean.Algebra.MatrixKroneckerEmbed (12s)
✔ [3232/3290] Built QICLean.Algebra.MatrixUnitaryBetween (13s)
✔ [3233/3290] Built TNLean.PEPS.AreaLaw.Geometry.Templates (5.6s)
✔ [3234/3290] Built QICLean.Analysis.TraceCFC (16s)
✔ [3235/3290] Built QICLean.Analysis.SuperoperatorResolvent (16s)
✔ [3236/3290] Built QICLean.Analysis.CfcLogAdditive (16s)
✔ [3237/3290] Built QICLean.Analysis.ProbabilityEntropy (16s)
✔ [3238/3290] Built QICLean.Channel.WeylTwirl (16s)
✔ [3239/3290] Built QICLean.Channel.SchmidtRank (16s)
✔ [3240/3290] Built TNLean.PEPS.AreaLaw.Amplification.RadiusScales (6.4s)
✔ [3241/3290] Built QICLean.Algebra.KroneckerFactorPositivity (17s)
✔ [3242/3290] Built QICLean.Channel.Basic (17s)
✔ [3243/3290] Built QICLean.Algebra.MatrixReindexUnitary (3.5s)
✔ [3244/3290] Built QICLean.Analysis.LiebScalarIntegral (17s)
✔ [3245/3290] Built QICLean.Algebra.MatrixAux (17s)
✔ [3246/3290] Built QICLean.Channel.PartialTrace (6.8s)
✔ [3247/3290] Built QICLean.Analysis.SpectralQuadraticForm (3.6s)
✔ [3248/3290] Built QICLean.Analysis.LiebIntegrandConcave (3.9s)
✔ [3249/3290] Built TNLean.Algebra.FinKronecker (3.6s)
✔ [3250/3290] Built QICLean.Algebra.OrthogonalProjection (4.6s)
✔ [3251/3290] Built QICLean.Channel.Schwarz.OperatorJensenIntegrands (22s)
✔ [3252/3290] Built QICLean.Algebra.HermitianHelpers (4.8s)
✔ [3253/3290] Built QICLean.Channel.ComplementaryWeylTwirl (4.4s)
✔ [3254/3290] Built QICLean.Channel.FiniteProduct (4.6s)
✔ [3255/3290] Built QICLean.Channel.Schwarz.DiagonalJensen (3.2s)
✔ [3256/3290] Built QICLean.Analysis.Entropy (4.9s)
✔ [3257/3290] Built TNLean.Circuit.ProductVector (2.9s)
✔ [3258/3290] Built QICLean.Algebra.PosSemidefSupport (4.3s)
✔ [3259/3290] Built QICLean.Entropy.TripartiteTrace (4.4s)
✔ [3260/3290] Built QICLean.Entropy.VonNeumann (4.4s)
✔ [3261/3290] Built QICLean.Analysis.OperatorConvexity (5.5s)
✔ [3262/3290] Built TNLean.Circuit.LocalCircuit (5.1s)
✔ [3263/3290] Built QICLean.Channel.Schwarz.OperatorJensenAux (6.0s)
✔ [3264/3290] Built QICLean.Analysis.KleinInequality (6.7s)
✔ [3265/3290] Built QICLean.Analysis.KyFanNorm (3.9s)
✔ [3266/3290] Built QICLean.Analysis.CfcConjugation (3.0s)
✔ [3267/3290] Built TNLean.Circuit.SiteEmbedding (3.2s)
✔ [3268/3290] Built QICLean.Analysis.EntropyReindex (4.2s)
✔ [3269/3290] Built QICLean.Channel.Schwarz.RelativeEntropyUnitaryInvariance (4.4s)
✔ [3270/3290] Built TNLean.PEPS.AreaLaw.LocalHamiltonian (3.5s)
✔ [3271/3290] Built QICLean.Channel.MaximalOverlap (4.7s)
✔ [3272/3290] Built QICLean.Analysis.CfcKronecker (5.0s)
✔ [3273/3290] Built QICLean.Analysis.LiebOperatorIntegral (5.0s)
✔ [3274/3290] Built TNLean.PEPS.AreaLaw.TheoremStatements (4.7s)
✔ [3275/3290] Built QICLean.Channel.Schwarz.RelativeEntropyAncillaAdditivity (4.8s)
✔ [3276/3290] Built QICLean.Analysis.LiebOperatorConcave (5.2s)
✔ [3277/3290] Built QICLean.Analysis.MatrixSqrt (6.0s)
✔ [3278/3290] Built QICLean.Analysis.MarginalSupport (3.5s)
✔ [3279/3290] Built QICLean.Analysis.LiebConcavity (5.7s)
✔ [3280/3290] Built QICLean.Channel.Schwarz.AndoLieb (4.9s)
✔ [3281/3290] Built QICLean.Channel.Schwarz.RelativeEntropyConvexity (6.9s)
✔ [3282/3290] Built QICLean.Channel.Schwarz.RelativeEntropyDataProcessing (5.1s)
✔ [3283/3290] Built QICLean.Channel.Schwarz.StrongSubadditivityPosDef (5.2s)
✔ [3284/3290] Built QICLean.Entropy.StrongSubadditivity (3.1s)
✔ [3285/3290] Built QICLean.Entropy.Bipartite (3.0s)
✔ [3286/3290] Built QICLean.Entropy.FiniteProduct (2.9s)
✔ [3287/3290] Built QICLean.Entropy.TwoFamilies (3.0s)
✔ [3288/3290] Built TNLean.PEPS.AreaLaw.TwoFamilies (3.5s)
✔ [3289/3290] Built TNLean.PEPS.AreaLaw.EntropyDimension (3.3s)
✔ [3290/3290] Built TNLean.PEPS.AreaLaw.BoundaryEntropyAssembly (2.9s)
Build completed successfully (3290 jobs).
