Source revision: b8864ae6ca2a3fbd5ecf0989e682a38d33ee02a6
Working directory: /tmp
Command: /Users/siruilu/.elan/toolchains/leanprover--lean4---v4.35.0-rc3/bin/lean -Dpp.unicode.fun=true -DrelaxedAutoImplicit=false -Dlinter.mathlibStandardSet=true -DmaxSynthPendingDepth=3 -DwarningAsError=true /tmp/tnlean-common-source/final-verification-20261007/AllAxioms.lean
Exit code: 0

'TNLean.PEPS.PairEffect.SourceInventory.ofSlots' depends on axioms: [propext, Classical.choice, Quot.sound]
'TNLean.PEPS.PairEffect.SourceInventory.ofSlots_nil' depends on axioms: [propext, Classical.choice, Quot.sound]
'TNLean.PEPS.PairEffect.SourceInventory.ofSlots_cons' depends on axioms: [propext, Classical.choice, Quot.sound]
'TNLean.PEPS.PairEffect.SourceInventory.isNormalized_ofSlots' depends on axioms: [propext, Classical.choice, Quot.sound]
'TNLean.PEPS.PairEffect.SourceInventory.layout_ofSlots_eq' depends on axioms: [propext, Classical.choice, Quot.sound]
'TNLean.PEPS.PairEffect.SourceInventory.partyPairs_ofSlots' depends on axioms: [propext, Classical.choice, Quot.sound]
'TNLean.PEPS.PairEffect.SourceInventory.Expands.of_perm' depends on axioms: [propext, Classical.choice, Quot.sound]
'TNLean.PEPS.PairEffect.SourceInventory.exists_ofSlots_expands' depends on axioms: [propext,
 Classical.choice,
 Quot.sound]
'TNLean.PEPS.PairEffect.PairSource.commonSpace' depends on axioms: [propext, Classical.choice, Quot.sound]
'TNLean.PEPS.PairEffect.PairSource.commonInclusion' depends on axioms: [propext, Classical.choice, Quot.sound]
'TNLean.PEPS.PairEffect.PairSource.commonProjection' depends on axioms: [propext, Classical.choice, Quot.sound]
'TNLean.PEPS.PairEffect.PairSource.commonProjection_commonInclusion' depends on axioms: [propext,
 Classical.choice,
 Quot.sound]
'TNLean.PEPS.PairEffect.PairSource.norm_commonProjection_le' depends on axioms: [propext, Classical.choice, Quot.sound]
'TNLean.PEPS.PairEffect.PairSource.commonVector' depends on axioms: [propext, Classical.choice, Quot.sound]
'TNLean.PEPS.PairEffect.PairSource.norm_commonVector' depends on axioms: [propext, Classical.choice, Quot.sound]
'TNLean.PEPS.PairEffect.PairSource.mapL_commonProjection_commonVector' depends on axioms: [propext,
 Classical.choice,
 Quot.sound]
'TNLean.PEPS.PairEffect.Word.mapPair' depends on axioms: [propext, Classical.choice, Quot.sound]
'TNLean.PEPS.PairEffect.Word.mapPair_spec' depends on axioms: [propext, Classical.choice, Quot.sound]
'TNLean.PEPS.PairEffect.Word.eval_mapPair_tmul' depends on axioms: [propext, Classical.choice, Quot.sound]
'TNLean.PEPS.PairEffect.Word.eval_mapPair_source' depends on axioms: [propext, Classical.choice, Quot.sound]
'TNLean.PEPS.PairEffect.SourceInventory.slotLayout' depends on axioms: [propext, Classical.choice, Quot.sound]
'TNLean.PEPS.PairEffect.SourceInventory.prepareSlots' depends on axioms: [propext, Classical.choice, Quot.sound]
'TNLean.PEPS.PairEffect.SourceInventory.common_ofSlots_expands' depends on axioms: [propext,
 Classical.choice,
 Quot.sound]
'TNLean.PEPS.PairEffect.SourceInventory.exists_common_expansions' depends on axioms: [propext,
 Classical.choice,
 Quot.sound]
'TNLean.PEPS.PairEffect.SourceInventory.exists_prepareSlots_recovery' depends on axioms: [propext,
 Classical.choice,
 Quot.sound]
'TNLean.PEPS.PairEffect.Word.exists_common_source_preparation' depends on axioms: [propext,
 Classical.choice,
 Quot.sound]
'TNLean.PEPS.PairEffect.Word.exists_common_prepared_tensorPartyMaps' depends on axioms: [propext,
 Classical.choice,
 Quot.sound]
'TNLean.PEPS.PairEffect.Word.exists_common_source_gate' depends on axioms: [propext, Classical.choice, Quot.sound]
'TNLean.PEPS.PairEffect.PairSource.exists_finite_coordinates' depends on axioms: [propext, Classical.choice, Quot.sound]
'TNLean.PEPS.PairEffect.SourceInventory.ofSlots_mapIsometry_expands' depends on axioms: [propext,
 Classical.choice,
 Quot.sound]
'TNLean.PEPS.PairEffect.SourceInventory.exists_finite_coordinate_expansions' depends on axioms: [propext,
 Classical.choice,
 Quot.sound]
'TNLean.PEPS.PairEffect.Word.exists_finite_source_preparation' depends on axioms: [propext,
 Classical.choice,
 Quot.sound]
'TNLean.PEPS.PairEffect.Word.exists_finite_prepared_tensorPartyMaps' depends on axioms: [propext,
 Classical.choice,
 Quot.sound]
'TNLean.PEPS.PairEffect.Word.exists_finite_source_gate' depends on axioms: [propext, Classical.choice, Quot.sound]
