Source revision: 7edadbfe8cf40ee520349a3f7068e8a48914c2f3
Working directory: /tmp
Command: /Users/siruilu/.elan/toolchains/leanprover--lean4---v4.35.0-rc3/bin/lean -Dpp.unicode.fun=true -DrelaxedAutoImplicit=false -Dlinter.mathlibStandardSet=true -DmaxSynthPendingDepth=3 -DwarningAsError=true /tmp/tnlean-party-factorization/final-verification-20261007/AllAxioms.lean
Exit code: 0

'TNLean.PEPS.PairEffect.Layout.restrict' depends on axioms: [propext, Classical.choice, Quot.sound]
'TNLean.PEPS.PairEffect.Layout.restrict_nil' depends on axioms: [propext, Classical.choice, Quot.sound]
'TNLean.PEPS.PairEffect.Layout.restrict_cons' depends on axioms: [propext, Classical.choice, Quot.sound]
'TNLean.PEPS.PairEffect.Layout.restrict_append' depends on axioms: [propext, Classical.choice, Quot.sound]
'TNLean.PEPS.PairEffect.Layout.restrict_eq_self_of_owner' depends on axioms: [propext, Classical.choice, Quot.sound]
'TNLean.PEPS.PairEffect.Layout.restrict_eq_nil_of_owner' depends on axioms: [propext, Classical.choice, Quot.sound]
'TNLean.PEPS.PairEffect.Layout.memCongr' depends on axioms: [propext, Classical.choice, Quot.sound]
'TNLean.PEPS.PairEffect.Layout.memCongr_rfl' depends on axioms: [propext, Classical.choice, Quot.sound]
'TNLean.PEPS.PairEffect.Layout.partitionIso' depends on axioms: [propext, Classical.choice, Quot.sound]
'TNLean.PEPS.PairEffect.Layout.partitionIso_cons_true' depends on axioms: [propext, Classical.choice, Quot.sound]
'TNLean.PEPS.PairEffect.Layout.partitionIso_cons_false' depends on axioms: [propext, Classical.choice, Quot.sound]
'TNLean.PEPS.PairEffect.Layout.partitionIso_cons_true_tmul' depends on axioms: [propext, Classical.choice, Quot.sound]
'TNLean.PEPS.PairEffect.Layout.partitionIso_cons_false_tmul' depends on axioms: [propext, Classical.choice, Quot.sound]
'TNLean.PEPS.PairEffect.Layout.partitionIso_append_true_tmul' depends on axioms: [propext, Classical.choice, Quot.sound]
'TNLean.PEPS.PairEffect.Layout.partitionIso_append_false_tmul' depends on axioms: [propext,
 Classical.choice,
 Quot.sound]
'TNLean.PEPS.PairEffect.Layout.partitionIso_cons_cons_true_true_tmul' depends on axioms: [propext,
 Classical.choice,
 Quot.sound]
'TNLean.PEPS.PairEffect.Layout.partitionIso_cons_cons_true_false_tmul' depends on axioms: [propext,
 Classical.choice,
 Quot.sound]
'TNLean.PEPS.PairEffect.Layout.partitionIso_cons_cons_false_true_tmul' depends on axioms: [propext,
 Classical.choice,
 Quot.sound]
'TNLean.PEPS.PairEffect.Layout.partitionIso_cons_cons_false_false_tmul' depends on axioms: [propext,
 Classical.choice,
 Quot.sound]
'TNLean.PEPS.PairEffect.Word.castLayouts' depends on axioms: [propext, Classical.choice, Quot.sound]
'TNLean.PEPS.PairEffect.Word.sources_castLayouts' depends on axioms: [propext, Classical.choice, Quot.sound]
'TNLean.PEPS.PairEffect.Word.isAllowed_castLayouts' depends on axioms: [propext, Classical.choice, Quot.sound]
'TNLean.PEPS.PairEffect.Word.eval_castLayouts_heq' depends on axioms: [propext, Classical.choice, Quot.sound]
'TNLean.PEPS.PairEffect.Word.eval_castLayouts' depends on axioms: [propext, Classical.choice, Quot.sound]
'TNLean.PEPS.PairEffect.Word.restrict' depends on axioms: [propext, Classical.choice, Quot.sound]
'TNLean.PEPS.PairEffect.Word.sources_restrict' depends on axioms: [propext, Classical.choice, Quot.sound]
'TNLean.PEPS.PairEffect.Word.isAllowed_restrict' depends on axioms: [propext, Classical.choice, Quot.sound]
'TNLean.PEPS.PairEffect.Word.restrict_localMap_true_eval_heq' depends on axioms: [propext, Classical.choice, Quot.sound]
'TNLean.PEPS.PairEffect.Word.restrict_localMap_false_eval_heq' depends on axioms: [propext,
 Classical.choice,
 Quot.sound]
'TNLean.PEPS.PairEffect.Word.restrict_swap_true_true_eval_heq' depends on axioms: [propext,
 Classical.choice,
 Quot.sound]
'TNLean.PEPS.PairEffect.Word.restrict_swap_true_false_eval_heq' depends on axioms: [propext,
 Classical.choice,
 Quot.sound]
'TNLean.PEPS.PairEffect.Word.restrict_swap_false_true_eval_heq' depends on axioms: [propext,
 Classical.choice,
 Quot.sound]
'TNLean.PEPS.PairEffect.Word.restrict_swap_false_false_eval_heq' depends on axioms: [propext,
 Classical.choice,
 Quot.sound]
'TNLean.PEPS.PairEffect.Word.restrict_frame_true_eval_heq' depends on axioms: [propext, Classical.choice, Quot.sound]
'TNLean.PEPS.PairEffect.Word.restrict_frame_false_eval_heq' depends on axioms: [propext, Classical.choice, Quot.sound]
'TNLean.PEPS.PairEffect.Word.parties' depends on axioms: [propext, Classical.choice, Quot.sound]
'TNLean.PEPS.PairEffect.Word.parties_castLayouts' depends on axioms: [propext, Classical.choice, Quot.sound]
'TNLean.PEPS.PairEffect.Word.owners_mem_parties' depends on axioms: [propext, Classical.choice, Quot.sound]
'TNLean.PEPS.PairEffect.Word.parties_restrict' depends on axioms: [propext, Classical.choice, Quot.sound]
'TNLean.PEPS.PairEffect.Word.eq_nil_and_eval_eq_id_of_parties_eq_empty' depends on axioms: [propext,
 Classical.choice,
 Quot.sound]
'TNLean.PEPS.PairEffect.Word.partitionIso_eval' depends on axioms: [propext, Classical.choice, Quot.sound]
'TNLean.PEPS.PairEffect.Layout.atParty' depends on axioms: [propext, Classical.choice, Quot.sound]
'TNLean.PEPS.PairEffect.partyLayout' depends on axioms: [propext, Classical.choice, Quot.sound]
'TNLean.PEPS.PairEffect.tensorPartyMaps' depends on axioms: [propext, Classical.choice, Quot.sound]
'TNLean.PEPS.PairEffect.tensorPartyMaps_cons_tmul' depends on axioms: [propext, Classical.choice, Quot.sound]
'TNLean.PEPS.PairEffect.partyLayout_eq_of_atParty_eq' depends on axioms: [propext, Classical.choice, Quot.sound]
'TNLean.PEPS.PairEffect.tensorPartyMaps_heq' depends on axioms: [propext, Classical.choice, Quot.sound]
'TNLean.PEPS.PairEffect.Layout.conj_memCongr_heq' depends on axioms: [propext, Classical.choice, Quot.sound]
'TNLean.PEPS.PairEffect.Layout.norm_conj_memCongr' depends on axioms: [propext, Classical.choice, Quot.sound]
'TNLean.PEPS.PairEffect.Layout.eq_conj_memCongr_of_heq' depends on axioms: [propext, Classical.choice, Quot.sound]
'TNLean.PEPS.PairEffect.norm_tensorPartyMaps_le_one' depends on axioms: [propext, Classical.choice, Quot.sound]
'TNLean.PEPS.PairEffect.Layout.withoutParty' depends on axioms: [propext, Classical.choice, Quot.sound]
'TNLean.PEPS.PairEffect.Layout.atParty_withoutParty' depends on axioms: [propext, Classical.choice, Quot.sound]
'TNLean.PEPS.PairEffect.Layout.mem_withoutParty' depends on axioms: [propext, Classical.choice, Quot.sound]
'TNLean.PEPS.PairEffect.Layout.owners_withoutParty' depends on axioms: [propext, Classical.choice, Quot.sound]
'TNLean.PEPS.PairEffect.partyLayout_withoutParty' depends on axioms: [propext, Classical.choice, Quot.sound]
'TNLean.PEPS.PairEffect.groupByPartyIso' depends on axioms: [propext, Classical.choice, Quot.sound]
'TNLean.PEPS.PairEffect.groupByPartyIso_cons' depends on axioms: [propext, Classical.choice, Quot.sound]
'TNLean.PEPS.PairEffect.Word.exists_tensorPartyMaps' depends on axioms: [propext, Classical.choice, Quot.sound]
'TNLean.PEPS.PairEffect.Word.exists_tensorPartyMaps_parties' depends on axioms: [propext, Classical.choice, Quot.sound]
'TNLean.PEPS.PairEffect.Word.exists_prepared_tensorPartyMaps' depends on axioms: [propext, Classical.choice, Quot.sound]
