Direct Lean compilation with package options; no local Lake build was run.
Source revision: 7edadbfe8cf40ee520349a3f7068e8a48914c2f3
Started: 2026-10-07T18:18:01.264573+00:00
Completed: 2026-10-07T18:18:33.546409+00:00
Lean: Lean (version 4.35.0-rc3, arm64-apple-darwin24.6.0, commit 470d5ce1400764999581fd26d5d72b00d990b0f4, Release)
LEAN_PATH=/private/tmp/tnlean-party-factorization:/private/tmp/tnlean-source-preparation:/Users/siruilu/Local/agentFormalization/TNLean/worktrees/peps-approx-pair-layout/.lake/packages/Cli/.lake/build/lib/lean:/Users/siruilu/Local/agentFormalization/TNLean/worktrees/peps-approx-pair-layout/.lake/packages/batteries/.lake/build/lib/lean:/Users/siruilu/Local/agentFormalization/TNLean/worktrees/peps-approx-pair-layout/.lake/packages/Qq/.lake/build/lib/lean:/Users/siruilu/Local/agentFormalization/TNLean/worktrees/peps-approx-pair-layout/.lake/packages/aesop/.lake/build/lib/lean:/Users/siruilu/Local/agentFormalization/TNLean/worktrees/peps-approx-pair-layout/.lake/packages/proofwidgets/.lake/build/lib/lean:/Users/siruilu/Local/agentFormalization/TNLean/worktrees/peps-approx-pair-layout/.lake/packages/importGraph/.lake/build/lib/lean:/Users/siruilu/Local/agentFormalization/TNLean/worktrees/peps-approx-pair-layout/.lake/packages/LeanSearchClient/.lake/build/lib/lean:/Users/siruilu/Local/agentFormalization/TNLean/worktrees/peps-approx-pair-layout/.lake/packages/plausible/.lake/build/lib/lean:/Users/siruilu/Local/agentFormalization/TNLean/worktrees/peps-approx-pair-layout/.lake/packages/checkdecls/.lake/build/lib/lean:/Users/siruilu/Local/agentFormalization/TNLean/worktrees/peps-approx-pair-layout/.lake/packages/Gametheory/.lake/build/lib/lean:/Users/siruilu/Local/agentFormalization/TNLean/worktrees/peps-approx-pair-layout/.lake/packages/mathlib/.lake/build/lib/lean:/Users/siruilu/Local/agentFormalization/TNLean/worktrees/peps-approx-pair-layout/.lake/packages/qiclean/.lake/build/lib/lean:/Users/siruilu/Local/agentFormalization/TNLean/worktrees/peps-approx-pair-layout/.lake/build/lib/lean:/Users/siruilu/.elan/toolchains/leanprover--lean4---v4.35.0-rc3/lib/lean
Every compiled source matches the cited Git revision byte-for-byte.
The package linter default was supplied explicitly; all warnings were errors.

Source: TNLean/PEPS/Approximation/PartyPartition.lean
Source SHA256: d9b2be6493775f129cb2cee5c02920c8a45d46b195870de616697ee322eac9a0
Working directory: /private/tmp/tnlean-party-factorization/src
Command: /Users/siruilu/.elan/toolchains/leanprover--lean4---v4.35.0-rc3/bin/lean -Dpp.unicode.fun=true -DrelaxedAutoImplicit=false -Dlinter.mathlibStandardSet=true -DmaxSynthPendingDepth=3 -DwarningAsError=true -o /private/tmp/tnlean-party-factorization/TNLean/PEPS/Approximation/PartyPartition.olean /private/tmp/tnlean-party-factorization/src/TNLean/PEPS/Approximation/PartyPartition.lean
Exit code: 0
Elapsed seconds: 5.258
Output artifact SHA256: ea2b7b696e759f6e29f3e440becedf88c042a8ac9bfd1dc359825d57df25479c
Diagnostics: none.

Source: TNLean/PEPS/Approximation/WordRestriction.lean
Source SHA256: 8e5c20658449df39020adcaa4f439799a19759a9768c6b781354b946ab8edfcb
Working directory: /private/tmp/tnlean-party-factorization/src
Command: /Users/siruilu/.elan/toolchains/leanprover--lean4---v4.35.0-rc3/bin/lean -Dpp.unicode.fun=true -DrelaxedAutoImplicit=false -Dlinter.mathlibStandardSet=true -DmaxSynthPendingDepth=3 -DwarningAsError=true -o /private/tmp/tnlean-party-factorization/TNLean/PEPS/Approximation/WordRestriction.olean /private/tmp/tnlean-party-factorization/src/TNLean/PEPS/Approximation/WordRestriction.lean
Exit code: 0
Elapsed seconds: 4.681
Output artifact SHA256: ed68ea0c0e1cf2b881e2bda2eb3eb4cbd658f693579d12b238acba18e8dc397f
Diagnostics: none.

Source: TNLean/PEPS/Approximation/PartyTensorMaps.lean
Source SHA256: baa0a74a882c5209bafc4bea9782bdfd4fabd4d445e52912bb06cee2695647d1
Working directory: /private/tmp/tnlean-party-factorization/src
Command: /Users/siruilu/.elan/toolchains/leanprover--lean4---v4.35.0-rc3/bin/lean -Dpp.unicode.fun=true -DrelaxedAutoImplicit=false -Dlinter.mathlibStandardSet=true -DmaxSynthPendingDepth=3 -DwarningAsError=true -o /private/tmp/tnlean-party-factorization/TNLean/PEPS/Approximation/PartyTensorMaps.olean /private/tmp/tnlean-party-factorization/src/TNLean/PEPS/Approximation/PartyTensorMaps.lean
Exit code: 0
Elapsed seconds: 3.842
Output artifact SHA256: 2142fa98ea31afae1f3faa1330d345a58357e472708213354478466e37c3fab7
Diagnostics: none.

Source: TNLean/PEPS/Approximation/PartyFactorization.lean
Source SHA256: 9cefb29215f6c58680fca69553bbbb62c21ada6a2005999288c7f004c50ce65e
Working directory: /private/tmp/tnlean-party-factorization/src
Command: /Users/siruilu/.elan/toolchains/leanprover--lean4---v4.35.0-rc3/bin/lean -Dpp.unicode.fun=true -DrelaxedAutoImplicit=false -Dlinter.mathlibStandardSet=true -DmaxSynthPendingDepth=3 -DwarningAsError=true -o /private/tmp/tnlean-party-factorization/TNLean/PEPS/Approximation/PartyFactorization.olean /private/tmp/tnlean-party-factorization/src/TNLean/PEPS/Approximation/PartyFactorization.lean
Exit code: 0
Elapsed seconds: 5.383
Output artifact SHA256: 87b74a230b5352a486309d75ca45c34409fb03ef8189fa384da6bc71167c8e4e
Diagnostics: none.

Source: TNLean/PEPS/Approximation/PartyGrouping.lean
Source SHA256: 9b97d33654aa13348a5391d9ef8e82903eb6c0efdc97464a2b7fc029dace3cf7
Working directory: /private/tmp/tnlean-party-factorization/src
Command: /Users/siruilu/.elan/toolchains/leanprover--lean4---v4.35.0-rc3/bin/lean -Dpp.unicode.fun=true -DrelaxedAutoImplicit=false -Dlinter.mathlibStandardSet=true -DmaxSynthPendingDepth=3 -DwarningAsError=true -o /private/tmp/tnlean-party-factorization/TNLean/PEPS/Approximation/PartyGrouping.olean /private/tmp/tnlean-party-factorization/src/TNLean/PEPS/Approximation/PartyGrouping.lean
Exit code: 0
Elapsed seconds: 3.707
Output artifact SHA256: 00362a1224d105e3a1a8362b03fd61b6525654b12f5f8c751b8b168117014c7a
Diagnostics: none.

Source: TNLean/PEPS/Approximation/PartyLocalMaps.lean
Source SHA256: fe9c4649c0e6949b3e6b73b391d753672b735f4661f548febfcf8a665b842676
Working directory: /private/tmp/tnlean-party-factorization/src
Command: /Users/siruilu/.elan/toolchains/leanprover--lean4---v4.35.0-rc3/bin/lean -Dpp.unicode.fun=true -DrelaxedAutoImplicit=false -Dlinter.mathlibStandardSet=true -DmaxSynthPendingDepth=3 -DwarningAsError=true -o /private/tmp/tnlean-party-factorization/TNLean/PEPS/Approximation/PartyLocalMaps.olean /private/tmp/tnlean-party-factorization/src/TNLean/PEPS/Approximation/PartyLocalMaps.lean
Exit code: 0
Elapsed seconds: 4.799
Output artifact SHA256: 76ae5c56b052d6c802ccb7cdb881cdbfe1b0934bb4f2c2463f29d20b695458bc
Diagnostics: none.

Source: TNLean/PEPS/Approximation/PreparedPartyMaps.lean
Source SHA256: 16a4fcd8a01f47345981a09295e01bdadf62c757a6b4bebac0b93205c0f6f94e
Working directory: /private/tmp/tnlean-party-factorization/src
Command: /Users/siruilu/.elan/toolchains/leanprover--lean4---v4.35.0-rc3/bin/lean -Dpp.unicode.fun=true -DrelaxedAutoImplicit=false -Dlinter.mathlibStandardSet=true -DmaxSynthPendingDepth=3 -DwarningAsError=true -o /private/tmp/tnlean-party-factorization/TNLean/PEPS/Approximation/PreparedPartyMaps.olean /private/tmp/tnlean-party-factorization/src/TNLean/PEPS/Approximation/PreparedPartyMaps.lean
Exit code: 0
Elapsed seconds: 4.098
Output artifact SHA256: 63072d5976c9928638a3afcb463697f95ec5be032b0a4c3a4145b68489bea6f9
Diagnostics: none.
