Command: lake env lean -DrelaxedAutoImplicit=false scripts/distributed_compression_lifetime_axioms.lean
Proof revision: d4eb94035d4905c9d243fb1739966a198e266c09
Started UTC: 2026-10-07T09:41:12.221648+00:00

'TNLean.PEPS.Approximation.ketBraCoefficientCost' depends on axioms: [propext, Classical.choice, Quot.sound]
'TNLean.PEPS.Approximation.ketBraCoefficientCost_eq_sum' depends on axioms: [propext, Classical.choice, Quot.sound]
'TNLean.PEPS.Approximation.correctedPositionChoiceCost' depends on axioms: [propext, Classical.choice, Quot.sound]
'TNLean.PEPS.Approximation.correctedPositionChoiceCost_le' depends on axioms: [propext, Classical.choice, Quot.sound]
'TNLean.PEPS.Approximation.compressionChoiceBase_le_of_monomial_bounds' depends on axioms: [propext,
 Classical.choice,
 Quot.sound]
'TNLean.PEPS.Approximation.sourceEndpoints' depends on axioms: [propext, Quot.sound]
'TNLean.PEPS.Approximation.correctedParties' depends on axioms: [propext, Classical.choice, Quot.sound]
'TNLean.PEPS.Approximation.incidentGates' depends on axioms: [propext, Classical.choice, Quot.sound]
'TNLean.PEPS.Approximation.gatesTouching' depends on axioms: [propext, Classical.choice, Quot.sound]
'TNLean.PEPS.Approximation.mem_sourceEndpoints' depends on axioms: [propext, Classical.choice, Quot.sound]
'TNLean.PEPS.Approximation.mem_correctedParties' depends on axioms: [propext, Classical.choice, Quot.sound]
'TNLean.PEPS.Approximation.mem_incidentGates' depends on axioms: [propext, Classical.choice, Quot.sound]
'TNLean.PEPS.Approximation.mem_gatesTouching' depends on axioms: [propext, Classical.choice, Quot.sound]
'TNLean.PEPS.Approximation.card_sourceEndpoints_le' depends on axioms: [propext, Classical.choice, Quot.sound]
'TNLean.PEPS.Approximation.card_correctedParties_le' depends on axioms: [propext, Classical.choice, Quot.sound]
'TNLean.PEPS.Approximation.card_gatesTouching_le' depends on axioms: [propext, Classical.choice, Quot.sound]
'TNLean.PEPS.Approximation.card_gatesTouching_correctedParties_le' depends on axioms: [propext,
 Classical.choice,
 Quot.sound]
'TNLean.PEPS.Approximation.owner_mem_gatesTouching_correctedParties' depends on axioms: [propext,
 Classical.choice,
 Quot.sound]
'TNLean.PEPS.Approximation.disjoint_participants_of_not_mem_gatesTouching' depends on axioms: [propext,
 Classical.choice,
 Quot.sound]
'TNLean.PEPS.Approximation.pairSampleLabels' depends on axioms: [propext, Classical.choice, Quot.sound]
'TNLean.PEPS.Approximation.gateLinkLabels' depends on axioms: [propext, Classical.choice, Quot.sound]
'TNLean.PEPS.Approximation.gateLinkParties' depends on axioms: [propext, Classical.choice, Quot.sound]
'TNLean.PEPS.Approximation.linksAtGate' depends on axioms: [propext, Classical.choice, Quot.sound]
'TNLean.PEPS.Approximation.distributedLinks' depends on axioms: [propext, Classical.choice, Quot.sound]
'TNLean.PEPS.Approximation.distributedLinkParties' depends on axioms: [propext, Classical.choice, Quot.sound]
'TNLean.PEPS.Approximation.incidentDistributedLinks' depends on axioms: [propext, Classical.choice, Quot.sound]
'TNLean.PEPS.Approximation.incidentGateLinkLabels' depends on axioms: [propext, Classical.choice, Quot.sound]
'TNLean.PEPS.Approximation.incidentLinksAtGate' depends on axioms: [propext, Classical.choice, Quot.sound]
'TNLean.PEPS.Approximation.mem_pairSampleLabels' depends on axioms: [propext, Classical.choice, Quot.sound]
'TNLean.PEPS.Approximation.mk_mem_pairSampleLabels' depends on axioms: [propext, Classical.choice, Quot.sound]
'TNLean.PEPS.Approximation.card_pairSampleLabels' depends on axioms: [propext, Classical.choice, Quot.sound]
'TNLean.PEPS.Approximation.filter_pairSampleLabels_eq_map' depends on axioms: [propext, Classical.choice, Quot.sound]
'TNLean.PEPS.Approximation.card_filter_pairSampleLabels' depends on axioms: [propext, Classical.choice, Quot.sound]
'TNLean.PEPS.Approximation.card_gateLinkLabels' depends on axioms: [propext, Classical.choice, Quot.sound]
'TNLean.PEPS.Approximation.card_gateLinkLabels_le' depends on axioms: [propext, Classical.choice, Quot.sound]
'TNLean.PEPS.Approximation.card_incidentGateLinkLabels_le' depends on axioms: [propext, Classical.choice, Quot.sound]
'TNLean.PEPS.Approximation.gateLinkParties_subset' depends on axioms: [propext, Classical.choice, Quot.sound]
'TNLean.PEPS.Approximation.card_gateLinkParties' depends on axioms: [propext, Classical.choice, Quot.sound]
'TNLean.PEPS.Approximation.card_linksAtGate' depends on axioms: [propext, Classical.choice, Quot.sound]
'TNLean.PEPS.Approximation.mem_linksAtGate' depends on axioms: [propext, Classical.choice, Quot.sound]
'TNLean.PEPS.Approximation.card_incidentLinksAtGate' depends on axioms: [propext, Classical.choice, Quot.sound]
'TNLean.PEPS.Approximation.mem_distributedLinks' depends on axioms: [propext, Classical.choice, Quot.sound]
'TNLean.PEPS.Approximation.distributedLinkParties_subset' depends on axioms: [propext, Classical.choice, Quot.sound]
'TNLean.PEPS.Approximation.card_distributedLinkParties' depends on axioms: [propext, Classical.choice, Quot.sound]
'TNLean.PEPS.Approximation.exists_common_gate_of_mem_distributedLinkParties' depends on axioms: [propext,
 Classical.choice,
 Quot.sound]
'TNLean.PEPS.Approximation.incidentDistributedLinks_subset' depends on axioms: [propext, Classical.choice, Quot.sound]
'TNLean.PEPS.Approximation.card_incidentDistributedLinks_le' depends on axioms: [propext, Classical.choice, Quot.sound]

Elapsed seconds: 1.612440
Warnings: 0
Exit code: 0
