'TNLean.PEPS.PairEffect.Word.eval_localDiscard_tmul' depends on axioms: [propext, Classical.choice, Quot.sound]
'TNLean.PEPS.PairEffect.Word.eval_transferTerm_tmul' depends on axioms: [propext, Classical.choice, Quot.sound]
'TNLean.PEPS.PairEffect.Word.isAllowed_localDiscard' depends on axioms: [propext, Classical.choice, Quot.sound]
'TNLean.PEPS.PairEffect.Word.isAllowed_transferTerm' depends on axioms: [propext, Classical.choice, Quot.sound]
'TNLean.PEPS.PairEffect.Word.localDiscard' depends on axioms: [propext, Classical.choice, Quot.sound]
'TNLean.PEPS.PairEffect.Word.sources_transferTerm' depends on axioms: [propext, Classical.choice, Quot.sound]
'TNLean.PEPS.PairEffect.Word.sum_eval_transferTerm' depends on axioms: [propext, Classical.choice, Quot.sound]
'TNLean.PEPS.PairEffect.Word.transferTerm' depends on axioms: [propext, Classical.choice, Quot.sound]
'TNLean.PEPS.PairEffect.PartyGate.eval_transfer' depends on axioms: [propext, Classical.choice, Quot.sound]
'TNLean.PEPS.PairEffect.PartyGate.isAllowed_effectCount_transfer' depends on axioms: [propext,
 Classical.choice,
 Quot.sound]
'TNLean.PEPS.PairEffect.PartyGate.length_transfer' depends on axioms: [propext, Classical.choice, Quot.sound]
'TNLean.PEPS.PairEffect.PartyGate.sum_norm_coeff_transfer' depends on axioms: [propext, Classical.choice, Quot.sound]
'TNLean.PEPS.PairEffect.PartyGate.transfer' depends on axioms: [propext, Classical.choice, Quot.sound]
'TNLean.PEPS.PairEffect.gate_toGate_eq_sum' depends on axioms: [propext, Classical.choice, Quot.sound]
'TNLean.PEPS.PairEffect.PartyChain.comp' depends on axioms: [propext, Classical.choice, Quot.sound]
'TNLean.PEPS.PairEffect.PartyChain.effectCount_comp' depends on axioms: [propext, Classical.choice, Quot.sound]
'TNLean.PEPS.PairEffect.PartyChain.effectCount_prependWord' depends on axioms: [propext, Classical.choice, Quot.sound]
'TNLean.PEPS.PairEffect.PartyChain.eval_comp' depends on axioms: [propext, Classical.choice, Quot.sound]
'TNLean.PEPS.PairEffect.PartyChain.eval_prependWord' depends on axioms: [propext, Classical.choice, Quot.sound]
'TNLean.PEPS.PairEffect.PartyChain.isAllowed_comp' depends on axioms: [propext, Classical.choice, Quot.sound]
'TNLean.PEPS.PairEffect.PartyChain.isAllowed_prependWord' depends on axioms: [propext, Classical.choice, Quot.sound]
'TNLean.PEPS.PairEffect.PartyChain.prependWord' depends on axioms: [propext, Classical.choice, Quot.sound]
'TNLean.PEPS.PairEffect.PartyGate.comp' depends on axioms: [propext, Classical.choice, Quot.sound]
'TNLean.PEPS.PairEffect.PartyGate.effectCount_comp_le' depends on axioms: [propext, Classical.choice, Quot.sound]
'TNLean.PEPS.PairEffect.PartyGate.gate_comp' depends on axioms: [propext, Classical.choice, Quot.sound]
'TNLean.PEPS.PairEffect.PartyGate.isAllowed_comp' depends on axioms: [propext, Classical.choice, Quot.sound]
'TNLean.PEPS.PairEffect.PartyGate.length_comp' depends on axioms: [propext, Classical.choice, Quot.sound]
'TNLean.PEPS.PairEffect.PartyGate.mem_comp' depends on axioms: [propext, Classical.choice, Quot.sound]
'TNLean.PEPS.PairEffect.PartyGate.sum_norm_comp' depends on axioms: [propext, Classical.choice, Quot.sound]
'TNLean.PEPS.PairEffect.MessageMonomial' depends on axioms: [propext, Classical.choice, Quot.sound]
'TNLean.PEPS.PairEffect.MessageMonomial.IsAllowed' depends on axioms: [propext, Classical.choice, Quot.sound]
'TNLean.PEPS.PairEffect.MessageMonomial.effectCount' depends on axioms: [propext, Classical.choice, Quot.sound]
'TNLean.PEPS.PairEffect.MessageMonomial.eval' depends on axioms: [propext, Classical.choice, Quot.sound]
'TNLean.PEPS.PairEffect.MessageMonomial.eval_expand' depends on axioms: [propext, Classical.choice, Quot.sound]
'TNLean.PEPS.PairEffect.MessageMonomial.expand' depends on axioms: [propext, Classical.choice, Quot.sound]
'TNLean.PEPS.PairEffect.MessageMonomial.expansion_size' depends on axioms: [propext, Classical.choice, Quot.sound]
'TNLean.PEPS.PairEffect.MessageMonomial.expansion_size_le' depends on axioms: [propext, Classical.choice, Quot.sound]
'TNLean.PEPS.PairEffect.MessageMonomial.expansion_size_le_of_power_bounds' depends on axioms: [propext,
 Classical.choice,
 Quot.sound]
'TNLean.PEPS.PairEffect.MessageMonomial.isAllowed_effectCount_expand' depends on axioms: [propext,
 Classical.choice,
 Quot.sound]
'TNLean.PEPS.PairEffect.MessageMonomial.messageDimensions' depends on axioms: [propext, Classical.choice, Quot.sound]
'TNLean.PEPS.PairEffect.MessageGate' depends on axioms: [propext, Classical.choice, Quot.sound]
'TNLean.PEPS.PairEffect.MessageGate.effectCount_expand_le' depends on axioms: [propext, Classical.choice, Quot.sound]
'TNLean.PEPS.PairEffect.MessageGate.eval' depends on axioms: [propext, Classical.choice, Quot.sound]
'TNLean.PEPS.PairEffect.MessageGate.eval_expand' depends on axioms: [propext, Classical.choice, Quot.sound]
'TNLean.PEPS.PairEffect.MessageGate.expand' depends on axioms: [propext, Classical.choice, Quot.sound]
'TNLean.PEPS.PairEffect.MessageGate.expansion_size' depends on axioms: [propext, Classical.choice, Quot.sound]
'TNLean.PEPS.PairEffect.MessageGate.expansion_size_le' depends on axioms: [propext, Classical.choice, Quot.sound]
'TNLean.PEPS.PairEffect.MessageGate.expansion_size_le_of_coeff_le' depends on axioms: [propext,
 Classical.choice,
 Quot.sound]
'TNLean.PEPS.PairEffect.MessageGate.isAllowed_expand' depends on axioms: [propext, Classical.choice, Quot.sound]
'TNLean.PEPS.PairEffect.MessageGate.mem_expand' depends on axioms: [propext, Classical.choice, Quot.sound]
'TNLean.PEPS.PairEffect.MessageGate.eval_toOriginalCircuit' depends on axioms: [propext, Classical.choice, Quot.sound]
'TNLean.PEPS.PairEffect.MessageGate.isExpansionBounded_toOriginalCircuit' depends on axioms: [propext,
 Classical.choice,
 Quot.sound]
'TNLean.PEPS.PairEffect.MessageGate.isMonomialBounded_toOriginalCircuit' depends on axioms: [propext,
 Classical.choice,
 Quot.sound]
'TNLean.PEPS.PairEffect.MessageGate.nonprivateCount_toOriginalCircuit' depends on axioms: [propext,
 Classical.choice,
 Quot.sound]
'TNLean.PEPS.PairEffect.MessageGate.participants_toOriginalCircuit' depends on axioms: [propext,
 Classical.choice,
 Quot.sound]
'TNLean.PEPS.PairEffect.MessageGate.toOriginalCircuit' depends on axioms: [propext, Classical.choice, Quot.sound]
'TNLean.PEPS.PairEffect.SourceCircuit.card_sourceNetworkAlphabet_le_of_power_bounds' depends on axioms: [propext,
 Classical.choice,
 Quot.sound]
'TNLean.PEPS.PairEffect.ProductInput.finiteDimensional_wholePartyMem' depends on axioms: [propext,
 Classical.choice,
 Quot.sound]
'TNLean.PEPS.PairEffect.OriginalCircuit.card_branchLabels_physicalFirstReplacement_le_power' depends on axioms: [propext,
 Classical.choice,
 Quot.sound]
'TNLean.PEPS.PairEffect.OriginalCircuit.card_sourceLocations_physicalFirstReplacement_le' depends on axioms: [propext,
 Classical.choice,
 Quot.sound]
'TNLean.PEPS.PairEffect.OriginalCircuit.sourceSamplingCount_physicalFirstReplacement_lt_power' depends on axioms: [propext,
 Classical.choice,
 Quot.sound]
'TNLean.PEPS.PairEffect.OriginalCircuit.card_incidentPhysicalFirstLinks_le' depends on axioms: [propext,
 Classical.choice,
 Quot.sound]
'TNLean.PEPS.PairEffect.OriginalCircuit.exists_original_gate_of_physicalFirst_link' depends on axioms: [propext,
 Classical.choice,
 Quot.sound]
'TNLean.PEPS.PairEffect.OriginalCircuit.participants_physicalFirstReplacementLocationsEquiv' depends on axioms: [propext,
 Classical.choice,
 Quot.sound]
'TNLean.PEPS.PairEffect.OriginalCircuit.physicalFirstReplacementLocationsEquiv' depends on axioms: [propext,
 Classical.choice,
 Quot.sound]
