✖ [2870/2870] Building TNLean.PEPS.Approximation.HoleEncoder (3.5s)
trace: .> LEAN_PATH=<VALIDATION_WORKTREE>/.lake/packages/Cli/.lake/build/lib/lean:<VALIDATION_WORKTREE>/.lake/packages/batteries/.lake/build/lib/lean:<VALIDATION_WORKTREE>/.lake/packages/Qq/.lake/build/lib/lean:<VALIDATION_WORKTREE>/.lake/packages/aesop/.lake/build/lib/lean:<VALIDATION_WORKTREE>/.lake/packages/proofwidgets/.lake/build/lib/lean:<VALIDATION_WORKTREE>/.lake/packages/importGraph/.lake/build/lib/lean:<VALIDATION_WORKTREE>/.lake/packages/LeanSearchClient/.lake/build/lib/lean:<VALIDATION_WORKTREE>/.lake/packages/plausible/.lake/build/lib/lean:<VALIDATION_WORKTREE>/.lake/packages/checkdecls/.lake/build/lib/lean:<VALIDATION_WORKTREE>/.lake/packages/Gametheory/.lake/build/lib/lean:<VALIDATION_WORKTREE>/.lake/packages/mathlib/.lake/build/lib/lean:<VALIDATION_WORKTREE>/.lake/packages/qiclean/.lake/build/lib/lean:<VALIDATION_WORKTREE>/.lake/build/lib/lean <LEAN_TOOLCHAIN>/bin/lean <VALIDATION_WORKTREE>/TNLean/PEPS/Approximation/HoleEncoder.lean -o <VALIDATION_WORKTREE>/.lake/build/lib/lean/TNLean/PEPS/Approximation/HoleEncoder.olean -i <VALIDATION_WORKTREE>/.lake/build/lib/lean/TNLean/PEPS/Approximation/HoleEncoder.ilean -c <VALIDATION_WORKTREE>/.lake/build/ir/TNLean/PEPS/Approximation/HoleEncoder.c --setup <VALIDATION_WORKTREE>/.lake/build/ir/TNLean/PEPS/Approximation/HoleEncoder.setup.json --json
warning: TNLean/PEPS/Approximation/HoleEncoder.lean:23:56: please avoid 'open (scoped) Classical' statements: this can hide theorem statements which would be better stated with explicit decidability statements.
Instead, use `open Classical in` for definitions or instances, the `classical` tactic for proofs.
For theorem statements, either add missing decidability assumptions or use `open Classical in`.

Note: This linter can be disabled with `set_option linter.style.openClassical false`
error: TNLean/PEPS/Approximation/HoleEncoder.lean:44:86: unexpected token 'omit'; expected 'lemma'
error: TNLean/PEPS/Approximation/HoleEncoder.lean:64:56: Invalid field `conjTranspose`: The environment does not contain `Function.conjTranspose`, so it is not possible to project the field `conjTranspose` from an expression
  fun p ↦ B p.1 p.2
of type `κ × μ → ν → ℂ`
error: TNLean/PEPS/Approximation/HoleEncoder.lean:66:40: unsolved goals
κ : Type u_2
μ : Type u_3
ν : Type u_4
inst✝¹ : Fintype κ
inst✝ : Fintype μ
B : κ → Matrix μ ν ℂ
a b : ν
⊢ (sorry () * fun p ↦ B p.1 p.2) a b = ∑ c, ∑ j, (starRingEnd ℂ) (B c j a) * B c j b
warning: TNLean/PEPS/Approximation/HoleEncoder.lean:68:44: This simp argument is unused:
  Fintype.sum_prod_type

Hint: Omit it from the simp argument list.
  [apply] simp [Matrix.mul_apply, Matrix.sum_apply]

Note: This linter can be disabled with `set_option linter.unusedSimpArgs false`
error: TNLean/PEPS/Approximation/HoleEncoder.lean:79:70: Tactic `rewrite` failed: Did not find an occurrence of the pattern
  inner ℂ (WithLp.toLp 2 (?M *ᵥ x)) (WithLp.toLp 2 (?M *ᵥ x))
in the target expression
  √(RCLike.re (inner ℂ (WithLp.toLp 2 (A *ᵥ x)) (WithLp.toLp 2 (A *ᵥ x)))) =
    √(RCLike.re (inner ℂ (WithLp.toLp 2 (B *ᵥ x)) (WithLp.toLp 2 (B *ᵥ x))))

ι : Type u_1
inst✝² : Fintype ι
μ : Type u_2
ν : Type u_3
inst✝¹ : Fintype μ
inst✝ : Fintype ν
A : Matrix μ ι ℂ
B : Matrix ν ι ℂ
h : Aᴴ * A = Bᴴ * B
x : ι → ℂ
hg :
  ∀ {κ : Type u_4} [inst : Fintype κ] (M : Matrix κ ι ℂ),
    inner ℂ (WithLp.toLp 2 (M *ᵥ x)) (WithLp.toLp 2 (M *ᵥ x)) = star x ⬝ᵥ (Mᴴ * M) *ᵥ x
⊢ √(RCLike.re (inner ℂ (WithLp.toLp 2 (A *ᵥ x)) (WithLp.toLp 2 (A *ᵥ x)))) =
    √(RCLike.re (inner ℂ (WithLp.toLp 2 (B *ᵥ x)) (WithLp.toLp 2 (B *ᵥ x))))
error: TNLean/PEPS/Approximation/HoleEncoder.lean:70:0: AddConstAsyncResult.commitConst: constant has level params [u_1, u_2, u_3, u_4] but expected [u_1, u_2, u_3]
error: TNLean/PEPS/Approximation/HoleEncoder.lean:88:4: typeclass instance problem is stuck
  HMul (Matrix ι (PUnit.{?u.9 + 1} × ι) ℂ) (Matrix (PUnit.{?u.14 + 1} × ?m.5) ?m.5 ℂ) ℕ

Note: Lean will not try to resolve this typeclass instance problem because the second type argument to `HMul` contains metavariables. This argument must be fully determined before Lean will try to resolve the typeclass.

Hint: Adding type annotations and supplying implicit arguments to functions can give Lean more information for typeclass resolution. For example, if you have a variable `x` that you intend to be a `Nat`, but Lean reports it as having an unresolved type like `?m`, replacing `x` with `(x : Nat)` can get typeclass resolution un-stuck.
error: TNLean/PEPS/Approximation/HoleEncoder.lean:109:10: Unknown identifier `identityHoleEncoder_gram`
error: TNLean/PEPS/Approximation/HoleEncoder.lean:108:46: unsolved goals
ι : Type u_1
inst✝ : Fintype ι
x : ι → ℂ
⊢ identityHoleEncoderᴴ * identityHoleEncoder = 1
error: TNLean/PEPS/Approximation/HoleEncoder.lean:104:8: (kernel) unknown constant '_private.TNLean.PEPS.Approximation.HoleEncoder.0.TNLean.PEPS.norm_mulVec_eq_of_gram_eq'
warning: TNLean/PEPS/Approximation/HoleEncoder.lean:167:8: declaration uses `sorry`
warning: TNLean/PEPS/Approximation/HoleEncoder.lean:174:2: Unused tactic linter: `rw [stacked_matrix_gram, Fintype.sum_sigma, nestedCylinderInnovation_projector_sum]` does nothing

Note: This linter can be disabled with `set_option linter.unusedTactic false`
warning: TNLean/PEPS/Approximation/HoleEncoder.lean:175:2: Unused tactic linter: `apply Finset.sum_congr rfl` does nothing

Note: This linter can be disabled with `set_option linter.unusedTactic false`
warning: TNLean/PEPS/Approximation/HoleEncoder.lean:176:2: Unused tactic linter: `intro j _` does nothing

Note: This linter can be disabled with `set_option linter.unusedTactic false`
warning: TNLean/PEPS/Approximation/HoleEncoder.lean:177:2: Unused tactic linter: `simp_rw [dependentRegionOperatorLift_conjTranspose, ← dependentRegionOperatorLift_mul,
  coordinateResetMatrix_gram]` does nothing

Note: This linter can be disabled with `set_option linter.unusedTactic false`
warning: TNLean/PEPS/Approximation/HoleEncoder.lean:179:2: Unused tactic linter: `rw [← dependentRegionOperatorLift_sum, ←
  coordinateRangeProjector_eq_sum_basis _ (holeEncoderBasis R hR S j)]` does nothing

Note: This linter can be disabled with `set_option linter.unusedTactic false`
warning: TNLean/PEPS/Approximation/HoleEncoder.lean:175:2: this tactic is never executed

Note: This linter can be disabled with `set_option linter.unreachableTactic false`
warning: TNLean/PEPS/Approximation/HoleEncoder.lean:176:2: this tactic is never executed

Note: This linter can be disabled with `set_option linter.unreachableTactic false`
warning: TNLean/PEPS/Approximation/HoleEncoder.lean:177:2: this tactic is never executed

Note: This linter can be disabled with `set_option linter.unreachableTactic false`
warning: TNLean/PEPS/Approximation/HoleEncoder.lean:179:2: this tactic is never executed

Note: This linter can be disabled with `set_option linter.unreachableTactic false`
error: TNLean/PEPS/Approximation/HoleEncoder.lean:196:8: typeclass instance problem is stuck, it is often due to metavariables
  (v : ?m.123) → DecidableEq (?m.126 v)
error: TNLean/PEPS/Approximation/HoleEncoder.lean:231:6: Tactic `rewrite` failed: Did not find an occurrence of the pattern
  ?e ((LinearEquiv.symm ?e) ?c)
in the target expression
  ‖LinearMap.toContinuousLinearMap
        (Matrix.toEuclideanLin
          (Matrix.toEuclideanLin.symm
            ↑(coordinateSubspaceES (⨆ j, dependentRegionCylinder (R j) (S j))).starProjection))‖ ≤
    1

V : Type u_2
inst✝² : Fintype V
inst✝¹ : LinearOrder V
Out : V → Type u_3
inst✝ : (v : V) → Fintype (Out v)
n : ℕ
R : Fin n → Finset V
hR : Monotone R
S : (j : Fin n) → Submodule ℂ (((w : ↥(R j)) → Out ↑w) → ℂ)
zero : (v : V) → Out v
⊢ ‖LinearMap.toContinuousLinearMap
        (Matrix.toEuclideanLin
          (Matrix.toEuclideanLin.symm
            ↑(coordinateSubspaceES (⨆ j, dependentRegionCylinder (R j) (S j))).starProjection))‖ ≤
    1
error: TNLean/PEPS/Approximation/HoleEncoder.lean:238:8: (kernel) unknown constant '_private.TNLean.PEPS.Approximation.HoleEncoder.0.TNLean.PEPS.norm_mulVec_eq_of_gram_eq'
error: TNLean/PEPS/Approximation/HoleEncoder.lean:281:4: Type mismatch: After simplification, term
  k.isLt
 has type
  ↑k < Module.finrank ℂ ↥(nestedCylinderInnovation R hR (fun x ↦ ⊥) j)
but is expected to have type
  ↑k < 0
Some required targets logged failures:
- TNLean.PEPS.Approximation.HoleEncoder
error: build failed
