⚠ [2870/2870] Built TNLean.PEPS.Approximation.HoleEncoder (4.4s)
warning: TNLean/PEPS/Approximation/HoleEncoder.lean:258:2: The following tactic starts with 2 goals and ends with 3 goals, 2 of which are not operated on.
  apply Finset.sum_congr rfl
Please focus on the current goal, for instance using `·` (typed as "\.").

Note: This linter can be disabled with `set_option linter.style.multiGoal false`
warning: TNLean/PEPS/Approximation/HoleEncoder.lean:259:10: The following tactic starts with 3 goals and ends with 3 goals, 2 of which are not operated on.
  _
Please focus on the current goal, for instance using `·` (typed as "\.").

Note: This linter can be disabled with `set_option linter.style.multiGoal false`
warning: TNLean/PEPS/Approximation/HoleEncoder.lean:259:2: The following tactic starts with 3 goals and ends with 3 goals, 2 of which are not operated on.
  intro j _
Please focus on the current goal, for instance using `·` (typed as "\.").

Note: This linter can be disabled with `set_option linter.style.multiGoal false`
warning: TNLean/PEPS/Approximation/HoleEncoder.lean:260:2: The following tactic starts with 3 goals and ends with 3 goals, 2 of which are not operated on.
  dsimp only [B]
Please focus on the current goal, for instance using `·` (typed as "\.").

Note: This linter can be disabled with `set_option linter.style.multiGoal false`
warning: TNLean/PEPS/Approximation/HoleEncoder.lean:261:2: The following tactic starts with 3 goals and ends with 3 goals, 2 of which are not operated on.
  simp_rw [dependentRegionOperatorLift_conjTranspose, ← dependentRegionOperatorLift_mul, coordinateResetMatrix_gram]
Please focus on the current goal, for instance using `·` (typed as "\.").

Note: This linter can be disabled with `set_option linter.style.multiGoal false`
Build completed successfully (2870 jobs).
