'TNLean.PEPS.norm_dependentRegionOperatorLift_mulVec_le' depends on axioms: [propext, Classical.choice, Quot.sound]
'TNLean.PEPS.continuous_dependentRegionOperatorLift' depends on axioms: [propext, Classical.choice, Quot.sound]
'TNLean.PEPS.regularizedPatchDomain' depends on axioms: [propext, Classical.choice, Quot.sound]
'TNLean.PEPS.regularizedPatchFilter' depends on axioms: [propext, Classical.choice, Quot.sound]
'TNLean.PEPS.regularizedPatchOperator' depends on axioms: [propext, Classical.choice, Quot.sound]
'TNLean.PEPS.regularizedPatchOutput' depends on axioms: [propext, Classical.choice, Quot.sound]
'TNLean.PEPS.regularizedPatchObjective' depends on axioms: [propext, Classical.choice, Quot.sound]
'TNLean.PEPS.isCompact_regularizedPatchDomain' depends on axioms: [propext, Classical.choice, Quot.sound]
'TNLean.PEPS.regularizedPatchDomain_nonempty' depends on axioms: [propext, Classical.choice, Quot.sound]
'TNLean.PEPS.continuousOn_regularizedPatchFilter' depends on axioms: [propext, Classical.choice, Quot.sound]
'TNLean.PEPS.continuousOn_regularizedPatchObjective' depends on axioms: [propext, Classical.choice, Quot.sound]
'TNLean.PEPS.exists_isMinOn_regularizedPatchObjective' depends on axioms: [propext, Classical.choice, Quot.sound]
'TNLean.PEPS.regularizedPatchFilter_norm_bounds' depends on axioms: [propext, Classical.choice, Quot.sound]
'TNLean.PEPS.regularizedPatchObjective_bounds' depends on axioms: [propext, Classical.choice, Quot.sound]
'TNLean.PEPS.regularizedPatchMinimum' depends on axioms: [propext, Classical.choice, Quot.sound]
'TNLean.PEPS.regularizedPatchObjective_eq_minimum' depends on axioms: [propext, Classical.choice, Quot.sound]
'TNLean.PEPS.regularizedPatchMinimum_bounds' depends on axioms: [propext, Classical.choice, Quot.sound]
'TNLean.PEPS.regularizedPatchObjective_pos' depends on axioms: [propext, Classical.choice, Quot.sound]
'TNLean.PEPS.regularizedPatchMinimum_pos' depends on axioms: [propext, Classical.choice, Quot.sound]
'TNLean.PEPS.normalizedRegularizedPatchOutput' depends on axioms: [propext, Classical.choice, Quot.sound]
'TNLean.PEPS.norm_normalizedRegularizedPatchOutput' depends on axioms: [propext, Classical.choice, Quot.sound]
'TNLean.PEPS.normalizedRegularizedPatchOutput_eq_minimum_smul' depends on axioms: [propext,
 Classical.choice,
 Quot.sound]
'TNLean.PEPS.regularizedPatchObjective_exp_bounds' depends on axioms: [propext, Classical.choice, Quot.sound]
'TNLean.PEPS.regularizedPatchMinimum_exp_bounds' depends on axioms: [propext, Classical.choice, Quot.sound]
