Actual preflight command: python3 scripts/test_ci_compatible_cache.py
Raw log SHA256: e358d99f875ed8c954def3939877663790b6bc34cae3c62b397ab788252bb028
.............................
----------------------------------------------------------------------
Ran 29 tests in 0.687s

OK
Validated uniquely main-scoped cache tnlean-build-eeeeeeeeeeeeeeeeeeeeeeeeeeeeeeeeeeeeeeeeeeeeeeeeeeeeeeeeeeeeeeee-aaaaaaaaaaaaaaaaaaaaaaaaaaaaaaaaaaaaaaaa; full build still required
Dropped cross-commit TNLean, QIC aggregators, orphan and unknown cached artifacts

Actual preflight command: python3 scripts/generate_import_aggregators.py --check
Raw log SHA256: 7ac175e409526237c0af79962784beaaa0f7df2afdf81b8ccccfcbe91ad135be
Import aggregators are current: 74 generated files cover 2779 production modules.

Actual preflight command: python3 scripts/check_docbuild_manifest.py
Raw log SHA256: 9dc6570f1ec606c0ad9ad64df85a8361a3493bec1f95f01e0a0d511636a03034
docbuild manifest agrees with TNLean on 12 packages and with its lakefile.

Actual preflight command: python3 scripts/blueprint_lean_sync.py --ci --report ../conditional-two-family-validation/tn-final-blueprint-sync.json
Raw log SHA256: 7faf4c9c691a76530704d8082482c2ce7681a9879cfa72fec67900b11b2ecfb5
Scanning Lean source tree …
  Found 32319 declarations in Lean source
  Found 7406 declarations in the qiclean dependency (7397 new)
Scanning blueprint .tex files …
  Found 19869 unique \lean{} references in blueprint
  Found 19863 theorem-like blueprint entries

======================================================================
  BLUEPRINT ↔ LEAN SYNC REPORT
======================================================================

Per-chapter formalization progress:
  Chapter                                             Done / Total       %
  --------------------------------------------------------------------
  src/appendix/ft_mps/ch06_qpf.tex                       1 /     1  100.0%
  src/appendix/ft_mps/ch07_spectral.tex                  8 /     8  100.0%
  src/appendix/ft_mps/ch08_wielandt.tex                 41 /    41  100.0%
  src/appendix/ft_mps/ch09_canonical_blocking_and_sectors.tex    36 /    36  100.0%
  src/appendix/ft_mps/ch09_canonical_splitting_and_gauges.tex    28 /    28  100.0%
  src/appendix/ft_mps/ch10_bnt_block_separation_and_suppliers.tex    10 /    10  100.0%
  src/appendix/ft_mps/ch10_bnt_normal_and_gram_support.tex    10 /    10  100.0%
  src/appendix/ft_mps/ch10_bnt_power_sums_and_sector_bookkeeping.tex    18 /    18  100.0%
  src/appendix/ft_mps/ch11_fundamental_theorem_coefficients_and_blocks.tex    11 /    11  100.0%
  src/appendix/ft_mps/ch11_fundamental_theorem_coordinates_and_unitaries.tex    13 /    13  100.0%
  src/appendix/ft_mps/ch12_symmetry_algebra.tex         12 /    12  100.0%
  src/appendix/ft_mps/ch12_symmetry_transfer_and_limits.tex    11 /    11  100.0%
  src/appendix/full_only/ch25_asymmetric_examples_supporting.tex    68 /    68  100.0%
  src/appendix/full_only/ch27_matrix_relative_commutant.tex     6 /     6  100.0%
  ch02_mps.tex                                          74 /    74  100.0%
  ch03_single.tex                                       13 /    13  100.0%
  ch06_qpf.tex                                          16 /    16  100.0%
  ch07_spectral_mixed_transfer_and_overlap.tex          25 /    25  100.0%
  ch07_spectral_peripheral_refinements_and_primitive_overlap.tex     9 /     9  100.0%
  ch08_wielandt_cumulative_bound.tex                    49 /    49  100.0%
  ch08_wielandt_fixed_length_and_normality.tex          25 /    25  100.0%
  ch08_wielandt_word_span_and_block_injectivity.tex      5 /     5  100.0%
  ch09_canonical.tex                                    10 /    10  100.0%
  ch09_canonical_forms_and_projectors_auxiliary.tex     54 /    54  100.0%
  ch09_canonical_ft_reduction.tex                       17 /    17  100.0%
  ch09_canonical_normal_forms_and_support_auxiliary.tex    25 /    25  100.0%
  ch09_canonical_unital_periodic.tex                     4 /     4  100.0%
  ch10_bnt_block_injective_form.tex                     17 /    17  100.0%
  ch10_bnt_definitions_and_characterization.tex          5 /     5  100.0%
  ch10_bnt_matching.tex                                  5 /     5  100.0%
  ch10_bnt_normal_blocks_and_overlap.tex                17 /    17  100.0%
  ch10_bnt_permutation_and_power_sums.tex                9 /     9  100.0%
  ch10_bnt_sector_canonical_form.tex                    91 /    91  100.0%
  ch11_fundamental_theorem_cases.tex                     6 /     6  100.0%
  ch11_fundamental_theorem_core.tex                     11 /    11  100.0%
  ch11_fundamental_theorem_product_algebra_interfaces.tex     4 /     4  100.0%
  ch12_symmetry_spt.tex                                702 /   702  100.0%
  ch12_symmetry_spt_mixed_fixed_points.tex              86 /    86  100.0%
  ch12_symmetry_string_order.tex                        31 /    31  100.0%
  ch12_symmetry_string_order_asymptotics.tex            19 /    19  100.0%
  ch12_symmetry_string_order_bounds.tex                  6 /     6  100.0%
  ch12_symmetry_string_order_examples.tex               63 /    63  100.0%
  ch12_symmetry_string_order_finite_endpoints.tex       11 /    11  100.0%
  ch12_symmetry_string_order_periodic.tex               16 /    16  100.0%
  ch12_symmetry_string_order_spectrum.tex               15 /    15  100.0%
  ch12_symmetry_virtual_and_cohomology.tex              35 /    35  100.0%
  ch13_parent_hamiltonian_block_diagonal.tex            56 /    56  100.0%
  ch13_parent_hamiltonian_block_diagonal_boundary_crossing_comparisons.tex    15 /    15  100.0%
  ch13_parent_hamiltonian_block_diagonal_chain_equality.tex    14 /    14  100.0%
  ch13_parent_hamiltonian_block_diagonal_periodic_components.tex    22 /    22  100.0%
  ch13_parent_hamiltonian_block_diagonal_single_block_constraints.tex    13 /    13  100.0%
  ch13_parent_hamiltonian_block_intersections.tex      126 /   126  100.0%
  ch13_parent_hamiltonian_block_intersections_intersection_consequences.tex    23 /    23  100.0%
  ch13_parent_hamiltonian_block_intersections_trace_identities.tex    18 /    18  100.0%
  ch13_parent_hamiltonian_blocking_transport.tex        25 /    25  100.0%
  ch13_parent_hamiltonian_bnt_consequences.tex           2 /     2  100.0%
  ch13_parent_hamiltonian_commuting_gap_all_chain_sector_graph.tex    36 /    36  100.0%
  ch13_parent_hamiltonian_commuting_gap_appendix_b_commutation.tex    29 /    29  100.0%
  ch13_parent_hamiltonian_commuting_gap_appendix_b_supports.tex    34 /    34  100.0%
  ch13_parent_hamiltonian_commuting_gap_beigi_loops.tex    63 /    63  100.0%
  ch13_parent_hamiltonian_commuting_gap_local_terms.tex    53 /    53  100.0%
  ch13_parent_hamiltonian_commuting_gap_rfp_ground_spaces.tex    23 /    23  100.0%
  ch13_parent_hamiltonian_decorrelation_commuting_structure.tex    27 /    27  100.0%
  ch13_parent_hamiltonian_decorrelation_marginal_supports.tex    31 /    31  100.0%
  ch13_parent_hamiltonian_half_chain_schmidt.tex        66 /    66  100.0%
  ch13_parent_hamiltonian_injective_boundary.tex        35 /    35  100.0%
  ch13_parent_hamiltonian_injective_ground_spaces.tex     1 /     1  100.0%
  ch13_parent_hamiltonian_injective_ground_spaces_intersection_property.tex    61 /    61  100.0%
  ch13_parent_hamiltonian_injective_ground_spaces_local_parent_interaction.tex   221 /   221  100.0%
  ch13_parent_hamiltonian_normal_boundary.tex           15 /    15  100.0%
  ch13_parent_hamiltonian_normal_closing_boundary_equations.tex    16 /    16  100.0%
  ch13_parent_hamiltonian_normal_closing_boundary_products.tex     9 /     9  100.0%
  ch13_parent_hamiltonian_normal_closing_reverse.tex    20 /    20  100.0%
  ch13_parent_hamiltonian_physical_deformation.tex      31 /    31  100.0%
  ch13_parent_hamiltonian_spectral_gap_continuity.tex   140 /   140  100.0%
  ch13_parent_hamiltonian_spectral_gap_hilbert_space_rowsum.tex    68 /    68  100.0%
  ch13_parent_hamiltonian_spectral_gap_martingale.tex   488 /   488  100.0%
  ch13_parent_hamiltonian_spectral_gap_martingale_cyclic_overlap.tex    23 /    23  100.0%
  ch13_parent_hamiltonian_uncle.tex                     20 /    20  100.0%
  ch14_correlations.tex                                 23 /    23  100.0%
  ch14_correlations_jordan.tex                           5 /     5  100.0%
  ch15_examples_aklt.tex                                65 /    65  100.0%
  ch15_examples_cluster_state.tex                       46 /    46  100.0%
  ch15_examples_cpsv16_example_34.tex                    8 /     8  100.0%
  ch15_examples_ghz.tex                                 55 /    55  100.0%
  ch15_examples_kitaev_chain.tex                        26 /    26  100.0%
  ch15_examples_majumdar_ghosh.tex                      77 /    77  100.0%
  ch15_examples_parent_hamiltonians.tex                 73 /    73  100.0%
  ch15_examples_product_states.tex                       7 /     7  100.0%
  ch15_examples_pvbs.tex                                43 /    43  100.0%
  ch15_examples_pvbs_critical_gap.tex                    7 /     7  100.0%
  ch15_examples_pvbs_gap.tex                            18 /    18  100.0%
  ch15_examples_w_state.tex                             40 /    40  100.0%
  ch15_examples_w_state_sharper.tex                      6 /     6  100.0%
  ch20_mpdo_canonical_forms_first_site_contractions.tex    36 /    36  100.0%
  ch20_mpdo_canonical_forms_intro_finite_separation.tex    28 /    28  100.0%
  ch20_mpdo_canonical_forms_periodic_sectors.tex        23 /    23  100.0%
  ch20_mpdo_canonical_forms_positivity_gram_normalization.tex    66 /    66  100.0%
  ch20_mpdo_canonical_forms_representative_marked.tex    42 /    42  100.0%
  ch20_mpdo_canonical_forms_vertical_direct_sums.tex    33 /    33  100.0%
  ch20_mpdo_foundations.tex                             34 /    34  100.0%
  ch20_mpdo_symmetry.tex                                85 /    85  100.0%
  ch21_mpdo_rfp_algebra_tower.tex                       21 /    21  100.0%
  ch21_mpdo_rfp_area_law_diagonal_and_pure_state_bounds.tex    48 /    48  100.0%
  ch21_mpdo_rfp_area_law_mixed_state_bounds.tex         76 /    76  100.0%
  ch21_mpdo_rfp_blocked_rfp_fusion_decomposition.tex    90 /    90  100.0%
  ch21_mpdo_rfp_blocked_rfp_positive_blocking_and_sector_algebra.tex    48 /    48  100.0%
  ch21_mpdo_rfp_blocked_rfp_retained_vertical_coordinates.tex    66 /    66  100.0%
  ch21_mpdo_rfp_blocked_rfp_transported_vertical_maps.tex    27 /    27  100.0%
  ch21_mpdo_rfp_bnt_ambient_sector_maps.tex             49 /    49  100.0%
  ch21_mpdo_rfp_bnt_coefficients_definitions.tex        62 /    62  100.0%
  ch21_mpdo_rfp_bnt_coefficients_dimer.tex              93 /    93  100.0%
  ch21_mpdo_rfp_bnt_coefficients_flag_sectors.tex      119 /   119  100.0%
  ch21_mpdo_rfp_bnt_coefficients_rescaling.tex          26 /    26  100.0%
  ch21_mpdo_rfp_bnt_coefficients_uniqueness.tex         27 /    27  100.0%
  ch21_mpdo_rfp_bnt_conditional_physical_channels.tex    38 /    38  100.0%
  ch21_mpdo_rfp_bnt_direct_sum_unitary_conjugations.tex    15 /    15  100.0%
  ch21_mpdo_rfp_bnt_theorem_data_algebra_extensions.tex    20 /    20  100.0%
  ch21_mpdo_rfp_bnt_theorem_data_idempotence_comparison.tex    41 /    41  100.0%
  ch21_mpdo_rfp_bnt_theorem_data_multiplicity_gauges.tex    19 /    19  100.0%
  ch21_mpdo_rfp_bnt_theorem_data_singleton.tex          80 /    80  100.0%
  ch21_mpdo_rfp_bnt_witnesses.tex                       45 /    45  100.0%
  ch21_mpdo_rfp_commuting_form_bond_products.tex        58 /    58  100.0%
  ch21_mpdo_rfp_commuting_form_cyclic_active_markov.tex    88 /    88  100.0%
  ch21_mpdo_rfp_foundations.tex                         57 /    57  100.0%
  ch21_mpdo_rfp_fusion_isometries_complete_zipper_coherence.tex    65 /    65  100.0%
  ch21_mpdo_rfp_fusion_isometries_fixed_final_comparison.tex    29 /    29  100.0%
  ch21_mpdo_rfp_fusion_isometries_foundations.tex       39 /    39  100.0%
  ch21_mpdo_rfp_fusion_isometries_product_laws.tex      30 /    30  100.0%
  ch21_mpdo_rfp_fusion_isometries_recursive_density_fusion_layers.tex    36 /    36  100.0%
  ch21_mpdo_rfp_fusion_isometries_recursive_density_spectral_gibbs.tex    39 /    39  100.0%
  ch21_mpdo_rfp_gsnnch_definitions.tex                  67 /    67  100.0%
  ch21_mpdo_rfp_local_embedding_coordinates.tex          4 /     4  100.0%
  ch21_mpdo_rfp_peps_boundary.tex                        5 /     5  100.0%
  ch21_mpdo_rfp_physical_isometric_embeddings.tex       24 /    24  100.0%
  ch21_mpdo_rfp_renormalization.tex                     65 /    65  100.0%
  ch21_mpdo_rfp_simple_case_two.tex                     24 /    24  100.0%
  ch21_mpdo_rfp_simple_definition.tex                   31 /    31  100.0%
  ch21_mpdo_rfp_simple_local_closed_sector_contractions.tex    25 /    25  100.0%
  ch21_mpdo_rfp_simple_local_coherent_positive_rephasing.tex    62 /    62  100.0%
  ch21_mpdo_rfp_simple_local_commuting_physical_bonds.tex    34 /    34  100.0%
  ch21_mpdo_rfp_simple_local_inverse_map_factorization.tex    29 /    29  100.0%
  ch21_mpdo_rfp_simple_local_markov_bnt_compression.tex    79 /    79  100.0%
  ch21_mpdo_rfp_simple_local_neighboring_bond_contractions.tex   107 /   107  100.0%
  ch21_mpdo_rfp_simple_local_normalized_preparations_completed_channels.tex    53 /    53  100.0%
  ch21_mpdo_rfp_simple_local_normalized_preparations_controlled_partial_traces.tex    47 /    47  100.0%
  ch21_mpdo_rfp_simple_local_primitivity_active_trace_matrix.tex    85 /    85  100.0%
  ch21_mpdo_rfp_simple_local_primitivity_rank_one_trace_matrix.tex    38 /    38  100.0%
  ch21_mpdo_rfp_simple_local_refinement_channels_physical_coordinates.tex    60 /    60  100.0%
  ch21_mpdo_rfp_simple_local_refinement_channels_sector_coordinates.tex    64 /    64  100.0%
  ch21_mpdo_rfp_simple_local_structure_capstone.tex    324 /   324  100.0%
  ch21_mpdo_rfp_strong.tex                              13 /    13  100.0%
  ch21_mpdo_twisted_dimer_bond_simple.tex                9 /     9  100.0%
  ch22_periodic_ft_common_period_blocking.tex            3 /     3  100.0%
  ch22_periodic_ft_equal_case_statement.tex             15 /    15  100.0%
  ch22_periodic_ft_irreducible_rotation.tex             24 /    24  100.0%
  ch22_periodic_ft_overlap_cyclic_sectors.tex           18 /    18  100.0%
  ch22_periodic_ft_overlap_foundations.tex              22 /    22  100.0%
  ch22_periodic_ft_overlap_sector_match_and_consequences.tex    34 /    34  100.0%
  ch22_periodic_ft_physical_symmetries.tex               6 /     6  100.0%
  ch22_periodic_ft_refinement_divisibility.tex          82 /    82  100.0%
  ch22_periodic_ft_z_gauge.tex                          10 /    10  100.0%
  ch23_algebraic_ft_direct_sums_and_symmetry.tex        14 /    14  100.0%
  ch23_algebraic_ft_foundations.tex                     71 /    71  100.0%
  ch23_algebraic_ft_injective_chains_and_product_algebra.tex    24 /    24  100.0%
  ch24_peps_actual_cycle_physical_permutation.tex        4 /     4  100.0%
  ch24_peps_actual_horizontal_flux_move.tex              8 /     8  100.0%
  ch24_peps_actual_route_flux_move.tex                  20 /    20  100.0%
  ch24_peps_arc_window_gauge.tex                        10 /    10  100.0%
  ch24_peps_arc_window_transfer.tex                      7 /     7  100.0%
  ch24_peps_area_law_models.tex                         70 /    70  100.0%
  ch24_peps_bond_coordinate_transport.tex                5 /     5  100.0%
  ch24_peps_charge_string_deformation.tex                6 /     6  100.0%
  ch24_peps_coherent_multiplicity_transport.tex          2 /     2  100.0%
  ch24_peps_commuting_regional_constraints.tex          65 /    65  100.0%
  ch24_peps_complement_path_replacement.tex              3 /     3  100.0%
  ch24_peps_conditional_two_family_entropy.tex           1 /     1  100.0%
  ch24_peps_conjugacy_class_invariance.tex               1 /     1  100.0%
  ch24_peps_copy_parent_transport.tex                   64 /    64  100.0%
  ch24_peps_cycle_assignment_support.tex                 4 /     4  100.0%
  ch24_peps_cycle_flux_measurement.tex                   3 /     3  100.0%
  ch24_peps_cycle_ground_space.tex                       8 /     8  100.0%
  ch24_peps_czx_rectangle_boundary.tex                  58 /    58  100.0%
  ch24_peps_delta_inverse.tex                           16 /    16  100.0%
  ch24_peps_dependent_bond_support.tex                  28 /    28  100.0%
  ch24_peps_dependent_closure_dimension.tex             17 /    17  100.0%
  ch24_peps_dependent_networks.tex                      45 /    45  100.0%
  ch24_peps_dependent_open_intersection.tex             58 /    58  100.0%
  ch24_peps_dependent_projectors.tex                    36 /    36  100.0%
  ch24_peps_examples.tex                              1002 /  1002  100.0%
  ch24_peps_finite_group_commutant.tex                  12 /    12  100.0%
  ch24_peps_first_string_physical_crossing.tex           7 /     7  100.0%
  ch24_peps_four_cut_common_boundaries.tex              50 /    50  100.0%
  ch24_peps_four_cut_common_projectors.tex              40 /    40  100.0%
  ch24_peps_four_cut_common_reconstruction.tex          36 /    36  100.0%
  ch24_peps_four_cut_labelled_geometry.tex              45 /    45  100.0%
  ch24_peps_fourier_commutativity.tex                    3 /     3  100.0%
  ch24_peps_fourier_parent_transport.tex                30 /    30  100.0%
  ch24_peps_ft_balanced_edge_scalars.tex                18 /    18  100.0%
  ch24_peps_ft_edge_kernel_gauges_absorption_scalar_comparison.tex    21 /    21  100.0%
  ch24_peps_ft_edge_kernel_gauges_insertion_algebra_local_gauges.tex    12 /    12  100.0%
  ch24_peps_ft_edge_kernel_gauges_kernel_descent_recovery.tex    18 /    18  100.0%
  ch24_peps_ft_edge_middle.tex                          49 /    49  100.0%
  ch24_peps_ft_foundations.tex                          80 /    80  100.0%
  ch24_peps_ft_normal_capstone_normal_mps.tex           32 /    32  100.0%
  ch24_peps_ft_normal_capstone_normal_peps.tex          18 /    18  100.0%
  ch24_peps_ft_normal_capstone_site_dependent_and_vertex_injective.tex    41 /    41  100.0%
  ch24_peps_ft_normal_square_blocking_and_fundamental.tex     5 /     5  100.0%
  ch24_peps_ft_normal_square_coordinate_regions.tex     83 /    83  100.0%
  ch24_peps_ft_normal_square_rectangular_injectivity.tex    93 /    93  100.0%
  ch24_peps_ft_normal_square_translated_windows_and_comparison.tex    87 /    87  100.0%
  ch24_peps_ft_normal_union.tex                         72 /    72  100.0%
  ch24_peps_ft_region_transfer_absorption.tex           11 /    11  100.0%
  ch24_peps_ft_region_transfer_covariance.tex           23 /    23  100.0%
  ch24_peps_ft_region_transfer_insertions.tex           54 /    54  100.0%
  ch24_peps_ft_region_transfer_maps.tex                 47 /    47  100.0%
  ch24_peps_ft_torus_bond_local.tex                      3 /     3  100.0%
  ch24_peps_ft_torus_bond_uniform.tex                    6 /     6  100.0%
  ch24_peps_ft_torus_corner_cancellation.tex            20 /    20  100.0%
  ch24_peps_ft_torus_row_cut_obstruction.tex             3 /     3  100.0%
  ch24_peps_ft_torus_single_bond_peeling.tex            69 /    69  100.0%
  ch24_peps_ft_torus_staircase_geometry_and_ft.tex      26 /    26  100.0%
  ch24_peps_ft_torus_translation_and_reference_windows.tex    43 /    43  100.0%
  ch24_peps_ft_torus_virtual_operation_family.tex       53 /    53  100.0%
  ch24_peps_ft_torus_window_gauge_uniqueness.tex         3 /     3  100.0%
  ch24_peps_ft_torus_window_independence.tex             3 /     3  100.0%
  ch24_peps_ft_torus_window_realizes.tex                 3 /     3  100.0%
  ch24_peps_ft_torus_window_scalar_comparison.tex       25 /    25  100.0%
  ch24_peps_full_four_cut_closure.tex                   24 /    24  100.0%
  ch24_peps_full_region_ground_space.tex                15 /    15  100.0%
  ch24_peps_g_injective_cut_compatibility.tex            7 /     7  100.0%
  ch24_peps_g_injective_cut_range.tex                    4 /     4  100.0%
  ch24_peps_g_injective_physical_equivalence.tex         2 /     2  100.0%
  ch24_peps_g_injective_physical_map.tex                21 /    21  100.0%
  ch24_peps_g_injective_physical_normal_form.tex         1 /     1  100.0%
  ch24_peps_g_injective_range_equivalence.tex            7 /     7  100.0%
  ch24_peps_g_injective_strip_intersection.tex          12 /    12  100.0%
  ch24_peps_g_injective_strip_parent_ground_space.tex    12 /    12  100.0%
  ch24_peps_g_injective_virtual_comparison.tex           6 /     6  100.0%
  ch24_peps_g_isometric_regional_parents.tex            81 /    81  100.0%
  ch24_peps_gauged_horizontal_flux_move.tex              3 /     3  100.0%
  ch24_peps_gauged_route_step.tex                        3 /     3  100.0%
  ch24_peps_gauged_vertical_flux_move.tex                3 /     3  100.0%
  ch24_peps_general_three_block_intersection.tex       103 /   103  100.0%
  ch24_peps_graph_averaging_bonds.tex                   19 /    19  100.0%
  ch24_peps_graph_inserted_bond_state.tex                8 /     8  100.0%
  ch24_peps_graph_inserted_semiregular_equivalence.tex     1 /     1  100.0%
  ch24_peps_graph_inserted_semiregular_factory.tex       1 /     1  100.0%
  ch24_peps_graph_open_averaging_bond_state.tex          6 /     6  100.0%
  ch24_peps_graph_open_region_contraction.tex            6 /     6  100.0%
  ch24_peps_graph_open_semiregular_support.tex          15 /    15  100.0%
  ch24_peps_graph_regular_state_nonzero.tex              3 /     3  100.0%
  ch24_peps_graph_semiregular_equivalence.tex            3 /     3  100.0%
  ch24_peps_initial_string_right_step.tex                6 /     6  100.0%
  ch24_peps_injective_covering_parent_ground_space.tex     4 /     4  100.0%
  ch24_peps_injective_nearest_neighbor_parent.tex       15 /    15  100.0%
  ch24_peps_injective_parent_reconstruction_counterexample.tex    25 /    25  100.0%
  ch24_peps_injective_region_parent_transport.tex        5 /     5  100.0%
  ch24_peps_injective_region_support.tex                10 /    10  100.0%
  ch24_peps_injective_vertex_coordinates.tex            14 /    14  100.0%
  ch24_peps_integer_boundary_contour.tex                 1 /     1  100.0%
  ch24_peps_integer_contact_connectivity.tex             4 /     4  100.0%
  ch24_peps_internal_gauge_transport.tex                 5 /     5  100.0%
  ch24_peps_irreducible_ext.tex                          1 /     1  100.0%
  ch24_peps_joint_flux_measurement.tex                   8 /     8  100.0%
  ch24_peps_kitaev_checkerboard_blocking.tex            19 /    19  100.0%
  ch24_peps_kitaev_global_blocking.tex                  33 /    33  100.0%
  ch24_peps_kitaev_native_boundary_cnot.tex             13 /    13  100.0%
  ch24_peps_kitaev_native_checkerboard_blocking.tex      5 /     5  100.0%
  ch24_peps_local_equivalence.tex                        4 /     4  100.0%
  ch24_peps_monoid_hom_commuting_weight.tex              2 /     2  100.0%
  ch24_peps_native_parent_seam_cuts.tex                 58 /    58  100.0%
  ch24_peps_native_semiregular_parent.tex               35 /    35  100.0%
  ch24_peps_nonuniform_native_parent_classification.tex    41 /    41  100.0%
  ch24_peps_oriented_coordinate_transport.tex           24 /    24  100.0%
  ch24_peps_oriented_copy_parent_transport.tex          34 /    34  100.0%
  ch24_peps_oriented_open_contractions.tex              47 /    47  100.0%
  ch24_peps_orthogonal_sectors.tex                       2 /     2  100.0%
  ch24_peps_pair_centralizer_count.tex                   9 /     9  100.0%
  ch24_peps_parent_ground_state_observables.tex          5 /     5  100.0%
  ch24_peps_permutation_matrix_commutation.tex           1 /     1  100.0%
  ch24_peps_physical_bond_regrouping.tex                13 /    13  100.0%
  ch24_peps_physical_coherent_transport.tex              2 /     2  100.0%
  ch24_peps_physical_support.tex                         3 /     3  100.0%
  ch24_peps_range_parent_transport.tex                  19 /    19  100.0%
  ch24_peps_rectangle_realization.tex                    1 /     1  100.0%
  ch24_peps_region_entanglement_bound.tex                7 /     7  100.0%
  ch24_peps_region_ground_space.tex                      8 /     8  100.0%
  ch24_peps_region_ground_space_nesting.tex             12 /    12  100.0%
  ch24_peps_region_half_edge_regrouping.tex              5 /     5  100.0%
  ch24_peps_region_parent_comparison.tex                11 /    11  100.0%
  ch24_peps_region_parent_gap_criterion.tex             16 /    16  100.0%
  ch24_peps_region_parent_hamiltonian.tex               20 /    20  100.0%
  ch24_peps_region_physical_deformation.tex             14 /    14  100.0%
  ch24_peps_region_physical_ground_space_transport.tex    16 /    16  100.0%
  ch24_peps_region_physical_hamiltonian_transport.tex    14 /    14  100.0%
  ch24_peps_region_reduced_density.tex                   9 /     9  100.0%
  ch24_peps_region_vertex_image_support.tex              6 /     6  100.0%
  ch24_peps_regular_boundary_gibbs_support.tex           9 /     9  100.0%
  ch24_peps_regular_boundary_local_algebra.tex           5 /     5  100.0%
  ch24_peps_regular_boundary_supported_gram.tex         15 /    15  100.0%
  ch24_peps_regular_charge_bond_contraction.tex          3 /     3  100.0%
  ch24_peps_regular_charge_complete_measurement.tex      7 /     7  100.0%
  ch24_peps_regular_charge_coordinates.tex               8 /     8  100.0%
  ch24_peps_regular_charge_detector_matrix.tex           9 /     9  100.0%
  ch24_peps_regular_charge_flux_physical_transport.tex    20 /    20  100.0%
  ch24_peps_regular_charge_labels.tex                    5 /     5  100.0%
  ch24_peps_regular_charge_pair.tex                      9 /     9  100.0%
  ch24_peps_regular_charge_pair_interference.tex        12 /    12  100.0%
  ch24_peps_regular_charge_pair_preparation.tex          4 /     4  100.0%
  ch24_peps_regular_charge_pair_readout.tex              3 /     3  100.0%
  ch24_peps_regular_charge_pair_sectors.tex              5 /     5  100.0%
  ch24_peps_regular_charge_subspace.tex                 13 /    13  100.0%
  ch24_peps_regular_coherent_global_transport.tex        3 /     3  100.0%
  ch24_peps_regular_connector_holonomy.tex               3 /     3  100.0%
  ch24_peps_regular_cycle_global_flux_creation.tex       1 /     1  100.0%
  ch24_peps_regular_cycle_global_permutation.tex         2 /     2  100.0%
  ch24_peps_regular_cycle_permutation.tex                8 /     8  100.0%
  ch24_peps_regular_cycle_physical_flux_creation.tex     7 /     7  100.0%
  ch24_peps_regular_edge_charge_contraction.tex          7 /     7  100.0%
  ch24_peps_regular_edge_physical_charge_measurement.tex     1 /     1  100.0%
  ch24_peps_regular_flux_creation_state.tex             19 /    19  100.0%
  ch24_peps_regular_fourier.tex                          3 /     3  100.0%
  ch24_peps_regular_fourier_matrix.tex                   4 /     4  100.0%
  ch24_peps_regular_gauged_cycle_permutation.tex         3 /     3  100.0%
  ch24_peps_regular_ginjective_simply_connected_entropy.tex     1 /     1  100.0%
  ch24_peps_regular_graph_bond_blocking.tex             15 /    15  100.0%
  ch24_peps_regular_graph_physical_blocking.tex         20 /    20  100.0%
  ch24_peps_regular_graph_surplus_site.tex               5 /     5  100.0%
  ch24_peps_regular_inserted_walk_holonomy.tex           2 /     2  100.0%
  ch24_peps_regular_invariant_state_span.tex            22 /    22  100.0%
  ch24_peps_regular_matrix_commutativity.tex             2 /     2  100.0%
  ch24_peps_regular_minimal_representation.tex           1 /     1  100.0%
  ch24_peps_regular_open_boundary_dimension.tex          3 /     3  100.0%
  ch24_peps_regular_order_six_dimension.tex              2 /     2  100.0%
  ch24_peps_regular_parent_ground_space.tex              9 /     9  100.0%
  ch24_peps_regular_parent_spanning.tex                 17 /    17  100.0%
  ch24_peps_regular_physical_charge_motion.tex           7 /     7  100.0%
  ch24_peps_regular_physical_charge_pair_creation.tex    13 /    13  100.0%
  ch24_peps_regular_region_bond_right_invariance.tex     6 /     6  100.0%
  ch24_peps_regular_region_boundary_hamiltonian.tex      3 /     3  100.0%
  ch24_peps_regular_region_entropy_bound.tex             6 /     6  100.0%
  ch24_peps_regular_region_flatness.tex                 10 /    10  100.0%
  ch24_peps_regular_region_holonomy_filter.tex           2 /     2  100.0%
  ch24_peps_regular_region_intersection.tex             20 /    20  100.0%
  ch24_peps_regular_region_support.tex                   8 /     8  100.0%
  ch24_peps_regular_site_symmetry_recovery.tex           3 /     3  100.0%
  ch24_peps_regular_state_parent_rigidity.tex           11 /    11  100.0%
  ch24_peps_regular_swept_patch_deformation.tex          5 /     5  100.0%
  ch24_peps_regular_three_plaquette_double_exchange.tex    20 /    20  100.0%
  ch24_peps_regular_torus_rectangle_entropy_bound.tex     3 /     3  100.0%
  ch24_peps_regular_two_cycle_conjugation.tex            5 /     5  100.0%
  ch24_peps_regular_two_cycle_flux_move.tex             11 /    11  100.0%
  ch24_peps_regular_two_cycle_global_flux_move.tex       7 /     7  100.0%
  ch24_peps_regular_two_cycle_physical_flux_move.tex     4 /     4  100.0%
  ch24_peps_regular_two_site_charge_measurement.tex     19 /    19  100.0%
  ch24_peps_representation_theta.tex                     5 /     5  100.0%
  ch24_peps_second_string_physical_crossing.tex          7 /     7  100.0%
  ch24_peps_semiregular_bond_dimension.tex               3 /     3  100.0%
  ch24_peps_semiregular_bond_isometry.tex               11 /    11  100.0%
  ch24_peps_semiregular_bond_isometry_extension.tex      1 /     1  100.0%
  ch24_peps_semiregular_bond_product_isometry.tex        5 /     5  100.0%
  ch24_peps_semiregular_bond_state.tex                   7 /     7  100.0%
  ch24_peps_semiregular_bond_support.tex                12 /    12  100.0%
  ch24_peps_semiregular_dimension.tex                    3 /     3  100.0%
  ch24_peps_semiregular_group_algebra.tex                9 /     9  100.0%
  ch24_peps_semiregular_parent_equivalence.tex          37 /    37  100.0%
  ch24_peps_semiregular_parent_support.tex              75 /    75  100.0%
  ch24_peps_simply_connected_complement.tex              2 /     2  100.0%
  ch24_peps_simply_connected_physical_density.tex        2 /     2  100.0%
  ch24_peps_stripe_local_equivalence.tex                 2 /     2  100.0%
  ch24_peps_theta_bond_coordinates.tex                   1 /     1  100.0%
  ch24_peps_theta_bond_orthonormal_coordinates.tex       1 /     1  100.0%
  ch24_peps_theta_bond_state.tex                         4 /     4  100.0%
  ch24_peps_theta_positive.tex                           3 /     3  100.0%
  ch24_peps_theta_squared.tex                            2 /     2  100.0%
  ch24_peps_three_plaquette_geometry.tex                15 /    15  100.0%
  ch24_peps_toric_code_primal.tex                       10 /    10  100.0%
  ch24_peps_toric_code_torus_sectors.tex                13 /    13  100.0%
  ch24_peps_torus_block_multiplicity_state.tex           6 /     6  100.0%
  ch24_peps_torus_charge_flux_crossing.tex               4 /     4  100.0%
  ch24_peps_torus_closure_kernel_intersection.tex        4 /     4  100.0%
  ch24_peps_torus_closure_parent_constraint.tex          5 /     5  100.0%
  ch24_peps_torus_correlated_charge_flux_crossing.tex     7 /     7  100.0%
  ch24_peps_torus_directed_bond_update.tex               6 /     6  100.0%
  ch24_peps_torus_edge_physical_charge_measurement.tex     3 /     3  100.0%
  ch24_peps_torus_entanglement_bound.tex                 2 /     2  100.0%
  ch24_peps_torus_examples.tex                         153 /   153  100.0%
  ch24_peps_torus_flat_connection_gauge.tex             14 /    14  100.0%
  ch24_peps_torus_integer_cell_lift.tex                  1 /     1  100.0%
  ch24_peps_torus_multiplicity_bond_state.tex            7 /     7  100.0%
  ch24_peps_torus_native_ginjective_support.tex         10 /    10  100.0%
  ch24_peps_torus_parent_flatness.tex                    5 /     5  100.0%
  ch24_peps_torus_physical_charge_motion.tex             4 /     4  100.0%
  ch24_peps_torus_plaquette_flux_measurement.tex        14 /    14  100.0%
  ch24_peps_torus_plaquette_holonomy.tex                 2 /     2  100.0%
  ch24_peps_torus_rectangle_boundary_card.tex            5 /     5  100.0%
  ch24_peps_torus_regular_region_support.tex            18 /    18  100.0%
  ch24_peps_torus_sector_local_ground_space.tex          4 /     4  100.0%
  ch24_peps_torus_sector_support.tex                     3 /     3  100.0%
  ch24_peps_torus_semiregular_equivalence.tex            5 /     5  100.0%
  ch24_peps_torus_semiregular_state_norm.tex             5 /     5  100.0%
  ch24_peps_torus_swept_patch_connector_holonomy.tex     8 /     8  100.0%
  ch24_peps_torus_swept_patch_endpoint_geometry.tex     21 /    21  100.0%
  ch24_peps_torus_swept_physical_endpoint_route.tex     17 /    17  100.0%
  ch24_peps_torus_swept_physical_route_composition.tex     2 /     2  100.0%
  ch24_peps_torus_swept_physical_route_measurement.tex     1 /     1  100.0%
  ch24_peps_torus_swept_route_bond_assignments.tex      18 /    18  100.0%
  ch24_peps_torus_swept_route_joint_flux_measurement.tex     3 /     3  100.0%
  ch24_peps_torus_swept_string_deformation.tex          16 /    16  100.0%
  ch24_peps_torus_swept_string_endpoint_holonomy.tex     3 /     3  100.0%
  ch24_peps_torus_three_plaquette_double_exchange.tex     3 /     3  100.0%
  ch24_peps_torus_three_plaquette_flux_geometry.tex      5 /     5  100.0%
  ch24_peps_torus_three_plaquette_output_measurement.tex     2 /     2  100.0%
  ch24_peps_torus_translated_flux_creation.tex           5 /     5  100.0%
  ch24_peps_torus_translated_flux_move.tex               6 /     6  100.0%
  ch24_peps_torus_two_plaquette_flux_holonomy.tex        4 /     4  100.0%
  ch24_peps_torus_two_plaquette_global_flux_move.tex     1 /     1  100.0%
  ch24_peps_torus_two_plaquette_physical_flux_move.tex     1 /     1  100.0%
  ch24_peps_torus_weighted_site_g_injective.tex          5 /     5  100.0%
  ch24_peps_translated_character_orthogonality.tex       5 /     5  100.0%
  ch24_peps_translated_two_plaquette_geometry.tex       15 /    15  100.0%
  ch24_peps_tree_gauge_transport.tex                     3 /     3  100.0%
  ch24_peps_twisted_state_nonzero.tex                    4 /     4  100.0%
  ch24_peps_twisted_two_by_two_fixed_point.tex          39 /    39  100.0%
  ch24_peps_two_by_two_geometric_blocking.tex           17 /    17  100.0%
  ch24_peps_two_by_two_original_tensor.tex              11 /    11  100.0%
  ch24_peps_two_by_two_physical_blocking.tex            21 /    21  100.0%
  ch24_peps_two_by_two_tensor_isometry.tex              12 /    12  100.0%
  ch24_peps_two_column_charge_motion.tex                21 /    21  100.0%
  ch24_peps_two_family_entropy.tex                       1 /     1  100.0%
  ch24_peps_two_plaquette_geometry.tex                  28 /    28  100.0%
  ch24_peps_two_plaquette_transport_table.tex            5 /     5  100.0%
  ch24_peps_two_step_string_physical_route.tex           2 /     2  100.0%
  ch24_peps_two_step_string_route_holonomy.tex           7 /     7  100.0%
  ch24_peps_unitary_character_adjoint.tex                2 /     2  100.0%
  ch24_peps_unitary_representation_algebra.tex           9 /     9  100.0%
  ch24_peps_unitary_representation_blocks.tex            1 /     1  100.0%
  ch24_peps_unitary_vector_swap.tex                      6 /     6  100.0%
  ch24_peps_vertex_bond_coordinates.tex                 15 /    15  100.0%
  ch24_peps_vertex_bond_region_constraint.tex           14 /    14  100.0%
  ch24_peps_vertex_bond_state.tex                        6 /     6  100.0%
  ch24_peps_vertex_image_ground_space.tex               20 /    20  100.0%
  ch24_peps_vertex_inverse_region_slice.tex             12 /    12  100.0%
  ch24_peps_vertex_virtual_parent_transport.tex          5 /     5  100.0%
  ch24_peps_vertical_flux_move.tex                      16 /    16  100.0%
  ch24_peps_virtual_bond_ground_space.tex               15 /    15  100.0%
  ch24_peps_window_complements_and_comparison.tex        9 /     9  100.0%
  ch24_peps_witness_transport.tex                        4 /     4  100.0%
  ch24_peps_zmod_small_difference.tex                    1 /     1  100.0%
  ch25_asymmetric_examples_czx.tex                     169 /   169  100.0%
  ch25_asymmetric_examples_czy.tex                      55 /    55  100.0%
  ch25_asymmetric_examples_elementary_states.tex        39 /    39  100.0%
  ch25_asymmetric_examples_fibonacci.tex               172 /   172  100.0%
  ch25_asymmetric_examples_fibonacci_anomaly.tex         9 /     9  100.0%
  ch25_asymmetric_examples_group_cocycle.tex           125 /   125  100.0%
  ch25_asymmetric_examples_ising.tex                   146 /   146  100.0%
  ch25_asymmetric_examples_ising_register_contraction.tex     3 /     3  100.0%
  ch25_asymmetric_examples_ising_three.tex              14 /    14  100.0%
  ch25_asymmetric_examples_kramers_wannier.tex         151 /   151  100.0%
  ch25_asymmetric_examples_pbc_projector.tex            17 /    17  100.0%
  ch25_asymmetric_examples_rfp.tex                      41 /    41  100.0%
  ch25_asymmetric_examples_z2z2.tex                    237 /   237  100.0%
  ch25_asymmetric_examples_z3.tex                      144 /   144  100.0%
  ch25_asymmetric_examples_z3clock.tex                  32 /    32  100.0%
  ch25_asymmetric_ft_algebra.tex                        41 /    41  100.0%
  ch25_asymmetric_ft_mpo_coefficients.tex               18 /    18  100.0%
  ch25_asymmetric_ft_normalized_similarity.tex          11 /    11  100.0%
  ch25_asymmetric_ft_reductions.tex                     79 /    79  100.0%
  ch25_asymmetric_ft_splitting.tex                      20 /    20  100.0%
  ch25_asymmetric_ft_unblocked_coefficients.tex          5 /     5  100.0%
  ch26_mps_rfp_direct_sums_residual_isometries.tex      25 /    25  100.0%
  ch26_mps_rfp_normal_isometry_canonical_forms.tex      15 /    15  100.0%
  ch26_mps_rfp_physical_blocking.tex                    12 /    12  100.0%
  ch26_mps_rfp_renormalization_flow_correlations.tex    29 /    29  100.0%
  ch26_mps_rfp_zero_correlation_length.tex              49 /    49  100.0%
  ch28_mpu.tex                                        1190 /  1190  100.0%
  ch28_mpu_central_matrix_factor.tex                     1 /     1  100.0%
  ch28_mpu_injective_source_index.tex                    3 /     3  100.0%
  ch28_mpu_rank_two_circuits.tex                       913 /   913  100.0%
  ch28_mpu_tree_depth.tex                               25 /    25  100.0%
  ch29_mpu_gauging.tex                                1108 /  1108  100.0%
  ch29_mpu_group_index.tex                               5 /     5  100.0%
  ch30_mpo_algebras.tex                                 23 /    23  100.0%
  ch30_mpo_boundary_reconstruction.tex                  64 /    64  100.0%
  ch30_mpo_boundary_transport.tex                       24 /    24  100.0%
  ch30_mpo_symmetry_basics.tex                         115 /   115  100.0%
  ch30_mpo_symmetry_fibonacci_decomposition.tex          7 /     7  100.0%
  ch30_mpo_symmetry_group_action.tex                    13 /    13  100.0%
  ch31_sequential_generation_ancilla.tex               121 /   121  100.0%
  ch32_log_depth_all_length_polynomial_accuracy.tex      5 /     5  100.0%
  ch32_log_depth_coherent_conversion.tex                 7 /     7  100.0%
  ch32_log_depth_compatible_seed.tex                     6 /     6  100.0%
  ch32_log_depth_complex_weights.tex                    51 /    51  100.0%
  ch32_log_depth_exact_sector_encoder.tex               29 /    29  100.0%
  ch32_log_depth_explicit_scales.tex                     7 /     7  100.0%
  ch32_log_depth_fixed_point_pairs.tex                  19 /    19  100.0%
  ch32_log_depth_inhomogeneous.tex                     101 /   101  100.0%
  ch32_log_depth_inhomogeneous_contraction.tex           6 /     6  100.0%
  ch32_log_depth_inhomogeneous_mixing.tex               14 /    14  100.0%
  ch32_log_depth_long_range.tex                         70 /    70  100.0%
  ch32_log_depth_mera.tex                               34 /    34  100.0%
  ch32_log_depth_mixed_sequential.tex                   20 /    20  100.0%
  ch32_log_depth_mixed_support.tex                       9 /     9  100.0%
  ch32_log_depth_nonnormal_trees.tex                    14 /    14  100.0%
  ch32_log_depth_ordered_block_overlap.tex              10 /    10  100.0%
  ch32_log_depth_overlapping_blocks.tex                 42 /    42  100.0%
  ch32_log_depth_overlapping_measurement.tex            24 /    24  100.0%
  ch32_log_depth_polar_decomposition.tex                60 /    60  100.0%
  ch32_log_depth_polynomial_accuracy.tex                 2 /     2  100.0%
  ch32_log_depth_preparation.tex                       263 /   263  100.0%
  ch32_log_depth_rectangular.tex                        41 /    41  100.0%
  ch32_log_depth_rectangular_windows.tex                10 /    10  100.0%
  ch32_log_depth_register_tree.tex                      92 /    92  100.0%
  ch32_log_depth_repeated_blocks.tex                    25 /    25  100.0%
  ch32_log_depth_repeated_overlapping_blocks.tex        31 /    31  100.0%
  ch32_log_depth_second_order_overlap.tex               26 /    26  100.0%
  ch32_log_depth_sector_encoders.tex                    16 /    16  100.0%
  ch32_log_depth_sector_weights.tex                     40 /    40  100.0%
  ch32_log_depth_teleportation.tex                      18 /    18  100.0%
  ch32_log_depth_unequal_mera.tex                       37 /    37  100.0%
  ch32_log_depth_unequal_trees.tex                     119 /   119  100.0%
  ch32_log_depth_varying_reference.tex                   7 /     7  100.0%
  ch32_log_depth_window_mixing.tex                       8 /     8  100.0%
  ch32_log_depth_zero_subleading_spectrum.tex            6 /     6  100.0%
  ch33_local_quantum_circuits.tex                       61 /    61  100.0%
  ch33_local_quantum_circuits_adaptive.tex              22 /    22  100.0%
  ch33_local_quantum_circuits_approximate.tex           20 /    20  100.0%
  ch33_local_quantum_circuits_channels.tex              50 /    50  100.0%
  ch33_local_quantum_circuits_measurements.tex          79 /    79  100.0%
  ch33_local_quantum_circuits_physical_ports.tex       267 /   267  100.0%
  ch33_local_quantum_circuits_teleportation.tex        213 /   213  100.0%
  --------------------------------------------------------------------
  TOTAL                                              19863 / 19863  100.0%

✓ Blueprint and Lean code are in sync.

JSON report written to ../conditional-two-family-validation/tn-final-blueprint-sync.json

Actual preflight command: python3 scripts/check_reader_facing_prose.py --diff-base 68f6c1bc --ci
Raw log SHA256: d39c2b93f7b3558c79cdece49fc662676154c593925a7e54d992218ac5c360e2
✓ No newly added reader-facing prose violations found.

Actual preflight command: python3 ../conditional-two-family-validation/validate_tn_ledger.py
Raw log SHA256: 0b1cd2945187d720b1d14a5009c62acceaa8c832c07a402664691e48bc1e64ba
Validated 9 rows with immutable source/evidence and pinned paper labels
Both new declaration names/notices match the planned rows.

Actual preflight command: export XDG_CACHE_HOME=/workspace/scratch/7637e06d0fc2/setup-downloads/tool-cache; export CHECK_TMPDIR=/workspace/scratch/7637e06d0fc2/conditional-two-family-validation/latex-check; scripts/latexindent --version; for f in ch24_peps_two_family_entropy.tex ch24_peps_conditional_two_family_entropy.tex ch24_peps_regions.tex; do scripts/check_latexindent_formatting.sh --one blueprint/src/chapter/$f; done
Raw log SHA256: 83fd8ff6f8c7bfd7645e8e06c9a32363b319400eab3a149abdabf8dbbe281e5f
3.24.7, 2025-08-15
PASS ch24_peps_two_family_entropy.tex
PASS ch24_peps_conditional_two_family_entropy.tex
PASS ch24_peps_regions.tex
