CI run: https://github.com/LionSR/TNLean/actions/runs/37595269533/job/112706342673
Source revision: bfe00e2da22a9215071580f8e59ff76d7b6754e7
Job conclusion: success; recorded step exit status: 0
Transcript excerpt: only CI timestamp prefixes and ANSI color codes removed.

##[group]Run lake env lean -DautoImplicit=false -DrelaxedAutoImplicit=false -Dpp.unicode.fun=true -DmaxSynthPendingDepth=3 -Dlinter.mathlibStandardSet=true -DwarningAsError=true docs/provenance/evidence/8740-axioms.lean
lake env lean -DautoImplicit=false -DrelaxedAutoImplicit=false -Dpp.unicode.fun=true -DmaxSynthPendingDepth=3 -Dlinter.mathlibStandardSet=true -DwarningAsError=true docs/provenance/evidence/8740-axioms.lean
shell: /usr/bin/bash -e {0}
env:
  BUILD_CACHE_PATHS: .lake/build
.lake/packages/Gametheory/.lake/build
.lake/packages/checkdecls/.lake/build
.lake/packages/qiclean/.lake/build

##[endgroup]
'TNLean.PEPS.Approximation.Vertex' does not depend on any axioms
'TNLean.PEPS.Approximation.ForwardAdjacent' does not depend on any axioms
'TNLean.PEPS.Approximation.ForwardEdge' does not depend on any axioms
'TNLean.PEPS.Approximation.Pinned.IncidentEdge' does not depend on any axioms
'TNLean.PEPS.Approximation.Pinned.State' depends on axioms: [propext, Classical.choice, Quot.sound]
'TNLean.PEPS.Approximation.Pinned.LocalTensor' depends on axioms: [propext, Classical.choice, Quot.sound]
'TNLean.PEPS.Approximation.Pinned.contractPEPS' depends on axioms: [propext, Classical.choice, Quot.sound]
'TNLean.PEPS.Approximation.Vector.IncidentEdge' does not depend on any axioms
'TNLean.PEPS.Approximation.Vector.State' depends on axioms: [propext, Classical.choice, Quot.sound]
'TNLean.PEPS.Approximation.Vector.Tensor' depends on axioms: [propext, Classical.choice, Quot.sound]
'TNLean.PEPS.Approximation.Vector.Tensor.contract' depends on axioms: [propext, Classical.choice, Quot.sound]
'TNLean.PEPS.Approximation.Vector.Tensor.maxBondDim' depends on axioms: [propext, Classical.choice, Quot.sound]
'TNLean.PEPS.Approximation.forwardSquareEdgeEquiv' depends on axioms: [propext, Classical.choice, Quot.sound]
'TNLean.PEPS.Approximation.forwardSquareEdgeEquiv_val' depends on axioms: [propext, Classical.choice, Quot.sound]
'TNLean.PEPS.Approximation.forwardSquareEdgeEquiv_symm_val' depends on axioms: [propext, Classical.choice, Quot.sound]
'TNLean.PEPS.Approximation.forwardSquareIncidentEquiv' depends on axioms: [propext, Classical.choice, Quot.sound]
'TNLean.PEPS.Approximation.pinnedSquareIncidentEquiv' depends on axioms: [propext, Classical.choice, Quot.sound]
'TNLean.PEPS.Approximation.forwardSquareIncidentEquiv_val' depends on axioms: [propext, Classical.choice, Quot.sound]
'TNLean.PEPS.Approximation.pinnedSquareIncidentEquiv_val' depends on axioms: [propext, Classical.choice, Quot.sound]
'TNLean.PEPS.Approximation.graphBondDim' depends on axioms: [propext, Classical.choice, Quot.sound]
'TNLean.PEPS.Approximation.graphBondDim_forward' depends on axioms: [propext, Classical.choice, Quot.sound]
'TNLean.PEPS.Approximation.forwardSquareVirtualConfigEquiv' depends on axioms: [propext, Classical.choice, Quot.sound]
'TNLean.PEPS.Approximation.forwardSquareVirtualConfigEquiv_incident' depends on axioms: [propext,
 Classical.choice,
 Quot.sound]
'TNLean.PEPS.Approximation.forwardSquareVirtualConfigEquiv_pinnedIncident' depends on axioms: [propext,
 Classical.choice,
 Quot.sound]
'TNLean.PEPS.Approximation.pinnedTensorToGraphTensor' depends on axioms: [propext, Classical.choice, Quot.sound]
'TNLean.PEPS.Approximation.vectorTensorToGraphTensor' depends on axioms: [propext, Classical.choice, Quot.sound]
'TNLean.PEPS.Approximation.pinnedTensorToGraphTensor_component' depends on axioms: [propext,
 Classical.choice,
 Quot.sound]
'TNLean.PEPS.Approximation.vectorTensorToGraphTensor_component' depends on axioms: [propext,
 Classical.choice,
 Quot.sound]
'TNLean.PEPS.Approximation.stateCoeff_pinnedTensorToGraphTensor' depends on axioms: [propext,
 Classical.choice,
 Quot.sound]
'TNLean.PEPS.Approximation.stateCoeff_vectorTensorToGraphTensor' depends on axioms: [propext,
 Classical.choice,
 Quot.sound]
'TNLean.PEPS.Approximation.squareGridStateIsometry' depends on axioms: [propext, Classical.choice, Quot.sound]
'TNLean.PEPS.Approximation.vector_pinnedTensorToGraphTensor' depends on axioms: [propext, Classical.choice, Quot.sound]
'TNLean.PEPS.Approximation.vector_vectorTensorToGraphTensor' depends on axioms: [propext, Classical.choice, Quot.sound]
'TNLean.PEPS.Approximation.norm_pinnedTensorToGraphTensor' depends on axioms: [propext, Classical.choice, Quot.sound]
'TNLean.PEPS.Approximation.nonzero_pinnedTensorToGraphTensor' depends on axioms: [propext, Classical.choice, Quot.sound]
'TNLean.PEPS.Approximation.normalized_error_pinnedTensorToGraphTensor' depends on axioms: [propext,
 Classical.choice,
 Quot.sound]
'TNLean.PEPS.Approximation.normalized_error_vectorTensorToGraphTensor' depends on axioms: [propext,
 Classical.choice,
 Quot.sound]
'TNLean.PEPS.Approximation.graphBondDim_forall' depends on axioms: [propext, Classical.choice, Quot.sound]
'TNLean.PEPS.Approximation.vectorTensorToGraphTensor_bondDim_pos' depends on axioms: [propext,
 Classical.choice,
 Quot.sound]
'TNLean.PEPS.Approximation.maxBondDim_le_iff' depends on axioms: [propext, Classical.choice, Quot.sound]
'TNLean.PEPS.Approximation.forwardSquareBoundaryEquiv' depends on axioms: [propext, Classical.choice, Quot.sound]
'TNLean.PEPS.Approximation.forwardSquareBoundary_card' depends on axioms: [propext, Classical.choice, Quot.sound]
'TNLean.PEPS.Approximation.squareComplementConfigEquiv' depends on axioms: [propext, Classical.choice, Quot.sound]
'TNLean.PEPS.Approximation.regionReducedDensity_eq_piSubtype' depends on axioms: [propext, Classical.choice, Quot.sound]
'TNLean.PEPS.Approximation.regionReducedDensity_pinnedTensorToGraphTensor' depends on axioms: [propext,
 Classical.choice,
 Quot.sound]
'TNLean.PEPS.Approximation.regionReducedDensity_vectorTensorToGraphTensor' depends on axioms: [propext,
 Classical.choice,
 Quot.sound]
'TNLean.PEPS.Approximation.entropy_pinnedTensorToGraphTensor' depends on axioms: [propext, Classical.choice, Quot.sound]
'TNLean.PEPS.Approximation.entropy_vectorTensorToGraphTensor' depends on axioms: [propext, Classical.choice, Quot.sound]
'TNLean.PEPS.Approximation.Pinned.HasPEPSApproximation' depends on axioms: [propext, Classical.choice, Quot.sound]
'TNLean.PEPS.Approximation.Vector.PhaseErrorAtMost' depends on axioms: [propext, Classical.choice, Quot.sound]
'TNLean.PEPS.Approximation.phaseErrorAtMost_vectorTensorToGraphTensor' depends on axioms: [propext,
 Classical.choice,
 Quot.sound]
'TNLean.PEPS.Approximation.hasPEPSApproximation_of_pinned' depends on axioms: [propext, Classical.choice, Quot.sound]
'TNLean.PEPS.Approximation.hasPEPSApproximation_of_vector' depends on axioms: [propext, Classical.choice, Quot.sound]
'TNLean.PEPS.Approximation.Pinned.RegionConfiguration' depends on axioms: [propext, Classical.choice, Quot.sound]
'TNLean.PEPS.Approximation.Pinned.joinConfigurations' depends on axioms: [propext, Classical.choice, Quot.sound]
'TNLean.PEPS.Approximation.Pinned.coefficientMatrix' depends on axioms: [propext, Classical.choice, Quot.sound]
'TNLean.PEPS.Approximation.Pinned.reducedDensity' depends on axioms: [propext, Classical.choice, Quot.sound]
'TNLean.PEPS.Approximation.regionReducedDensity_eq_pinnedReducedDensity' depends on axioms: [propext,
 Classical.choice,
 Quot.sound]
'TNLean.PEPS.Approximation.maxBondDim_real_le_iff' depends on axioms: [propext, Classical.choice, Quot.sound]
'TNLean.PEPS.Approximation.hasPEPSApproximation_of_vector_max' depends on axioms: [propext,
 Classical.choice,
 Quot.sound]
