CI run: https://github.com/LionSR/TNLean/actions/runs/37595269533/job/112706342673
Source revision: bfe00e2da22a9215071580f8e59ff76d7b6754e7
Job conclusion: success; recorded step exit status: 0
Transcript excerpt: only CI timestamp prefixes and ANSI color codes removed.

##[group]Run set -eo pipefail
set -eo pipefail
# Check the String Order capstones before unrelated library targets.
lake build TNLean.MPS.Symmetry.PhysicalStringBlockOrder \
  TNLean.MPS.Examples.StringOrderScalarPhase \
  2>&1 | tee -a "$RUNNER_TEMP/lake-build.log"
{
  lake build
  lake build lint_style
} 2>&1 | tee -a "$RUNNER_TEMP/lake-build.log"
shell: /usr/bin/bash -e {0}
env:
  BUILD_CACHE_PATHS: .lake/build
.lake/packages/Gametheory/.lake/build
.lake/packages/checkdecls/.lake/build
.lake/packages/qiclean/.lake/build

##[endgroup]
ℹ [9137/9176] Replayed Gametheory.Scarf
info: Gametheory/Scarf.lean:241:33: Try this:
  [apply] rwa [h1.2] at hd

Note: This linter can be disabled with `set_option linter.tacticAnalysis.rwaSuggestion false`
info: Gametheory/Scarf.lean:246:33: Try this:
  [apply] rwa [h1.2] at hd

Note: This linter can be disabled with `set_option linter.tacticAnalysis.rwaSuggestion false`
⚠ [9138/9176] Replayed Gametheory.Brouwer
warning: Gametheory/Brouwer.lean:39:34: `stdSimplex` has been deprecated: Use `Convexity.StdSimplex` instead

Note: The updated constant has a different type:
  (R : Type u) → [LE R] → [AddCommMonoid R] → [One R] → Type v → Type (max u v)
instead of
  (𝕜 : Type u_2) → (ι : Type u_1) → [Semiring 𝕜] → [PartialOrder 𝕜] → [Fintype ι] → Set (ι → 𝕜)
warning: Gametheory/Brouwer.lean:49:45: `stdSimplex` has been deprecated: Use `Convexity.StdSimplex` instead

Note: The updated constant has a different type:
  (R : Type u) → [LE R] → [AddCommMonoid R] → [One R] → Type v → Type (max u v)
instead of
  (𝕜 : Type u_2) → (ι : Type u_1) → [Semiring 𝕜] → [PartialOrder 𝕜] → [Fintype ι] → Set (ι → 𝕜)
warning: Gametheory/Brouwer.lean:370:14: `stdSimplex` has been deprecated: Use `Convexity.StdSimplex` instead

Note: The updated constant has a different type:
  (R : Type u) → [LE R] → [AddCommMonoid R] → [One R] → Type v → Type (max u v)
instead of
  (𝕜 : Type u_2) → (ι : Type u_1) → [Semiring 𝕜] → [PartialOrder 𝕜] → [Fintype ι] → Set (ι → 𝕜)
warning: Gametheory/Brouwer.lean:370:37: `stdSimplex` has been deprecated: Use `Convexity.StdSimplex` instead

Note: The updated constant has a different type:
  (R : Type u) → [LE R] → [AddCommMonoid R] → [One R] → Type v → Type (max u v)
instead of
  (𝕜 : Type u_2) → (ι : Type u_1) → [Semiring 𝕜] → [PartialOrder 𝕜] → [Fintype ι] → Set (ι → 𝕜)
warning: Gametheory/Brouwer.lean:374:33: `stdSimplex` has been deprecated: Use `Convexity.StdSimplex` instead

Note: The updated constant has a different type:
  (R : Type u) → [LE R] → [AddCommMonoid R] → [One R] → Type v → Type (max u v)
instead of
  (𝕜 : Type u_2) → (ι : Type u_1) → [Semiring 𝕜] → [PartialOrder 𝕜] → [Fintype ι] → Set (ι → 𝕜)
warning: Gametheory/Brouwer.lean:374:33: `stdSimplex` has been deprecated: Use `Convexity.StdSimplex` instead

Note: The updated constant has a different type:
  (R : Type u) → [LE R] → [AddCommMonoid R] → [One R] → Type v → Type (max u v)
instead of
  (𝕜 : Type u_2) → (ι : Type u_1) → [Semiring 𝕜] → [PartialOrder 𝕜] → [Fintype ι] → Set (ι → 𝕜)
warning: Gametheory/Brouwer.lean:391:42: `stdSimplex` has been deprecated: Use `Convexity.StdSimplex` instead

Note: The updated constant has a different type:
  (R : Type u) → [LE R] → [AddCommMonoid R] → [One R] → Type v → Type (max u v)
instead of
  (𝕜 : Type u_2) → (ι : Type u_1) → [Semiring 𝕜] → [PartialOrder 𝕜] → [Fintype ι] → Set (ι → 𝕜)
warning: Gametheory/Brouwer.lean:391:42: `stdSimplex` has been deprecated: Use `Convexity.StdSimplex` instead

Note: The updated constant has a different type:
  (R : Type u) → [LE R] → [AddCommMonoid R] → [One R] → Type v → Type (max u v)
instead of
  (𝕜 : Type u_2) → (ι : Type u_1) → [Semiring 𝕜] → [PartialOrder 𝕜] → [Fintype ι] → Set (ι → 𝕜)
warning: Gametheory/Brouwer.lean:403:32: `stdSimplex` has been deprecated: Use `Convexity.StdSimplex` instead

Note: The updated constant has a different type:
  (R : Type u) → [LE R] → [AddCommMonoid R] → [One R] → Type v → Type (max u v)
instead of
  (𝕜 : Type u_2) → (ι : Type u_1) → [Semiring 𝕜] → [PartialOrder 𝕜] → [Fintype ι] → Set (ι → 𝕜)
warning: Gametheory/Brouwer.lean:506:40: `stdSimplex` has been deprecated: Use `Convexity.StdSimplex` instead

Note: The updated constant has a different type:
  (R : Type u) → [LE R] → [AddCommMonoid R] → [One R] → Type v → Type (max u v)
instead of
  (𝕜 : Type u_2) → (ι : Type u_1) → [Semiring 𝕜] → [PartialOrder 𝕜] → [Fintype ι] → Set (ι → 𝕜)
warning: Gametheory/Brouwer.lean:506:63: `stdSimplex` has been deprecated: Use `Convexity.StdSimplex` instead

Note: The updated constant has a different type:
  (R : Type u) → [LE R] → [AddCommMonoid R] → [One R] → Type v → Type (max u v)
instead of
  (𝕜 : Type u_2) → (ι : Type u_1) → [Semiring 𝕜] → [PartialOrder 𝕜] → [Fintype ι] → Set (ι → 𝕜)
warning: Gametheory/Brouwer.lean:507:65: `stdSimplex` has been deprecated: Use `Convexity.StdSimplex` instead

Note: The updated constant has a different type:
  (R : Type u) → [LE R] → [AddCommMonoid R] → [One R] → Type v → Type (max u v)
instead of
  (𝕜 : Type u_2) → (ι : Type u_1) → [Semiring 𝕜] → [PartialOrder 𝕜] → [Fintype ι] → Set (ι → 𝕜)
warning: Gametheory/Brouwer.lean:525:38: `stdSimplex` has been deprecated: Use `Convexity.StdSimplex` instead

Note: The updated constant has a different type:
  (R : Type u) → [LE R] → [AddCommMonoid R] → [One R] → Type v → Type (max u v)
instead of
  (𝕜 : Type u_2) → (ι : Type u_1) → [Semiring 𝕜] → [PartialOrder 𝕜] → [Fintype ι] → Set (ι → 𝕜)
warning: Gametheory/Brouwer.lean:548:23: `stdSimplex` has been deprecated: Use `Convexity.StdSimplex` instead

Note: The updated constant has a different type:
  (R : Type u) → [LE R] → [AddCommMonoid R] → [One R] → Type v → Type (max u v)
instead of
  (𝕜 : Type u_2) → (ι : Type u_1) → [Semiring 𝕜] → [PartialOrder 𝕜] → [Fintype ι] → Set (ι → 𝕜)
warning: Gametheory/Brouwer.lean:549:46: `stdSimplex` has been deprecated: Use `Convexity.StdSimplex` instead

Note: The updated constant has a different type:
  (R : Type u) → [LE R] → [AddCommMonoid R] → [One R] → Type v → Type (max u v)
instead of
  (𝕜 : Type u_2) → (ι : Type u_1) → [Semiring 𝕜] → [PartialOrder 𝕜] → [Fintype ι] → Set (ι → 𝕜)
warning: Gametheory/Brouwer.lean:551:55: `stdSimplex` has been deprecated: Use `Convexity.StdSimplex` instead

Note: The updated constant has a different type:
  (R : Type u) → [LE R] → [AddCommMonoid R] → [One R] → Type v → Type (max u v)
instead of
  (𝕜 : Type u_2) → (ι : Type u_1) → [Semiring 𝕜] → [PartialOrder 𝕜] → [Fintype ι] → Set (ι → 𝕜)
warning: Gametheory/Brouwer.lean:552:46: `stdSimplex` has been deprecated: Use `Convexity.StdSimplex` instead

Note: The updated constant has a different type:
  (R : Type u) → [LE R] → [AddCommMonoid R] → [One R] → Type v → Type (max u v)
instead of
  (𝕜 : Type u_2) → (ι : Type u_1) → [Semiring 𝕜] → [PartialOrder 𝕜] → [Fintype ι] → Set (ι → 𝕜)
warning: Gametheory/Brouwer.lean:566:34: `stdSimplex` has been deprecated: Use `Convexity.StdSimplex` instead

Note: The updated constant has a different type:
  (R : Type u) → [LE R] → [AddCommMonoid R] → [One R] → Type v → Type (max u v)
instead of
  (𝕜 : Type u_2) → (ι : Type u_1) → [Semiring 𝕜] → [PartialOrder 𝕜] → [Fintype ι] → Set (ι → 𝕜)
warning: Gametheory/Brouwer.lean:566:57: `stdSimplex` has been deprecated: Use `Convexity.StdSimplex` instead

Note: The updated constant has a different type:
  (R : Type u) → [LE R] → [AddCommMonoid R] → [One R] → Type v → Type (max u v)
instead of
  (𝕜 : Type u_2) → (ι : Type u_1) → [Semiring 𝕜] → [PartialOrder 𝕜] → [Fintype ι] → Set (ι → 𝕜)
warning: Gametheory/Brouwer.lean:626:34: `stdSimplex` has been deprecated: Use `Convexity.StdSimplex` instead

Note: The updated constant has a different type:
  (R : Type u) → [LE R] → [AddCommMonoid R] → [One R] → Type v → Type (max u v)
instead of
  (𝕜 : Type u_2) → (ι : Type u_1) → [Semiring 𝕜] → [PartialOrder 𝕜] → [Fintype ι] → Set (ι → 𝕜)
warning: Gametheory/Brouwer.lean:626:57: `stdSimplex` has been deprecated: Use `Convexity.StdSimplex` instead

Note: The updated constant has a different type:
  (R : Type u) → [LE R] → [AddCommMonoid R] → [One R] → Type v → Type (max u v)
instead of
  (𝕜 : Type u_2) → (ι : Type u_1) → [Semiring 𝕜] → [PartialOrder 𝕜] → [Fintype ι] → Set (ι → 𝕜)
warning: Gametheory/Brouwer.lean:631:87: `stdSimplex` has been deprecated: Use `Convexity.StdSimplex` instead

Note: The updated constant has a different type:
  (R : Type u) → [LE R] → [AddCommMonoid R] → [One R] → Type v → Type (max u v)
instead of
  (𝕜 : Type u_2) → (ι : Type u_1) → [Semiring 𝕜] → [PartialOrder 𝕜] → [Fintype ι] → Set (ι → 𝕜)
warning: Gametheory/Brouwer.lean:685:122: `stdSimplex` has been deprecated: Use `Convexity.StdSimplex` instead

Note: The updated constant has a different type:
  (R : Type u) → [LE R] → [AddCommMonoid R] → [One R] → Type v → Type (max u v)
instead of
  (𝕜 : Type u_2) → (ι : Type u_1) → [Semiring 𝕜] → [PartialOrder 𝕜] → [Fintype ι] → Set (ι → 𝕜)
warning: Gametheory/Brouwer.lean:686:83: `stdSimplex` has been deprecated: Use `Convexity.StdSimplex` instead

Note: The updated constant has a different type:
  (R : Type u) → [LE R] → [AddCommMonoid R] → [One R] → Type v → Type (max u v)
instead of
  (𝕜 : Type u_2) → (ι : Type u_1) → [Semiring 𝕜] → [PartialOrder 𝕜] → [Fintype ι] → Set (ι → 𝕜)
warning: Gametheory/Brouwer.lean:705:65: `stdSimplex` has been deprecated: Use `Convexity.StdSimplex` instead

Note: The updated constant has a different type:
  (R : Type u) → [LE R] → [AddCommMonoid R] → [One R] → Type v → Type (max u v)
instead of
  (𝕜 : Type u_2) → (ι : Type u_1) → [Semiring 𝕜] → [PartialOrder 𝕜] → [Fintype ι] → Set (ι → 𝕜)
warning: Gametheory/Brouwer.lean:706:53: `stdSimplex` has been deprecated: Use `Convexity.StdSimplex` instead

Note: The updated constant has a different type:
  (R : Type u) → [LE R] → [AddCommMonoid R] → [One R] → Type v → Type (max u v)
instead of
  (𝕜 : Type u_2) → (ι : Type u_1) → [Semiring 𝕜] → [PartialOrder 𝕜] → [Fintype ι] → Set (ι → 𝕜)
warning: Gametheory/Brouwer.lean:713:48: `stdSimplex` has been deprecated: Use `Convexity.StdSimplex` instead

Note: The updated constant has a different type:
  (R : Type u) → [LE R] → [AddCommMonoid R] → [One R] → Type v → Type (max u v)
instead of
  (𝕜 : Type u_2) → (ι : Type u_1) → [Semiring 𝕜] → [PartialOrder 𝕜] → [Fintype ι] → Set (ι → 𝕜)
warning: Gametheory/Brouwer.lean:717:48: `stdSimplex` has been deprecated: Use `Convexity.StdSimplex` instead

Note: The updated constant has a different type:
  (R : Type u) → [LE R] → [AddCommMonoid R] → [One R] → Type v → Type (max u v)
instead of
  (𝕜 : Type u_2) → (ι : Type u_1) → [Semiring 𝕜] → [PartialOrder 𝕜] → [Fintype ι] → Set (ι → 𝕜)
warning: Gametheory/Brouwer.lean:732:83: `stdSimplex` has been deprecated: Use `Convexity.StdSimplex` instead

Note: The updated constant has a different type:
  (R : Type u) → [LE R] → [AddCommMonoid R] → [One R] → Type v → Type (max u v)
instead of
  (𝕜 : Type u_2) → (ι : Type u_1) → [Semiring 𝕜] → [PartialOrder 𝕜] → [Fintype ι] → Set (ι → 𝕜)
warning: Gametheory/Brouwer.lean:740:81: `stdSimplex` has been deprecated: Use `Convexity.StdSimplex` instead

Note: The updated constant has a different type:
  (R : Type u) → [LE R] → [AddCommMonoid R] → [One R] → Type v → Type (max u v)
instead of
  (𝕜 : Type u_2) → (ι : Type u_1) → [Semiring 𝕜] → [PartialOrder 𝕜] → [Fintype ι] → Set (ι → 𝕜)
warning: Gametheory/Brouwer.lean:742:81: `stdSimplex` has been deprecated: Use `Convexity.StdSimplex` instead

Note: The updated constant has a different type:
  (R : Type u) → [LE R] → [AddCommMonoid R] → [One R] → Type v → Type (max u v)
instead of
  (𝕜 : Type u_2) → (ι : Type u_1) → [Semiring 𝕜] → [PartialOrder 𝕜] → [Fintype ι] → Set (ι → 𝕜)
warning: Gametheory/Brouwer.lean:743:46: `stdSimplex` has been deprecated: Use `Convexity.StdSimplex` instead

Note: The updated constant has a different type:
  (R : Type u) → [LE R] → [AddCommMonoid R] → [One R] → Type v → Type (max u v)
instead of
  (𝕜 : Type u_2) → (ι : Type u_1) → [Semiring 𝕜] → [PartialOrder 𝕜] → [Fintype ι] → Set (ι → 𝕜)
warning: Gametheory/Brouwer.lean:746:83: `stdSimplex` has been deprecated: Use `Convexity.StdSimplex` instead

Note: The updated constant has a different type:
  (R : Type u) → [LE R] → [AddCommMonoid R] → [One R] → Type v → Type (max u v)
instead of
  (𝕜 : Type u_2) → (ι : Type u_1) → [Semiring 𝕜] → [PartialOrder 𝕜] → [Fintype ι] → Set (ι → 𝕜)
⚠ [9139/9176] Replayed Gametheory.Brouwer_product
warning: Gametheory/Brouwer_product.lean:15:21: `stdSimplex` has been deprecated: Use `Convexity.StdSimplex` instead

Note: The updated constant has a different type:
  (R : Type u) → [LE R] → [AddCommMonoid R] → [One R] → Type v → Type (max u v)
instead of
  (𝕜 : Type u_2) → (ι : Type u_1) → [Semiring 𝕜] → [PartialOrder 𝕜] → [Fintype ι] → Set (ι → 𝕜)
warning: Gametheory/Brouwer_product.lean:18:37: `stdSimplex` has been deprecated: Use `Convexity.StdSimplex` instead

Note: The updated constant has a different type:
  (R : Type u) → [LE R] → [AddCommMonoid R] → [One R] → Type v → Type (max u v)
instead of
  (𝕜 : Type u_2) → (ι : Type u_1) → [Semiring 𝕜] → [PartialOrder 𝕜] → [Fintype ι] → Set (ι → 𝕜)
warning: Gametheory/Brouwer_product.lean:48:12: `WellFounded.min_le` has been deprecated: Use `WellFoundedLT.min_le` instead

Note: The updated constant is in a different namespace. Dot notation may need to be changed (e.g., from `x.min_le` to `WellFoundedLT.min_le x`).

Hint: Replace the deprecated name:
  WellFoundedL̲T̲.min_le
warning: Gametheory/Brouwer_product.lean:224:8: `stdSimplex` has been deprecated: Use `Convexity.StdSimplex` instead

Note: The updated constant has a different type:
  (R : Type u) → [LE R] → [AddCommMonoid R] → [One R] → Type v → Type (max u v)
instead of
  (𝕜 : Type u_2) → (ι : Type u_1) → [Semiring 𝕜] → [PartialOrder 𝕜] → [Fintype ι] → Set (ι → 𝕜)
warning: Gametheory/Brouwer_product.lean:220:17: `stdSimplex` has been deprecated: Use `Convexity.StdSimplex` instead

Note: The updated constant has a different type:
  (R : Type u) → [LE R] → [AddCommMonoid R] → [One R] → Type v → Type (max u v)
instead of
  (𝕜 : Type u_2) → (ι : Type u_1) → [Semiring 𝕜] → [PartialOrder 𝕜] → [Fintype ι] → Set (ι → 𝕜)
warning: Gametheory/Brouwer_product.lean:229:15: `stdSimplex` has been deprecated: Use `Convexity.StdSimplex` instead

Note: The updated constant has a different type:
  (R : Type u) → [LE R] → [AddCommMonoid R] → [One R] → Type v → Type (max u v)
instead of
  (𝕜 : Type u_2) → (ι : Type u_1) → [Semiring 𝕜] → [PartialOrder 𝕜] → [Fintype ι] → Set (ι → 𝕜)
warning: Gametheory/Brouwer_product.lean:253:15: `stdSimplex` has been deprecated: Use `Convexity.StdSimplex` instead

Note: The updated constant has a different type:
  (R : Type u) → [LE R] → [AddCommMonoid R] → [One R] → Type v → Type (max u v)
instead of
  (𝕜 : Type u_2) → (ι : Type u_1) → [Semiring 𝕜] → [PartialOrder 𝕜] → [Fintype ι] → Set (ι → 𝕜)
warning: Gametheory/Brouwer_product.lean:375:8: `stdSimplex` has been deprecated: Use `Convexity.StdSimplex` instead

Note: The updated constant has a different type:
  (R : Type u) → [LE R] → [AddCommMonoid R] → [One R] → Type v → Type (max u v)
instead of
  (𝕜 : Type u_2) → (ι : Type u_1) → [Semiring 𝕜] → [PartialOrder 𝕜] → [Fintype ι] → Set (ι → 𝕜)
warning: Gametheory/Brouwer_product.lean:362:17: `stdSimplex` has been deprecated: Use `Convexity.StdSimplex` instead

Note: The updated constant has a different type:
  (R : Type u) → [LE R] → [AddCommMonoid R] → [One R] → Type v → Type (max u v)
instead of
  (𝕜 : Type u_2) → (ι : Type u_1) → [Semiring 𝕜] → [PartialOrder 𝕜] → [Fintype ι] → Set (ι → 𝕜)
warning: Gametheory/Brouwer_product.lean:382:15: `stdSimplex` has been deprecated: Use `Convexity.StdSimplex` instead

Note: The updated constant has a different type:
  (R : Type u) → [LE R] → [AddCommMonoid R] → [One R] → Type v → Type (max u v)
instead of
  (𝕜 : Type u_2) → (ι : Type u_1) → [Semiring 𝕜] → [PartialOrder 𝕜] → [Fintype ι] → Set (ι → 𝕜)
⚠ [9140/9176] Replayed QICLean.Topology.BrouwerProduct
warning: QICLean/Topology/BrouwerProduct.lean:33:36: `stdSimplexHomeomorphUnitInterval` has been deprecated: Use `Convexity.StdSimplex.homeomorphI` instead

Note: The updated constant has a different type:
  Convexity.StdSimplex ℝ (Fin 2) ≃ₜ ↑unitInterval
instead of
  ↑(stdSimplex ℝ (Fin 2)) ≃ₜ ↑unitInterval
Build completed successfully (9176 jobs).
⚠ [9206/9346] Replayed TNLean.Algebra.SingletMatrix
warning: TNLean/Algebra/SingletMatrix.lean:6:0: 'Mathlib.Data.Complex.Basic' has been deprecated: please replace this import by

import Mathlib.Basic.Complex.Basic
⚠ [9215/9346] Replayed TNLean.Algebra.SymplecticOrthogonalFour
warning: TNLean/Algebra/SymplecticOrthogonalFour.lean:6:0: 'Mathlib.Data.Complex.Basic' has been deprecated: please replace this import by

import Mathlib.Basic.Complex.Basic
⚠ [9766/10029] Replayed TNLean.MPS.Examples.Ising.IsingTensors
warning: TNLean/MPS/Examples/Ising/IsingTensors.lean:114:100: This line exceeds the 100 character limit, please shorten it!

Note: This linter can be disabled with `set_option linter.style.longLine false`
⚠ [9769/10029] Replayed TNLean.MPS.Examples.KramersWannier.KramersWannierTensor
warning: TNLean/MPS/Examples/KramersWannier/KramersWannierTensor.lean:39:100: This line exceeds the 100 character limit, please shorten it!

Note: This linter can be disabled with `set_option linter.style.longLine false`
warning: TNLean/MPS/Examples/KramersWannier/KramersWannierTensor.lean:42:100: This line exceeds the 100 character limit, please shorten it!

Note: This linter can be disabled with `set_option linter.style.longLine false`
⚠ [9792/10382] Replayed TNLean.MPS.Examples.KramersWannier.KramersWannierSource
warning: TNLean/MPS/Examples/KramersWannier/KramersWannierSource.lean:41:100: This line exceeds the 100 character limit, please shorten it!

Note: This linter can be disabled with `set_option linter.style.longLine false`
⚠ [9794/10382] Replayed TNLean.MPS.Examples.KramersWannier.KramersWannierCircuit
warning: TNLean/MPS/Examples/KramersWannier/KramersWannierCircuit.lean:22:100: This line exceeds the 100 character limit, please shorten it!

Note: This linter can be disabled with `set_option linter.style.longLine false`
ℹ [10204/11034] Replayed Gametheory.Scarf
info: Gametheory/Scarf.lean:241:33: Try this:
  [apply] rwa [h1.2] at hd

Note: This linter can be disabled with `set_option linter.tacticAnalysis.rwaSuggestion false`
info: Gametheory/Scarf.lean:246:33: Try this:
  [apply] rwa [h1.2] at hd

Note: This linter can be disabled with `set_option linter.tacticAnalysis.rwaSuggestion false`
⚠ [10205/11034] Replayed Gametheory.Brouwer
warning: Gametheory/Brouwer.lean:39:34: `stdSimplex` has been deprecated: Use `Convexity.StdSimplex` instead

Note: The updated constant has a different type:
  (R : Type u) → [LE R] → [AddCommMonoid R] → [One R] → Type v → Type (max u v)
instead of
  (𝕜 : Type u_2) → (ι : Type u_1) → [Semiring 𝕜] → [PartialOrder 𝕜] → [Fintype ι] → Set (ι → 𝕜)
warning: Gametheory/Brouwer.lean:49:45: `stdSimplex` has been deprecated: Use `Convexity.StdSimplex` instead

Note: The updated constant has a different type:
  (R : Type u) → [LE R] → [AddCommMonoid R] → [One R] → Type v → Type (max u v)
instead of
  (𝕜 : Type u_2) → (ι : Type u_1) → [Semiring 𝕜] → [PartialOrder 𝕜] → [Fintype ι] → Set (ι → 𝕜)
warning: Gametheory/Brouwer.lean:370:14: `stdSimplex` has been deprecated: Use `Convexity.StdSimplex` instead

Note: The updated constant has a different type:
  (R : Type u) → [LE R] → [AddCommMonoid R] → [One R] → Type v → Type (max u v)
instead of
  (𝕜 : Type u_2) → (ι : Type u_1) → [Semiring 𝕜] → [PartialOrder 𝕜] → [Fintype ι] → Set (ι → 𝕜)
warning: Gametheory/Brouwer.lean:370:37: `stdSimplex` has been deprecated: Use `Convexity.StdSimplex` instead

Note: The updated constant has a different type:
  (R : Type u) → [LE R] → [AddCommMonoid R] → [One R] → Type v → Type (max u v)
instead of
  (𝕜 : Type u_2) → (ι : Type u_1) → [Semiring 𝕜] → [PartialOrder 𝕜] → [Fintype ι] → Set (ι → 𝕜)
warning: Gametheory/Brouwer.lean:374:33: `stdSimplex` has been deprecated: Use `Convexity.StdSimplex` instead

Note: The updated constant has a different type:
  (R : Type u) → [LE R] → [AddCommMonoid R] → [One R] → Type v → Type (max u v)
instead of
  (𝕜 : Type u_2) → (ι : Type u_1) → [Semiring 𝕜] → [PartialOrder 𝕜] → [Fintype ι] → Set (ι → 𝕜)
warning: Gametheory/Brouwer.lean:374:33: `stdSimplex` has been deprecated: Use `Convexity.StdSimplex` instead

Note: The updated constant has a different type:
  (R : Type u) → [LE R] → [AddCommMonoid R] → [One R] → Type v → Type (max u v)
instead of
  (𝕜 : Type u_2) → (ι : Type u_1) → [Semiring 𝕜] → [PartialOrder 𝕜] → [Fintype ι] → Set (ι → 𝕜)
warning: Gametheory/Brouwer.lean:391:42: `stdSimplex` has been deprecated: Use `Convexity.StdSimplex` instead

Note: The updated constant has a different type:
  (R : Type u) → [LE R] → [AddCommMonoid R] → [One R] → Type v → Type (max u v)
instead of
  (𝕜 : Type u_2) → (ι : Type u_1) → [Semiring 𝕜] → [PartialOrder 𝕜] → [Fintype ι] → Set (ι → 𝕜)
warning: Gametheory/Brouwer.lean:391:42: `stdSimplex` has been deprecated: Use `Convexity.StdSimplex` instead

Note: The updated constant has a different type:
  (R : Type u) → [LE R] → [AddCommMonoid R] → [One R] → Type v → Type (max u v)
instead of
  (𝕜 : Type u_2) → (ι : Type u_1) → [Semiring 𝕜] → [PartialOrder 𝕜] → [Fintype ι] → Set (ι → 𝕜)
warning: Gametheory/Brouwer.lean:403:32: `stdSimplex` has been deprecated: Use `Convexity.StdSimplex` instead

Note: The updated constant has a different type:
  (R : Type u) → [LE R] → [AddCommMonoid R] → [One R] → Type v → Type (max u v)
instead of
  (𝕜 : Type u_2) → (ι : Type u_1) → [Semiring 𝕜] → [PartialOrder 𝕜] → [Fintype ι] → Set (ι → 𝕜)
warning: Gametheory/Brouwer.lean:506:40: `stdSimplex` has been deprecated: Use `Convexity.StdSimplex` instead

Note: The updated constant has a different type:
  (R : Type u) → [LE R] → [AddCommMonoid R] → [One R] → Type v → Type (max u v)
instead of
  (𝕜 : Type u_2) → (ι : Type u_1) → [Semiring 𝕜] → [PartialOrder 𝕜] → [Fintype ι] → Set (ι → 𝕜)
warning: Gametheory/Brouwer.lean:506:63: `stdSimplex` has been deprecated: Use `Convexity.StdSimplex` instead

Note: The updated constant has a different type:
  (R : Type u) → [LE R] → [AddCommMonoid R] → [One R] → Type v → Type (max u v)
instead of
  (𝕜 : Type u_2) → (ι : Type u_1) → [Semiring 𝕜] → [PartialOrder 𝕜] → [Fintype ι] → Set (ι → 𝕜)
warning: Gametheory/Brouwer.lean:507:65: `stdSimplex` has been deprecated: Use `Convexity.StdSimplex` instead

Note: The updated constant has a different type:
  (R : Type u) → [LE R] → [AddCommMonoid R] → [One R] → Type v → Type (max u v)
instead of
  (𝕜 : Type u_2) → (ι : Type u_1) → [Semiring 𝕜] → [PartialOrder 𝕜] → [Fintype ι] → Set (ι → 𝕜)
warning: Gametheory/Brouwer.lean:525:38: `stdSimplex` has been deprecated: Use `Convexity.StdSimplex` instead

Note: The updated constant has a different type:
  (R : Type u) → [LE R] → [AddCommMonoid R] → [One R] → Type v → Type (max u v)
instead of
  (𝕜 : Type u_2) → (ι : Type u_1) → [Semiring 𝕜] → [PartialOrder 𝕜] → [Fintype ι] → Set (ι → 𝕜)
warning: Gametheory/Brouwer.lean:548:23: `stdSimplex` has been deprecated: Use `Convexity.StdSimplex` instead

Note: The updated constant has a different type:
  (R : Type u) → [LE R] → [AddCommMonoid R] → [One R] → Type v → Type (max u v)
instead of
  (𝕜 : Type u_2) → (ι : Type u_1) → [Semiring 𝕜] → [PartialOrder 𝕜] → [Fintype ι] → Set (ι → 𝕜)
warning: Gametheory/Brouwer.lean:549:46: `stdSimplex` has been deprecated: Use `Convexity.StdSimplex` instead

Note: The updated constant has a different type:
  (R : Type u) → [LE R] → [AddCommMonoid R] → [One R] → Type v → Type (max u v)
instead of
  (𝕜 : Type u_2) → (ι : Type u_1) → [Semiring 𝕜] → [PartialOrder 𝕜] → [Fintype ι] → Set (ι → 𝕜)
warning: Gametheory/Brouwer.lean:551:55: `stdSimplex` has been deprecated: Use `Convexity.StdSimplex` instead

Note: The updated constant has a different type:
  (R : Type u) → [LE R] → [AddCommMonoid R] → [One R] → Type v → Type (max u v)
instead of
  (𝕜 : Type u_2) → (ι : Type u_1) → [Semiring 𝕜] → [PartialOrder 𝕜] → [Fintype ι] → Set (ι → 𝕜)
warning: Gametheory/Brouwer.lean:552:46: `stdSimplex` has been deprecated: Use `Convexity.StdSimplex` instead

Note: The updated constant has a different type:
  (R : Type u) → [LE R] → [AddCommMonoid R] → [One R] → Type v → Type (max u v)
instead of
  (𝕜 : Type u_2) → (ι : Type u_1) → [Semiring 𝕜] → [PartialOrder 𝕜] → [Fintype ι] → Set (ι → 𝕜)
warning: Gametheory/Brouwer.lean:566:34: `stdSimplex` has been deprecated: Use `Convexity.StdSimplex` instead

Note: The updated constant has a different type:
  (R : Type u) → [LE R] → [AddCommMonoid R] → [One R] → Type v → Type (max u v)
instead of
  (𝕜 : Type u_2) → (ι : Type u_1) → [Semiring 𝕜] → [PartialOrder 𝕜] → [Fintype ι] → Set (ι → 𝕜)
warning: Gametheory/Brouwer.lean:566:57: `stdSimplex` has been deprecated: Use `Convexity.StdSimplex` instead

Note: The updated constant has a different type:
  (R : Type u) → [LE R] → [AddCommMonoid R] → [One R] → Type v → Type (max u v)
instead of
  (𝕜 : Type u_2) → (ι : Type u_1) → [Semiring 𝕜] → [PartialOrder 𝕜] → [Fintype ι] → Set (ι → 𝕜)
warning: Gametheory/Brouwer.lean:626:34: `stdSimplex` has been deprecated: Use `Convexity.StdSimplex` instead

Note: The updated constant has a different type:
  (R : Type u) → [LE R] → [AddCommMonoid R] → [One R] → Type v → Type (max u v)
instead of
  (𝕜 : Type u_2) → (ι : Type u_1) → [Semiring 𝕜] → [PartialOrder 𝕜] → [Fintype ι] → Set (ι → 𝕜)
warning: Gametheory/Brouwer.lean:626:57: `stdSimplex` has been deprecated: Use `Convexity.StdSimplex` instead

Note: The updated constant has a different type:
  (R : Type u) → [LE R] → [AddCommMonoid R] → [One R] → Type v → Type (max u v)
instead of
  (𝕜 : Type u_2) → (ι : Type u_1) → [Semiring 𝕜] → [PartialOrder 𝕜] → [Fintype ι] → Set (ι → 𝕜)
warning: Gametheory/Brouwer.lean:631:87: `stdSimplex` has been deprecated: Use `Convexity.StdSimplex` instead

Note: The updated constant has a different type:
  (R : Type u) → [LE R] → [AddCommMonoid R] → [One R] → Type v → Type (max u v)
instead of
  (𝕜 : Type u_2) → (ι : Type u_1) → [Semiring 𝕜] → [PartialOrder 𝕜] → [Fintype ι] → Set (ι → 𝕜)
warning: Gametheory/Brouwer.lean:685:122: `stdSimplex` has been deprecated: Use `Convexity.StdSimplex` instead

Note: The updated constant has a different type:
  (R : Type u) → [LE R] → [AddCommMonoid R] → [One R] → Type v → Type (max u v)
instead of
  (𝕜 : Type u_2) → (ι : Type u_1) → [Semiring 𝕜] → [PartialOrder 𝕜] → [Fintype ι] → Set (ι → 𝕜)
warning: Gametheory/Brouwer.lean:686:83: `stdSimplex` has been deprecated: Use `Convexity.StdSimplex` instead

Note: The updated constant has a different type:
  (R : Type u) → [LE R] → [AddCommMonoid R] → [One R] → Type v → Type (max u v)
instead of
  (𝕜 : Type u_2) → (ι : Type u_1) → [Semiring 𝕜] → [PartialOrder 𝕜] → [Fintype ι] → Set (ι → 𝕜)
warning: Gametheory/Brouwer.lean:705:65: `stdSimplex` has been deprecated: Use `Convexity.StdSimplex` instead

Note: The updated constant has a different type:
  (R : Type u) → [LE R] → [AddCommMonoid R] → [One R] → Type v → Type (max u v)
instead of
  (𝕜 : Type u_2) → (ι : Type u_1) → [Semiring 𝕜] → [PartialOrder 𝕜] → [Fintype ι] → Set (ι → 𝕜)
warning: Gametheory/Brouwer.lean:706:53: `stdSimplex` has been deprecated: Use `Convexity.StdSimplex` instead

Note: The updated constant has a different type:
  (R : Type u) → [LE R] → [AddCommMonoid R] → [One R] → Type v → Type (max u v)
instead of
  (𝕜 : Type u_2) → (ι : Type u_1) → [Semiring 𝕜] → [PartialOrder 𝕜] → [Fintype ι] → Set (ι → 𝕜)
warning: Gametheory/Brouwer.lean:713:48: `stdSimplex` has been deprecated: Use `Convexity.StdSimplex` instead

Note: The updated constant has a different type:
  (R : Type u) → [LE R] → [AddCommMonoid R] → [One R] → Type v → Type (max u v)
instead of
  (𝕜 : Type u_2) → (ι : Type u_1) → [Semiring 𝕜] → [PartialOrder 𝕜] → [Fintype ι] → Set (ι → 𝕜)
warning: Gametheory/Brouwer.lean:717:48: `stdSimplex` has been deprecated: Use `Convexity.StdSimplex` instead

Note: The updated constant has a different type:
  (R : Type u) → [LE R] → [AddCommMonoid R] → [One R] → Type v → Type (max u v)
instead of
  (𝕜 : Type u_2) → (ι : Type u_1) → [Semiring 𝕜] → [PartialOrder 𝕜] → [Fintype ι] → Set (ι → 𝕜)
warning: Gametheory/Brouwer.lean:732:83: `stdSimplex` has been deprecated: Use `Convexity.StdSimplex` instead

Note: The updated constant has a different type:
  (R : Type u) → [LE R] → [AddCommMonoid R] → [One R] → Type v → Type (max u v)
instead of
  (𝕜 : Type u_2) → (ι : Type u_1) → [Semiring 𝕜] → [PartialOrder 𝕜] → [Fintype ι] → Set (ι → 𝕜)
warning: Gametheory/Brouwer.lean:740:81: `stdSimplex` has been deprecated: Use `Convexity.StdSimplex` instead

Note: The updated constant has a different type:
  (R : Type u) → [LE R] → [AddCommMonoid R] → [One R] → Type v → Type (max u v)
instead of
  (𝕜 : Type u_2) → (ι : Type u_1) → [Semiring 𝕜] → [PartialOrder 𝕜] → [Fintype ι] → Set (ι → 𝕜)
warning: Gametheory/Brouwer.lean:742:81: `stdSimplex` has been deprecated: Use `Convexity.StdSimplex` instead

Note: The updated constant has a different type:
  (R : Type u) → [LE R] → [AddCommMonoid R] → [One R] → Type v → Type (max u v)
instead of
  (𝕜 : Type u_2) → (ι : Type u_1) → [Semiring 𝕜] → [PartialOrder 𝕜] → [Fintype ι] → Set (ι → 𝕜)
warning: Gametheory/Brouwer.lean:743:46: `stdSimplex` has been deprecated: Use `Convexity.StdSimplex` instead

Note: The updated constant has a different type:
  (R : Type u) → [LE R] → [AddCommMonoid R] → [One R] → Type v → Type (max u v)
instead of
  (𝕜 : Type u_2) → (ι : Type u_1) → [Semiring 𝕜] → [PartialOrder 𝕜] → [Fintype ι] → Set (ι → 𝕜)
warning: Gametheory/Brouwer.lean:746:83: `stdSimplex` has been deprecated: Use `Convexity.StdSimplex` instead

Note: The updated constant has a different type:
  (R : Type u) → [LE R] → [AddCommMonoid R] → [One R] → Type v → Type (max u v)
instead of
  (𝕜 : Type u_2) → (ι : Type u_1) → [Semiring 𝕜] → [PartialOrder 𝕜] → [Fintype ι] → Set (ι → 𝕜)
⚠ [10206/11034] Replayed Gametheory.Brouwer_product
warning: Gametheory/Brouwer_product.lean:15:21: `stdSimplex` has been deprecated: Use `Convexity.StdSimplex` instead

Note: The updated constant has a different type:
  (R : Type u) → [LE R] → [AddCommMonoid R] → [One R] → Type v → Type (max u v)
instead of
  (𝕜 : Type u_2) → (ι : Type u_1) → [Semiring 𝕜] → [PartialOrder 𝕜] → [Fintype ι] → Set (ι → 𝕜)
warning: Gametheory/Brouwer_product.lean:18:37: `stdSimplex` has been deprecated: Use `Convexity.StdSimplex` instead

Note: The updated constant has a different type:
  (R : Type u) → [LE R] → [AddCommMonoid R] → [One R] → Type v → Type (max u v)
instead of
  (𝕜 : Type u_2) → (ι : Type u_1) → [Semiring 𝕜] → [PartialOrder 𝕜] → [Fintype ι] → Set (ι → 𝕜)
warning: Gametheory/Brouwer_product.lean:48:12: `WellFounded.min_le` has been deprecated: Use `WellFoundedLT.min_le` instead

Note: The updated constant is in a different namespace. Dot notation may need to be changed (e.g., from `x.min_le` to `WellFoundedLT.min_le x`).

Hint: Replace the deprecated name:
  WellFoundedL̲T̲.min_le
warning: Gametheory/Brouwer_product.lean:224:8: `stdSimplex` has been deprecated: Use `Convexity.StdSimplex` instead

Note: The updated constant has a different type:
  (R : Type u) → [LE R] → [AddCommMonoid R] → [One R] → Type v → Type (max u v)
instead of
  (𝕜 : Type u_2) → (ι : Type u_1) → [Semiring 𝕜] → [PartialOrder 𝕜] → [Fintype ι] → Set (ι → 𝕜)
warning: Gametheory/Brouwer_product.lean:220:17: `stdSimplex` has been deprecated: Use `Convexity.StdSimplex` instead

Note: The updated constant has a different type:
  (R : Type u) → [LE R] → [AddCommMonoid R] → [One R] → Type v → Type (max u v)
instead of
  (𝕜 : Type u_2) → (ι : Type u_1) → [Semiring 𝕜] → [PartialOrder 𝕜] → [Fintype ι] → Set (ι → 𝕜)
warning: Gametheory/Brouwer_product.lean:229:15: `stdSimplex` has been deprecated: Use `Convexity.StdSimplex` instead

Note: The updated constant has a different type:
  (R : Type u) → [LE R] → [AddCommMonoid R] → [One R] → Type v → Type (max u v)
instead of
  (𝕜 : Type u_2) → (ι : Type u_1) → [Semiring 𝕜] → [PartialOrder 𝕜] → [Fintype ι] → Set (ι → 𝕜)
warning: Gametheory/Brouwer_product.lean:253:15: `stdSimplex` has been deprecated: Use `Convexity.StdSimplex` instead

Note: The updated constant has a different type:
  (R : Type u) → [LE R] → [AddCommMonoid R] → [One R] → Type v → Type (max u v)
instead of
  (𝕜 : Type u_2) → (ι : Type u_1) → [Semiring 𝕜] → [PartialOrder 𝕜] → [Fintype ι] → Set (ι → 𝕜)
warning: Gametheory/Brouwer_product.lean:375:8: `stdSimplex` has been deprecated: Use `Convexity.StdSimplex` instead

Note: The updated constant has a different type:
  (R : Type u) → [LE R] → [AddCommMonoid R] → [One R] → Type v → Type (max u v)
instead of
  (𝕜 : Type u_2) → (ι : Type u_1) → [Semiring 𝕜] → [PartialOrder 𝕜] → [Fintype ι] → Set (ι → 𝕜)
warning: Gametheory/Brouwer_product.lean:362:17: `stdSimplex` has been deprecated: Use `Convexity.StdSimplex` instead

Note: The updated constant has a different type:
  (R : Type u) → [LE R] → [AddCommMonoid R] → [One R] → Type v → Type (max u v)
instead of
  (𝕜 : Type u_2) → (ι : Type u_1) → [Semiring 𝕜] → [PartialOrder 𝕜] → [Fintype ι] → Set (ι → 𝕜)
warning: Gametheory/Brouwer_product.lean:382:15: `stdSimplex` has been deprecated: Use `Convexity.StdSimplex` instead

Note: The updated constant has a different type:
  (R : Type u) → [LE R] → [AddCommMonoid R] → [One R] → Type v → Type (max u v)
instead of
  (𝕜 : Type u_2) → (ι : Type u_1) → [Semiring 𝕜] → [PartialOrder 𝕜] → [Fintype ι] → Set (ι → 𝕜)
⚠ [10207/11034] Replayed QICLean.Topology.BrouwerProduct
warning: QICLean/Topology/BrouwerProduct.lean:33:36: `stdSimplexHomeomorphUnitInterval` has been deprecated: Use `Convexity.StdSimplex.homeomorphI` instead

Note: The updated constant has a different type:
  Convexity.StdSimplex ℝ (Fin 2) ≃ₜ ↑unitInterval
instead of
  ↑(stdSimplex ℝ (Fin 2)) ≃ₜ ↑unitInterval
✔ [10430/11286] Built TNLean.MPS.Preparation.ConfigurationLayers (3.2s)
✔ [10450/11325] Built TNLean.MPS.MPU.CompatibleBondDilationCircuit (4.1s)
✔ [10456/11478] Built TNLean.MPS.MPU.FiniteChainConjugation (4.7s)
✔ [10468/11480] Built TNLean.MPS.Preparation.RegisterTree (6.8s)
✔ [10469/11614] Built TNLean.MPS.Preparation.TreeAmplitude (5.8s)
✔ [10485/12221] Built TNLean.MPS.MPU.IntervalJoiningPacketEncoding (5.1s)
✔ [10515/12221] Built TNLean.MPS.Preparation.WindowGHZ (12s)
✔ [10516/12221] Built TNLean.MPS.MPU.AnchoredResidualCoordinates (7.1s)
✔ [10523/12221] Built TNLean.MPS.MPU.EncodedUniformMergingCircuit (10s)
✔ [10524/12221] Built TNLean.PEPS.AreaLaw.FiniteDomain (2.9s)
✔ [10585/12221] Built TNLean.PEPS.AreaLaw.Geometry.Exponents (2.8s)
✔ [10586/12221] Built TNLean.MPS.Preparation.UnequalRegisterTree (12s)
✔ [10591/12221] Built TNLean.MPS.Preparation.GHZSeedRegisters (6.2s)
✔ [10592/12221] Built TNLean.MPS.Preparation.SparseRegisterPadding (8.3s)
✔ [10593/12221] Built TNLean.MPS.MPU.BasisEncodingCoordinates (3.9s)
✔ [10594/12221] Built TNLean.MPS.MPU.UniformMergingResourceBounds (10s)
✔ [10595/12221] Built TNLean.MPS.MPU.PermutedEncodedMergingCircuit (6.4s)
✔ [10596/12221] Built TNLean.MPS.MPU.ProductBasisFactorization (4.2s)
✔ [10597/12221] Built TNLean.PEPS.AreaLaw.LocalHamiltonian (4.3s)
✔ [10630/12223] Built TNLean.MPS.MPU.MinimalCutJoiningParent (6.3s)
✔ [10649/12223] Built TNLean.PEPS.AreaLaw.Geometry.Templates (3.5s)
✔ [10650/12223] Built TNLean.MPS.Preparation.ExplicitPreparationScale (5.0s)
✔ [10651/12223] Built TNLean.MPS.Preparation.SparseWindowGHZ (4.5s)
✔ [10652/12223] Built TNLean.MPS.Preparation.RegisterTreeState (28s)
✔ [10653/12223] Built TNLean.MPS.Preparation.GHZSeedCircuit (5.6s)
✔ [10666/12223] Built TNLean.MPS.MPU.ColumnCoordinateTransport (3.4s)
✔ [10694/12225] Built TNLean.PEPS.AreaLaw.TheoremStatements (3.0s)
✔ [10695/12225] Built TNLean.PEPS.AreaLaw.Geometry (3.1s)
✔ [10696/12226] Built TNLean.MPS.Preparation.UnequalRegisterTreeState (11s)
✔ [10710/12226] Built TNLean.MPS.Preparation.SectorEncoder (9.3s)
✔ [10711/12226] Built TNLean.PEPS.AreaLaw.RectangularDomain (2.8s)
✔ [10732/12226] Built TNLean.PEPS.Approximation.SquareGridSource (3.6s)
✔ [10738/12228] Built TNLean.PEPS.Approximation.Basic (4.1s)
✔ [10752/12228] Built TNLean.MPS.MPU.IntervalInputRegrouping (20s)
✔ [10753/12228] Built TNLean.MPS.Preparation.IsometryTreePreparation (4.8s)
✔ [10754/12228] Built TNLean.MPS.Preparation.ExactSectorEncoder (4.5s)
✔ [10755/12228] Built TNLean.PEPS.AreaLaw (3.4s)
✔ [10763/12228] Built TNLean.PEPS.Approximation.SquareGridContraction (3.4s)
✔ [10784/12230] Built TNLean.PEPS.Approximation.PinnedRegionalState (3.0s)
✔ [10785/12230] Built TNLean.MPS.Preparation.SectorEncoderCompilation (11s)
✔ [10786/12230] Built TNLean.MPS.MPU.IntervalParentColumns (3.8s)
✔ [10787/12230] Built TNLean.MPS.MPU.IntervalJointSuffixFactorization (36s)
✔ [10823/12232] Built TNLean.MPS.Preparation.SupportedTreePreparation (4.2s)
✔ [10852/12235] Built TNLean.MPS.MPU.InitializedEncodingCoordinates (3.3s)
✔ [10915/12240] Built TNLean.MPS.Preparation.UnequalTreePreparation (8.1s)
✔ [10943/12240] Built TNLean.MPS.MPU.JoiningSpectatorColumns (4.2s)
✔ [10966/12240] Built TNLean.QCA (3.1s)
✔ [10985/12241] Built TNLean.MPS.MPU.IntervalJointOutputReset (15s)
ℹ [11023/12244] Replayed TNLean.MPS.MPU.DoubleLayerContraction
info: TNLean/MPS/MPU/DoubleLayerContraction.lean:335:2: Try this:
  [apply] ring_nf
  
  The `ring` tactic failed to close the goal. Use `ring_nf` to obtain a normal form.
    
  Note that `ring` works primarily in *commutative* rings. If you have a noncommutative ring, abelian group or module, consider using `noncomm_ring`, `abel` or `module` instead.
⚠ [11041/12244] Replayed TNLean.MPS.Preparation.InhomogeneousChoiResidual
warning: TNLean/MPS/Preparation/InhomogeneousChoiResidual.lean:177:100: This line exceeds the 100 character limit, please shorten it!

Note: This linter can be disabled with `set_option linter.style.longLine false`
warning: TNLean/MPS/Preparation/InhomogeneousChoiResidual.lean:179:100: This line exceeds the 100 character limit, please shorten it!

Note: This linter can be disabled with `set_option linter.style.longLine false`
✔ [11091/12249] Built TNLean.MPS.MPU.EncodedJointColumns (3.6s)
✔ [11113/12251] Built TNLean.MPS.MPU.JoiningResetColumns (3.8s)
✔ [11129/12251] Built TNLean.MPS.Preparation.CoherentBlockTreePreparation (7.3s)
ℹ [11131/12251] Replayed TNLean.MPS.Periodic.Overlap.SectorMatch.Contraction
info: TNLean/MPS/Periodic/Overlap/SectorMatch/Contraction.lean:550:8: Try this:
  [apply] abel_nf
info: TNLean/MPS/Periodic/Overlap/SectorMatch/Contraction.lean:736:31: Try this:
  [apply] abel_nf
✔ [11134/12251] Built TNLean.MPS.Preparation.DepthUpperBound (5.8s)
⚠ [11154/12252] Replayed QICLean.Analysis.ConvexHullCompact
warning: QICLean/Analysis/ConvexHullCompact.lean:65:4: `stdSimplex` has been deprecated: Use `Convexity.StdSimplex` instead

Note: The updated constant has a different type:
  (R : Type u) → [LE R] → [AddCommMonoid R] → [One R] → Type v → Type (max u v)
instead of
  (𝕜 : Type u_2) → (ι : Type u_1) → [Semiring 𝕜] → [PartialOrder 𝕜] → [Fintype ι] → Set (ι → 𝕜)
warning: QICLean/Analysis/ConvexHullCompact.lean:70:12: `isCompact_stdSimplex` has been deprecated: Use `Convexity.StdSimplex.compactSpace` instead

Note: The updated constant has a different type:
  ∀ (R : Type u_1) (M : Type u_2) [inst : Ring R] [inst_1 : TopologicalSpace R] [IsTopologicalRing R]
    [inst_3 : PartialOrder R] [inst_4 : IsStrictOrderedRing R] [CompactIccSpace R] [OrderClosedTopology R] [Finite M],
    CompactSpace (Convexity.StdSimplex R M)
instead of
  ∀ (𝕜 : Type u_1) (ι : Type u_2) [inst : Fintype ι] [inst_1 : TopologicalSpace 𝕜] [inst_2 : Semiring 𝕜]
    [inst_3 : PartialOrder 𝕜] [OrderClosedTopology 𝕜] [ContinuousAdd 𝕜] [CompactIccSpace 𝕜] [IsOrderedAddMonoid 𝕜],
    IsCompact (stdSimplex 𝕜 ι)
warning: QICLean/Analysis/ConvexHullCompact.lean:99:23: `stdSimplex` has been deprecated: Use `Convexity.StdSimplex` instead

Note: The updated constant has a different type:
  (R : Type u) → [LE R] → [AddCommMonoid R] → [One R] → Type v → Type (max u v)
instead of
  (𝕜 : Type u_2) → (ι : Type u_1) → [Semiring 𝕜] → [PartialOrder 𝕜] → [Fintype ι] → Set (ι → 𝕜)
✔ [11155/12252] Built TNLean.MPS.Preparation.OrderedMixingPairRate (7.5s)
✔ [11158/12252] Built TNLean.MPS.Preparation.BlockSumUnitary (11s)
✔ [11159/12252] Built TNLean.MPS.MPU.MinimalEncodedParentColumns (15s)
✔ [11175/12253] Built TNLean.MPS.Preparation.DepthLogBound (10s)
⚠ [11186/12253] Replayed QICLean.Analysis.CyclicReciprocal
warning: QICLean/Analysis/CyclicReciprocal.lean:103:44: `stdSimplex` has been deprecated: Use `Convexity.StdSimplex` instead

Note: The updated constant has a different type:
  (R : Type u) → [LE R] → [AddCommMonoid R] → [One R] → Type v → Type (max u v)
instead of
  (𝕜 : Type u_2) → (ι : Type u_1) → [Semiring 𝕜] → [PartialOrder 𝕜] → [Fintype ι] → Set (ι → 𝕜)
✔ [11187/12253] Built TNLean.MPS.Preparation.ZeroSubleadingPreparation (7.7s)
✔ [11189/12253] Built TNLean.MPS.Preparation.StaircasePreparation (8.4s)
✔ [11191/12253] Built TNLean.MPS.Preparation.OrderedMixingScale (6.8s)
✔ [11192/12253] Built TNLean.MPS.Preparation.SupportedLogLogPreparation (23s)
✔ [11193/12253] Built TNLean.MPS.Preparation.InhomogeneousMixingPreparation (7.2s)
✔ [11194/12253] Built TNLean.MPS.Preparation.MeasurementPreparation (8.8s)
✔ [11195/12253] Built TNLean.MPS.Preparation.TreeMERARegisters (7.0s)
✔ [11226/12256] Built TNLean.MPS.Preparation.LogLogDepthPreparation (10s)
✔ [11273/12258] Built TNLean.MPS.Preparation.AllLengthPrescribedSlope (11s)
⚠ [11302/12258] Replayed TNLean.MPS.Examples.CZX.ClusterIsingSymmetry
warning: TNLean/MPS/Examples/CZX/ClusterIsingSymmetry.lean:34:100: This line exceeds the 100 character limit, please shorten it!

Note: This linter can be disabled with `set_option linter.style.longLine false`
✔ [11318/12258] Built TNLean.MPS.MPU.MinimalIntervalMergingCircuit (24s)
⚠ [11340/12260] Replayed TNLean.PEPS.RegionBlock.RegionReconcile
warning: TNLean/PEPS/RegionBlock/RegionReconcile.lean:67:100: This line exceeds the 100 character limit, please shorten it!

Note: This linter can be disabled with `set_option linter.style.longLine false`
warning: TNLean/PEPS/RegionBlock/RegionReconcile.lean:148:100: This line exceeds the 100 character limit, please shorten it!

Note: This linter can be disabled with `set_option linter.style.longLine false`
✔ [11364/12260] Built TNLean.MPS.Preparation.InhomogeneousDoeblinPreparation (7.4s)
⚠ [11401/12262] Replayed TNLean.PEPS.RegionBlock.BlockCoeffTransfer
warning: TNLean/PEPS/RegionBlock/BlockCoeffTransfer.lean:395:100: This line exceeds the 100 character limit, please shorten it!

Note: This linter can be disabled with `set_option linter.style.longLine false`
✔ [11453/12264] Built TNLean.MPS.Preparation.LogDepthPreparation (24s)
✔ [11485/12264] Built TNLean.MPS.MPU.ExactBoundedCutRankCircuit (4.0s)
✔ [11486/12264] Built TNLean.PEPS.Approximation.RegionalStates (5.6s)
✔ [11487/12264] Built TNLean.MPS.Preparation.SectorEncoderRates (12s)
✔ [11488/12264] Built TNLean.MPS.Preparation.CircuitEquivalence (12s)
✔ [11489/12264] Built TNLean.MPS.Preparation.AllLengthPolynomialAccuracy (14s)
⚠ [11493/12265] Replayed TNLean.MPS.Symmetry.MPOSymmetry.DomainWall
warning: TNLean/MPS/Symmetry/MPOSymmetry/DomainWall.lean:460:100: This line exceeds the 100 character limit, please shorten it!

Note: This linter can be disabled with `set_option linter.style.longLine false`
✔ [11523/12265] Built TNLean.MPS.Preparation.UnequalTreeMERA (24s)
✔ [11556/12265] Built TNLean.MPS.Preparation.NonNormalMeasurementPreparation (12s)
✔ [11557/12265] Built TNLean.MPS.MPU.ApproximateBoundedCutRankCircuit (3.3s)
✔ [11582/12265] Built TNLean.PEPS.Approximation.SourceApproximation (3.7s)
✔ [11612/12268] Built TNLean.MPS.MPU.AnchoredThreeBlockOperator (8.9s)
✔ [11635/12268] Built TNLean.PEPS.Approximation (2.9s)
✔ [11645/12270] Built TNLean.MPS.Preparation.LogLogDepthEveryLength (31s)
⚠ [11667/12273] Replayed TNLean.MPS.Symmetry.MPOSymmetry.IsingFusion
warning: TNLean/MPS/Symmetry/MPOSymmetry/IsingFusion.lean:121:2: `simp [isingFusion, Fin.sum_univ_three, h0] at hψ hσ` is a flexible tactic modifying `hψ`. Try `simp?` and use the suggested `simp only [...]`. Alternatively, use `suffices` to explicitly state the simplified form.

Note: This linter can be disabled with `set_option linter.flexible false`
info: TNLean/MPS/Symmetry/MPOSymmetry/IsingFusion.lean:122:2: `have hψ1 : m 1 = 1 := by simpa using hψ`
uses `hψ`, which was modified by the flexible tactic `simp` on line 121!
warning: TNLean/MPS/Symmetry/MPOSymmetry/IsingFusion.lean:121:2: `simp [isingFusion, Fin.sum_univ_three, h0] at hψ hσ` is a flexible tactic modifying `hσ`. Try `simp?` and use the suggested `simp only [...]`. Alternatively, use `suffices` to explicitly state the simplified form.

Note: This linter can be disabled with `set_option linter.flexible false`
info: TNLean/MPS/Symmetry/MPOSymmetry/IsingFusion.lean:123:2: `rw [hψ1] at hσ`
uses `hσ`, which was modified by the flexible tactic `simp` on line 121!
⚠ [12035/12288] Replayed QICLean.Channel.ChoiTypeMap.YamagamiPositivity
warning: QICLean/Channel/ChoiTypeMap/YamagamiPositivity.lean:166:25: `stdSimplex` has been deprecated: Use `Convexity.StdSimplex` instead

Note: The updated constant has a different type:
  (R : Type u) → [LE R] → [AddCommMonoid R] → [One R] → Type v → Type (max u v)
instead of
  (𝕜 : Type u_2) → (ι : Type u_1) → [Semiring 𝕜] → [PartialOrder 𝕜] → [Fintype ι] → Set (ι → 𝕜)
warning: QICLean/Channel/ChoiTypeMap/YamagamiPositivity.lean:175:13: `stdSimplex` has been deprecated: Use `Convexity.StdSimplex` instead

Note: The updated constant has a different type:
  (R : Type u) → [LE R] → [AddCommMonoid R] → [One R] → Type v → Type (max u v)
instead of
  (𝕜 : Type u_2) → (ι : Type u_1) → [Semiring 𝕜] → [PartialOrder 𝕜] → [Fintype ι] → Set (ι → 𝕜)
warning: QICLean/Channel/ChoiTypeMap/YamagamiPositivity.lean:181:23: `stdSimplex` has been deprecated: Use `Convexity.StdSimplex` instead

Note: The updated constant has a different type:
  (R : Type u) → [LE R] → [AddCommMonoid R] → [One R] → Type v → Type (max u v)
instead of
  (𝕜 : Type u_2) → (ι : Type u_1) → [Semiring 𝕜] → [PartialOrder 𝕜] → [Fintype ι] → Set (ι → 𝕜)
warning: QICLean/Channel/ChoiTypeMap/YamagamiPositivity.lean:182:45: `isClosed_stdSimplex` has been deprecated: Use `Convexity.StdSimplex.isClosedEmbedding_toFun_comp_weights` instead

Note: The updated constant has a different type:
  ∀ (R : Type u) [inst : PartialOrder R] [inst_1 : Ring R] [inst_2 : TopologicalSpace R]
    [inst_3 : IsStrictOrderedRing R] [IsTopologicalRing R] [OrderClosedTopology R] (M : Type u_1) [Finite M],
    Topology.IsClosedEmbedding fun t ↦ ⇑t.weights
instead of
  ∀ (𝕜 : Type u_1) (ι : Type u_2) [inst : Fintype ι] [inst_1 : TopologicalSpace 𝕜] [inst_2 : Semiring 𝕜]
    [inst_3 : PartialOrder 𝕜] [OrderClosedTopology 𝕜] [ContinuousAdd 𝕜], IsClosed (stdSimplex 𝕜 ι)
warning: QICLean/Channel/ChoiTypeMap/YamagamiPositivity.lean:184:5: `isCompact_stdSimplex` has been deprecated: Use `Convexity.StdSimplex.compactSpace` instead

Note: The updated constant has a different type:
  ∀ (R : Type u_1) (M : Type u_2) [inst : Ring R] [inst_1 : TopologicalSpace R] [IsTopologicalRing R]
    [inst_3 : PartialOrder R] [inst_4 : IsStrictOrderedRing R] [CompactIccSpace R] [OrderClosedTopology R] [Finite M],
    CompactSpace (Convexity.StdSimplex R M)
instead of
  ∀ (𝕜 : Type u_1) (ι : Type u_2) [inst : Fintype ι] [inst_1 : TopologicalSpace 𝕜] [inst_2 : Semiring 𝕜]
    [inst_3 : PartialOrder 𝕜] [OrderClosedTopology 𝕜] [ContinuousAdd 𝕜] [CompactIccSpace 𝕜] [IsOrderedAddMonoid 𝕜],
    IsCompact (stdSimplex 𝕜 ι)
warning: QICLean/Channel/ChoiTypeMap/YamagamiPositivity.lean:263:48: `stdSimplex` has been deprecated: Use `Convexity.StdSimplex` instead

Note: The updated constant has a different type:
  (R : Type u) → [LE R] → [AddCommMonoid R] → [One R] → Type v → Type (max u v)
instead of
  (𝕜 : Type u_2) → (ι : Type u_1) → [Semiring 𝕜] → [PartialOrder 𝕜] → [Fintype ι] → Set (ι → 𝕜)
✔ [12042/12290] Built TNLean.MPS.Preparation.SectorEncoderPreparation (11s)
✔ [12067/12293] Built TNLean.MPS.Preparation.SectorEncoderGroundspace (6.4s)
✔ [12251/12321] Built TNLean.MPS.MPU (6.7s)
✔ [12306/12336] Built TNLean.MPS.Preparation.DepthLowerBoundConstant (8.8s)
ℹ [12347/12411] Replayed QICLean.Channel.LorentzNormalForm.SpinorExponential
info: QICLean/Channel/LorentzNormalForm/SpinorExponential.lean:452:47: Try this:
  [apply] ring_nf
  
  The `ring` tactic failed to close the goal. Use `ring_nf` to obtain a normal form.
    
  Note that `ring` works primarily in *commutative* rings. If you have a noncommutative ring, abelian group or module, consider using `noncomm_ring`, `abel` or `module` instead.
info: QICLean/Channel/LorentzNormalForm/SpinorExponential.lean:454:47: Try this:
  [apply] ring_nf
  
  The `ring` tactic failed to close the goal. Use `ring_nf` to obtain a normal form.
    
  Note that `ring` works primarily in *commutative* rings. If you have a noncommutative ring, abelian group or module, consider using `noncomm_ring`, `abel` or `module` instead.
info: QICLean/Channel/LorentzNormalForm/SpinorExponential.lean:484:46: Try this:
  [apply] ring_nf
  
  The `ring` tactic failed to close the goal. Use `ring_nf` to obtain a normal form.
    
  Note that `ring` works primarily in *commutative* rings. If you have a noncommutative ring, abelian group or module, consider using `noncomm_ring`, `abel` or `module` instead.
info: QICLean/Channel/LorentzNormalForm/SpinorExponential.lean:486:46: Try this:
  [apply] ring_nf
  
  The `ring` tactic failed to close the goal. Use `ring_nf` to obtain a normal form.
    
  Note that `ring` works primarily in *commutative* rings. If you have a noncommutative ring, abelian group or module, consider using `noncomm_ring`, `abel` or `module` instead.
✔ [12456/12464] Built TNLean.PEPS (7.8s)
✔ [12457/12464] Built TNLean.MPS.Preparation.CoherentGroundspaceConversion (13s)
✔ [12458/12464] Built TNLean.MPS.Preparation.OverlappingMeasurementPreparation (25s)
✔ [12459/12464] Built TNLean.MPS.Preparation.QCccClassification (4.1s)
✔ [12460/12464] Built TNLean.MPS.Preparation.OverlappingLogLogPreparation (4.8s)
✔ [12461/12464] Built TNLean.MPS.Preparation (3.6s)
✔ [12462/12464] Built TNLean.MPS (4.6s)
✔ [12463/12464] Built TNLean (4.1s)
Build completed successfully (12464 jobs).
✔ [68/143] Built Mathlib.Lean.Linter:c.o (145ms)
✔ [69/143] Built Mathlib.Tactic.Lemma:c.o (194ms)
✔ [70/143] Built Mathlib.Tactic.AdaptationNote:c.o (468ms)
✔ [71/143] Built Mathlib.Tactic.Linter.AuxLemma:c.o (626ms)
✔ [72/143] Built Mathlib.Tactic.Linter.DeprecatedSyntaxLinter:c.o (957ms)
✔ [73/143] Built Mathlib.Tactic.Linter.DocPrime:c.o (581ms)
✔ [74/143] Built Mathlib.Tactic.Linter.Header:c.o (1.8s)
✔ [75/143] Built Mathlib.Tactic.Linter.DirectoryDependency:c.o (1.9s)
✔ [76/143] Built Mathlib.Tactic.Linter.GlobalAttributeIn:c.o (628ms)
✔ [77/143] Built Mathlib.Tactic.Linter.HashCommandLinter:c.o (953ms)
✔ [78/143] Built Mathlib.Tactic.Linter.EmptyLine:c.o (1.4s)
✔ [79/143] Built Mathlib.Tactic.Linter.HaveILetI:c.o (534ms)
✔ [80/143] Built Mathlib.Tactic.Linter.DocString:c.o (1.0s)
✔ [81/143] Built Mathlib.Tactic.Linter.InternalConstructor:c.o (676ms)
✔ [82/143] Built Mathlib.Tactic.Linter.OldObtain:c.o (424ms)
✔ [83/143] Built Batteries.Lean.Position:c.o (383ms)
✔ [84/143] Built Mathlib.Lean.Environment:c.o (172ms)
✔ [85/143] Built Mathlib.Tactic.Linter.Multigoal:c.o (1.2s)
✔ [86/143] Built Mathlib.Lean.Elab.InfoTree:c.o (790ms)
✔ [87/143] Built Batteries.Tactic.Lint.Basic:c.o (1.4s)
✔ [88/143] Built Mathlib.Tactic.Linter.FlexibleLinter:c.o (3.1s)
✔ [89/143] Built Batteries.Tactic.Lint.Misc:c.o (1.2s)
✔ [90/143] Built Mathlib.Lean.Expr.Basic:c.o (2.7s)
✔ [91/143] Built Mathlib.Tactic.Linter.PrivateModule:c.o (630ms)
✔ [92/143] Built Mathlib.Tactic.Linter.TacticDocumentation:c.o (398ms)
✔ [93/143] Built Batteries.Tactic.Unreachable:c.o (241ms)
✔ [94/143] Built Mathlib.Tactic.Linter.UnusedInstancesInType:c.o (2.0s)
✔ [95/143] Built Mathlib.Tactic.Linter.UnusedTacticExtension:c.o (737ms)
✔ [96/143] Built Mathlib.Tactic.DeclarationNames:c.o (233ms)
✔ [97/143] Built Mathlib.Tactic.Linter.UnusedTactic:c.o (1.7s)
✔ [98/143] Built Mathlib.Tactic.Linter.Whitespace:c.o (1.9s)
✔ [99/143] Built Mathlib.Lean.Elab.Tactic.Meta:c.o (710ms)
✔ [100/143] Built Mathlib.Tactic.Linter.Style:c.o (2.5s)
✔ [101/143] Built Mathlib.Tactic.Linter.OverlappingInstances:c.o (4.3s)
✔ [102/143] Built Batteries.Lean.Meta.Inaccessible:c.o (555ms)
✔ [103/143] Built Mathlib.Lean.ContextInfo:c.o (1.1s)
✔ [104/143] Built ImportGraph.Imports.Redundant:c.o (261ms)
✔ [105/143] Built ImportGraph.Lean.Environment:c.o (163ms)
✔ [106/143] Built ImportGraph.Imports.ImportGraph:c.o (1.0s)
✔ [107/143] Built Mathlib.Tactic.TacticAnalysis:c.o (2.2s)
✔ [108/143] Built Mathlib.Util.ParseCommand:c.o (327ms)
✔ [109/143] Built ImportGraph.Imports.RequiredModules:c.o (2.3s)
✔ [110/143] Built Mathlib.Tactic.TypeStar:c.o (255ms)
✔ [111/143] Built Mathlib.Tactic.ExtractGoal:c.o (2.3s)
✔ [112/143] Built Batteries.Util.LibraryNote:c.o (488ms)
✔ [113/143] Built Batteries.Lean.Syntax:c.o (152ms)
✔ [114/143] Built Mathlib.Tactic.MinImports:c.o (3.4s)
✔ [115/143] Built ImportGraph.Graph.TransitiveClosure:c.o (229ms)
✔ [116/143] Built ImportGraph.Tools.FindHome:c.o (1.6s)
✔ [117/143] Built Mathlib.Tactic.TacticAnalysis.Declarations:c.o (4.2s)
✔ [118/143] Built Batteries.Tactic.HelpCmd:c.o (3.1s)
✔ [119/143] Built ImportGraph.Tools.ImportDiff:c.o (697ms)
✔ [120/143] Built ImportGraph.Tools.MinImports:c.o (607ms)
✔ [122/143] Built ImportGraph.Tools:c.o (140ms)
✔ [123/143] Built ImportGraph.Tools.RedundantImports:c.o (395ms)
✔ [124/143] Built Batteries.Tactic.Lint.TypeClass:c.o (807ms)
✔ [125/143] Built Mathlib.Util.CodeActions.BinderPlicity:c.o (412ms)
✔ [126/143] Built Mathlib.Util.CodeActions:c.o (130ms)
✔ [128/143] Built Batteries.Tactic.Lint:c.o (142ms)
✔ [132/143] Built Batteries.Util.ProofWanted:c.o (5.2s)
✔ [133/143] Built Batteries.Tactic.Lint.Simp:c.o (2.3s)
✔ [134/143] Built Mathlib.Init:c.o (225ms)
✔ [138/143] Built Mathlib.Tactic.Linter.Lint:c.o (1.1s)
✔ [139/143] Built Mathlib.Data.Nat.Notation:c.o (165ms)
✔ [140/143] Built Mathlib.Tactic.Linter.TextBased.UnicodeLinter:c.o (865ms)
✔ [141/143] Built Batteries.Tactic.Lint.Frontend:c.o (3.5s)
✔ [142/143] Built Mathlib.Tactic.Linter.TextBased:c.o (2.0s)
Build completed successfully (143 jobs).
