Source: https://github.com/LionSR/TNLean/actions/runs/37598629129/job/112717609265
Revision: 18883e6cf8cb616e1f2bb6ae40d269317f0774b9
Observed #print axioms output from the strict regression command.
The enclosing command failed on separate test errors; this is not a passing regression log.
2026-10-07T09:22:29.4985771Z 'TNLean.PEPS.AreaLaw.mem_ambientDilation_iff' depends on axioms: [propext, Classical.choice, Quot.sound]
2026-10-07T09:22:29.4986962Z 'TNLean.PEPS.AreaLaw.ambientDilation_mono' depends on axioms: [propext, Classical.choice, Quot.sound]
2026-10-07T09:22:29.4988122Z 'TNLean.PEPS.AreaLaw.ambientDilation_mono_radius' depends on axioms: [propext, Classical.choice, Quot.sound]
2026-10-07T09:22:29.4989299Z 'TNLean.PEPS.AreaLaw.ambientDilation_biUnion_sdiff_subset' depends on axioms: [propext, Classical.choice, Quot.sound]
2026-10-07T09:22:29.4990763Z 'TNLean.PEPS.AreaLaw.card_ambientDilation_biUnion_sdiff_le' depends on axioms: [propext, Classical.choice, Quot.sound]
2026-10-07T09:22:29.4992463Z 'TNLean.PEPS.AreaLaw.Geometry.latticeRow' depends on axioms: [propext, Classical.choice, Quot.sound]
2026-10-07T09:22:29.4993850Z 'TNLean.PEPS.AreaLaw.Geometry.mem_latticeRow' depends on axioms: [propext, Classical.choice, Quot.sound]
2026-10-07T09:22:29.4995304Z 'TNLean.PEPS.AreaLaw.Geometry.TemplatePolygon.convex_region' depends on axioms: [propext, Classical.choice, Quot.sound]
2026-10-07T09:22:29.4997220Z 'TNLean.PEPS.AreaLaw.Geometry.TemplatePolygon.isCompact_region' depends on axioms: [propext,
2026-10-07T09:22:29.4997803Z  Classical.choice,
2026-10-07T09:22:29.4998158Z  Quot.sound]
2026-10-07T09:22:29.4999332Z 'TNLean.PEPS.AreaLaw.Geometry.horizontal_mem_of_mem_of_le' depends on axioms: [propext, Classical.choice, Quot.sound]
2026-10-07T09:22:29.5000778Z 'TNLean.PEPS.AreaLaw.Geometry.TemplatePolygon.isCompact_horizontalSection' depends on axioms: [propext,
2026-10-07T09:22:29.5001361Z  Classical.choice,
2026-10-07T09:22:29.5001693Z  Quot.sound]
2026-10-07T09:22:29.5003323Z 'TNLean.PEPS.AreaLaw.Geometry.TemplatePolygon.horizontalSection_eq_Icc' depends on axioms: [propext,
2026-10-07T09:22:29.5004142Z  Classical.choice,
2026-10-07T09:22:29.5004504Z  Quot.sound]
2026-10-07T09:22:29.5005653Z 'TNLean.PEPS.AreaLaw.Geometry.Template.latticeRow_eq_Icc_ceil_floor' depends on axioms: [propext,
2026-10-07T09:22:29.5006208Z  Classical.choice,
2026-10-07T09:22:29.5006551Z  Quot.sound]
2026-10-07T09:22:29.5007630Z 'TNLean.PEPS.AreaLaw.Geometry.Template.mem_sample_of_row_between' depends on axioms: [propext,
2026-10-07T09:22:29.5008159Z  Classical.choice,
2026-10-07T09:22:29.5008458Z  Quot.sound]
2026-10-07T09:22:29.5009619Z 'TNLean.PEPS.AreaLaw.Geometry.Template.latticeRow_eq_Icc' depends on axioms: [propext, Classical.choice, Quot.sound]
2026-10-07T09:22:29.5011057Z 'TNLean.PEPS.AreaLaw.Geometry.Template.sample_subset_box' depends on axioms: [propext, Classical.choice, Quot.sound]
2026-10-07T09:22:29.5023694Z 'TNLean.PEPS.AreaLaw.Geometry.Template.card_sample_le' depends on axioms: [propext, Classical.choice, Quot.sound]
2026-10-07T09:22:29.5025823Z 'TNLean.PEPS.AreaLaw.Geometry.template_card_le' depends on axioms: [propext, Classical.choice, Quot.sound]
2026-10-07T09:22:29.5027766Z 'TNLean.PEPS.AreaLaw.Geometry.ceil_affine_row' depends on axioms: [propext, Classical.choice, Quot.sound]
2026-10-07T09:22:29.5029704Z 'TNLean.PEPS.AreaLaw.Geometry.floor_affine_row' depends on axioms: [propext, Classical.choice, Quot.sound]
2026-10-07T09:22:29.5031574Z 'TNLean.PEPS.AreaLaw.Geometry.mem_latticeRow_ambientDilation' depends on axioms: [propext, Classical.choice, Quot.sound]
2026-10-07T09:22:29.5033645Z 'TNLean.PEPS.AreaLaw.ambientDilation_add' depends on axioms: [propext, Classical.choice, Quot.sound]
2026-10-07T09:22:29.5035631Z 'TNLean.PEPS.AreaLaw.Geometry.Template.mem_latticeRow_dilation_iff' depends on axioms: [propext,
2026-10-07T09:22:29.5036836Z  Classical.choice,
2026-10-07T09:22:29.5037509Z  Quot.sound]
