Evidence: complete selected GitHub Actions step output.
CI job: https://github.com/LionSR/TNLean/actions/runs/37639834213/job/112855574904
Job head revision: c8dda1255e76316961e66d98b795a078ab9468b1
Checked-out merge revision: 71c40dacdf706b87df3c8b5cca405ea99e3aa251
Identical Git tree for both revisions: 59f8297d04461fcda2f0aa8c38a0ba7b6021d1aa
Job conclusion: success
Raw job-log SHA256: da02c7576b52b0013441563e0b226b61bbd54ad0c856aba105d0f241547c72aa
ANSI-stripped job-log SHA256: 36519ea952ee91df6a5601ef543faeacebf69cc24c53e753e9f1a46d6bf6a6e9
Formatting: ANSI escapes and trailing whitespace removed; complete selected steps retained.
CI steps: text-based style linter; Blueprint declaration generation; compiled Blueprint declaration check
All three step conclusions: success

2026-10-07T14:58:34.1908194Z ##[group]Run lake exe lint_style --github
2026-10-07T14:58:34.1908461Z lake exe lint_style --github
2026-10-07T14:58:34.1962967Z shell: /usr/bin/bash -e {0}
2026-10-07T14:58:34.1963188Z env:
2026-10-07T14:58:34.1963640Z   BUILD_CACHE_PATHS: .lake/build
.lake/packages/Gametheory/.lake/build
.lake/packages/checkdecls/.lake/build
.lake/packages/qiclean/.lake/build

2026-10-07T14:58:34.1964122Z ##[endgroup]

2026-10-07T14:58:38.1186025Z ##[group]Run python3 scripts/blueprint_lean_sync.py --root . --update-lean-decls
2026-10-07T14:58:38.1186735Z python3 scripts/blueprint_lean_sync.py --root . --update-lean-decls
2026-10-07T14:58:38.1291003Z shell: /usr/bin/bash -e {0}
2026-10-07T14:58:38.1291333Z env:
2026-10-07T14:58:38.1291810Z   BUILD_CACHE_PATHS: .lake/build
.lake/packages/Gametheory/.lake/build
.lake/packages/checkdecls/.lake/build
.lake/packages/qiclean/.lake/build

2026-10-07T14:58:38.1292328Z ##[endgroup]
2026-10-07T14:58:41.1447334Z Scanning Lean source tree …
2026-10-07T14:58:41.1447803Z   Found 32555 declarations in Lean source
2026-10-07T14:58:41.1448277Z   Found 7277 declarations in the qiclean dependency (7271 new)
2026-10-07T14:58:41.1448775Z Scanning blueprint .tex files …
2026-10-07T14:58:41.1449152Z   Found 20060 unique \lean{} references in blueprint
2026-10-07T14:58:41.1449579Z   Found 20054 theorem-like blueprint entries
2026-10-07T14:58:41.1450064Z   Updated blueprint/lean_decls with 20060 entries
2026-10-07T14:58:41.1450337Z
2026-10-07T14:58:41.1450490Z ======================================================================
2026-10-07T14:58:41.1451149Z   BLUEPRINT ↔ LEAN SYNC REPORT
2026-10-07T14:58:41.1451511Z ======================================================================
2026-10-07T14:58:41.1451773Z
2026-10-07T14:58:41.1451925Z Per-chapter formalization progress:
2026-10-07T14:58:41.1452366Z   Chapter                                             Done / Total       %
2026-10-07T14:58:41.1452858Z   --------------------------------------------------------------------
2026-10-07T14:58:41.1453388Z   src/appendix/ft_mps/ch06_qpf.tex                       1 /     1  100.0%
2026-10-07T14:58:41.1453967Z   src/appendix/ft_mps/ch07_spectral.tex                  8 /     8  100.0%
2026-10-07T14:58:41.1454533Z   src/appendix/ft_mps/ch08_wielandt.tex                 41 /    41  100.0%
2026-10-07T14:58:41.1455097Z   src/appendix/ft_mps/ch09_canonical_blocking_and_sectors.tex    36 /    36  100.0%
2026-10-07T14:58:41.1455667Z   src/appendix/ft_mps/ch09_canonical_splitting_and_gauges.tex    28 /    28  100.0%
2026-10-07T14:58:41.1456324Z   src/appendix/ft_mps/ch10_bnt_block_separation_and_suppliers.tex    10 /    10  100.0%
2026-10-07T14:58:41.1456910Z   src/appendix/ft_mps/ch10_bnt_normal_and_gram_support.tex    10 /    10  100.0%
2026-10-07T14:58:41.1457506Z   src/appendix/ft_mps/ch10_bnt_power_sums_and_sector_bookkeeping.tex    18 /    18  100.0%
2026-10-07T14:58:41.1458631Z   src/appendix/ft_mps/ch11_fundamental_theorem_coefficients_and_blocks.tex    11 /    11  100.0%
2026-10-07T14:58:41.1459322Z   src/appendix/ft_mps/ch11_fundamental_theorem_coordinates_and_unitaries.tex    13 /    13  100.0%
2026-10-07T14:58:41.1459944Z   src/appendix/ft_mps/ch12_symmetry_algebra.tex         12 /    12  100.0%
2026-10-07T14:58:41.1460485Z   src/appendix/ft_mps/ch12_symmetry_transfer_and_limits.tex    11 /    11  100.0%
2026-10-07T14:58:41.1461221Z   src/appendix/full_only/ch25_asymmetric_examples_supporting.tex    68 /    68  100.0%
2026-10-07T14:58:41.1461818Z   src/appendix/full_only/ch27_matrix_relative_commutant.tex     6 /     6  100.0%
2026-10-07T14:58:41.1462325Z   ch02_mps.tex                                          74 /    74  100.0%
2026-10-07T14:58:41.1462761Z   ch03_single.tex                                       13 /    13  100.0%
2026-10-07T14:58:41.1463163Z   ch06_qpf.tex                                          16 /    16  100.0%
2026-10-07T14:58:41.1463614Z   ch07_spectral_mixed_transfer_and_overlap.tex          25 /    25  100.0%
2026-10-07T14:58:41.1464165Z   ch07_spectral_peripheral_refinements_and_primitive_overlap.tex     9 /     9  100.0%
2026-10-07T14:58:41.1464711Z   ch08_wielandt_cumulative_bound.tex                    49 /    49  100.0%
2026-10-07T14:58:41.1465239Z   ch08_wielandt_fixed_length_and_normality.tex          25 /    25  100.0%
2026-10-07T14:58:41.1465758Z   ch08_wielandt_word_span_and_block_injectivity.tex      5 /     5  100.0%
2026-10-07T14:58:41.1466493Z   ch09_canonical.tex                                    10 /    10  100.0%
2026-10-07T14:58:41.1466986Z   ch09_canonical_forms_and_projectors_auxiliary.tex     54 /    54  100.0%
2026-10-07T14:58:41.1467485Z   ch09_canonical_ft_reduction.tex                       17 /    17  100.0%
2026-10-07T14:58:41.1467981Z   ch09_canonical_normal_forms_and_support_auxiliary.tex    25 /    25  100.0%
2026-10-07T14:58:41.1468505Z   ch09_canonical_unital_periodic.tex                     4 /     4  100.0%
2026-10-07T14:58:41.1468994Z   ch10_bnt_block_injective_form.tex                     17 /    17  100.0%
2026-10-07T14:58:41.1469494Z   ch10_bnt_definitions_and_characterization.tex          5 /     5  100.0%
2026-10-07T14:58:41.1469981Z   ch10_bnt_matching.tex                                  5 /     5  100.0%
2026-10-07T14:58:41.1470482Z   ch10_bnt_normal_blocks_and_overlap.tex                17 /    17  100.0%
2026-10-07T14:58:41.1471095Z   ch10_bnt_permutation_and_power_sums.tex                9 /     9  100.0%
2026-10-07T14:58:41.1471601Z   ch10_bnt_sector_canonical_form.tex                    91 /    91  100.0%
2026-10-07T14:58:41.1472098Z   ch11_fundamental_theorem_cases.tex                     6 /     6  100.0%
2026-10-07T14:58:41.1472585Z   ch11_fundamental_theorem_core.tex                     11 /    11  100.0%
2026-10-07T14:58:41.1473108Z   ch11_fundamental_theorem_product_algebra_interfaces.tex     4 /     4  100.0%
2026-10-07T14:58:41.1473609Z   ch12_symmetry_spt.tex                                695 /   695  100.0%
2026-10-07T14:58:41.1474098Z   ch12_symmetry_spt_mixed_fixed_points.tex              86 /    86  100.0%
2026-10-07T14:58:41.1474600Z   ch12_symmetry_string_order.tex                        31 /    31  100.0%
2026-10-07T14:58:41.1475112Z   ch12_symmetry_string_order_asymptotics.tex            19 /    19  100.0%
2026-10-07T14:58:41.1475628Z   ch12_symmetry_string_order_bounds.tex                  6 /     6  100.0%
2026-10-07T14:58:41.1476132Z   ch12_symmetry_string_order_examples.tex               63 /    63  100.0%
2026-10-07T14:58:41.1476636Z   ch12_symmetry_string_order_finite_endpoints.tex       11 /    11  100.0%
2026-10-07T14:58:41.1477135Z   ch12_symmetry_string_order_periodic.tex               16 /    16  100.0%
2026-10-07T14:58:41.1477635Z   ch12_symmetry_string_order_spectrum.tex               15 /    15  100.0%
2026-10-07T14:58:41.1478155Z   ch12_symmetry_virtual_and_cohomology.tex              35 /    35  100.0%
2026-10-07T14:58:41.1478845Z   ch13_parent_hamiltonian_block_diagonal.tex            56 /    56  100.0%
2026-10-07T14:58:41.1479421Z   ch13_parent_hamiltonian_block_diagonal_boundary_crossing_comparisons.tex    15 /    15  100.0%
2026-10-07T14:58:41.1480150Z   ch13_parent_hamiltonian_block_diagonal_chain_equality.tex    14 /    14  100.0%
2026-10-07T14:58:41.1480971Z   ch13_parent_hamiltonian_block_diagonal_periodic_components.tex    22 /    22  100.0%
2026-10-07T14:58:41.1481586Z   ch13_parent_hamiltonian_block_diagonal_single_block_constraints.tex    13 /    13  100.0%
2026-10-07T14:58:41.1482151Z   ch13_parent_hamiltonian_block_intersections.tex      126 /   126  100.0%
2026-10-07T14:58:41.1482745Z   ch13_parent_hamiltonian_block_intersections_intersection_consequences.tex    23 /    23  100.0%
2026-10-07T14:58:41.1483374Z   ch13_parent_hamiltonian_block_intersections_trace_identities.tex    18 /    18  100.0%
2026-10-07T14:58:41.1483924Z   ch13_parent_hamiltonian_blocking_transport.tex        25 /    25  100.0%
2026-10-07T14:58:41.1484415Z   ch13_parent_hamiltonian_bnt_consequences.tex           2 /     2  100.0%
2026-10-07T14:58:41.1484946Z   ch13_parent_hamiltonian_commuting_gap_all_chain_sector_graph.tex    36 /    36  100.0%
2026-10-07T14:58:41.1485537Z   ch13_parent_hamiltonian_commuting_gap_appendix_b_commutation.tex    29 /    29  100.0%
2026-10-07T14:58:41.1486122Z   ch13_parent_hamiltonian_commuting_gap_appendix_b_supports.tex    34 /    34  100.0%
2026-10-07T14:58:41.1486661Z   ch13_parent_hamiltonian_commuting_gap_beigi_loops.tex    63 /    63  100.0%
2026-10-07T14:58:41.1487335Z   ch13_parent_hamiltonian_commuting_gap_local_terms.tex    53 /    53  100.0%
2026-10-07T14:58:41.1487871Z   ch13_parent_hamiltonian_commuting_gap_rfp_ground_spaces.tex    23 /    23  100.0%
2026-10-07T14:58:41.1488424Z   ch13_parent_hamiltonian_decorrelation_commuting_structure.tex    27 /    27  100.0%
2026-10-07T14:58:41.1488977Z   ch13_parent_hamiltonian_decorrelation_marginal_supports.tex    31 /    31  100.0%
2026-10-07T14:58:41.1489503Z   ch13_parent_hamiltonian_half_chain_schmidt.tex        66 /    66  100.0%
2026-10-07T14:58:41.1489981Z   ch13_parent_hamiltonian_injective_boundary.tex        35 /    35  100.0%
2026-10-07T14:58:41.1490470Z   ch13_parent_hamiltonian_injective_ground_spaces.tex     1 /     1  100.0%
2026-10-07T14:58:41.1491242Z   ch13_parent_hamiltonian_injective_ground_spaces_intersection_property.tex    61 /    61  100.0%
2026-10-07T14:58:41.1491900Z   ch13_parent_hamiltonian_injective_ground_spaces_local_parent_interaction.tex   221 /   221  100.0%
2026-10-07T14:58:41.1492475Z   ch13_parent_hamiltonian_normal_boundary.tex           15 /    15  100.0%
2026-10-07T14:58:41.1492989Z   ch13_parent_hamiltonian_normal_closing_boundary_equations.tex    16 /    16  100.0%
2026-10-07T14:58:41.1493549Z   ch13_parent_hamiltonian_normal_closing_boundary_products.tex     9 /     9  100.0%
2026-10-07T14:58:41.1494063Z   ch13_parent_hamiltonian_normal_closing_reverse.tex    20 /    20  100.0%
2026-10-07T14:58:41.1494547Z   ch13_parent_hamiltonian_physical_deformation.tex      31 /    31  100.0%
2026-10-07T14:58:41.1495034Z   ch13_parent_hamiltonian_spectral_gap_continuity.tex   141 /   141  100.0%
2026-10-07T14:58:41.1495561Z   ch13_parent_hamiltonian_spectral_gap_hilbert_space_rowsum.tex    68 /    68  100.0%
2026-10-07T14:58:41.1496084Z   ch13_parent_hamiltonian_spectral_gap_martingale.tex   560 /   560  100.0%
2026-10-07T14:58:41.1496623Z   ch13_parent_hamiltonian_spectral_gap_martingale_cyclic_overlap.tex    23 /    23  100.0%
2026-10-07T14:58:41.1497160Z   ch13_parent_hamiltonian_uncle.tex                     20 /    20  100.0%
2026-10-07T14:58:41.1497604Z   ch14_correlations.tex                                 23 /    23  100.0%
2026-10-07T14:58:41.1498043Z   ch14_correlations_jordan.tex                           5 /     5  100.0%
2026-10-07T14:58:41.1498483Z   ch15_examples_aklt.tex                                65 /    65  100.0%
2026-10-07T14:58:41.1498923Z   ch15_examples_cluster_state.tex                       46 /    46  100.0%
2026-10-07T14:58:41.1499535Z   ch15_examples_cpsv16_example_34.tex                    8 /     8  100.0%
2026-10-07T14:58:41.1499974Z   ch15_examples_ghz.tex                                 55 /    55  100.0%
2026-10-07T14:58:41.1500409Z   ch15_examples_kitaev_chain.tex                        26 /    26  100.0%
2026-10-07T14:58:41.1500981Z   ch15_examples_majumdar_ghosh.tex                      77 /    77  100.0%
2026-10-07T14:58:41.1501465Z   ch15_examples_parent_hamiltonians.tex                 73 /    73  100.0%
2026-10-07T14:58:41.1501923Z   ch15_examples_product_states.tex                       7 /     7  100.0%
2026-10-07T14:58:41.1502362Z   ch15_examples_pvbs.tex                                43 /    43  100.0%
2026-10-07T14:58:41.1502808Z   ch15_examples_pvbs_critical_gap.tex                    7 /     7  100.0%
2026-10-07T14:58:41.1503251Z   ch15_examples_pvbs_gap.tex                            18 /    18  100.0%
2026-10-07T14:58:41.1503675Z   ch15_examples_w_state.tex                             40 /    40  100.0%
2026-10-07T14:58:41.1504121Z   ch15_examples_w_state_sharper.tex                      6 /     6  100.0%
2026-10-07T14:58:41.1504608Z   ch20_mpdo_canonical_forms_first_site_contractions.tex    36 /    36  100.0%
2026-10-07T14:58:41.1505120Z   ch20_mpdo_canonical_forms_intro_finite_separation.tex    28 /    28  100.0%
2026-10-07T14:58:41.1505614Z   ch20_mpdo_canonical_forms_periodic_sectors.tex        23 /    23  100.0%
2026-10-07T14:58:41.1506221Z   ch20_mpdo_canonical_forms_positivity_gram_normalization.tex    66 /    66  100.0%
2026-10-07T14:58:41.1507105Z   ch20_mpdo_canonical_forms_representative_marked.tex    42 /    42  100.0%
2026-10-07T14:58:41.1507634Z   ch20_mpdo_canonical_forms_vertical_direct_sums.tex    33 /    33  100.0%
2026-10-07T14:58:41.1508122Z   ch20_mpdo_foundations.tex                             34 /    34  100.0%
2026-10-07T14:58:41.1508588Z   ch20_mpdo_symmetry.tex                                85 /    85  100.0%
2026-10-07T14:58:41.1509051Z   ch21_mpdo_rfp_algebra_tower.tex                       21 /    21  100.0%
2026-10-07T14:58:41.1509580Z   ch21_mpdo_rfp_area_law_diagonal_and_pure_state_bounds.tex    48 /    48  100.0%
2026-10-07T14:58:41.1510092Z   ch21_mpdo_rfp_area_law_mixed_state_bounds.tex         76 /    76  100.0%
2026-10-07T14:58:41.1510589Z   ch21_mpdo_rfp_blocked_rfp_fusion_decomposition.tex    90 /    90  100.0%
2026-10-07T14:58:41.1511308Z   ch21_mpdo_rfp_blocked_rfp_positive_blocking_and_sector_algebra.tex    48 /    48  100.0%
2026-10-07T14:58:41.1511922Z   ch21_mpdo_rfp_blocked_rfp_retained_vertical_coordinates.tex    66 /    66  100.0%
2026-10-07T14:58:41.1512486Z   ch21_mpdo_rfp_blocked_rfp_transported_vertical_maps.tex    27 /    27  100.0%
2026-10-07T14:58:41.1513016Z   ch21_mpdo_rfp_bnt_ambient_sector_maps.tex             49 /    49  100.0%
2026-10-07T14:58:41.1513533Z   ch21_mpdo_rfp_bnt_coefficients_definitions.tex        62 /    62  100.0%
2026-10-07T14:58:41.1514026Z   ch21_mpdo_rfp_bnt_coefficients_dimer.tex              93 /    93  100.0%
2026-10-07T14:58:41.1514530Z   ch21_mpdo_rfp_bnt_coefficients_flag_sectors.tex      119 /   119  100.0%
2026-10-07T14:58:41.1515020Z   ch21_mpdo_rfp_bnt_coefficients_rescaling.tex          26 /    26  100.0%
2026-10-07T14:58:41.1515504Z   ch21_mpdo_rfp_bnt_coefficients_uniqueness.tex         27 /    27  100.0%
2026-10-07T14:58:41.1516003Z   ch21_mpdo_rfp_bnt_conditional_physical_channels.tex    38 /    38  100.0%
2026-10-07T14:58:41.1516546Z   ch21_mpdo_rfp_bnt_direct_sum_unitary_conjugations.tex    15 /    15  100.0%
2026-10-07T14:58:41.1517065Z   ch21_mpdo_rfp_bnt_theorem_data_algebra_extensions.tex    20 /    20  100.0%
2026-10-07T14:58:41.1517603Z   ch21_mpdo_rfp_bnt_theorem_data_idempotence_comparison.tex    41 /    41  100.0%
2026-10-07T14:58:41.1518155Z   ch21_mpdo_rfp_bnt_theorem_data_multiplicity_gauges.tex    19 /    19  100.0%
2026-10-07T14:58:41.1518686Z   ch21_mpdo_rfp_bnt_theorem_data_singleton.tex          80 /    80  100.0%
2026-10-07T14:58:41.1519172Z   ch21_mpdo_rfp_bnt_witnesses.tex                       45 /    45  100.0%
2026-10-07T14:58:41.1519799Z   ch21_mpdo_rfp_commuting_form_bond_products.tex        58 /    58  100.0%
2026-10-07T14:58:41.1520315Z   ch21_mpdo_rfp_commuting_form_cyclic_active_markov.tex    88 /    88  100.0%
2026-10-07T14:58:41.1520942Z   ch21_mpdo_rfp_foundations.tex                         57 /    57  100.0%
2026-10-07T14:58:41.1521473Z   ch21_mpdo_rfp_fusion_isometries_complete_zipper_coherence.tex    65 /    65  100.0%
2026-10-07T14:58:41.1522042Z   ch21_mpdo_rfp_fusion_isometries_fixed_final_comparison.tex    29 /    29  100.0%
2026-10-07T14:58:41.1522578Z   ch21_mpdo_rfp_fusion_isometries_foundations.tex       39 /    39  100.0%
2026-10-07T14:58:41.1523067Z   ch21_mpdo_rfp_fusion_isometries_product_laws.tex      30 /    30  100.0%
2026-10-07T14:58:41.1523641Z   ch21_mpdo_rfp_fusion_isometries_recursive_density_fusion_layers.tex    36 /    36  100.0%
2026-10-07T14:58:41.1524312Z   ch21_mpdo_rfp_fusion_isometries_recursive_density_spectral_gibbs.tex    39 /    39  100.0%
2026-10-07T14:58:41.1524894Z   ch21_mpdo_rfp_gsnnch_definitions.tex                  67 /    67  100.0%
2026-10-07T14:58:41.1525381Z   ch21_mpdo_rfp_local_embedding_coordinates.tex          4 /     4  100.0%
2026-10-07T14:58:41.1525862Z   ch21_mpdo_rfp_peps_boundary.tex                        5 /     5  100.0%
2026-10-07T14:58:41.1526343Z   ch21_mpdo_rfp_physical_isometric_embeddings.tex       24 /    24  100.0%
2026-10-07T14:58:41.1526852Z   ch21_mpdo_rfp_renormalization.tex                     65 /    65  100.0%
2026-10-07T14:58:41.1527466Z   ch21_mpdo_rfp_simple_case_two.tex                     24 /    24  100.0%
2026-10-07T14:58:41.1527957Z   ch21_mpdo_rfp_simple_definition.tex                   31 /    31  100.0%
2026-10-07T14:58:41.1528473Z   ch21_mpdo_rfp_simple_local_closed_sector_contractions.tex    25 /    25  100.0%
2026-10-07T14:58:41.1529046Z   ch21_mpdo_rfp_simple_local_coherent_positive_rephasing.tex    62 /    62  100.0%
2026-10-07T14:58:41.1529605Z   ch21_mpdo_rfp_simple_local_commuting_physical_bonds.tex    34 /    34  100.0%
2026-10-07T14:58:41.1530163Z   ch21_mpdo_rfp_simple_local_inverse_map_factorization.tex    29 /    29  100.0%
2026-10-07T14:58:41.1530867Z   ch21_mpdo_rfp_simple_local_markov_bnt_compression.tex    79 /    79  100.0%
2026-10-07T14:58:41.1531427Z   ch21_mpdo_rfp_simple_local_neighboring_bond_contractions.tex   107 /   107  100.0%
2026-10-07T14:58:41.1532066Z   ch21_mpdo_rfp_simple_local_normalized_preparations_completed_channels.tex    53 /    53  100.0%
2026-10-07T14:58:41.1532787Z   ch21_mpdo_rfp_simple_local_normalized_preparations_controlled_partial_traces.tex    47 /    47  100.0%
2026-10-07T14:58:41.1533456Z   ch21_mpdo_rfp_simple_local_primitivity_active_trace_matrix.tex    85 /    85  100.0%
2026-10-07T14:58:41.1534063Z   ch21_mpdo_rfp_simple_local_primitivity_rank_one_trace_matrix.tex    38 /    38  100.0%
2026-10-07T14:58:41.1534706Z   ch21_mpdo_rfp_simple_local_refinement_channels_physical_coordinates.tex    60 /    60  100.0%
2026-10-07T14:58:41.1535384Z   ch21_mpdo_rfp_simple_local_refinement_channels_sector_coordinates.tex    64 /    64  100.0%
2026-10-07T14:58:41.1535966Z   ch21_mpdo_rfp_simple_local_structure_capstone.tex    324 /   324  100.0%
2026-10-07T14:58:41.1536447Z   ch21_mpdo_rfp_strong.tex                              13 /    13  100.0%
2026-10-07T14:58:41.1536916Z   ch21_mpdo_twisted_dimer_bond_simple.tex                9 /     9  100.0%
2026-10-07T14:58:41.1537406Z   ch22_periodic_ft_common_period_blocking.tex            3 /     3  100.0%
2026-10-07T14:58:41.1537899Z   ch22_periodic_ft_equal_case_statement.tex             15 /    15  100.0%
2026-10-07T14:58:41.1538384Z   ch22_periodic_ft_irreducible_rotation.tex             24 /    24  100.0%
2026-10-07T14:58:41.1538931Z   ch22_periodic_ft_overlap_cyclic_sectors.tex           19 /    19  100.0%
2026-10-07T14:58:41.1539423Z   ch22_periodic_ft_overlap_foundations.tex              22 /    22  100.0%
2026-10-07T14:58:41.1539941Z   ch22_periodic_ft_overlap_sector_match_and_consequences.tex    34 /    34  100.0%
2026-10-07T14:58:41.1540853Z   ch22_periodic_ft_physical_symmetries.tex               6 /     6  100.0%
2026-10-07T14:58:41.1541367Z   ch22_periodic_ft_refinement_divisibility.tex          82 /    82  100.0%
2026-10-07T14:58:41.1541856Z   ch22_periodic_ft_z_gauge.tex                          10 /    10  100.0%
2026-10-07T14:58:41.1542340Z   ch23_algebraic_ft_direct_sums_and_symmetry.tex        14 /    14  100.0%
2026-10-07T14:58:41.1542843Z   ch23_algebraic_ft_foundations.tex                     71 /    71  100.0%
2026-10-07T14:58:41.1543365Z   ch23_algebraic_ft_injective_chains_and_product_algebra.tex    24 /    24  100.0%
2026-10-07T14:58:41.1543936Z   ch24_peps_actual_cycle_physical_permutation.tex        4 /     4  100.0%
2026-10-07T14:58:41.1544472Z   ch24_peps_actual_horizontal_flux_move.tex              8 /     8  100.0%
2026-10-07T14:58:41.1544993Z   ch24_peps_actual_route_flux_move.tex                  20 /    20  100.0%
2026-10-07T14:58:41.1545475Z   ch24_peps_arc_window_gauge.tex                        10 /    10  100.0%
2026-10-07T14:58:41.1545955Z   ch24_peps_arc_window_transfer.tex                      7 /     7  100.0%
2026-10-07T14:58:41.1546445Z   ch24_peps_area_law_exponent_bootstrap.tex             10 /    10  100.0%
2026-10-07T14:58:41.1546949Z   ch24_peps_area_law_models.tex                         70 /    70  100.0%
2026-10-07T14:58:41.1547488Z   ch24_peps_bond_coordinate_transport.tex                5 /     5  100.0%
2026-10-07T14:58:41.1548020Z   ch24_peps_charge_string_deformation.tex                6 /     6  100.0%
2026-10-07T14:58:41.1548685Z   ch24_peps_coherent_multiplicity_transport.tex          2 /     2  100.0%
2026-10-07T14:58:41.1549267Z   ch24_peps_commuting_regional_constraints.tex          65 /    65  100.0%
2026-10-07T14:58:41.1549837Z   ch24_peps_complement_path_replacement.tex              3 /     3  100.0%
2026-10-07T14:58:41.1550363Z   ch24_peps_conjugacy_class_invariance.tex               1 /     1  100.0%
2026-10-07T14:58:41.1550974Z   ch24_peps_copy_parent_transport.tex                   64 /    64  100.0%
2026-10-07T14:58:41.1551475Z   ch24_peps_cycle_assignment_support.tex                 4 /     4  100.0%
2026-10-07T14:58:41.1551964Z   ch24_peps_cycle_flux_measurement.tex                   3 /     3  100.0%
2026-10-07T14:58:41.1552436Z   ch24_peps_cycle_ground_space.tex                       8 /     8  100.0%
2026-10-07T14:58:41.1552931Z   ch24_peps_czx_rectangle_boundary.tex                  58 /    58  100.0%
2026-10-07T14:58:41.1553430Z   ch24_peps_delta_inverse.tex                           16 /    16  100.0%
2026-10-07T14:58:41.1553936Z   ch24_peps_dependent_bond_support.tex                  28 /    28  100.0%
2026-10-07T14:58:41.1554459Z   ch24_peps_dependent_closure_dimension.tex             17 /    17  100.0%
2026-10-07T14:58:41.1554950Z   ch24_peps_dependent_networks.tex                      45 /    45  100.0%
2026-10-07T14:58:41.1555453Z   ch24_peps_dependent_open_intersection.tex             58 /    58  100.0%
2026-10-07T14:58:41.1555954Z   ch24_peps_dependent_projectors.tex                    36 /    36  100.0%
2026-10-07T14:58:41.1556430Z   ch24_peps_examples.tex                              1002 /  1002  100.0%
2026-10-07T14:58:41.1556910Z   ch24_peps_finite_group_commutant.tex                  12 /    12  100.0%
2026-10-07T14:58:41.1557396Z   ch24_peps_first_string_physical_crossing.tex           7 /     7  100.0%
2026-10-07T14:58:41.1557883Z   ch24_peps_four_cut_common_boundaries.tex              50 /    50  100.0%
2026-10-07T14:58:41.1558377Z   ch24_peps_four_cut_common_projectors.tex              40 /    40  100.0%
2026-10-07T14:58:41.1558871Z   ch24_peps_four_cut_common_reconstruction.tex          36 /    36  100.0%
2026-10-07T14:58:41.1559380Z   ch24_peps_four_cut_labelled_geometry.tex              45 /    45  100.0%
2026-10-07T14:58:41.1559874Z   ch24_peps_fourier_commutativity.tex                    3 /     3  100.0%
2026-10-07T14:58:41.1560390Z   ch24_peps_fourier_parent_transport.tex                30 /    30  100.0%
2026-10-07T14:58:41.1561196Z   ch24_peps_ft_balanced_edge_scalars.tex                18 /    18  100.0%
2026-10-07T14:58:41.1561752Z   ch24_peps_ft_edge_kernel_gauges_absorption_scalar_comparison.tex    21 /    21  100.0%
2026-10-07T14:58:41.1562379Z   ch24_peps_ft_edge_kernel_gauges_insertion_algebra_local_gauges.tex    12 /    12  100.0%
2026-10-07T14:58:41.1562983Z   ch24_peps_ft_edge_kernel_gauges_kernel_descent_recovery.tex    18 /    18  100.0%
2026-10-07T14:58:41.1563493Z   ch24_peps_ft_edge_middle.tex                          49 /    49  100.0%
2026-10-07T14:58:41.1563976Z   ch24_peps_ft_foundations.tex                          80 /    80  100.0%
2026-10-07T14:58:41.1564465Z   ch24_peps_ft_normal_capstone_normal_mps.tex           32 /    32  100.0%
2026-10-07T14:58:41.1564936Z   ch24_peps_ft_normal_capstone_normal_peps.tex          18 /    18  100.0%
2026-10-07T14:58:41.1565503Z   ch24_peps_ft_normal_capstone_site_dependent_and_vertex_injective.tex    41 /    41  100.0%
2026-10-07T14:58:41.1566158Z   ch24_peps_ft_normal_square_blocking_and_fundamental.tex     5 /     5  100.0%
2026-10-07T14:58:41.1566693Z   ch24_peps_ft_normal_square_coordinate_regions.tex     83 /    83  100.0%
2026-10-07T14:58:41.1567214Z   ch24_peps_ft_normal_square_rectangular_injectivity.tex    93 /    93  100.0%
2026-10-07T14:58:41.1567801Z   ch24_peps_ft_normal_square_translated_windows_and_comparison.tex    87 /    87  100.0%
2026-10-07T14:58:41.1568361Z   ch24_peps_ft_normal_union.tex                         72 /    72  100.0%
2026-10-07T14:58:41.1568987Z   ch24_peps_ft_region_transfer_absorption.tex           11 /    11  100.0%
2026-10-07T14:58:41.1569485Z   ch24_peps_ft_region_transfer_covariance.tex           23 /    23  100.0%
2026-10-07T14:58:41.1569973Z   ch24_peps_ft_region_transfer_insertions.tex           54 /    54  100.0%
2026-10-07T14:58:41.1570453Z   ch24_peps_ft_region_transfer_maps.tex                 47 /    47  100.0%
2026-10-07T14:58:41.1571101Z   ch24_peps_ft_torus_bond_local.tex                      3 /     3  100.0%
2026-10-07T14:58:41.1571604Z   ch24_peps_ft_torus_bond_uniform.tex                    6 /     6  100.0%
2026-10-07T14:58:41.1572086Z   ch24_peps_ft_torus_corner_cancellation.tex            20 /    20  100.0%
2026-10-07T14:58:41.1572587Z   ch24_peps_ft_torus_row_cut_obstruction.tex             3 /     3  100.0%
2026-10-07T14:58:41.1573090Z   ch24_peps_ft_torus_single_bond_peeling.tex            69 /    69  100.0%
2026-10-07T14:58:41.1573600Z   ch24_peps_ft_torus_staircase_geometry_and_ft.tex      26 /    26  100.0%
2026-10-07T14:58:41.1574161Z   ch24_peps_ft_torus_translation_and_reference_windows.tex    43 /    43  100.0%
2026-10-07T14:58:41.1574688Z   ch24_peps_ft_torus_virtual_operation_family.tex       53 /    53  100.0%
2026-10-07T14:58:41.1575202Z   ch24_peps_ft_torus_window_gauge_uniqueness.tex         3 /     3  100.0%
2026-10-07T14:58:41.1575716Z   ch24_peps_ft_torus_window_independence.tex             3 /     3  100.0%
2026-10-07T14:58:41.1576195Z   ch24_peps_ft_torus_window_realizes.tex                 3 /     3  100.0%
2026-10-07T14:58:41.1576685Z   ch24_peps_ft_torus_window_scalar_comparison.tex       25 /    25  100.0%
2026-10-07T14:58:41.1577170Z   ch24_peps_full_four_cut_closure.tex                   24 /    24  100.0%
2026-10-07T14:58:41.1577653Z   ch24_peps_full_region_ground_space.tex                15 /    15  100.0%
2026-10-07T14:58:41.1578170Z   ch24_peps_g_injective_cut_compatibility.tex            7 /     7  100.0%
2026-10-07T14:58:41.1578671Z   ch24_peps_g_injective_cut_range.tex                    4 /     4  100.0%
2026-10-07T14:58:41.1579180Z   ch24_peps_g_injective_physical_equivalence.tex         2 /     2  100.0%
2026-10-07T14:58:41.1579669Z   ch24_peps_g_injective_physical_map.tex                21 /    21  100.0%
2026-10-07T14:58:41.1580167Z   ch24_peps_g_injective_physical_normal_form.tex         1 /     1  100.0%
2026-10-07T14:58:41.1580777Z   ch24_peps_g_injective_range_equivalence.tex            7 /     7  100.0%
2026-10-07T14:58:41.1581288Z   ch24_peps_g_injective_strip_intersection.tex          12 /    12  100.0%
2026-10-07T14:58:41.1581937Z   ch24_peps_g_injective_strip_parent_ground_space.tex    12 /    12  100.0%
2026-10-07T14:58:41.1582445Z   ch24_peps_g_injective_virtual_comparison.tex           6 /     6  100.0%
2026-10-07T14:58:41.1582941Z   ch24_peps_g_isometric_regional_parents.tex            81 /    81  100.0%
2026-10-07T14:58:41.1583458Z   ch24_peps_gauged_horizontal_flux_move.tex              3 /     3  100.0%
2026-10-07T14:58:41.1583935Z   ch24_peps_gauged_route_step.tex                        3 /     3  100.0%
2026-10-07T14:58:41.1584415Z   ch24_peps_gauged_vertical_flux_move.tex                3 /     3  100.0%
2026-10-07T14:58:41.1584940Z   ch24_peps_general_three_block_intersection.tex       103 /   103  100.0%
2026-10-07T14:58:41.1585465Z   ch24_peps_graph_averaging_bonds.tex                   19 /    19  100.0%
2026-10-07T14:58:41.1585967Z   ch24_peps_graph_inserted_bond_state.tex                8 /     8  100.0%
2026-10-07T14:58:41.1586485Z   ch24_peps_graph_inserted_semiregular_equivalence.tex     1 /     1  100.0%
2026-10-07T14:58:41.1586996Z   ch24_peps_graph_inserted_semiregular_factory.tex       1 /     1  100.0%
2026-10-07T14:58:41.1587524Z   ch24_peps_graph_open_averaging_bond_state.tex          6 /     6  100.0%
2026-10-07T14:58:41.1588021Z   ch24_peps_graph_open_region_contraction.tex            6 /     6  100.0%
2026-10-07T14:58:41.1588516Z   ch24_peps_graph_open_semiregular_support.tex          15 /    15  100.0%
2026-10-07T14:58:41.1589016Z   ch24_peps_graph_regular_state_nonzero.tex              3 /     3  100.0%
2026-10-07T14:58:41.1589673Z   ch24_peps_graph_semiregular_equivalence.tex            3 /     3  100.0%
2026-10-07T14:58:41.1590197Z   ch24_peps_initial_string_right_step.tex                6 /     6  100.0%
2026-10-07T14:58:41.1590820Z   ch24_peps_injective_covering_parent_ground_space.tex     4 /     4  100.0%
2026-10-07T14:58:41.1591342Z   ch24_peps_injective_nearest_neighbor_parent.tex       15 /    15  100.0%
2026-10-07T14:58:41.1591895Z   ch24_peps_injective_parent_reconstruction_counterexample.tex    25 /    25  100.0%
2026-10-07T14:58:41.1592469Z   ch24_peps_injective_region_parent_transport.tex        5 /     5  100.0%
2026-10-07T14:58:41.1592970Z   ch24_peps_injective_region_support.tex                10 /    10  100.0%
2026-10-07T14:58:41.1593482Z   ch24_peps_injective_vertex_coordinates.tex            14 /    14  100.0%
2026-10-07T14:58:41.1593958Z   ch24_peps_integer_boundary_contour.tex                 1 /     1  100.0%
2026-10-07T14:58:41.1594443Z   ch24_peps_integer_contact_connectivity.tex             4 /     4  100.0%
2026-10-07T14:58:41.1595085Z   ch24_peps_internal_gauge_transport.tex                 5 /     5  100.0%
2026-10-07T14:58:41.1595546Z   ch24_peps_irreducible_ext.tex                          1 /     1  100.0%
2026-10-07T14:58:41.1596038Z   ch24_peps_joint_flux_measurement.tex                   8 /     8  100.0%
2026-10-07T14:58:41.1596551Z   ch24_peps_kitaev_checkerboard_blocking.tex            19 /    19  100.0%
2026-10-07T14:58:41.1597030Z   ch24_peps_kitaev_global_blocking.tex                  33 /    33  100.0%
2026-10-07T14:58:41.1597515Z   ch24_peps_kitaev_native_boundary_cnot.tex             13 /    13  100.0%
2026-10-07T14:58:41.1598066Z   ch24_peps_kitaev_native_checkerboard_blocking.tex      5 /     5  100.0%
2026-10-07T14:58:41.1598577Z   ch24_peps_local_equivalence.tex                        4 /     4  100.0%
2026-10-07T14:58:41.1599081Z   ch24_peps_monoid_hom_commuting_weight.tex              2 /     2  100.0%
2026-10-07T14:58:41.1599588Z   ch24_peps_native_parent_seam_cuts.tex                 58 /    58  100.0%
2026-10-07T14:58:41.1600086Z   ch24_peps_native_semiregular_parent.tex               35 /    35  100.0%
2026-10-07T14:58:41.1600613Z   ch24_peps_nested_cylinder_orthogonalization.tex       24 /    24  100.0%
2026-10-07T14:58:41.1601314Z   ch24_peps_nonuniform_native_parent_classification.tex    41 /    41  100.0%
2026-10-07T14:58:41.1601860Z   ch24_peps_oriented_coordinate_transport.tex           24 /    24  100.0%
2026-10-07T14:58:41.1602546Z   ch24_peps_oriented_copy_parent_transport.tex          34 /    34  100.0%
2026-10-07T14:58:41.1603054Z   ch24_peps_oriented_open_contractions.tex              47 /    47  100.0%
2026-10-07T14:58:41.1603557Z   ch24_peps_orthogonal_sectors.tex                       2 /     2  100.0%
2026-10-07T14:58:41.1604037Z   ch24_peps_pair_centralizer_count.tex                   9 /     9  100.0%
2026-10-07T14:58:41.1604531Z   ch24_peps_parent_ground_state_observables.tex          5 /     5  100.0%
2026-10-07T14:58:41.1605031Z   ch24_peps_permutation_matrix_commutation.tex           1 /     1  100.0%
2026-10-07T14:58:41.1605526Z   ch24_peps_physical_bond_regrouping.tex                13 /    13  100.0%
2026-10-07T14:58:41.1605999Z   ch24_peps_physical_coherent_transport.tex              2 /     2  100.0%
2026-10-07T14:58:41.1606469Z   ch24_peps_physical_support.tex                         3 /     3  100.0%
2026-10-07T14:58:41.1606937Z   ch24_peps_range_parent_transport.tex                  19 /    19  100.0%
2026-10-07T14:58:41.1618323Z   ch24_peps_rectangle_realization.tex                    1 /     1  100.0%
2026-10-07T14:58:41.1618974Z   ch24_peps_region_entanglement_bound.tex                7 /     7  100.0%
2026-10-07T14:58:41.1619528Z   ch24_peps_region_ground_space.tex                      8 /     8  100.0%
2026-10-07T14:58:41.1620146Z   ch24_peps_region_ground_space_nesting.tex             12 /    12  100.0%
2026-10-07T14:58:41.1620769Z   ch24_peps_region_half_edge_regrouping.tex              5 /     5  100.0%
2026-10-07T14:58:41.1621490Z   ch24_peps_region_parent_comparison.tex                11 /    11  100.0%
2026-10-07T14:58:41.1622028Z   ch24_peps_region_parent_gap_criterion.tex             16 /    16  100.0%
2026-10-07T14:58:41.1622588Z   ch24_peps_region_parent_hamiltonian.tex               20 /    20  100.0%
2026-10-07T14:58:41.1623160Z   ch24_peps_region_physical_deformation.tex             14 /    14  100.0%
2026-10-07T14:58:41.1623693Z   ch24_peps_region_physical_ground_space_transport.tex    16 /    16  100.0%
2026-10-07T14:58:41.1624294Z   ch24_peps_region_physical_hamiltonian_transport.tex    14 /    14  100.0%
2026-10-07T14:58:41.1624883Z   ch24_peps_region_reduced_density.tex                   9 /     9  100.0%
2026-10-07T14:58:41.1625465Z   ch24_peps_region_vertex_image_support.tex              6 /     6  100.0%
2026-10-07T14:58:41.1626041Z   ch24_peps_regular_boundary_gibbs_support.tex           9 /     9  100.0%
2026-10-07T14:58:41.1626626Z   ch24_peps_regular_boundary_local_algebra.tex           5 /     5  100.0%
2026-10-07T14:58:41.1627224Z   ch24_peps_regular_boundary_supported_gram.tex         15 /    15  100.0%
2026-10-07T14:58:41.1627804Z   ch24_peps_regular_charge_bond_contraction.tex          3 /     3  100.0%
2026-10-07T14:58:41.1628385Z   ch24_peps_regular_charge_complete_measurement.tex      7 /     7  100.0%
2026-10-07T14:58:41.1628977Z   ch24_peps_regular_charge_coordinates.tex               8 /     8  100.0%
2026-10-07T14:58:41.1629556Z   ch24_peps_regular_charge_detector_matrix.tex           9 /     9  100.0%
2026-10-07T14:58:41.1630149Z   ch24_peps_regular_charge_flux_physical_transport.tex    20 /    20  100.0%
2026-10-07T14:58:41.1630881Z   ch24_peps_regular_charge_labels.tex                    5 /     5  100.0%
2026-10-07T14:58:41.1631448Z   ch24_peps_regular_charge_pair.tex                      9 /     9  100.0%
2026-10-07T14:58:41.1631978Z   ch24_peps_regular_charge_pair_interference.tex        12 /    12  100.0%
2026-10-07T14:58:41.1632531Z   ch24_peps_regular_charge_pair_preparation.tex          4 /     4  100.0%
2026-10-07T14:58:41.1633027Z   ch24_peps_regular_charge_pair_readout.tex              3 /     3  100.0%
2026-10-07T14:58:41.1633541Z   ch24_peps_regular_charge_pair_sectors.tex              5 /     5  100.0%
2026-10-07T14:58:41.1634151Z   ch24_peps_regular_charge_subspace.tex                 13 /    13  100.0%
2026-10-07T14:58:41.1634723Z   ch24_peps_regular_coherent_global_transport.tex        3 /     3  100.0%
2026-10-07T14:58:41.1635528Z   ch24_peps_regular_connector_holonomy.tex               3 /     3  100.0%
2026-10-07T14:58:41.1636103Z   ch24_peps_regular_cycle_global_flux_creation.tex       1 /     1  100.0%
2026-10-07T14:58:41.1636609Z   ch24_peps_regular_cycle_global_permutation.tex         2 /     2  100.0%
2026-10-07T14:58:41.1637117Z   ch24_peps_regular_cycle_permutation.tex                8 /     8  100.0%
2026-10-07T14:58:41.1637641Z   ch24_peps_regular_cycle_physical_flux_creation.tex     7 /     7  100.0%
2026-10-07T14:58:41.1638156Z   ch24_peps_regular_edge_charge_contraction.tex          7 /     7  100.0%
2026-10-07T14:58:41.1638702Z   ch24_peps_regular_edge_physical_charge_measurement.tex     1 /     1  100.0%
2026-10-07T14:58:41.1639320Z   ch24_peps_regular_flux_creation_state.tex             19 /    19  100.0%
2026-10-07T14:58:41.1639834Z   ch24_peps_regular_fourier.tex                          3 /     3  100.0%
2026-10-07T14:58:41.1640364Z   ch24_peps_regular_fourier_matrix.tex                   4 /     4  100.0%
2026-10-07T14:58:41.1641047Z   ch24_peps_regular_gauged_cycle_permutation.tex         3 /     3  100.0%
2026-10-07T14:58:41.1641609Z   ch24_peps_regular_ginjective_simply_connected_entropy.tex     1 /     1  100.0%
2026-10-07T14:58:41.1642177Z   ch24_peps_regular_graph_bond_blocking.tex             15 /    15  100.0%
2026-10-07T14:58:41.1642720Z   ch24_peps_regular_graph_physical_blocking.tex         20 /    20  100.0%
2026-10-07T14:58:41.1643274Z   ch24_peps_regular_graph_surplus_site.tex               5 /     5  100.0%
2026-10-07T14:58:41.1643944Z   ch24_peps_regular_inserted_walk_holonomy.tex           2 /     2  100.0%
2026-10-07T14:58:41.1644496Z   ch24_peps_regular_invariant_state_span.tex            22 /    22  100.0%
2026-10-07T14:58:41.1645049Z   ch24_peps_regular_matrix_commutativity.tex             2 /     2  100.0%
2026-10-07T14:58:41.1645576Z   ch24_peps_regular_minimal_representation.tex           1 /     1  100.0%
2026-10-07T14:58:41.1646114Z   ch24_peps_regular_open_boundary_dimension.tex          3 /     3  100.0%
2026-10-07T14:58:41.1646696Z   ch24_peps_regular_order_six_dimension.tex              2 /     2  100.0%
2026-10-07T14:58:41.1647216Z   ch24_peps_regular_parent_ground_space.tex              9 /     9  100.0%
2026-10-07T14:58:41.1647743Z   ch24_peps_regular_parent_spanning.tex                 17 /    17  100.0%
2026-10-07T14:58:41.1648306Z   ch24_peps_regular_physical_charge_motion.tex           7 /     7  100.0%
2026-10-07T14:58:41.1648863Z   ch24_peps_regular_physical_charge_pair_creation.tex    13 /    13  100.0%
2026-10-07T14:58:41.1649469Z   ch24_peps_regular_region_bond_right_invariance.tex     6 /     6  100.0%
2026-10-07T14:58:41.1650073Z   ch24_peps_regular_region_boundary_hamiltonian.tex      3 /     3  100.0%
2026-10-07T14:58:41.1650824Z   ch24_peps_regular_region_entropy_bound.tex             6 /     6  100.0%
2026-10-07T14:58:41.1651416Z   ch24_peps_regular_region_flatness.tex                 10 /    10  100.0%
2026-10-07T14:58:41.1651993Z   ch24_peps_regular_region_holonomy_filter.tex           2 /     2  100.0%
2026-10-07T14:58:41.1652574Z   ch24_peps_regular_region_intersection.tex             20 /    20  100.0%
2026-10-07T14:58:41.1653131Z   ch24_peps_regular_region_support.tex                   8 /     8  100.0%
2026-10-07T14:58:41.1653653Z   ch24_peps_regular_site_symmetry_recovery.tex           3 /     3  100.0%
2026-10-07T14:58:41.1654221Z   ch24_peps_regular_state_parent_rigidity.tex           11 /    11  100.0%
2026-10-07T14:58:41.1654792Z   ch24_peps_regular_swept_patch_deformation.tex          5 /     5  100.0%
2026-10-07T14:58:41.1655371Z   ch24_peps_regular_three_plaquette_double_exchange.tex    20 /    20  100.0%
2026-10-07T14:58:41.1655944Z   ch24_peps_regular_torus_rectangle_entropy_bound.tex     3 /     3  100.0%
2026-10-07T14:58:41.1656505Z   ch24_peps_regular_two_cycle_conjugation.tex            5 /     5  100.0%
2026-10-07T14:58:41.1657047Z   ch24_peps_regular_two_cycle_flux_move.tex             11 /    11  100.0%
2026-10-07T14:58:41.1657588Z   ch24_peps_regular_two_cycle_global_flux_move.tex       7 /     7  100.0%
2026-10-07T14:58:41.1658337Z   ch24_peps_regular_two_cycle_physical_flux_move.tex     4 /     4  100.0%
2026-10-07T14:58:41.1658921Z   ch24_peps_regular_two_site_charge_measurement.tex     19 /    19  100.0%
2026-10-07T14:58:41.1659462Z   ch24_peps_representation_theta.tex                     5 /     5  100.0%
2026-10-07T14:58:41.1660054Z   ch24_peps_second_string_physical_crossing.tex          7 /     7  100.0%
2026-10-07T14:58:41.1660769Z   ch24_peps_semiregular_bond_dimension.tex               3 /     3  100.0%
2026-10-07T14:58:41.1661312Z   ch24_peps_semiregular_bond_isometry.tex               11 /    11  100.0%
2026-10-07T14:58:41.1661882Z   ch24_peps_semiregular_bond_isometry_extension.tex      1 /     1  100.0%
2026-10-07T14:58:41.1662435Z   ch24_peps_semiregular_bond_product_isometry.tex        5 /     5  100.0%
2026-10-07T14:58:41.1662996Z   ch24_peps_semiregular_bond_state.tex                   7 /     7  100.0%
2026-10-07T14:58:41.1663540Z   ch24_peps_semiregular_bond_support.tex                12 /    12  100.0%
2026-10-07T14:58:41.1664089Z   ch24_peps_semiregular_dimension.tex                    3 /     3  100.0%
2026-10-07T14:58:41.1664627Z   ch24_peps_semiregular_group_algebra.tex                9 /     9  100.0%
2026-10-07T14:58:41.1665198Z   ch24_peps_semiregular_parent_equivalence.tex          37 /    37  100.0%
2026-10-07T14:58:41.1665744Z   ch24_peps_semiregular_parent_support.tex              75 /    75  100.0%
2026-10-07T14:58:41.1666299Z   ch24_peps_simply_connected_complement.tex              2 /     2  100.0%
2026-10-07T14:58:41.1666966Z   ch24_peps_simply_connected_physical_density.tex        2 /     2  100.0%
2026-10-07T14:58:41.1667540Z   ch24_peps_stripe_local_equivalence.tex                 2 /     2  100.0%
2026-10-07T14:58:41.1668082Z   ch24_peps_theta_bond_coordinates.tex                   1 /     1  100.0%
2026-10-07T14:58:41.1668615Z   ch24_peps_theta_bond_orthonormal_coordinates.tex       1 /     1  100.0%
2026-10-07T14:58:41.1669153Z   ch24_peps_theta_bond_state.tex                         4 /     4  100.0%
2026-10-07T14:58:41.1669595Z   ch24_peps_theta_positive.tex                           3 /     3  100.0%
2026-10-07T14:58:41.1670048Z   ch24_peps_theta_squared.tex                            2 /     2  100.0%
2026-10-07T14:58:41.1670752Z   ch24_peps_three_plaquette_geometry.tex                15 /    15  100.0%
2026-10-07T14:58:41.1671288Z   ch24_peps_toric_code_primal.tex                       10 /    10  100.0%
2026-10-07T14:58:41.1671874Z   ch24_peps_toric_code_torus_sectors.tex                13 /    13  100.0%
2026-10-07T14:58:41.1672465Z   ch24_peps_torus_block_multiplicity_state.tex           6 /     6  100.0%
2026-10-07T14:58:41.1673004Z   ch24_peps_torus_charge_flux_crossing.tex               4 /     4  100.0%
2026-10-07T14:58:41.1673601Z   ch24_peps_torus_closure_kernel_intersection.tex        4 /     4  100.0%
2026-10-07T14:58:41.1674194Z   ch24_peps_torus_closure_parent_constraint.tex          5 /     5  100.0%
2026-10-07T14:58:41.1674794Z   ch24_peps_torus_correlated_charge_flux_crossing.tex     7 /     7  100.0%
2026-10-07T14:58:41.1675368Z   ch24_peps_torus_directed_bond_update.tex               6 /     6  100.0%
2026-10-07T14:58:41.1675857Z   ch24_peps_torus_edge_physical_charge_measurement.tex     3 /     3  100.0%
2026-10-07T14:58:41.1676345Z   ch24_peps_torus_entanglement_bound.tex                 2 /     2  100.0%
2026-10-07T14:58:41.1676833Z   ch24_peps_torus_examples.tex                         153 /   153  100.0%
2026-10-07T14:58:41.1677387Z   ch24_peps_torus_flat_connection_gauge.tex             14 /    14  100.0%
2026-10-07T14:58:41.1677946Z   ch24_peps_torus_integer_cell_lift.tex                  1 /     1  100.0%
2026-10-07T14:58:41.1678435Z   ch24_peps_torus_multiplicity_bond_state.tex            7 /     7  100.0%
2026-10-07T14:58:41.1678949Z   ch24_peps_torus_native_ginjective_support.tex         10 /    10  100.0%
2026-10-07T14:58:41.1679449Z   ch24_peps_torus_parent_flatness.tex                    5 /     5  100.0%
2026-10-07T14:58:41.1680157Z   ch24_peps_torus_physical_charge_motion.tex             4 /     4  100.0%
2026-10-07T14:58:41.1680937Z   ch24_peps_torus_plaquette_flux_measurement.tex        14 /    14  100.0%
2026-10-07T14:58:41.1681448Z   ch24_peps_torus_plaquette_holonomy.tex                 2 /     2  100.0%
2026-10-07T14:58:41.1681943Z   ch24_peps_torus_rectangle_boundary_card.tex            5 /     5  100.0%
2026-10-07T14:58:41.1682431Z   ch24_peps_torus_regular_region_support.tex            18 /    18  100.0%
2026-10-07T14:58:41.1682944Z   ch24_peps_torus_sector_local_ground_space.tex          4 /     4  100.0%
2026-10-07T14:58:41.1683478Z   ch24_peps_torus_sector_support.tex                     3 /     3  100.0%
2026-10-07T14:58:41.1684029Z   ch24_peps_torus_semiregular_equivalence.tex            5 /     5  100.0%
2026-10-07T14:58:41.1684562Z   ch24_peps_torus_semiregular_state_norm.tex             5 /     5  100.0%
2026-10-07T14:58:41.1685096Z   ch24_peps_torus_swept_patch_connector_holonomy.tex     8 /     8  100.0%
2026-10-07T14:58:41.1685591Z   ch24_peps_torus_swept_patch_endpoint_geometry.tex     21 /    21  100.0%
2026-10-07T14:58:41.1686087Z   ch24_peps_torus_swept_physical_endpoint_route.tex     17 /    17  100.0%
2026-10-07T14:58:41.1686603Z   ch24_peps_torus_swept_physical_route_composition.tex     2 /     2  100.0%
2026-10-07T14:58:41.1687174Z   ch24_peps_torus_swept_physical_route_measurement.tex     1 /     1  100.0%
2026-10-07T14:58:41.1687722Z   ch24_peps_torus_swept_route_bond_assignments.tex      18 /    18  100.0%
2026-10-07T14:58:41.1688419Z   ch24_peps_torus_swept_route_joint_flux_measurement.tex     3 /     3  100.0%
2026-10-07T14:58:41.1688982Z   ch24_peps_torus_swept_string_deformation.tex          16 /    16  100.0%
2026-10-07T14:58:41.1689523Z   ch24_peps_torus_swept_string_endpoint_holonomy.tex     3 /     3  100.0%
2026-10-07T14:58:41.1690055Z   ch24_peps_torus_three_plaquette_double_exchange.tex     3 /     3  100.0%
2026-10-07T14:58:41.1690590Z   ch24_peps_torus_three_plaquette_flux_geometry.tex      5 /     5  100.0%
2026-10-07T14:58:41.1691240Z   ch24_peps_torus_three_plaquette_output_measurement.tex     2 /     2  100.0%
2026-10-07T14:58:41.1691596Z   ch24_peps_torus_translated_flux_creation.tex           5 /     5  100.0%
2026-10-07T14:58:41.1691929Z   ch24_peps_torus_translated_flux_move.tex               6 /     6  100.0%
2026-10-07T14:58:41.1692261Z   ch24_peps_torus_two_plaquette_flux_holonomy.tex        4 /     4  100.0%
2026-10-07T14:58:41.1692598Z   ch24_peps_torus_two_plaquette_global_flux_move.tex     1 /     1  100.0%
2026-10-07T14:58:41.1692945Z   ch24_peps_torus_two_plaquette_physical_flux_move.tex     1 /     1  100.0%
2026-10-07T14:58:41.1693303Z   ch24_peps_torus_weighted_site_g_injective.tex          5 /     5  100.0%
2026-10-07T14:58:41.1693694Z   ch24_peps_translated_character_orthogonality.tex       5 /     5  100.0%
2026-10-07T14:58:41.1694050Z   ch24_peps_translated_two_plaquette_geometry.tex       15 /    15  100.0%
2026-10-07T14:58:41.1694391Z   ch24_peps_tree_gauge_transport.tex                     3 /     3  100.0%
2026-10-07T14:58:41.1694720Z   ch24_peps_twisted_state_nonzero.tex                    4 /     4  100.0%
2026-10-07T14:58:41.1695052Z   ch24_peps_twisted_two_by_two_fixed_point.tex          39 /    39  100.0%
2026-10-07T14:58:41.1695391Z   ch24_peps_two_by_two_geometric_blocking.tex           17 /    17  100.0%
2026-10-07T14:58:41.1695721Z   ch24_peps_two_by_two_original_tensor.tex              11 /    11  100.0%
2026-10-07T14:58:41.1696046Z   ch24_peps_two_by_two_physical_blocking.tex            21 /    21  100.0%
2026-10-07T14:58:41.1696364Z   ch24_peps_two_by_two_tensor_isometry.tex              12 /    12  100.0%
2026-10-07T14:58:41.1696687Z   ch24_peps_two_column_charge_motion.tex                21 /    21  100.0%
2026-10-07T14:58:41.1697037Z   ch24_peps_two_plaquette_geometry.tex                  28 /    28  100.0%
2026-10-07T14:58:41.1697372Z   ch24_peps_two_plaquette_transport_table.tex            5 /     5  100.0%
2026-10-07T14:58:41.1697841Z   ch24_peps_two_step_string_physical_route.tex           2 /     2  100.0%
2026-10-07T14:58:41.1698181Z   ch24_peps_two_step_string_route_holonomy.tex           7 /     7  100.0%
2026-10-07T14:58:41.1698515Z   ch24_peps_unitary_character_adjoint.tex                2 /     2  100.0%
2026-10-07T14:58:41.1698848Z   ch24_peps_unitary_representation_algebra.tex           9 /     9  100.0%
2026-10-07T14:58:41.1699193Z   ch24_peps_unitary_representation_blocks.tex            1 /     1  100.0%
2026-10-07T14:58:41.1699536Z   ch24_peps_unitary_vector_swap.tex                      6 /     6  100.0%
2026-10-07T14:58:41.1699863Z   ch24_peps_vertex_bond_coordinates.tex                 15 /    15  100.0%
2026-10-07T14:58:41.1700191Z   ch24_peps_vertex_bond_region_constraint.tex           14 /    14  100.0%
2026-10-07T14:58:41.1700520Z   ch24_peps_vertex_bond_state.tex                        6 /     6  100.0%
2026-10-07T14:58:41.1701049Z   ch24_peps_vertex_image_ground_space.tex               20 /    20  100.0%
2026-10-07T14:58:41.1701395Z   ch24_peps_vertex_inverse_region_slice.tex             12 /    12  100.0%
2026-10-07T14:58:41.1701739Z   ch24_peps_vertex_virtual_parent_transport.tex          5 /     5  100.0%
2026-10-07T14:58:41.1702070Z   ch24_peps_vertical_flux_move.tex                      16 /    16  100.0%
2026-10-07T14:58:41.1702404Z   ch24_peps_virtual_bond_ground_space.tex               15 /    15  100.0%
2026-10-07T14:58:41.1702740Z   ch24_peps_window_complements_and_comparison.tex        9 /     9  100.0%
2026-10-07T14:58:41.1703176Z   ch24_peps_witness_transport.tex                        4 /     4  100.0%
2026-10-07T14:58:41.1703515Z   ch24_peps_zmod_small_difference.tex                    1 /     1  100.0%
2026-10-07T14:58:41.1703865Z   ch25_asymmetric_examples_czx.tex                     169 /   169  100.0%
2026-10-07T14:58:41.1704195Z   ch25_asymmetric_examples_czy.tex                      55 /    55  100.0%
2026-10-07T14:58:41.1704528Z   ch25_asymmetric_examples_elementary_states.tex        39 /    39  100.0%
2026-10-07T14:58:41.1704874Z   ch25_asymmetric_examples_fibonacci.tex               172 /   172  100.0%
2026-10-07T14:58:41.1705210Z   ch25_asymmetric_examples_fibonacci_anomaly.tex         9 /     9  100.0%
2026-10-07T14:58:41.1705548Z   ch25_asymmetric_examples_group_cocycle.tex           125 /   125  100.0%
2026-10-07T14:58:41.1705877Z   ch25_asymmetric_examples_ising.tex                   146 /   146  100.0%
2026-10-07T14:58:41.1706246Z   ch25_asymmetric_examples_ising_register_contraction.tex     3 /     3  100.0%
2026-10-07T14:58:41.1706613Z   ch25_asymmetric_examples_ising_three.tex              14 /    14  100.0%
2026-10-07T14:58:41.1706950Z   ch25_asymmetric_examples_kramers_wannier.tex         151 /   151  100.0%
2026-10-07T14:58:41.1707288Z   ch25_asymmetric_examples_pbc_projector.tex            17 /    17  100.0%
2026-10-07T14:58:41.1707624Z   ch25_asymmetric_examples_rfp.tex                      41 /    41  100.0%
2026-10-07T14:58:41.1707976Z   ch25_asymmetric_examples_z2z2.tex                    237 /   237  100.0%
2026-10-07T14:58:41.1708313Z   ch25_asymmetric_examples_z3.tex                      144 /   144  100.0%
2026-10-07T14:58:41.1708642Z   ch25_asymmetric_examples_z3clock.tex                  32 /    32  100.0%
2026-10-07T14:58:41.1709116Z   ch25_asymmetric_ft_algebra.tex                        41 /    41  100.0%
2026-10-07T14:58:41.1709584Z   ch25_asymmetric_ft_mpo_coefficients.tex               18 /    18  100.0%
2026-10-07T14:58:41.1710112Z   ch25_asymmetric_ft_normalized_similarity.tex          11 /    11  100.0%
2026-10-07T14:58:41.1710786Z   ch25_asymmetric_ft_reductions.tex                     79 /    79  100.0%
2026-10-07T14:58:41.1711309Z   ch25_asymmetric_ft_splitting.tex                      20 /    20  100.0%
2026-10-07T14:58:41.1711843Z   ch25_asymmetric_ft_unblocked_coefficients.tex          5 /     5  100.0%
2026-10-07T14:58:41.1712370Z   ch26_mps_rfp_direct_sums_residual_isometries.tex      25 /    25  100.0%
2026-10-07T14:58:41.1712977Z   ch26_mps_rfp_normal_isometry_canonical_forms.tex      15 /    15  100.0%
2026-10-07T14:58:41.1713310Z   ch26_mps_rfp_physical_blocking.tex                    12 /    12  100.0%
2026-10-07T14:58:41.1713648Z   ch26_mps_rfp_renormalization_flow_correlations.tex    29 /    29  100.0%
2026-10-07T14:58:41.1713979Z   ch26_mps_rfp_zero_correlation_length.tex              49 /    49  100.0%
2026-10-07T14:58:41.1714285Z   ch28_mpu.tex                                        1237 /  1237  100.0%
2026-10-07T14:58:41.1714585Z   ch28_mpu_central_matrix_factor.tex                     1 /     1  100.0%
2026-10-07T14:58:41.1714915Z   ch28_mpu_injective_source_index.tex                    3 /     3  100.0%
2026-10-07T14:58:41.1715236Z   ch28_mpu_rank_two_circuits.tex                       913 /   913  100.0%
2026-10-07T14:58:41.1715549Z   ch28_mpu_tree_depth.tex                               31 /    31  100.0%
2026-10-07T14:58:41.1715849Z   ch29_mpu_gauging.tex                                1108 /  1108  100.0%
2026-10-07T14:58:41.1716151Z   ch29_mpu_group_index.tex                               5 /     5  100.0%
2026-10-07T14:58:41.1716455Z   ch30_mpo_algebras.tex                                 23 /    23  100.0%
2026-10-07T14:58:41.1716791Z   ch30_mpo_boundary_reconstruction.tex                  64 /    64  100.0%
2026-10-07T14:58:41.1717136Z   ch30_mpo_boundary_transport.tex                       24 /    24  100.0%
2026-10-07T14:58:41.1717462Z   ch30_mpo_symmetry_basics.tex                         115 /   115  100.0%
2026-10-07T14:58:41.1717802Z   ch30_mpo_symmetry_fibonacci_decomposition.tex          7 /     7  100.0%
2026-10-07T14:58:41.1718241Z   ch30_mpo_symmetry_group_action.tex                    13 /    13  100.0%
2026-10-07T14:58:41.1718597Z   ch31_sequential_generation_ancilla.tex               121 /   121  100.0%
2026-10-07T14:58:41.1718945Z   ch32_log_depth_all_length_polynomial_accuracy.tex      5 /     5  100.0%
2026-10-07T14:58:41.1719282Z   ch32_log_depth_coherent_conversion.tex                 7 /     7  100.0%
2026-10-07T14:58:41.1719613Z   ch32_log_depth_compatible_seed.tex                     6 /     6  100.0%
2026-10-07T14:58:41.1719936Z   ch32_log_depth_complex_weights.tex                    51 /    51  100.0%
2026-10-07T14:58:41.1720259Z   ch32_log_depth_exact_sector_encoder.tex               29 /    29  100.0%
2026-10-07T14:58:41.1720597Z   ch32_log_depth_explicit_scales.tex                     7 /     7  100.0%
2026-10-07T14:58:41.1721109Z   ch32_log_depth_fixed_point_pairs.tex                  19 /    19  100.0%
2026-10-07T14:58:41.1721454Z   ch32_log_depth_inhomogeneous.tex                     101 /   101  100.0%
2026-10-07T14:58:41.1721788Z   ch32_log_depth_inhomogeneous_contraction.tex           6 /     6  100.0%
2026-10-07T14:58:41.1722124Z   ch32_log_depth_inhomogeneous_mixing.tex               14 /    14  100.0%
2026-10-07T14:58:41.1722488Z   ch32_log_depth_long_range.tex                         70 /    70  100.0%
2026-10-07T14:58:41.1722795Z   ch32_log_depth_mera.tex                               34 /    34  100.0%
2026-10-07T14:58:41.1723121Z   ch32_log_depth_mixed_sequential.tex                   20 /    20  100.0%
2026-10-07T14:58:41.1723447Z   ch32_log_depth_mixed_support.tex                       9 /     9  100.0%
2026-10-07T14:58:41.1723770Z   ch32_log_depth_nonnormal_trees.tex                    14 /    14  100.0%
2026-10-07T14:58:41.1724105Z   ch32_log_depth_ordered_block_overlap.tex              10 /    10  100.0%
2026-10-07T14:58:41.1724437Z   ch32_log_depth_overlapping_blocks.tex                 42 /    42  100.0%
2026-10-07T14:58:41.1724771Z   ch32_log_depth_overlapping_measurement.tex            24 /    24  100.0%
2026-10-07T14:58:41.1725100Z   ch32_log_depth_polar_decomposition.tex                60 /    60  100.0%
2026-10-07T14:58:41.1725427Z   ch32_log_depth_polynomial_accuracy.tex                 2 /     2  100.0%
2026-10-07T14:58:41.1725757Z   ch32_log_depth_preparation.tex                       262 /   262  100.0%
2026-10-07T14:58:41.1726076Z   ch32_log_depth_rectangular.tex                        41 /    41  100.0%
2026-10-07T14:58:41.1726532Z   ch32_log_depth_rectangular_windows.tex                10 /    10  100.0%
2026-10-07T14:58:41.1726857Z   ch32_log_depth_register_tree.tex                      92 /    92  100.0%
2026-10-07T14:58:41.1727185Z   ch32_log_depth_repeated_blocks.tex                    25 /    25  100.0%
2026-10-07T14:58:41.1727513Z   ch32_log_depth_repeated_overlapping_blocks.tex        39 /    39  100.0%
2026-10-07T14:58:41.1727845Z   ch32_log_depth_second_order_overlap.tex               26 /    26  100.0%
2026-10-07T14:58:41.1728181Z   ch32_log_depth_sector_encoders.tex                    16 /    16  100.0%
2026-10-07T14:58:41.1728511Z   ch32_log_depth_sector_weights.tex                     40 /    40  100.0%
2026-10-07T14:58:41.1728837Z   ch32_log_depth_teleportation.tex                      18 /    18  100.0%
2026-10-07T14:58:41.1729162Z   ch32_log_depth_unequal_mera.tex                       37 /    37  100.0%
2026-10-07T14:58:41.1729484Z   ch32_log_depth_unequal_trees.tex                     119 /   119  100.0%
2026-10-07T14:58:41.1729811Z   ch32_log_depth_varying_reference.tex                   7 /     7  100.0%
2026-10-07T14:58:41.1730131Z   ch32_log_depth_window_mixing.tex                       8 /     8  100.0%
2026-10-07T14:58:41.1730454Z   ch32_log_depth_zero_subleading_spectrum.tex            6 /     6  100.0%
2026-10-07T14:58:41.1730944Z   ch33_local_quantum_circuits.tex                       61 /    61  100.0%
2026-10-07T14:58:41.1731273Z   ch33_local_quantum_circuits_adaptive.tex              22 /    22  100.0%
2026-10-07T14:58:41.1731708Z   ch33_local_quantum_circuits_approximate.tex           20 /    20  100.0%
2026-10-07T14:58:41.1732080Z   ch33_local_quantum_circuits_channels.tex              50 /    50  100.0%
2026-10-07T14:58:41.1732416Z   ch33_local_quantum_circuits_lieb_robinson.tex         31 /    31  100.0%
2026-10-07T14:58:41.1732746Z   ch33_local_quantum_circuits_measurements.tex          79 /    79  100.0%
2026-10-07T14:58:41.1733078Z   ch33_local_quantum_circuits_physical_ports.tex       268 /   268  100.0%
2026-10-07T14:58:41.1733421Z   ch33_local_quantum_circuits_teleportation.tex        213 /   213  100.0%
2026-10-07T14:58:41.1733743Z   --------------------------------------------------------------------
2026-10-07T14:58:41.1734028Z   TOTAL                                              20054 / 20054  100.0%
2026-10-07T14:58:41.1734202Z
2026-10-07T14:58:41.1734522Z ✓ Blueprint and Lean code are in sync.
2026-10-07T14:58:41.1734671Z

2026-10-07T14:58:41.1761388Z ##[group]Run lake exe checkdecls blueprint/lean_decls
2026-10-07T14:58:41.1761709Z lake exe checkdecls blueprint/lean_decls
2026-10-07T14:58:41.1816752Z shell: /usr/bin/bash -e {0}
2026-10-07T14:58:41.1816968Z env:
2026-10-07T14:58:41.1817408Z   BUILD_CACHE_PATHS: .lake/build
.lake/packages/Gametheory/.lake/build
.lake/packages/checkdecls/.lake/build
.lake/packages/qiclean/.lake/build

2026-10-07T14:58:41.1817886Z ##[endgroup]
