Direct Lean module compilation against pinned Mathlib artifacts; no Lake build was run.
Source revision: 8e5df04d8b0ba2c0ebbe40247405bd01e6d8d319
Primary Lean pin: leanprover/lean4:v4.35.0-rc3
Primary Mathlib revision: c55e6e786f49471c72fbddbec5415808896aec1e
Primary toolchain and Mathlib manifest pins match the committed source.
Primary Mathlib checkout is clean; imported Mathlib dependency pins match.
Only committed source bytes are exported; all generated artifacts stay under /private/tmp/tnlean-8756-imported-audit-wm6318vz.
Weak package linter default is supplied explicitly as -Dlinter.mathlibStandardSet=true.
Started: 2026-10-07T17:47:53.964427+00:00
Working directory: /private/tmp/tnlean-8756-imported-audit-wm6318vz/source
LEAN_PATH=/private/tmp/tnlean-8756-imported-audit-wm6318vz/lean:/Users/siruilu/Local/agentFormalization/TNLean/.lake/packages/plausible/.lake/build/lib/lean:/Users/siruilu/Local/agentFormalization/TNLean/.lake/packages/LeanSearchClient/.lake/build/lib/lean:/Users/siruilu/Local/agentFormalization/TNLean/.lake/packages/importGraph/.lake/build/lib/lean:/Users/siruilu/Local/agentFormalization/TNLean/.lake/packages/proofwidgets/.lake/build/lib/lean:/Users/siruilu/Local/agentFormalization/TNLean/.lake/packages/aesop/.lake/build/lib/lean:/Users/siruilu/Local/agentFormalization/TNLean/.lake/packages/Qq/.lake/build/lib/lean:/Users/siruilu/Local/agentFormalization/TNLean/.lake/packages/batteries/.lake/build/lib/lean:/Users/siruilu/Local/agentFormalization/TNLean/.lake/packages/Cli/.lake/build/lib/lean:/Users/siruilu/Local/agentFormalization/TNLean/.lake/packages/mathlib/.lake/build/lib/lean:/Users/siruilu/.elan/toolchains/leanprover--lean4---v4.35.0-rc3/lib/lean
Source SHA256 1240ad4d494b3b534fc1b1a717267a7606ae8a7644aa411fbe5505b243300f71 TNLean/PEPS/AreaLaw/Geometry/Exponents.lean
Source SHA256 b6b280ad5ab17aa1a0e207475dd7ec93c8275da04ba400aa1b0fe78e2cec832b TNLean/PEPS/AreaLaw/Scan/BootstrapParameters.lean
Source SHA256 a7fe4e36938c83e8a2f044f0c60099c467ae5a13a74271a7e1a21dc6430b0647 TNLean/PEPS/AreaLaw/Scan/ExponentBootstrap.lean
Source SHA256 a29e471c90f7f1cb7c0f44832bad735c991025648d6d94438cbf5f022e3925b2 docs/provenance/evidence/8756-bootstrap-axioms.lean

Command: /Users/siruilu/.elan/toolchains/leanprover--lean4---v4.35.0-rc3/bin/lean -Dpp.unicode.fun=true -DrelaxedAutoImplicit=false -Dlinter.mathlibStandardSet=true -DmaxSynthPendingDepth=3 -DwarningAsError=true -o /private/tmp/tnlean-8756-imported-audit-wm6318vz/lean/TNLean/PEPS/AreaLaw/Geometry/Exponents.olean TNLean/PEPS/AreaLaw/Geometry/Exponents.lean
Elapsed seconds: 19.060
Exit code: 0

Command: /Users/siruilu/.elan/toolchains/leanprover--lean4---v4.35.0-rc3/bin/lean -Dpp.unicode.fun=true -DrelaxedAutoImplicit=false -Dlinter.mathlibStandardSet=true -DmaxSynthPendingDepth=3 -DwarningAsError=true -o /private/tmp/tnlean-8756-imported-audit-wm6318vz/lean/TNLean/PEPS/AreaLaw/Scan/BootstrapParameters.olean TNLean/PEPS/AreaLaw/Scan/BootstrapParameters.lean
Elapsed seconds: 6.473
Exit code: 0

Command: /Users/siruilu/.elan/toolchains/leanprover--lean4---v4.35.0-rc3/bin/lean -Dpp.unicode.fun=true -DrelaxedAutoImplicit=false -Dlinter.mathlibStandardSet=true -DmaxSynthPendingDepth=3 -DwarningAsError=true -o /private/tmp/tnlean-8756-imported-audit-wm6318vz/lean/TNLean/PEPS/AreaLaw/Scan/ExponentBootstrap.olean TNLean/PEPS/AreaLaw/Scan/ExponentBootstrap.lean
Elapsed seconds: 21.894
Exit code: 0
