Command: lake env lean docs/provenance/evidence/8758-fine-belts-axioms.lean
Revision: fc87534a119694461e9c3d3c37a7bfa1bf3ea960
Elapsed seconds: 3.351
Exit code: 0

'TNLean.PEPS.AreaLaw.Geometry.dyadicAncestor' depends on axioms: [propext]
'TNLean.PEPS.AreaLaw.Geometry.dyadicRefinement' depends on axioms: [propext, Classical.choice, Quot.sound]
'TNLean.PEPS.AreaLaw.Geometry.mem_dyadicRefinement_iff' depends on axioms: [propext, Classical.choice, Quot.sound]
'TNLean.PEPS.AreaLaw.Geometry.card_dyadicRefinement' depends on axioms: [propext, Classical.choice, Quot.sound]
'TNLean.PEPS.AreaLaw.Geometry.dyadicCellIndex_of_le' depends on axioms: [propext, Classical.choice, Quot.sound]
'TNLean.PEPS.AreaLaw.Geometry.fineLayerIndices' depends on axioms: [propext, Classical.choice, Quot.sound]
'TNLean.PEPS.AreaLaw.Geometry.dyadicLayer_eq_iUnion_fine' depends on axioms: [propext, Classical.choice, Quot.sound]
'TNLean.PEPS.AreaLaw.Geometry.card_fineLayerIndices' depends on axioms: [propext, Classical.choice, Quot.sound]
'TNLean.PEPS.AreaLaw.Geometry.card_fineLayerIndices_le' depends on axioms: [propext, Classical.choice, Quot.sound]
'TNLean.PEPS.AreaLaw.Geometry.card_fineLayerIndices_boundary_le' depends on axioms: [propext,
 Classical.choice,
 Quot.sound]
'TNLean.PEPS.AreaLaw.Geometry.fineScaleIndex' depends on axioms: [propext, Classical.choice, Quot.sound]
'TNLean.PEPS.AreaLaw.Geometry.pitchScaleIndex' depends on axioms: [propext, Classical.choice, Quot.sound]
'TNLean.PEPS.AreaLaw.Geometry.fineScaleIndex_le' depends on axioms: [propext, Classical.choice, Quot.sound]
'TNLean.PEPS.AreaLaw.Geometry.le_pitchScaleIndex' depends on axioms: [propext, Classical.choice, Quot.sound]
'TNLean.PEPS.AreaLaw.Geometry.fineScale_dvd_layerScale' depends on axioms: [propext, Classical.choice, Quot.sound]
'TNLean.PEPS.AreaLaw.Geometry.layerScale_dvd_pitchScale' depends on axioms: [propext, Classical.choice, Quot.sound]
'TNLean.PEPS.AreaLaw.Geometry.layerScale_exponent_le' depends on axioms: [propext, Classical.choice, Quot.sound]
'TNLean.PEPS.AreaLaw.Geometry.beltCellIndices' depends on axioms: [propext, Quot.sound]
'TNLean.PEPS.AreaLaw.Geometry.exists_fine_belt_shift' depends on axioms: [propext, Classical.choice, Quot.sound]
'TNLean.PEPS.AreaLaw.Geometry.dyadicScale_ratio_le' depends on axioms: [propext, Classical.choice, Quot.sound]
'TNLean.PEPS.AreaLaw.Geometry.exists_sparse_dyadic_belt_shift' depends on axioms: [propext,
 Classical.choice,
 Quot.sound]
