Command: lake env lean docs/provenance/evidence/8758-primary-regions-axioms.lean
Revision: d469be1a0a7799f4613e64e8139893b0fa2ee11d
Elapsed seconds: 4.266
Exit code: 0

'TNLean.PEPS.AreaLaw.Geometry.pitchInterior' depends on axioms: [propext, Classical.choice, Quot.sound]
'TNLean.PEPS.AreaLaw.Geometry.primaryFragment' depends on axioms: [propext, Classical.choice, Quot.sound]
'TNLean.PEPS.AreaLaw.Geometry.primaryFragmentIndices' depends on axioms: [propext, Classical.choice, Quot.sound]
'TNLean.PEPS.AreaLaw.Geometry.primaryBirthRegion' depends on axioms: [propext, Classical.choice, Quot.sound]
'TNLean.PEPS.AreaLaw.Geometry.primaryBirthRegion_subset_closure_pitchInterior' depends on axioms: [propext,
 Classical.choice,
 Quot.sound]
'TNLean.PEPS.AreaLaw.Geometry.primaryBirthRegion_dist_le' depends on axioms: [propext, Classical.choice, Quot.sound]
'TNLean.PEPS.AreaLaw.Geometry.primaryBirthRegion_diam_le' depends on axioms: [propext, Classical.choice, Quot.sound]
'TNLean.PEPS.AreaLaw.Geometry.primaryBirthRegion_dist_separation' depends on axioms: [propext,
 Classical.choice,
 Quot.sound]
'TNLean.PEPS.AreaLaw.Geometry.card_primaryFragmentIndices_le' depends on axioms: [propext, Classical.choice, Quot.sound]
'TNLean.PEPS.AreaLaw.Geometry.primaryBirthRegion_eq_iUnion_primaryFragment' depends on axioms: [propext,
 Classical.choice,
 Quot.sound]
'TNLean.PEPS.AreaLaw.Geometry.primaryFragment_eq_closedRectangle' depends on axioms: [propext,
 Classical.choice,
 Quot.sound]
'TNLean.PEPS.AreaLaw.Geometry.primaryFragment_subset_closure_dyadicCell' depends on axioms: [propext,
 Classical.choice,
 Quot.sound]
'TNLean.PEPS.AreaLaw.Geometry.primaryFragment_dist_le' depends on axioms: [propext, Classical.choice, Quot.sound]
'TNLean.PEPS.AreaLaw.Geometry.primaryFragment_diam_le' depends on axioms: [propext, Classical.choice, Quot.sound]
'TNLean.PEPS.AreaLaw.Geometry.fineScaleIndex_mono' depends on axioms: [propext, Classical.choice, Quot.sound]
'TNLean.PEPS.AreaLaw.Geometry.fineScaleIndex_succ' depends on axioms: [propext, Classical.choice, Quot.sound]
'TNLean.PEPS.AreaLaw.Geometry.fineScale_side_succ' depends on axioms: [propext, Classical.choice, Quot.sound]
