Command: lake env lean docs/provenance/evidence/8758-initial-lattice-partition-axioms.lean
Revision: ff3ac34d661f011020c566dff01eed0fb6454881
Elapsed seconds: 4.281
Exit code: 0

'TNLean.PEPS.AreaLaw.Geometry.cellFanRunRegions_disjoint_interiors' depends on axioms: [propext,
 Classical.choice,
 Quot.sound]
'TNLean.PEPS.AreaLaw.Geometry.initialOpenRegion_pairwise_disjoint' depends on axioms: [propext,
 Classical.choice,
 Quot.sound]
'TNLean.PEPS.AreaLaw.Geometry.initialBirthRegion_frontier_avoid_lattice' depends on axioms: [propext,
 Classical.choice,
 Quot.sound]
'TNLean.PEPS.AreaLaw.Geometry.initialOpenRegion_frontier_avoid_lattice' depends on axioms: [propext,
 Classical.choice,
 Quot.sound]
'TNLean.PEPS.AreaLaw.Geometry.initialBirthRegion_lattice_mem_iff_initialOpenRegion' depends on axioms: [propext,
 Classical.choice,
 Quot.sound]
'TNLean.PEPS.AreaLaw.Geometry.exists_unique_initialOpenRegion_integerPoint' depends on axioms: [propext,
 Classical.choice,
 Quot.sound]
