Command: lake env lean docs/provenance/evidence/8758-dyadic-axioms.lean
Revision: 5e863a2ef04989154da0be5fe4be0dfd85a66eb0
Elapsed seconds: 6.390
Exit code: 0

'TNLean.PEPS.AreaLaw.Geometry.dyadicCellIndex' depends on axioms: [propext, Classical.choice, Quot.sound]
'TNLean.PEPS.AreaLaw.Geometry.dyadicParent' does not depend on any axioms
'TNLean.PEPS.AreaLaw.Geometry.dyadicCell' depends on axioms: [propext, Classical.choice, Quot.sound]
'TNLean.PEPS.AreaLaw.Geometry.dyadicCellIndex_succ' depends on axioms: [propext, Classical.choice, Quot.sound]
'TNLean.PEPS.AreaLaw.Geometry.mem_dyadicCell_iff' depends on axioms: [propext, Classical.choice, Quot.sound]
'TNLean.PEPS.AreaLaw.Geometry.dyadicParent_abs_sub_le' depends on axioms: [propext, Classical.choice, Quot.sound]
'TNLean.PEPS.AreaLaw.Geometry.dyadicParent_mem_ambientDilation_image' depends on axioms: [propext,
 Classical.choice,
 Quot.sound]
'TNLean.PEPS.AreaLaw.Geometry.occupiedCellIndices' depends on axioms: [propext, Classical.choice, Quot.sound]
'TNLean.PEPS.AreaLaw.Geometry.occupiedCellIndices_succ' depends on axioms: [propext, Classical.choice, Quot.sound]
'TNLean.PEPS.AreaLaw.Geometry.dyadicNeighborhood' depends on axioms: [propext, Classical.choice, Quot.sound]
'TNLean.PEPS.AreaLaw.Geometry.mem_dyadicNeighborhood_iff' depends on axioms: [propext, Classical.choice, Quot.sound]
'TNLean.PEPS.AreaLaw.Geometry.dyadicNeighborhood_subset_succ' depends on axioms: [propext, Classical.choice, Quot.sound]
'TNLean.PEPS.AreaLaw.Geometry.mem_dyadicChildren_iff' depends on axioms: [propext, Classical.choice, Quot.sound]
'TNLean.PEPS.AreaLaw.Geometry.dyadicLayerIndices' depends on axioms: [propext, Classical.choice, Quot.sound]
'TNLean.PEPS.AreaLaw.Geometry.dyadicLayer' depends on axioms: [propext, Classical.choice, Quot.sound]
'TNLean.PEPS.AreaLaw.Geometry.dyadicLayer_eq_iUnion' depends on axioms: [propext, Classical.choice, Quot.sound]
'TNLean.PEPS.AreaLaw.Geometry.card_dyadicLayerIndices_le' depends on axioms: [propext, Classical.choice, Quot.sound]
'TNLean.PEPS.AreaLaw.Geometry.card_dyadicLayerIndices_boundary_le' depends on axioms: [propext,
 Classical.choice,
 Quot.sound]
'TNLean.PEPS.AreaLaw.Geometry.exists_mem_dyadicNeighborhood' depends on axioms: [propext, Classical.choice, Quot.sound]
'TNLean.PEPS.AreaLaw.Geometry.iUnion_dyadicNeighborhood_eq_univ' depends on axioms: [propext,
 Classical.choice,
 Quot.sound]
