Command: lake env lean docs/provenance/evidence/8758-actual-side-mask-axioms.lean
Revision: f8b62e1b56c8f7e356c870322aa3418702349a68
Elapsed seconds: 30.477
Exit code: 0

'TNLean.PEPS.AreaLaw.Geometry.fineLayerSplitMask' depends on axioms: [propext, Classical.choice, Quot.sound]
'TNLean.PEPS.AreaLaw.Geometry.fineLayerSplitMask_eq_true_iff' depends on axioms: [propext, Classical.choice, Quot.sound]
'TNLean.PEPS.AreaLaw.Geometry.cellFan_elementary_endpoints_cases' depends on axioms: [propext,
 Classical.choice,
 Quot.sound]
'TNLean.PEPS.AreaLaw.Geometry.cellFan_elementary_segment_subset_whole' depends on axioms: [propext,
 Classical.choice,
 Quot.sound]
'TNLean.PEPS.AreaLaw.Geometry.fineLayer_corner_on_elementarySide' depends on axioms: [propext,
 Classical.choice,
 Quot.sound]
'TNLean.PEPS.AreaLaw.Geometry.dyadicNeighborhood_exists_dist_le' depends on axioms: [propext,
 Classical.choice,
 Quot.sound]
'TNLean.PEPS.AreaLaw.Geometry.dyadicNeighborhood_dist_later_layer' depends on axioms: [propext,
 Classical.choice,
 Quot.sound]
'TNLean.PEPS.AreaLaw.Geometry.dyadicNeighborhood_contact_layer_eq' depends on axioms: [propext,
 Classical.choice,
 Quot.sound]
