Command: lake env lean docs/provenance/evidence/8758-cell-fans-axioms.lean
Revision: 8d3f5cd9d9bb6c327eae8b90452ce3caecd406c2
Elapsed seconds: 6.257
Exit code: 0

'TNLean.PEPS.AreaLaw.Geometry.CellFanSlot' does not depend on any axioms
'TNLean.PEPS.AreaLaw.Geometry.cellFanCenter' depends on axioms: [propext, Classical.choice, Quot.sound]
'TNLean.PEPS.AreaLaw.Geometry.cellFanStart' depends on axioms: [propext, Classical.choice, Quot.sound]
'TNLean.PEPS.AreaLaw.Geometry.cellFanEnd' depends on axioms: [propext, Classical.choice, Quot.sound]
'TNLean.PEPS.AreaLaw.Geometry.cellFanPolygon' depends on axioms: [propext, Classical.choice, Quot.sound]
'TNLean.PEPS.AreaLaw.Geometry.card_cellFanSlot_bounds' depends on axioms: [propext, Classical.choice, Quot.sound]
'TNLean.PEPS.AreaLaw.Geometry.cellFanPolygons_cover' depends on axioms: [propext, Classical.choice, Quot.sound]
'TNLean.PEPS.AreaLaw.Geometry.cellFanPolygons_inter_eq' depends on axioms: [propext, Classical.choice, Quot.sound]
'TNLean.PEPS.AreaLaw.Geometry.cellFan_vertices_mem_beltCellMarks' depends on axioms: [propext,
 Classical.choice,
 Quot.sound]
'TNLean.PEPS.AreaLaw.Geometry.nonbeltPitchIndex' depends on axioms: [propext]
'TNLean.PEPS.AreaLaw.Geometry.closure_nonbeltCell_subset_primaryBirthRegion' depends on axioms: [propext,
 Classical.choice,
 Quot.sound]
'TNLean.PEPS.AreaLaw.Geometry.exists_unique_primary_of_nonbeltCell' depends on axioms: [propext,
 Classical.choice,
 Quot.sound]
