Command: lake env lean docs/provenance/evidence/8758-fan-runs-axioms.lean
Revision: 89c5cd185dd5b14a3ae9b33c8a1a1cfa6c4f561f
Elapsed seconds: 4.852
Exit code: 0

'TNLean.PEPS.AreaLaw.Geometry.cellFanRunGraph' depends on axioms: [propext, Classical.choice, Quot.sound]
'TNLean.PEPS.AreaLaw.Geometry.CellFanRun' depends on axioms: [propext, Classical.choice, Quot.sound]
'TNLean.PEPS.AreaLaw.Geometry.cellFanRunRegion' depends on axioms: [propext, Classical.choice, Quot.sound]
'TNLean.PEPS.AreaLaw.Geometry.cellFanRun_color_eq' depends on axioms: [propext, Classical.choice, Quot.sound]
'TNLean.PEPS.AreaLaw.Geometry.cellFanRunRegions_cover' depends on axioms: [propext, Classical.choice, Quot.sound]
'TNLean.PEPS.AreaLaw.Geometry.cellFanRun_adjacent_colors_ne' depends on axioms: [propext, Classical.choice, Quot.sound]
'TNLean.PEPS.AreaLaw.Geometry.cellFanRun_all_equal' depends on axioms: [propext, Classical.choice, Quot.sound]
'TNLean.PEPS.AreaLaw.Geometry.dyadicCellCorner' depends on axioms: [propext, Classical.choice, Quot.sound]
'TNLean.PEPS.AreaLaw.Geometry.fineLayer_corner_on_side' depends on axioms: [propext, Classical.choice, Quot.sound]
'TNLean.PEPS.AreaLaw.Geometry.dyadicLayer_pairwiseDisjoint' depends on axioms: [propext, Classical.choice, Quot.sound]
'TNLean.PEPS.AreaLaw.Geometry.dyadicNeighborhood_disjoint_later_layer' depends on axioms: [propext,
 Classical.choice,
 Quot.sound]
'TNLean.PEPS.AreaLaw.Geometry.exists_unique_layer_of_not_mem_dyadicNeighborhood' depends on axioms: [propext,
 Classical.choice,
 Quot.sound]
'TNLean.PEPS.AreaLaw.Geometry.dyadicNeighborhood_union_iUnion_layers_eq_univ' depends on axioms: [propext,
 Classical.choice,
 Quot.sound]
'TNLean.PEPS.AreaLaw.Geometry.dyadicCell_subset_dyadicLayer_of_mem_fineLayerIndices' depends on axioms: [propext,
 Classical.choice,
 Quot.sound]
'TNLean.PEPS.AreaLaw.Geometry.fineLayer_marks_dist_ge' depends on axioms: [propext, Classical.choice, Quot.sound]
'TNLean.PEPS.AreaLaw.Geometry.closure_nonbeltCell_subset_primaryBirthRegion' depends on axioms: [propext,
 Classical.choice,
 Quot.sound]
'TNLean.PEPS.AreaLaw.Geometry.exists_unique_primary_of_nonbeltCell' depends on axioms: [propext,
 Classical.choice,
 Quot.sound]
'TNLean.PEPS.AreaLaw.Geometry.nonbeltPitchIndex' depends on axioms: [propext]
