Command: lake env lean docs/provenance/evidence/8758-actual-side-matching-axioms.lean
Revision: 93c807b97f45312bab807ba47abb06f11d686f18
Elapsed seconds: 4.101
Exit code: 0

'TNLean.PEPS.AreaLaw.Geometry.cellFan_unsplit_endpoints_coordinates' depends on axioms: [propext,
 Classical.choice,
 Quot.sound]
'TNLean.PEPS.AreaLaw.Geometry.cellFan_unsplit_endpoints_are_corners' depends on axioms: [propext,
 Classical.choice,
 Quot.sound]
'TNLean.PEPS.AreaLaw.Geometry.fineLayer_elementary_contact_match' depends on axioms: [propext,
 Classical.choice,
 Quot.sound]
'TNLean.PEPS.AreaLaw.Geometry.exists_elementarySide_opponent' depends on axioms: [propext, Classical.choice, Quot.sound]
'TNLean.PEPS.AreaLaw.Geometry.dyadicCellSide' depends on axioms: [propext, Classical.choice, Quot.sound]
'TNLean.PEPS.AreaLaw.Geometry.fineLayer_cells_disjoint' depends on axioms: [propext, Classical.choice, Quot.sound]
'TNLean.PEPS.AreaLaw.Geometry.fineLayer_closedCell_contact' depends on axioms: [propext, Classical.choice, Quot.sound]
'TNLean.PEPS.AreaLaw.Geometry.dyadicNeighborhood_corner_on_side' depends on axioms: [propext,
 Classical.choice,
 Quot.sound]
'TNLean.PEPS.AreaLaw.Geometry.dyadicNeighborhood_corner_on_elementarySide' depends on axioms: [propext,
 Classical.choice,
 Quot.sound]
