Command: lake env lean docs/provenance/evidence/8758-auxiliary-fan-geometry-axioms.lean
Revision: 7a9d7f716a443c76f66c2f973575854014166a3b
Elapsed seconds: 7.045
Exit code: 0

'TNLean.PEPS.AreaLaw.Geometry.cellFanPolygon_interior_nonempty_and_closure_eq' depends on axioms: [propext,
 Classical.choice,
 Quot.sound]
'TNLean.PEPS.AreaLaw.Geometry.norm_sub_cellFanCenter_of_mem_base' depends on axioms: [propext,
 Classical.choice,
 Quot.sound]
'TNLean.PEPS.AreaLaw.Geometry.cellFanPolygon_interior_not_isAllowedSlope_sub_center' depends on axioms: [propext,
 Classical.choice,
 Quot.sound]
'TNLean.PEPS.AreaLaw.Geometry.cellFanPolygon_succ_inter_closedBall' depends on axioms: [propext,
 Classical.choice,
 Quot.sound]
'TNLean.PEPS.AreaLaw.Geometry.CellFanSlot' does not depend on any axioms
'TNLean.PEPS.AreaLaw.Geometry.cellFanCenter' depends on axioms: [propext, Classical.choice, Quot.sound]
'TNLean.PEPS.AreaLaw.Geometry.cellFanStart' depends on axioms: [propext, Classical.choice, Quot.sound]
'TNLean.PEPS.AreaLaw.Geometry.cellFanEnd' depends on axioms: [propext, Classical.choice, Quot.sound]
'TNLean.PEPS.AreaLaw.Geometry.cellFanPolygon' depends on axioms: [propext, Classical.choice, Quot.sound]
'TNLean.PEPS.AreaLaw.Geometry.card_cellFanSlot_bounds' depends on axioms: [propext, Classical.choice, Quot.sound]
'TNLean.PEPS.AreaLaw.Geometry.cellFanPolygons_cover' depends on axioms: [propext, Classical.choice, Quot.sound]
'TNLean.PEPS.AreaLaw.Geometry.cellFanPolygons_inter_eq' depends on axioms: [propext, Classical.choice, Quot.sound]
'TNLean.PEPS.AreaLaw.Geometry.cellFan_vertices_mem_beltCellMarks' depends on axioms: [propext,
 Classical.choice,
 Quot.sound]
'TNLean.PEPS.AreaLaw.Geometry.initialBirthRegion_eq_closure_initialOpenRegion' depends on axioms: [propext,
 Classical.choice,
 Quot.sound]
